#
# There is insufficient memory for the Java Runtime Environment to continue.
# Native memory allocation (malloc) failed to allocate 1500416 bytes. Error detail: Chunk::new
# Possible reasons:
#   The system is out of physical RAM or swap space
#   This process is running with CompressedOops enabled, and the Java Heap may be blocking the growth of the native heap
# Possible solutions:
#   Reduce memory load on the system
#   Increase physical memory or swap space
#   Check if swap backing store is full
#   Decrease Java heap size (-Xmx/-Xms)
#   Decrease number of Java threads
#   Decrease Java thread stack sizes (-Xss)
#   Set larger code cache with -XX:ReservedCodeCacheSize=
#   JVM is running with Unscaled Compressed Oops mode in which the Java heap is
#     placed in the first 4GB address space. The Java Heap base address is the
#     maximum limit for the native heap growth. Please use -XX:HeapBaseMinAddress
#     to set the Java Heap base and to place the Java Heap above 4GB virtual address.
# This output file may be truncated or incomplete.
#
#  Out of Memory Error (arena.cpp:168), pid=34140, tid=38400
#
# JRE version: OpenJDK Runtime Environment Temurin-21.0.12.1+1 (21.0.12.1+1) (build 21.0.12.1+1-LTS)
# Java VM: OpenJDK 64-Bit Server VM Temurin-21.0.12.1+1 (21.0.12.1+1-LTS, mixed mode, sharing, tiered, compressed oops, compressed class ptrs, g1 gc, windows-amd64)
# No core dump will be written. Minidumps are not enabled by default on client versions of Windows
#

---------------  S U M M A R Y ------------

Command Line: --add-opens=java.base/java.lang=ALL-UNNAMED --add-opens=java.base/java.lang.invoke=ALL-UNNAMED --add-opens=java.base/java.util=ALL-UNNAMED --add-opens=java.prefs/java.util.prefs=ALL-UNNAMED --add-exports=jdk.compiler/com.sun.tools.javac.api=ALL-UNNAMED --add-exports=jdk.compiler/com.sun.tools.javac.util=ALL-UNNAMED --add-opens=java.base/java.util=ALL-UNNAMED --add-opens=java.prefs/java.util.prefs=ALL-UNNAMED --add-opens=java.base/java.nio.charset=ALL-UNNAMED --add-opens=java.base/java.net=ALL-UNNAMED --add-opens=java.base/java.util.concurrent=ALL-UNNAMED --add-opens=java.base/java.util.concurrent.atomic=ALL-UNNAMED --add-opens=java.xml/javax.xml.namespace=ALL-UNNAMED --add-opens=java.base/java.time=ALL-UNNAMED -XX:MaxMetaspaceSize=384m -XX:+HeapDumpOnOutOfMemoryError -Xms256m -Xmx512m -Dfile.encoding=UTF-8 -Duser.country=KR -Duser.language=ko -Duser.variant -javaagent:C:\Users\chae0\.gradle\wrapper\dists\gradle-9.4.1-bin\arn2x92ynaizyzdaamcbpbhtj\gradle-9.4.1\lib\agents\gradle-instrumentation-agent-9.4.1.jar org.gradle.launcher.daemon.bootstrap.GradleDaemon 9.4.1

Host: 12th Gen Intel(R) Core(TM) i5-1240P, 16 cores, 15G,  Windows 11 , 64 bit Build 26100 (10.0.26100.9168)
Time: Sat Sep 12 15:01:15 2026 elapsed time: 379.566911 seconds (0d 0h 6m 19s)

---------------  T H R E A D  ---------------

Current thread (0x000001d3d2b2f580):  JavaThread "C2 CompilerThread0" daemon [_thread_in_native, id=38400, stack(0x0000008c2b100000,0x0000008c2b200000) (1024K)]


Current CompileTask:
C2:379576 11544       4       java.lang.invoke.DelegatingMethodHandle::makeReinvokerForm (326 bytes)

Stack: [0x0000008c2b100000,0x0000008c2b200000]
Native frames: (J=compiled Java code, j=interpreted, Vv=VM code, C=native code)
V  [jvm.dll+0x6d83e9]
V  [jvm.dll+0x8b5736]
V  [jvm.dll+0x8b7cee]
V  [jvm.dll+0x8b83d3]
V  [jvm.dll+0x284596]
V  [jvm.dll+0xc685d]
V  [jvm.dll+0xc6da1]
V  [jvm.dll+0x3bf18b]
V  [jvm.dll+0x38b6d2]
V  [jvm.dll+0x38ab1a]
V  [jvm.dll+0x24c700]
V  [jvm.dll+0x24bce0]
V  [jvm.dll+0x1cb4ae]
V  [jvm.dll+0x25baad]
V  [jvm.dll+0x25a03a]
V  [jvm.dll+0x3f8aae]
V  [jvm.dll+0x8600cd]
V  [jvm.dll+0x6d6c1d]
C  [ucrtbase.dll+0x2cd30]
C  [KERNEL32.DLL+0x2ccb7]
C  [ntdll.dll+0xaad6c]


---------------  P R O C E S S  ---------------

Threads class SMR info:
_java_thread_list=0x000001d3f1ae3c90, length=71, elements={
0x000001d3bc6b7c80, 0x000001d3d2b20520, 0x000001d3d2b20f80, 0x000001d3d2b2c720,
0x000001d3d2b2d180, 0x000001d3d2b2dd90, 0x000001d3d2b2e7f0, 0x000001d3d2b2f580,
0x000001d3d2b3b570, 0x000001d3d2e16a10, 0x000001d3d2e1d360, 0x000001d3ed9bcf40,
0x000001d3ec9cfa80, 0x000001d3ecb82eb0, 0x000001d3ecfee1d0, 0x000001d3ec0cccf0,
0x000001d3ed969d10, 0x000001d3ed96c470, 0x000001d3ed96bde0, 0x000001d3ef1a42b0,
0x000001d3ef1a4940, 0x000001d3ef1a4fd0, 0x000001d3eddf3b00, 0x000001d3eddf5540,
0x000001d3eddf3470, 0x000001d3f0e326c0, 0x000001d3f0e31310, 0x000001d3f0e305f0,
0x000001d3f0e30c80, 0x000001d3eddf2750, 0x000001d3ef877d30, 0x000001d3ef8790e0,
0x000001d3ef87e630, 0x000001d3ef87c560, 0x000001d3ef87d280, 0x000001d3ef8783c0,
0x000001d3ef87a490, 0x000001d3ef87dfa0, 0x000001d3ef87ab20, 0x000001d3ef87bed0,
0x000001d3ef87b1b0, 0x000001d3ef879770, 0x000001d3ef87ecc0, 0x000001d3ef87b840,
0x000001d3f0e32d50, 0x000001d3f0e319a0, 0x000001d3f0e333e0, 0x000001d3eddf4eb0,
0x000001d3eddf6260, 0x000001d3eddf2de0, 0x000001d3eddf7610, 0x000001d3eddf7ca0,
0x000001d3eddf8330, 0x000001d3eddf9d70, 0x000001d3eddf89c0, 0x000001d3eddf9050,
0x000001d3ee790d60, 0x000001d3eddf96e0, 0x000001d3eddf68f0, 0x000001d3eddf6f80,
0x000001d3ed969680, 0x000001d3ed96b750, 0x000001d3ed968ff0, 0x000001d3ed96a3a0,
0x000001d3ef1a5660, 0x000001d3ef1a5cf0, 0x000001d3ef1a3c20, 0x000001d3ef1a70a0,
0x000001d3ef8776a0, 0x000001d3ef878a50, 0x000001d3ef87d910
}

Java Threads: ( => current thread )
  0x000001d3bc6b7c80 JavaThread "main"                              [_thread_blocked, id=33588, stack(0x0000008c2a300000,0x0000008c2a400000) (1024K)]
  0x000001d3d2b20520 JavaThread "Reference Handler"          daemon [_thread_blocked, id=19040, stack(0x0000008c2ab00000,0x0000008c2ac00000) (1024K)]
  0x000001d3d2b20f80 JavaThread "Finalizer"                  daemon [_thread_blocked, id=24152, stack(0x0000008c2ac00000,0x0000008c2ad00000) (1024K)]
  0x000001d3d2b2c720 JavaThread "Signal Dispatcher"          daemon [_thread_blocked, id=16448, stack(0x0000008c2ad00000,0x0000008c2ae00000) (1024K)]
  0x000001d3d2b2d180 JavaThread "Attach Listener"            daemon [_thread_blocked, id=13048, stack(0x0000008c2ae00000,0x0000008c2af00000) (1024K)]
  0x000001d3d2b2dd90 JavaThread "Service Thread"             daemon [_thread_blocked, id=39576, stack(0x0000008c2af00000,0x0000008c2b000000) (1024K)]
  0x000001d3d2b2e7f0 JavaThread "Monitor Deflation Thread"   daemon [_thread_blocked, id=38984, stack(0x0000008c2b000000,0x0000008c2b100000) (1024K)]
=>0x000001d3d2b2f580 JavaThread "C2 CompilerThread0"         daemon [_thread_in_native, id=38400, stack(0x0000008c2b100000,0x0000008c2b200000) (1024K)]
  0x000001d3d2b3b570 JavaThread "C1 CompilerThread0"         daemon [_thread_blocked, id=20488, stack(0x0000008c2b200000,0x0000008c2b300000) (1024K)]
  0x000001d3d2e16a10 JavaThread "Common-Cleaner"             daemon [_thread_blocked, id=30260, stack(0x0000008c2b400000,0x0000008c2b500000) (1024K)]
  0x000001d3d2e1d360 JavaThread "Notification Thread"        daemon [_thread_blocked, id=23008, stack(0x0000008c2b500000,0x0000008c2b600000) (1024K)]
  0x000001d3ed9bcf40 JavaThread "Daemon health stats"               [_thread_blocked, id=39612, stack(0x0000008c2b300000,0x0000008c2b400000) (1024K)]
  0x000001d3ec9cfa80 JavaThread "Incoming local TCP Connector on port 51659"        [_thread_in_native, id=29324, stack(0x0000008c2bb00000,0x0000008c2bc00000) (1024K)]
  0x000001d3ecb82eb0 JavaThread "Daemon periodic checks"            [_thread_blocked, id=37576, stack(0x0000008c2a000000,0x0000008c2a100000) (1024K)]
  0x000001d3ecfee1d0 JavaThread "Daemon"                            [_thread_blocked, id=26444, stack(0x0000008c2bc00000,0x0000008c2bd00000) (1024K)]
  0x000001d3ec0cccf0 JavaThread "Daemon worker"                     [_thread_in_native, id=39380, stack(0x0000008c2c100000,0x0000008c2c200000) (1024K)]
  0x000001d3ed969d10 JavaThread "Cache worker for journal cache (C:\Users\chae0\.gradle\caches\journal-1)"        [_thread_blocked, id=30744, stack(0x0000008c2a200000,0x0000008c2a300000) (1024K)]
  0x000001d3ed96c470 JavaThread "File lock request listener"        [_thread_in_native, id=11692, stack(0x0000008c2c800000,0x0000008c2c900000) (1024K)]
  0x000001d3ed96bde0 JavaThread "Cache worker for file hash cache (C:\Users\chae0\.gradle\caches\9.4.1\fileHashes)"        [_thread_blocked, id=20296, stack(0x0000008c2c600000,0x0000008c2c700000) (1024K)]
  0x000001d3ef1a42b0 JavaThread "File watcher server"        daemon [_thread_in_native, id=32804, stack(0x0000008c2d400000,0x0000008c2d500000) (1024K)]
  0x000001d3ef1a4940 JavaThread "File watcher consumer"      daemon [_thread_blocked, id=31584, stack(0x0000008c2d500000,0x0000008c2d600000) (1024K)]
  0x000001d3ef1a4fd0 JavaThread "Cache worker for file content cache (C:\Users\chae0\.gradle\caches\9.4.1\fileContent)"        [_thread_blocked, id=38048, stack(0x0000008c2d600000,0x0000008c2d700000) (1024K)]
  0x000001d3eddf3b00 JavaThread "jar transforms"                    [_thread_blocked, id=20124, stack(0x0000008c2d100000,0x0000008c2d200000) (1024K)]
  0x000001d3eddf5540 JavaThread "jar transforms Thread 2"           [_thread_blocked, id=29456, stack(0x0000008c2da00000,0x0000008c2db00000) (1024K)]
  0x000001d3eddf3470 JavaThread "jar transforms Thread 3"           [_thread_blocked, id=39892, stack(0x0000008c2bd00000,0x0000008c2be00000) (1024K)]
  0x000001d3f0e326c0 JavaThread "Memory manager"                    [_thread_blocked, id=32276, stack(0x0000008c2ed00000,0x0000008c2ee00000) (1024K)]
  0x000001d3f0e31310 JavaThread "jar transforms Thread 4"           [_thread_blocked, id=29636, stack(0x0000008c2eb00000,0x0000008c2ec00000) (1024K)]
  0x000001d3f0e305f0 JavaThread "File lock release action executor Thread 2"        [_thread_blocked, id=25140, stack(0x0000008c2ec00000,0x0000008c2ed00000) (1024K)]
  0x000001d3f0e30c80 JavaThread "VFS cleanup"                       [_thread_blocked, id=2860, stack(0x0000008c2c300000,0x0000008c2c400000) (1024K)]
  0x000001d3eddf2750 JavaThread "Daemon Thread 2"                   [_thread_blocked, id=34316, stack(0x0000008c2bf00000,0x0000008c2c000000) (1024K)]
  0x000001d3ef877d30 JavaThread "Daemon Thread 3"                   [_thread_blocked, id=32032, stack(0x0000008c2c200000,0x0000008c2c300000) (1024K)]
  0x000001d3ef8790e0 JavaThread "Daemon Thread 4"                   [_thread_blocked, id=39288, stack(0x0000008c2d200000,0x0000008c2d300000) (1024K)]
  0x000001d3ef87e630 JavaThread "Daemon Thread 5"                   [_thread_blocked, id=30932, stack(0x0000008c2db00000,0x0000008c2dc00000) (1024K)]
  0x000001d3ef87c560 JavaThread "Daemon Thread 6"                   [_thread_blocked, id=29096, stack(0x0000008c2dd00000,0x0000008c2de00000) (1024K)]
  0x000001d3ef87d280 JavaThread "VFS cleanup Thread 2"              [_thread_blocked, id=28404, stack(0x0000008c2d800000,0x0000008c2d900000) (1024K)]
  0x000001d3ef8783c0 JavaThread "VFS cleanup Thread 3"              [_thread_blocked, id=34188, stack(0x0000008c2be00000,0x0000008c2bf00000) (1024K)]
  0x000001d3ef87a490 JavaThread "jar transforms Thread 5"           [_thread_blocked, id=17532, stack(0x0000008c2e100000,0x0000008c2e200000) (1024K)]
  0x000001d3ef87dfa0 JavaThread "jar transforms Thread 6"           [_thread_blocked, id=27152, stack(0x0000008c2e200000,0x0000008c2e300000) (1024K)]
  0x000001d3ef87ab20 JavaThread "Daemon Thread 7"                   [_thread_blocked, id=25416, stack(0x0000008c2e500000,0x0000008c2e600000) (1024K)]
  0x000001d3ef87bed0 JavaThread "Daemon Thread 8"                   [_thread_blocked, id=18720, stack(0x0000008c2e800000,0x0000008c2e900000) (1024K)]
  0x000001d3ef87b1b0 JavaThread "Daemon Thread 9"                   [_thread_blocked, id=31768, stack(0x0000008c2ee00000,0x0000008c2ef00000) (1024K)]
  0x000001d3ef879770 JavaThread "VFS cleanup Thread 4"              [_thread_blocked, id=20176, stack(0x0000008c2e400000,0x0000008c2e500000) (1024K)]
  0x000001d3ef87ecc0 JavaThread "VFS cleanup Thread 5"              [_thread_blocked, id=32068, stack(0x0000008c2e000000,0x0000008c2e100000) (1024K)]
  0x000001d3ef87b840 JavaThread "VFS cleanup Thread 6"              [_thread_blocked, id=4024, stack(0x0000008c2c700000,0x0000008c2c800000) (1024K)]
  0x000001d3f0e32d50 JavaThread "VFS cleanup Thread 7"              [_thread_blocked, id=10272, stack(0x0000008c2dc00000,0x0000008c2dd00000) (1024K)]
  0x000001d3f0e319a0 JavaThread "Handler for socket connection from /127.0.0.1:51659 to /127.0.0.1:50084"        [_thread_in_native, id=39124, stack(0x0000008c2a100000,0x0000008c2a200000) (1024K)]
  0x000001d3f0e333e0 JavaThread "Cancel handler"                    [_thread_blocked, id=39584, stack(0x0000008c2c000000,0x0000008c2c100000) (1024K)]
  0x000001d3eddf4eb0 JavaThread "Asynchronous log dispatcher for DefaultDaemonConnection: socket connection from /127.0.0.1:51659 to /127.0.0.1:50084"        [_thread_blocked, id=30200, stack(0x0000008c2c400000,0x0000008c2c500000) (1024K)]
  0x000001d3eddf6260 JavaThread "Stdin handler"                     [_thread_blocked, id=3828, stack(0x0000008c2d700000,0x0000008c2d800000) (1024K)]
  0x000001d3eddf2de0 JavaThread "Daemon client event forwarder"        [_thread_blocked, id=34860, stack(0x0000008c2d900000,0x0000008c2da00000) (1024K)]
  0x000001d3eddf7610 JavaThread "Cache worker for file hash cache (C:\qring-backend\.gradle\9.4.1\fileHashes)"        [_thread_blocked, id=36536, stack(0x0000008c2de00000,0x0000008c2df00000) (1024K)]
  0x000001d3eddf7ca0 JavaThread "Cache worker for Build Output Cleanup Cache (C:\qring-backend\.gradle\buildOutputCleanup)"        [_thread_blocked, id=35744, stack(0x0000008c2df00000,0x0000008c2e000000) (1024K)]
  0x000001d3eddf8330 JavaThread "Cache worker for checksums cache (C:\qring-backend\.gradle\9.4.1\checksums)"        [_thread_blocked, id=32636, stack(0x0000008c2e300000,0x0000008c2e400000) (1024K)]
  0x000001d3eddf9d70 JavaThread "Cache worker for cache directory md-supplier (C:\Users\chae0\.gradle\caches\9.4.1\md-supplier)"        [_thread_blocked, id=16912, stack(0x0000008c2e600000,0x0000008c2e700000) (1024K)]
  0x000001d3eddf89c0 JavaThread "Cache worker for cache directory md-rule (C:\Users\chae0\.gradle\caches\9.4.1\md-rule)"        [_thread_blocked, id=28680, stack(0x0000008c2e700000,0x0000008c2e800000) (1024K)]
  0x000001d3eddf9050 JavaThread "Build operations"                  [_thread_blocked, id=34148, stack(0x0000008c2ea00000,0x0000008c2eb00000) (1024K)]
  0x000001d3ee790d60 JavaThread "C2 CompilerThread1"         daemon [_thread_blocked, id=28272, stack(0x0000008c2e900000,0x0000008c2ea00000) (1024K)]
  0x000001d3eddf96e0 JavaThread "Build operations Thread 2"         [_thread_blocked, id=30732, stack(0x0000008c2ef00000,0x0000008c2f000000) (1024K)]
  0x000001d3eddf68f0 JavaThread "Build operations Thread 3"         [_thread_blocked, id=30432, stack(0x0000008c2f000000,0x0000008c2f100000) (1024K)]
  0x000001d3eddf6f80 JavaThread "Build operations Thread 4"         [_thread_blocked, id=38464, stack(0x0000008c2f100000,0x0000008c2f200000) (1024K)]
  0x000001d3ed969680 JavaThread "Build operations Thread 5"         [_thread_blocked, id=2188, stack(0x0000008c2f200000,0x0000008c2f300000) (1024K)]
  0x000001d3ed96b750 JavaThread "Build operations Thread 6"         [_thread_in_native, id=32508, stack(0x0000008c2f300000,0x0000008c2f400000) (1024K)]
  0x000001d3ed968ff0 JavaThread "Build operations Thread 7"         [_thread_blocked, id=18308, stack(0x0000008c2f400000,0x0000008c2f500000) (1024K)]
  0x000001d3ed96a3a0 JavaThread "Build operations Thread 8"         [_thread_blocked, id=37524, stack(0x0000008c2f500000,0x0000008c2f600000) (1024K)]
  0x000001d3ef1a5660 JavaThread "Build operations Thread 9"         [_thread_blocked, id=19828, stack(0x0000008c2f600000,0x0000008c2f700000) (1024K)]
  0x000001d3ef1a5cf0 JavaThread "Build operations Thread 10"        [_thread_blocked, id=30184, stack(0x0000008c2f700000,0x0000008c2f800000) (1024K)]
  0x000001d3ef1a3c20 JavaThread "Build operations Thread 11"        [_thread_blocked, id=32084, stack(0x0000008c2f800000,0x0000008c2f900000) (1024K)]
  0x000001d3ef1a70a0 JavaThread "Build operations Thread 12"        [_thread_blocked, id=34428, stack(0x0000008c2f900000,0x0000008c2fa00000) (1024K)]
  0x000001d3ef8776a0 JavaThread "Build operations Thread 13"        [_thread_blocked, id=38568, stack(0x0000008c2fa00000,0x0000008c2fb00000) (1024K)]
  0x000001d3ef878a50 JavaThread "Build operations Thread 14"        [_thread_blocked, id=5924, stack(0x0000008c2fb00000,0x0000008c2fc00000) (1024K)]
  0x000001d3ef87d910 JavaThread "Build operations Thread 15"        [_thread_blocked, id=34392, stack(0x0000008c2fc00000,0x0000008c2fd00000) (1024K)]
Total: 71

Other Threads:
  0x000001d3d2b00300 VMThread "VM Thread"                           [id=28236, stack(0x0000008c2aa00000,0x0000008c2ab00000) (1024K)]
  0x000001d3d2af2950 WatcherThread "VM Periodic Task Thread"        [id=25220, stack(0x0000008c2a900000,0x0000008c2aa00000) (1024K)]
  0x000001d3bc6e2c20 WorkerThread "GC Thread#0"                     [id=36252, stack(0x0000008c2a400000,0x0000008c2a500000) (1024K)]
  0x000001d3d2d84060 WorkerThread "GC Thread#1"                     [id=25288, stack(0x0000008c2b600000,0x0000008c2b700000) (1024K)]
  0x000001d3ec0a3c50 WorkerThread "GC Thread#2"                     [id=39352, stack(0x0000008c2b700000,0x0000008c2b800000) (1024K)]
  0x000001d3ec0a4000 WorkerThread "GC Thread#3"                     [id=28464, stack(0x0000008c2b800000,0x0000008c2b900000) (1024K)]
  0x000001d3ec0a43b0 WorkerThread "GC Thread#4"                     [id=34324, stack(0x0000008c2b900000,0x0000008c2ba00000) (1024K)]
  0x000001d3ecbd1290 WorkerThread "GC Thread#5"                     [id=36588, stack(0x0000008c2ba00000,0x0000008c2bb00000) (1024K)]
  0x000001d3d2c04300 WorkerThread "GC Thread#6"                     [id=16892, stack(0x0000008c2c500000,0x0000008c2c600000) (1024K)]
  0x000001d3d2c046b0 WorkerThread "GC Thread#7"                     [id=4972, stack(0x0000008c2c900000,0x0000008c2ca00000) (1024K)]
  0x000001d3efd03ab0 WorkerThread "GC Thread#8"                     [id=23940, stack(0x0000008c2ca00000,0x0000008c2cb00000) (1024K)]
  0x000001d3efd015d0 WorkerThread "GC Thread#9"                     [id=38328, stack(0x0000008c2cb00000,0x0000008c2cc00000) (1024K)]
  0x000001d3efd03700 WorkerThread "GC Thread#10"                    [id=37712, stack(0x0000008c2cc00000,0x0000008c2cd00000) (1024K)]
  0x000001d3efd00710 WorkerThread "GC Thread#11"                    [id=32616, stack(0x0000008c2cd00000,0x0000008c2ce00000) (1024K)]
  0x000001d3efcfffb0 WorkerThread "GC Thread#12"                    [id=26728, stack(0x0000008c2ce00000,0x0000008c2cf00000) (1024K)]
  0x000001d3bc6e6310 ConcurrentGCThread "G1 Main Marker"            [id=19724, stack(0x0000008c2a500000,0x0000008c2a600000) (1024K)]
  0x000001d3ba34cd10 WorkerThread "G1 Conc#0"                       [id=34684, stack(0x0000008c2a600000,0x0000008c2a700000) (1024K)]
  0x000001d3efd00360 WorkerThread "G1 Conc#1"                       [id=39772, stack(0x0000008c2cf00000,0x0000008c2d000000) (1024K)]
  0x000001d3efd01980 WorkerThread "G1 Conc#2"                       [id=31856, stack(0x0000008c2d000000,0x0000008c2d100000) (1024K)]
  0x000001d3d29bdb00 ConcurrentGCThread "G1 Refine#0"               [id=36224, stack(0x0000008c2a700000,0x0000008c2a800000) (1024K)]
  0x000001d3d29be590 ConcurrentGCThread "G1 Service"                [id=28564, stack(0x0000008c2a800000,0x0000008c2a900000) (1024K)]
Total: 21

Threads with active compile tasks:
C2 CompilerThread0  381508 11544       4       java.lang.invoke.DelegatingMethodHandle::makeReinvokerForm (326 bytes)
Total: 1

VM state: not at safepoint (normal execution)

VM Mutex/Monitor currently owned by a thread: None

Heap address: 0x00000000e0000000, size: 512 MB, Compressed Oops mode: 32-bit

CDS archive(s) mapped at: [0x000001d3d3000000-0x000001d3d3ba0000-0x000001d3d3ba0000), size 12189696, SharedBaseAddress: 0x000001d3d3000000, ArchiveRelocationMode: 1.
Compressed class space mapped at: 0x000001d3d4000000-0x000001d3e8000000, reserved size: 335544320
Narrow klass base: 0x000001d3d3000000, Narrow klass shift: 0, Narrow klass range: 0x100000000

GC Precious Log:
 CardTable entry size: 512
 Card Set container configuration: InlinePtr #cards 5 size 8 Array Of Cards #cards 12 size 40 Howl #buckets 4 coarsen threshold 1843 Howl Bitmap #cards 512 size 80 coarsen threshold 460 Card regions per heap region 1 cards per card region 2048
 CPUs: 16 total, 16 available
 Memory: 16066M
 Large Page Support: Disabled
 NUMA Support: Disabled
 Compressed Oops: Enabled (32-bit)
 Heap Region Size: 1M
 Heap Min Capacity: 256M
 Heap Initial Capacity: 256M
 Heap Max Capacity: 512M
 Pre-touch: Disabled
 Parallel Workers: 13
 Concurrent Workers: 3
 Concurrent Refinement Workers: 13
 Periodic GC: Disabled

Heap:
 garbage-first heap   total 262144K, used 198311K [0x00000000e0000000, 0x0000000100000000)
  region size 1024K, 145 young (148480K), 3 survivors (3072K)
 Metaspace       used 62095K, committed 64320K, reserved 393216K
  class space    used 9147K, committed 10240K, reserved 327680K

Heap Regions: E=young(eden), S=young(survivor), O=old, HS=humongous(starts), HC=humongous(continues), CS=collection set, F=free, TAMS=top-at-mark-start, PB=parsable bottom
|   0|0x00000000e0000000, 0x00000000e0100000, 0x00000000e0100000|100%|HS|  |TAMS 0x00000000e0000000| PB 0x00000000e0000000| Complete 
|   1|0x00000000e0100000, 0x00000000e0200000, 0x00000000e0200000|100%|HC|  |TAMS 0x00000000e0100000| PB 0x00000000e0100000| Complete 
|   2|0x00000000e0200000, 0x00000000e0300000, 0x00000000e0300000|100%|HC|  |TAMS 0x00000000e0200000| PB 0x00000000e0200000| Complete 
|   3|0x00000000e0300000, 0x00000000e0400000, 0x00000000e0400000|100%|HC|  |TAMS 0x00000000e0300000| PB 0x00000000e0300000| Complete 
|   4|0x00000000e0400000, 0x00000000e0500000, 0x00000000e0500000|100%| O|  |TAMS 0x00000000e0400000| PB 0x00000000e0400000| Untracked 
|   5|0x00000000e0500000, 0x00000000e0600000, 0x00000000e0600000|100%| O|  |TAMS 0x00000000e0500000| PB 0x00000000e0500000| Untracked 
|   6|0x00000000e0600000, 0x00000000e0700000, 0x00000000e0700000|100%| O|  |TAMS 0x00000000e0600000| PB 0x00000000e0600000| Untracked 
|   7|0x00000000e0700000, 0x00000000e0800000, 0x00000000e0800000|100%| O|  |TAMS 0x00000000e0700000| PB 0x00000000e0700000| Untracked 
|   8|0x00000000e0800000, 0x00000000e0900000, 0x00000000e0900000|100%|HS|  |TAMS 0x00000000e0800000| PB 0x00000000e0800000| Complete 
|   9|0x00000000e0900000, 0x00000000e0a00000, 0x00000000e0a00000|100%| O|  |TAMS 0x00000000e0900000| PB 0x00000000e0900000| Untracked 
|  10|0x00000000e0a00000, 0x00000000e0b00000, 0x00000000e0b00000|100%| O|  |TAMS 0x00000000e0a00000| PB 0x00000000e0a00000| Untracked 
|  11|0x00000000e0b00000, 0x00000000e0c00000, 0x00000000e0c00000|100%| O|  |TAMS 0x00000000e0b00000| PB 0x00000000e0b00000| Untracked 
|  12|0x00000000e0c00000, 0x00000000e0d00000, 0x00000000e0d00000|100%| O|  |TAMS 0x00000000e0c00000| PB 0x00000000e0c00000| Untracked 
|  13|0x00000000e0d00000, 0x00000000e0e00000, 0x00000000e0e00000|100%| O|  |TAMS 0x00000000e0d00000| PB 0x00000000e0d00000| Untracked 
|  14|0x00000000e0e00000, 0x00000000e0f00000, 0x00000000e0f00000|100%| O|  |TAMS 0x00000000e0e00000| PB 0x00000000e0e00000| Untracked 
|  15|0x00000000e0f00000, 0x00000000e1000000, 0x00000000e1000000|100%| O|  |TAMS 0x00000000e0f00000| PB 0x00000000e0f00000| Untracked 
|  16|0x00000000e1000000, 0x00000000e1100000, 0x00000000e1100000|100%| O|  |TAMS 0x00000000e1000000| PB 0x00000000e1000000| Untracked 
|  17|0x00000000e1100000, 0x00000000e1200000, 0x00000000e1200000|100%| O|  |TAMS 0x00000000e1100000| PB 0x00000000e1100000| Untracked 
|  18|0x00000000e1200000, 0x00000000e1300000, 0x00000000e1300000|100%| O|  |TAMS 0x00000000e1200000| PB 0x00000000e1200000| Untracked 
|  19|0x00000000e1300000, 0x00000000e1400000, 0x00000000e1400000|100%| O|  |TAMS 0x00000000e1300000| PB 0x00000000e1300000| Untracked 
|  20|0x00000000e1400000, 0x00000000e1500000, 0x00000000e1500000|100%| O|  |TAMS 0x00000000e1400000| PB 0x00000000e1400000| Untracked 
|  21|0x00000000e1500000, 0x00000000e1600000, 0x00000000e1600000|100%| O|  |TAMS 0x00000000e1500000| PB 0x00000000e1500000| Untracked 
|  22|0x00000000e1600000, 0x00000000e1700000, 0x00000000e1700000|100%| O|  |TAMS 0x00000000e1600000| PB 0x00000000e1600000| Untracked 
|  23|0x00000000e1700000, 0x00000000e1800000, 0x00000000e1800000|100%| O|  |TAMS 0x00000000e1700000| PB 0x00000000e1700000| Untracked 
|  24|0x00000000e1800000, 0x00000000e1900000, 0x00000000e1900000|100%| O|  |TAMS 0x00000000e1800000| PB 0x00000000e1800000| Untracked 
|  25|0x00000000e1900000, 0x00000000e1a00000, 0x00000000e1a00000|100%| O|  |TAMS 0x00000000e1900000| PB 0x00000000e1900000| Untracked 
|  26|0x00000000e1a00000, 0x00000000e1b00000, 0x00000000e1b00000|100%| O|  |TAMS 0x00000000e1a00000| PB 0x00000000e1a00000| Untracked 
|  27|0x00000000e1b00000, 0x00000000e1c00000, 0x00000000e1c00000|100%| O|  |TAMS 0x00000000e1b00000| PB 0x00000000e1b00000| Untracked 
|  28|0x00000000e1c00000, 0x00000000e1d00000, 0x00000000e1d00000|100%| O|  |TAMS 0x00000000e1c00000| PB 0x00000000e1c00000| Untracked 
|  29|0x00000000e1d00000, 0x00000000e1e00000, 0x00000000e1e00000|100%| O|Cm|TAMS 0x00000000e1d00000| PB 0x00000000e1d00000| Complete 
|  30|0x00000000e1e00000, 0x00000000e1f00000, 0x00000000e1f00000|100%| O|  |TAMS 0x00000000e1e00000| PB 0x00000000e1e00000| Untracked 
|  31|0x00000000e1f00000, 0x00000000e2000000, 0x00000000e2000000|100%| O|  |TAMS 0x00000000e1f00000| PB 0x00000000e1f00000| Untracked 
|  32|0x00000000e2000000, 0x00000000e2100000, 0x00000000e2100000|100%| O|  |TAMS 0x00000000e2000000| PB 0x00000000e2000000| Untracked 
|  33|0x00000000e2100000, 0x00000000e2200000, 0x00000000e2200000|100%| O|  |TAMS 0x00000000e2100000| PB 0x00000000e2100000| Untracked 
|  34|0x00000000e2200000, 0x00000000e2300000, 0x00000000e2300000|100%| O|  |TAMS 0x00000000e2200000| PB 0x00000000e2200000| Untracked 
|  35|0x00000000e2300000, 0x00000000e2400000, 0x00000000e2400000|100%| O|  |TAMS 0x00000000e2300000| PB 0x00000000e2300000| Untracked 
|  36|0x00000000e2400000, 0x00000000e2500000, 0x00000000e2500000|100%| O|  |TAMS 0x00000000e2400000| PB 0x00000000e2400000| Untracked 
|  37|0x00000000e2500000, 0x00000000e2600000, 0x00000000e2600000|100%| O|  |TAMS 0x00000000e2500000| PB 0x00000000e2500000| Untracked 
|  38|0x00000000e2600000, 0x00000000e2700000, 0x00000000e2700000|100%| O|  |TAMS 0x00000000e2600000| PB 0x00000000e2600000| Untracked 
|  39|0x00000000e2700000, 0x00000000e2800000, 0x00000000e2800000|100%| O|  |TAMS 0x00000000e2700000| PB 0x00000000e2700000| Untracked 
|  40|0x00000000e2800000, 0x00000000e2900000, 0x00000000e2900000|100%| O|  |TAMS 0x00000000e2800000| PB 0x00000000e2800000| Untracked 
|  41|0x00000000e2900000, 0x00000000e2a00000, 0x00000000e2a00000|100%| O|  |TAMS 0x00000000e2900000| PB 0x00000000e2900000| Untracked 
|  42|0x00000000e2a00000, 0x00000000e2b00000, 0x00000000e2b00000|100%| O|  |TAMS 0x00000000e2a00000| PB 0x00000000e2a00000| Untracked 
|  43|0x00000000e2b00000, 0x00000000e2c00000, 0x00000000e2c00000|100%| O|  |TAMS 0x00000000e2b00000| PB 0x00000000e2b00000| Untracked 
|  44|0x00000000e2c00000, 0x00000000e2d00000, 0x00000000e2d00000|100%| O|  |TAMS 0x00000000e2c00000| PB 0x00000000e2c00000| Untracked 
|  45|0x00000000e2d00000, 0x00000000e2e00000, 0x00000000e2e00000|100%| O|  |TAMS 0x00000000e2d00000| PB 0x00000000e2d00000| Untracked 
|  46|0x00000000e2e00000, 0x00000000e2f00000, 0x00000000e2f00000|100%| O|  |TAMS 0x00000000e2e00000| PB 0x00000000e2e00000| Untracked 
|  47|0x00000000e2f00000, 0x00000000e3000000, 0x00000000e3000000|100%| O|  |TAMS 0x00000000e2f00000| PB 0x00000000e2f00000| Untracked 
|  48|0x00000000e3000000, 0x00000000e3100000, 0x00000000e3100000|100%| O|  |TAMS 0x00000000e3000000| PB 0x00000000e3000000| Untracked 
|  49|0x00000000e3100000, 0x00000000e31a9c38, 0x00000000e3200000| 66%| O|  |TAMS 0x00000000e3100000| PB 0x00000000e3100000| Untracked 
|  50|0x00000000e3200000, 0x00000000e3200000, 0x00000000e3300000|  0%| F|  |TAMS 0x00000000e3200000| PB 0x00000000e3200000| Untracked 
|  51|0x00000000e3300000, 0x00000000e3300000, 0x00000000e3400000|  0%| F|  |TAMS 0x00000000e3300000| PB 0x00000000e3300000| Untracked 
|  52|0x00000000e3400000, 0x00000000e3400000, 0x00000000e3500000|  0%| F|  |TAMS 0x00000000e3400000| PB 0x00000000e3400000| Untracked 
|  53|0x00000000e3500000, 0x00000000e3500000, 0x00000000e3600000|  0%| F|  |TAMS 0x00000000e3500000| PB 0x00000000e3500000| Untracked 
|  54|0x00000000e3600000, 0x00000000e3600000, 0x00000000e3700000|  0%| F|  |TAMS 0x00000000e3600000| PB 0x00000000e3600000| Untracked 
|  55|0x00000000e3700000, 0x00000000e3700000, 0x00000000e3800000|  0%| F|  |TAMS 0x00000000e3700000| PB 0x00000000e3700000| Untracked 
|  56|0x00000000e3800000, 0x00000000e3800000, 0x00000000e3900000|  0%| F|  |TAMS 0x00000000e3800000| PB 0x00000000e3800000| Untracked 
|  57|0x00000000e3900000, 0x00000000e3900000, 0x00000000e3a00000|  0%| F|  |TAMS 0x00000000e3900000| PB 0x00000000e3900000| Untracked 
|  58|0x00000000e3a00000, 0x00000000e3a00000, 0x00000000e3b00000|  0%| F|  |TAMS 0x00000000e3a00000| PB 0x00000000e3a00000| Untracked 
|  59|0x00000000e3b00000, 0x00000000e3b00000, 0x00000000e3c00000|  0%| F|  |TAMS 0x00000000e3b00000| PB 0x00000000e3b00000| Untracked 
|  60|0x00000000e3c00000, 0x00000000e3c00000, 0x00000000e3d00000|  0%| F|  |TAMS 0x00000000e3c00000| PB 0x00000000e3c00000| Untracked 
|  61|0x00000000e3d00000, 0x00000000e3d00000, 0x00000000e3e00000|  0%| F|  |TAMS 0x00000000e3d00000| PB 0x00000000e3d00000| Untracked 
|  62|0x00000000e3e00000, 0x00000000e3e00000, 0x00000000e3f00000|  0%| F|  |TAMS 0x00000000e3e00000| PB 0x00000000e3e00000| Untracked 
|  63|0x00000000e3f00000, 0x00000000e3f00000, 0x00000000e4000000|  0%| F|  |TAMS 0x00000000e3f00000| PB 0x00000000e3f00000| Untracked 
|  64|0x00000000e4000000, 0x00000000e4000000, 0x00000000e4100000|  0%| F|  |TAMS 0x00000000e4000000| PB 0x00000000e4000000| Untracked 
|  65|0x00000000e4100000, 0x00000000e4100000, 0x00000000e4200000|  0%| F|  |TAMS 0x00000000e4100000| PB 0x00000000e4100000| Untracked 
|  66|0x00000000e4200000, 0x00000000e4200000, 0x00000000e4300000|  0%| F|  |TAMS 0x00000000e4200000| PB 0x00000000e4200000| Untracked 
|  67|0x00000000e4300000, 0x00000000e4300000, 0x00000000e4400000|  0%| F|  |TAMS 0x00000000e4300000| PB 0x00000000e4300000| Untracked 
|  68|0x00000000e4400000, 0x00000000e4400000, 0x00000000e4500000|  0%| F|  |TAMS 0x00000000e4400000| PB 0x00000000e4400000| Untracked 
|  69|0x00000000e4500000, 0x00000000e4500000, 0x00000000e4600000|  0%| F|  |TAMS 0x00000000e4500000| PB 0x00000000e4500000| Untracked 
|  70|0x00000000e4600000, 0x00000000e4600000, 0x00000000e4700000|  0%| F|  |TAMS 0x00000000e4600000| PB 0x00000000e4600000| Untracked 
|  71|0x00000000e4700000, 0x00000000e4700000, 0x00000000e4800000|  0%| F|  |TAMS 0x00000000e4700000| PB 0x00000000e4700000| Untracked 
|  72|0x00000000e4800000, 0x00000000e4800000, 0x00000000e4900000|  0%| F|  |TAMS 0x00000000e4800000| PB 0x00000000e4800000| Untracked 
|  73|0x00000000e4900000, 0x00000000e4900000, 0x00000000e4a00000|  0%| F|  |TAMS 0x00000000e4900000| PB 0x00000000e4900000| Untracked 
|  74|0x00000000e4a00000, 0x00000000e4a00000, 0x00000000e4b00000|  0%| F|  |TAMS 0x00000000e4a00000| PB 0x00000000e4a00000| Untracked 
|  75|0x00000000e4b00000, 0x00000000e4b00000, 0x00000000e4c00000|  0%| F|  |TAMS 0x00000000e4b00000| PB 0x00000000e4b00000| Untracked 
|  76|0x00000000e4c00000, 0x00000000e4c00000, 0x00000000e4d00000|  0%| F|  |TAMS 0x00000000e4c00000| PB 0x00000000e4c00000| Untracked 
|  77|0x00000000e4d00000, 0x00000000e4d00000, 0x00000000e4e00000|  0%| F|  |TAMS 0x00000000e4d00000| PB 0x00000000e4d00000| Untracked 
|  78|0x00000000e4e00000, 0x00000000e4e00000, 0x00000000e4f00000|  0%| F|  |TAMS 0x00000000e4e00000| PB 0x00000000e4e00000| Untracked 
|  79|0x00000000e4f00000, 0x00000000e4f00000, 0x00000000e5000000|  0%| F|  |TAMS 0x00000000e4f00000| PB 0x00000000e4f00000| Untracked 
|  80|0x00000000e5000000, 0x00000000e5000000, 0x00000000e5100000|  0%| F|  |TAMS 0x00000000e5000000| PB 0x00000000e5000000| Untracked 
|  81|0x00000000e5100000, 0x00000000e5100000, 0x00000000e5200000|  0%| F|  |TAMS 0x00000000e5100000| PB 0x00000000e5100000| Untracked 
|  82|0x00000000e5200000, 0x00000000e5200000, 0x00000000e5300000|  0%| F|  |TAMS 0x00000000e5200000| PB 0x00000000e5200000| Untracked 
|  83|0x00000000e5300000, 0x00000000e5300000, 0x00000000e5400000|  0%| F|  |TAMS 0x00000000e5300000| PB 0x00000000e5300000| Untracked 
|  84|0x00000000e5400000, 0x00000000e5400000, 0x00000000e5500000|  0%| F|  |TAMS 0x00000000e5400000| PB 0x00000000e5400000| Untracked 
|  85|0x00000000e5500000, 0x00000000e5500000, 0x00000000e5600000|  0%| F|  |TAMS 0x00000000e5500000| PB 0x00000000e5500000| Untracked 
|  86|0x00000000e5600000, 0x00000000e5600000, 0x00000000e5700000|  0%| F|  |TAMS 0x00000000e5600000| PB 0x00000000e5600000| Untracked 
|  87|0x00000000e5700000, 0x00000000e5700000, 0x00000000e5800000|  0%| F|  |TAMS 0x00000000e5700000| PB 0x00000000e5700000| Untracked 
|  88|0x00000000e5800000, 0x00000000e5800000, 0x00000000e5900000|  0%| F|  |TAMS 0x00000000e5800000| PB 0x00000000e5800000| Untracked 
|  89|0x00000000e5900000, 0x00000000e5900000, 0x00000000e5a00000|  0%| F|  |TAMS 0x00000000e5900000| PB 0x00000000e5900000| Untracked 
|  90|0x00000000e5a00000, 0x00000000e5a00000, 0x00000000e5b00000|  0%| F|  |TAMS 0x00000000e5a00000| PB 0x00000000e5a00000| Untracked 
|  91|0x00000000e5b00000, 0x00000000e5b00000, 0x00000000e5c00000|  0%| F|  |TAMS 0x00000000e5b00000| PB 0x00000000e5b00000| Untracked 
|  92|0x00000000e5c00000, 0x00000000e5c00000, 0x00000000e5d00000|  0%| F|  |TAMS 0x00000000e5c00000| PB 0x00000000e5c00000| Untracked 
|  93|0x00000000e5d00000, 0x00000000e5d00000, 0x00000000e5e00000|  0%| F|  |TAMS 0x00000000e5d00000| PB 0x00000000e5d00000| Untracked 
|  94|0x00000000e5e00000, 0x00000000e5e00000, 0x00000000e5f00000|  0%| F|  |TAMS 0x00000000e5e00000| PB 0x00000000e5e00000| Untracked 
|  95|0x00000000e5f00000, 0x00000000e5f00000, 0x00000000e6000000|  0%| F|  |TAMS 0x00000000e5f00000| PB 0x00000000e5f00000| Untracked 
|  96|0x00000000e6000000, 0x00000000e6000000, 0x00000000e6100000|  0%| F|  |TAMS 0x00000000e6000000| PB 0x00000000e6000000| Untracked 
|  97|0x00000000e6100000, 0x00000000e6100000, 0x00000000e6200000|  0%| F|  |TAMS 0x00000000e6100000| PB 0x00000000e6100000| Untracked 
|  98|0x00000000e6200000, 0x00000000e6200000, 0x00000000e6300000|  0%| F|  |TAMS 0x00000000e6200000| PB 0x00000000e6200000| Untracked 
|  99|0x00000000e6300000, 0x00000000e6300000, 0x00000000e6400000|  0%| F|  |TAMS 0x00000000e6300000| PB 0x00000000e6300000| Untracked 
| 100|0x00000000e6400000, 0x00000000e6400000, 0x00000000e6500000|  0%| F|  |TAMS 0x00000000e6400000| PB 0x00000000e6400000| Untracked 
| 101|0x00000000e6500000, 0x00000000e6500000, 0x00000000e6600000|  0%| F|  |TAMS 0x00000000e6500000| PB 0x00000000e6500000| Untracked 
| 102|0x00000000e6600000, 0x00000000e6600000, 0x00000000e6700000|  0%| F|  |TAMS 0x00000000e6600000| PB 0x00000000e6600000| Untracked 
| 103|0x00000000e6700000, 0x00000000e6700000, 0x00000000e6800000|  0%| F|  |TAMS 0x00000000e6700000| PB 0x00000000e6700000| Untracked 
| 104|0x00000000e6800000, 0x00000000e6800000, 0x00000000e6900000|  0%| F|  |TAMS 0x00000000e6800000| PB 0x00000000e6800000| Untracked 
| 105|0x00000000e6900000, 0x00000000e6900000, 0x00000000e6a00000|  0%| F|  |TAMS 0x00000000e6900000| PB 0x00000000e6900000| Untracked 
| 106|0x00000000e6a00000, 0x00000000e6a00000, 0x00000000e6b00000|  0%| F|  |TAMS 0x00000000e6a00000| PB 0x00000000e6a00000| Untracked 
| 107|0x00000000e6b00000, 0x00000000e6b00000, 0x00000000e6c00000|  0%| F|  |TAMS 0x00000000e6b00000| PB 0x00000000e6b00000| Untracked 
| 108|0x00000000e6c00000, 0x00000000e6c00000, 0x00000000e6d00000|  0%| F|  |TAMS 0x00000000e6c00000| PB 0x00000000e6c00000| Untracked 
| 109|0x00000000e6d00000, 0x00000000e6d00000, 0x00000000e6e00000|  0%| F|  |TAMS 0x00000000e6d00000| PB 0x00000000e6d00000| Untracked 
| 110|0x00000000e6e00000, 0x00000000e6e00000, 0x00000000e6f00000|  0%| F|  |TAMS 0x00000000e6e00000| PB 0x00000000e6e00000| Untracked 
| 111|0x00000000e6f00000, 0x00000000e6f2dea8, 0x00000000e7000000| 17%| E|  |TAMS 0x00000000e6f00000| PB 0x00000000e6f00000| Complete 
| 112|0x00000000e7000000, 0x00000000e7100000, 0x00000000e7100000|100%| E|CS|TAMS 0x00000000e7000000| PB 0x00000000e7000000| Complete 
| 113|0x00000000e7100000, 0x00000000e7200000, 0x00000000e7200000|100%| E|CS|TAMS 0x00000000e7100000| PB 0x00000000e7100000| Complete 
| 114|0x00000000e7200000, 0x00000000e7300000, 0x00000000e7300000|100%| E|CS|TAMS 0x00000000e7200000| PB 0x00000000e7200000| Complete 
| 115|0x00000000e7300000, 0x00000000e7400000, 0x00000000e7400000|100%| E|CS|TAMS 0x00000000e7300000| PB 0x00000000e7300000| Complete 
| 116|0x00000000e7400000, 0x00000000e7500000, 0x00000000e7500000|100%| E|CS|TAMS 0x00000000e7400000| PB 0x00000000e7400000| Complete 
| 117|0x00000000e7500000, 0x00000000e7600000, 0x00000000e7600000|100%| E|CS|TAMS 0x00000000e7500000| PB 0x00000000e7500000| Complete 
| 118|0x00000000e7600000, 0x00000000e7700000, 0x00000000e7700000|100%| E|CS|TAMS 0x00000000e7600000| PB 0x00000000e7600000| Complete 
| 119|0x00000000e7700000, 0x00000000e7800000, 0x00000000e7800000|100%| E|CS|TAMS 0x00000000e7700000| PB 0x00000000e7700000| Complete 
| 120|0x00000000e7800000, 0x00000000e7900000, 0x00000000e7900000|100%| E|CS|TAMS 0x00000000e7800000| PB 0x00000000e7800000| Complete 
| 121|0x00000000e7900000, 0x00000000e7a00000, 0x00000000e7a00000|100%| E|CS|TAMS 0x00000000e7900000| PB 0x00000000e7900000| Complete 
| 122|0x00000000e7a00000, 0x00000000e7b00000, 0x00000000e7b00000|100%| E|CS|TAMS 0x00000000e7a00000| PB 0x00000000e7a00000| Complete 
| 123|0x00000000e7b00000, 0x00000000e7c00000, 0x00000000e7c00000|100%| E|CS|TAMS 0x00000000e7b00000| PB 0x00000000e7b00000| Complete 
| 124|0x00000000e7c00000, 0x00000000e7d00000, 0x00000000e7d00000|100%| E|CS|TAMS 0x00000000e7c00000| PB 0x00000000e7c00000| Complete 
| 125|0x00000000e7d00000, 0x00000000e7e00000, 0x00000000e7e00000|100%| E|CS|TAMS 0x00000000e7d00000| PB 0x00000000e7d00000| Complete 
| 126|0x00000000e7e00000, 0x00000000e7f00000, 0x00000000e7f00000|100%| E|CS|TAMS 0x00000000e7e00000| PB 0x00000000e7e00000| Complete 
| 127|0x00000000e7f00000, 0x00000000e8000000, 0x00000000e8000000|100%| E|CS|TAMS 0x00000000e7f00000| PB 0x00000000e7f00000| Complete 
| 128|0x00000000e8000000, 0x00000000e8100000, 0x00000000e8100000|100%| E|CS|TAMS 0x00000000e8000000| PB 0x00000000e8000000| Complete 
| 129|0x00000000e8100000, 0x00000000e8200000, 0x00000000e8200000|100%| E|CS|TAMS 0x00000000e8100000| PB 0x00000000e8100000| Complete 
| 130|0x00000000e8200000, 0x00000000e8300000, 0x00000000e8300000|100%| E|CS|TAMS 0x00000000e8200000| PB 0x00000000e8200000| Complete 
| 131|0x00000000e8300000, 0x00000000e8400000, 0x00000000e8400000|100%| E|CS|TAMS 0x00000000e8300000| PB 0x00000000e8300000| Complete 
| 132|0x00000000e8400000, 0x00000000e8500000, 0x00000000e8500000|100%| E|CS|TAMS 0x00000000e8400000| PB 0x00000000e8400000| Complete 
| 133|0x00000000e8500000, 0x00000000e8600000, 0x00000000e8600000|100%| E|CS|TAMS 0x00000000e8500000| PB 0x00000000e8500000| Complete 
| 134|0x00000000e8600000, 0x00000000e8700000, 0x00000000e8700000|100%| E|CS|TAMS 0x00000000e8600000| PB 0x00000000e8600000| Complete 
| 135|0x00000000e8700000, 0x00000000e8800000, 0x00000000e8800000|100%| E|CS|TAMS 0x00000000e8700000| PB 0x00000000e8700000| Complete 
| 136|0x00000000e8800000, 0x00000000e8900000, 0x00000000e8900000|100%| E|CS|TAMS 0x00000000e8800000| PB 0x00000000e8800000| Complete 
| 137|0x00000000e8900000, 0x00000000e8a00000, 0x00000000e8a00000|100%| E|CS|TAMS 0x00000000e8900000| PB 0x00000000e8900000| Complete 
| 138|0x00000000e8a00000, 0x00000000e8b00000, 0x00000000e8b00000|100%| E|CS|TAMS 0x00000000e8a00000| PB 0x00000000e8a00000| Complete 
| 139|0x00000000e8b00000, 0x00000000e8c00000, 0x00000000e8c00000|100%| E|CS|TAMS 0x00000000e8b00000| PB 0x00000000e8b00000| Complete 
| 140|0x00000000e8c00000, 0x00000000e8d00000, 0x00000000e8d00000|100%| E|CS|TAMS 0x00000000e8c00000| PB 0x00000000e8c00000| Complete 
| 141|0x00000000e8d00000, 0x00000000e8e00000, 0x00000000e8e00000|100%| E|CS|TAMS 0x00000000e8d00000| PB 0x00000000e8d00000| Complete 
| 142|0x00000000e8e00000, 0x00000000e8f00000, 0x00000000e8f00000|100%| E|CS|TAMS 0x00000000e8e00000| PB 0x00000000e8e00000| Complete 
| 143|0x00000000e8f00000, 0x00000000e9000000, 0x00000000e9000000|100%| E|CS|TAMS 0x00000000e8f00000| PB 0x00000000e8f00000| Complete 
| 144|0x00000000e9000000, 0x00000000e9100000, 0x00000000e9100000|100%| E|CS|TAMS 0x00000000e9000000| PB 0x00000000e9000000| Complete 
| 145|0x00000000e9100000, 0x00000000e9200000, 0x00000000e9200000|100%| E|CS|TAMS 0x00000000e9100000| PB 0x00000000e9100000| Complete 
| 146|0x00000000e9200000, 0x00000000e9300000, 0x00000000e9300000|100%| E|CS|TAMS 0x00000000e9200000| PB 0x00000000e9200000| Complete 
| 147|0x00000000e9300000, 0x00000000e9400000, 0x00000000e9400000|100%| E|CS|TAMS 0x00000000e9300000| PB 0x00000000e9300000| Complete 
| 148|0x00000000e9400000, 0x00000000e9500000, 0x00000000e9500000|100%| E|CS|TAMS 0x00000000e9400000| PB 0x00000000e9400000| Complete 
| 149|0x00000000e9500000, 0x00000000e9600000, 0x00000000e9600000|100%| E|CS|TAMS 0x00000000e9500000| PB 0x00000000e9500000| Complete 
| 150|0x00000000e9600000, 0x00000000e9700000, 0x00000000e9700000|100%| E|CS|TAMS 0x00000000e9600000| PB 0x00000000e9600000| Complete 
| 151|0x00000000e9700000, 0x00000000e9800000, 0x00000000e9800000|100%| E|CS|TAMS 0x00000000e9700000| PB 0x00000000e9700000| Complete 
| 152|0x00000000e9800000, 0x00000000e9900000, 0x00000000e9900000|100%| E|CS|TAMS 0x00000000e9800000| PB 0x00000000e9800000| Complete 
| 153|0x00000000e9900000, 0x00000000e9a00000, 0x00000000e9a00000|100%| E|CS|TAMS 0x00000000e9900000| PB 0x00000000e9900000| Complete 
| 154|0x00000000e9a00000, 0x00000000e9b00000, 0x00000000e9b00000|100%| E|CS|TAMS 0x00000000e9a00000| PB 0x00000000e9a00000| Complete 
| 155|0x00000000e9b00000, 0x00000000e9c00000, 0x00000000e9c00000|100%| E|CS|TAMS 0x00000000e9b00000| PB 0x00000000e9b00000| Complete 
| 156|0x00000000e9c00000, 0x00000000e9d00000, 0x00000000e9d00000|100%| E|CS|TAMS 0x00000000e9c00000| PB 0x00000000e9c00000| Complete 
| 157|0x00000000e9d00000, 0x00000000e9e00000, 0x00000000e9e00000|100%| E|CS|TAMS 0x00000000e9d00000| PB 0x00000000e9d00000| Complete 
| 158|0x00000000e9e00000, 0x00000000e9f00000, 0x00000000e9f00000|100%| E|CS|TAMS 0x00000000e9e00000| PB 0x00000000e9e00000| Complete 
| 159|0x00000000e9f00000, 0x00000000ea000000, 0x00000000ea000000|100%| E|CS|TAMS 0x00000000e9f00000| PB 0x00000000e9f00000| Complete 
| 160|0x00000000ea000000, 0x00000000ea100000, 0x00000000ea100000|100%| E|CS|TAMS 0x00000000ea000000| PB 0x00000000ea000000| Complete 
| 161|0x00000000ea100000, 0x00000000ea200000, 0x00000000ea200000|100%| E|CS|TAMS 0x00000000ea100000| PB 0x00000000ea100000| Complete 
| 162|0x00000000ea200000, 0x00000000ea300000, 0x00000000ea300000|100%| E|CS|TAMS 0x00000000ea200000| PB 0x00000000ea200000| Complete 
| 163|0x00000000ea300000, 0x00000000ea400000, 0x00000000ea400000|100%| E|CS|TAMS 0x00000000ea300000| PB 0x00000000ea300000| Complete 
| 164|0x00000000ea400000, 0x00000000ea500000, 0x00000000ea500000|100%| E|CS|TAMS 0x00000000ea400000| PB 0x00000000ea400000| Complete 
| 165|0x00000000ea500000, 0x00000000ea600000, 0x00000000ea600000|100%| E|CS|TAMS 0x00000000ea500000| PB 0x00000000ea500000| Complete 
| 166|0x00000000ea600000, 0x00000000ea700000, 0x00000000ea700000|100%| E|CS|TAMS 0x00000000ea600000| PB 0x00000000ea600000| Complete 
| 167|0x00000000ea700000, 0x00000000ea800000, 0x00000000ea800000|100%| E|CS|TAMS 0x00000000ea700000| PB 0x00000000ea700000| Complete 
| 168|0x00000000ea800000, 0x00000000ea900000, 0x00000000ea900000|100%| E|CS|TAMS 0x00000000ea800000| PB 0x00000000ea800000| Complete 
| 169|0x00000000ea900000, 0x00000000eaa00000, 0x00000000eaa00000|100%| E|CS|TAMS 0x00000000ea900000| PB 0x00000000ea900000| Complete 
| 170|0x00000000eaa00000, 0x00000000eab00000, 0x00000000eab00000|100%| E|CS|TAMS 0x00000000eaa00000| PB 0x00000000eaa00000| Complete 
| 171|0x00000000eab00000, 0x00000000eac00000, 0x00000000eac00000|100%| E|CS|TAMS 0x00000000eab00000| PB 0x00000000eab00000| Complete 
| 172|0x00000000eac00000, 0x00000000ead00000, 0x00000000ead00000|100%| E|CS|TAMS 0x00000000eac00000| PB 0x00000000eac00000| Complete 
| 173|0x00000000ead00000, 0x00000000eae00000, 0x00000000eae00000|100%| E|CS|TAMS 0x00000000ead00000| PB 0x00000000ead00000| Complete 
| 174|0x00000000eae00000, 0x00000000eaf00000, 0x00000000eaf00000|100%| E|CS|TAMS 0x00000000eae00000| PB 0x00000000eae00000| Complete 
| 175|0x00000000eaf00000, 0x00000000eb000000, 0x00000000eb000000|100%| E|CS|TAMS 0x00000000eaf00000| PB 0x00000000eaf00000| Complete 
| 176|0x00000000eb000000, 0x00000000eb100000, 0x00000000eb100000|100%| E|CS|TAMS 0x00000000eb000000| PB 0x00000000eb000000| Complete 
| 177|0x00000000eb100000, 0x00000000eb200000, 0x00000000eb200000|100%| E|CS|TAMS 0x00000000eb100000| PB 0x00000000eb100000| Complete 
| 178|0x00000000eb200000, 0x00000000eb300000, 0x00000000eb300000|100%| E|CS|TAMS 0x00000000eb200000| PB 0x00000000eb200000| Complete 
| 179|0x00000000eb300000, 0x00000000eb400000, 0x00000000eb400000|100%| E|CS|TAMS 0x00000000eb300000| PB 0x00000000eb300000| Complete 
| 180|0x00000000eb400000, 0x00000000eb500000, 0x00000000eb500000|100%| E|CS|TAMS 0x00000000eb400000| PB 0x00000000eb400000| Complete 
| 181|0x00000000eb500000, 0x00000000eb600000, 0x00000000eb600000|100%| E|CS|TAMS 0x00000000eb500000| PB 0x00000000eb500000| Complete 
| 182|0x00000000eb600000, 0x00000000eb700000, 0x00000000eb700000|100%| E|CS|TAMS 0x00000000eb600000| PB 0x00000000eb600000| Complete 
| 183|0x00000000eb700000, 0x00000000eb800000, 0x00000000eb800000|100%| E|CS|TAMS 0x00000000eb700000| PB 0x00000000eb700000| Complete 
| 184|0x00000000eb800000, 0x00000000eb900000, 0x00000000eb900000|100%| E|CS|TAMS 0x00000000eb800000| PB 0x00000000eb800000| Complete 
| 185|0x00000000eb900000, 0x00000000eba00000, 0x00000000eba00000|100%| E|CS|TAMS 0x00000000eb900000| PB 0x00000000eb900000| Complete 
| 186|0x00000000eba00000, 0x00000000ebb00000, 0x00000000ebb00000|100%| E|CS|TAMS 0x00000000eba00000| PB 0x00000000eba00000| Complete 
| 187|0x00000000ebb00000, 0x00000000ebc00000, 0x00000000ebc00000|100%| E|CS|TAMS 0x00000000ebb00000| PB 0x00000000ebb00000| Complete 
| 188|0x00000000ebc00000, 0x00000000ebd00000, 0x00000000ebd00000|100%| E|CS|TAMS 0x00000000ebc00000| PB 0x00000000ebc00000| Complete 
| 189|0x00000000ebd00000, 0x00000000ebe00000, 0x00000000ebe00000|100%| E|CS|TAMS 0x00000000ebd00000| PB 0x00000000ebd00000| Complete 
| 190|0x00000000ebe00000, 0x00000000ebf00000, 0x00000000ebf00000|100%| E|CS|TAMS 0x00000000ebe00000| PB 0x00000000ebe00000| Complete 
| 191|0x00000000ebf00000, 0x00000000ec000000, 0x00000000ec000000|100%| E|CS|TAMS 0x00000000ebf00000| PB 0x00000000ebf00000| Complete 
| 192|0x00000000ec000000, 0x00000000ec100000, 0x00000000ec100000|100%| E|CS|TAMS 0x00000000ec000000| PB 0x00000000ec000000| Complete 
| 193|0x00000000ec100000, 0x00000000ec200000, 0x00000000ec200000|100%| E|CS|TAMS 0x00000000ec100000| PB 0x00000000ec100000| Complete 
| 194|0x00000000ec200000, 0x00000000ec300000, 0x00000000ec300000|100%| E|CS|TAMS 0x00000000ec200000| PB 0x00000000ec200000| Complete 
| 195|0x00000000ec300000, 0x00000000ec400000, 0x00000000ec400000|100%| E|CS|TAMS 0x00000000ec300000| PB 0x00000000ec300000| Complete 
| 196|0x00000000ec400000, 0x00000000ec500000, 0x00000000ec500000|100%| E|CS|TAMS 0x00000000ec400000| PB 0x00000000ec400000| Complete 
| 197|0x00000000ec500000, 0x00000000ec600000, 0x00000000ec600000|100%| E|CS|TAMS 0x00000000ec500000| PB 0x00000000ec500000| Complete 
| 198|0x00000000ec600000, 0x00000000ec700000, 0x00000000ec700000|100%| E|CS|TAMS 0x00000000ec600000| PB 0x00000000ec600000| Complete 
| 199|0x00000000ec700000, 0x00000000ec800000, 0x00000000ec800000|100%| E|CS|TAMS 0x00000000ec700000| PB 0x00000000ec700000| Complete 
| 200|0x00000000ec800000, 0x00000000ec900000, 0x00000000ec900000|100%| E|CS|TAMS 0x00000000ec800000| PB 0x00000000ec800000| Complete 
| 201|0x00000000ec900000, 0x00000000eca00000, 0x00000000eca00000|100%| E|CS|TAMS 0x00000000ec900000| PB 0x00000000ec900000| Complete 
| 202|0x00000000eca00000, 0x00000000ecb00000, 0x00000000ecb00000|100%| E|CS|TAMS 0x00000000eca00000| PB 0x00000000eca00000| Complete 
| 203|0x00000000ecb00000, 0x00000000ecc00000, 0x00000000ecc00000|100%| E|CS|TAMS 0x00000000ecb00000| PB 0x00000000ecb00000| Complete 
| 204|0x00000000ecc00000, 0x00000000ecd00000, 0x00000000ecd00000|100%| E|CS|TAMS 0x00000000ecc00000| PB 0x00000000ecc00000| Complete 
| 205|0x00000000ecd00000, 0x00000000ece00000, 0x00000000ece00000|100%| E|CS|TAMS 0x00000000ecd00000| PB 0x00000000ecd00000| Complete 
| 206|0x00000000ece00000, 0x00000000ecf00000, 0x00000000ecf00000|100%| E|CS|TAMS 0x00000000ece00000| PB 0x00000000ece00000| Complete 
| 207|0x00000000ecf00000, 0x00000000ed000000, 0x00000000ed000000|100%| E|CS|TAMS 0x00000000ecf00000| PB 0x00000000ecf00000| Complete 
| 208|0x00000000ed000000, 0x00000000ed100000, 0x00000000ed100000|100%| E|CS|TAMS 0x00000000ed000000| PB 0x00000000ed000000| Complete 
| 209|0x00000000ed100000, 0x00000000ed200000, 0x00000000ed200000|100%| E|CS|TAMS 0x00000000ed100000| PB 0x00000000ed100000| Complete 
| 210|0x00000000ed200000, 0x00000000ed300000, 0x00000000ed300000|100%| E|CS|TAMS 0x00000000ed200000| PB 0x00000000ed200000| Complete 
| 211|0x00000000ed300000, 0x00000000ed400000, 0x00000000ed400000|100%| E|CS|TAMS 0x00000000ed300000| PB 0x00000000ed300000| Complete 
| 212|0x00000000ed400000, 0x00000000ed500000, 0x00000000ed500000|100%| E|CS|TAMS 0x00000000ed400000| PB 0x00000000ed400000| Complete 
| 213|0x00000000ed500000, 0x00000000ed600000, 0x00000000ed600000|100%| E|CS|TAMS 0x00000000ed500000| PB 0x00000000ed500000| Complete 
| 214|0x00000000ed600000, 0x00000000ed700000, 0x00000000ed700000|100%| E|CS|TAMS 0x00000000ed600000| PB 0x00000000ed600000| Complete 
| 215|0x00000000ed700000, 0x00000000ed800000, 0x00000000ed800000|100%| E|CS|TAMS 0x00000000ed700000| PB 0x00000000ed700000| Complete 
| 216|0x00000000ed800000, 0x00000000ed900000, 0x00000000ed900000|100%| E|CS|TAMS 0x00000000ed800000| PB 0x00000000ed800000| Complete 
| 217|0x00000000ed900000, 0x00000000eda00000, 0x00000000eda00000|100%| E|CS|TAMS 0x00000000ed900000| PB 0x00000000ed900000| Complete 
| 218|0x00000000eda00000, 0x00000000edb00000, 0x00000000edb00000|100%| E|CS|TAMS 0x00000000eda00000| PB 0x00000000eda00000| Complete 
| 219|0x00000000edb00000, 0x00000000edc00000, 0x00000000edc00000|100%| E|CS|TAMS 0x00000000edb00000| PB 0x00000000edb00000| Complete 
| 220|0x00000000edc00000, 0x00000000edd00000, 0x00000000edd00000|100%| E|CS|TAMS 0x00000000edc00000| PB 0x00000000edc00000| Complete 
| 221|0x00000000edd00000, 0x00000000ede00000, 0x00000000ede00000|100%| E|CS|TAMS 0x00000000edd00000| PB 0x00000000edd00000| Complete 
| 222|0x00000000ede00000, 0x00000000edf00000, 0x00000000edf00000|100%| E|CS|TAMS 0x00000000ede00000| PB 0x00000000ede00000| Complete 
| 223|0x00000000edf00000, 0x00000000ee000000, 0x00000000ee000000|100%| E|CS|TAMS 0x00000000edf00000| PB 0x00000000edf00000| Complete 
| 224|0x00000000ee000000, 0x00000000ee100000, 0x00000000ee100000|100%| E|CS|TAMS 0x00000000ee000000| PB 0x00000000ee000000| Complete 
| 225|0x00000000ee100000, 0x00000000ee200000, 0x00000000ee200000|100%| E|CS|TAMS 0x00000000ee100000| PB 0x00000000ee100000| Complete 
| 226|0x00000000ee200000, 0x00000000ee300000, 0x00000000ee300000|100%| E|CS|TAMS 0x00000000ee200000| PB 0x00000000ee200000| Complete 
| 227|0x00000000ee300000, 0x00000000ee400000, 0x00000000ee400000|100%| E|CS|TAMS 0x00000000ee300000| PB 0x00000000ee300000| Complete 
| 228|0x00000000ee400000, 0x00000000ee500000, 0x00000000ee500000|100%| E|CS|TAMS 0x00000000ee400000| PB 0x00000000ee400000| Complete 
| 229|0x00000000ee500000, 0x00000000ee600000, 0x00000000ee600000|100%| E|CS|TAMS 0x00000000ee500000| PB 0x00000000ee500000| Complete 
| 230|0x00000000ee600000, 0x00000000ee700000, 0x00000000ee700000|100%| E|CS|TAMS 0x00000000ee600000| PB 0x00000000ee600000| Complete 
| 231|0x00000000ee700000, 0x00000000ee800000, 0x00000000ee800000|100%| E|CS|TAMS 0x00000000ee700000| PB 0x00000000ee700000| Complete 
| 232|0x00000000ee800000, 0x00000000ee900000, 0x00000000ee900000|100%| E|CS|TAMS 0x00000000ee800000| PB 0x00000000ee800000| Complete 
| 233|0x00000000ee900000, 0x00000000eea00000, 0x00000000eea00000|100%| E|CS|TAMS 0x00000000ee900000| PB 0x00000000ee900000| Complete 
| 234|0x00000000eea00000, 0x00000000eeb00000, 0x00000000eeb00000|100%| E|CS|TAMS 0x00000000eea00000| PB 0x00000000eea00000| Complete 
| 235|0x00000000eeb00000, 0x00000000eec00000, 0x00000000eec00000|100%| E|CS|TAMS 0x00000000eeb00000| PB 0x00000000eeb00000| Complete 
| 236|0x00000000eec00000, 0x00000000eed00000, 0x00000000eed00000|100%| E|CS|TAMS 0x00000000eec00000| PB 0x00000000eec00000| Complete 
| 237|0x00000000eed00000, 0x00000000eee00000, 0x00000000eee00000|100%| E|CS|TAMS 0x00000000eed00000| PB 0x00000000eed00000| Complete 
| 238|0x00000000eee00000, 0x00000000eef00000, 0x00000000eef00000|100%| E|CS|TAMS 0x00000000eee00000| PB 0x00000000eee00000| Complete 
| 239|0x00000000eef00000, 0x00000000ef000000, 0x00000000ef000000|100%| E|CS|TAMS 0x00000000eef00000| PB 0x00000000eef00000| Complete 
| 240|0x00000000ef000000, 0x00000000ef100000, 0x00000000ef100000|100%| E|CS|TAMS 0x00000000ef000000| PB 0x00000000ef000000| Complete 
| 241|0x00000000ef100000, 0x00000000ef200000, 0x00000000ef200000|100%| E|CS|TAMS 0x00000000ef100000| PB 0x00000000ef100000| Complete 
| 242|0x00000000ef200000, 0x00000000ef300000, 0x00000000ef300000|100%| E|CS|TAMS 0x00000000ef200000| PB 0x00000000ef200000| Complete 
| 243|0x00000000ef300000, 0x00000000ef400000, 0x00000000ef400000|100%| E|CS|TAMS 0x00000000ef300000| PB 0x00000000ef300000| Complete 
| 244|0x00000000ef400000, 0x00000000ef500000, 0x00000000ef500000|100%| E|CS|TAMS 0x00000000ef400000| PB 0x00000000ef400000| Complete 
| 245|0x00000000ef500000, 0x00000000ef600000, 0x00000000ef600000|100%| E|CS|TAMS 0x00000000ef500000| PB 0x00000000ef500000| Complete 
| 246|0x00000000ef600000, 0x00000000ef700000, 0x00000000ef700000|100%| E|CS|TAMS 0x00000000ef600000| PB 0x00000000ef600000| Complete 
| 247|0x00000000ef700000, 0x00000000ef800000, 0x00000000ef800000|100%| E|CS|TAMS 0x00000000ef700000| PB 0x00000000ef700000| Complete 
| 248|0x00000000ef800000, 0x00000000ef900000, 0x00000000ef900000|100%| E|CS|TAMS 0x00000000ef800000| PB 0x00000000ef800000| Complete 
| 249|0x00000000ef900000, 0x00000000efa00000, 0x00000000efa00000|100%| E|CS|TAMS 0x00000000ef900000| PB 0x00000000ef900000| Complete 
| 250|0x00000000efa00000, 0x00000000efb00000, 0x00000000efb00000|100%| E|CS|TAMS 0x00000000efa00000| PB 0x00000000efa00000| Complete 
| 251|0x00000000efb00000, 0x00000000efc00000, 0x00000000efc00000|100%| S|CS|TAMS 0x00000000efb00000| PB 0x00000000efb00000| Complete 
| 252|0x00000000efc00000, 0x00000000efd00000, 0x00000000efd00000|100%| S|CS|TAMS 0x00000000efc00000| PB 0x00000000efc00000| Complete 
| 253|0x00000000efd00000, 0x00000000efe00000, 0x00000000efe00000|100%| S|CS|TAMS 0x00000000efd00000| PB 0x00000000efd00000| Complete 
| 254|0x00000000efe00000, 0x00000000eff00000, 0x00000000eff00000|100%| E|CS|TAMS 0x00000000efe00000| PB 0x00000000efe00000| Complete 
| 255|0x00000000eff00000, 0x00000000f0000000, 0x00000000f0000000|100%| E|CS|TAMS 0x00000000eff00000| PB 0x00000000eff00000| Complete 

Card table byte_map: [0x000001d3cf240000,0x000001d3cf340000] _byte_map_base: 0x000001d3ceb40000

Marking Bits: (CMBitMap*) 0x000001d3bc6e3a50
 Bits: [0x000001d3cf340000, 0x000001d3cfb40000)

Polling page: 0x000001d3ba510000

Metaspace:

Usage:
  Non-class:     51.71 MB used.
      Class:      8.93 MB used.
       Both:     60.64 MB used.

Virtual space:
  Non-class space:       64.00 MB reserved,      52.81 MB ( 83%) committed,  1 nodes.
      Class space:      320.00 MB reserved,      10.00 MB (  3%) committed,  1 nodes.
             Both:      384.00 MB reserved,      62.81 MB ( 16%) committed. 

Chunk freelists:
   Non-Class:  10.54 MB
       Class:  5.82 MB
        Both:  16.36 MB

MaxMetaspaceSize: 384.00 MB
CompressedClassSpaceSize: 320.00 MB
Initial GC threshold: 21.00 MB
Current GC threshold: 99.62 MB
CDS: on
 - commit_granule_bytes: 65536.
 - commit_granule_words: 8192.
 - virtual_space_node_default_size: 8388608.
 - enlarge_chunks_in_place: 1.
 - use_allocation_guard: 0.


Internal statistics:

num_allocs_failed_limit: 12.
num_arena_births: 4046.
num_arena_deaths: 0.
num_vsnodes_births: 2.
num_vsnodes_deaths: 0.
num_space_committed: 1005.
num_space_uncommitted: 0.
num_chunks_returned_to_freelist: 12.
num_chunks_taken_from_freelist: 7273.
num_chunk_merges: 12.
num_chunk_splits: 4610.
num_chunks_enlarged: 2714.
num_inconsistent_stats: 0.

CodeHeap 'non-profiled nmethods': size=119168Kb used=6613Kb max_used=6613Kb free=112554Kb
 bounds [0x000001d3c7450000, 0x000001d3c7ad0000, 0x000001d3ce8b0000]
CodeHeap 'profiled nmethods': size=119104Kb used=20678Kb max_used=20678Kb free=98425Kb
 bounds [0x000001d3bf8b0000, 0x000001d3c0cf0000, 0x000001d3c6d00000]
CodeHeap 'non-nmethods': size=7488Kb used=1904Kb max_used=3626Kb free=5583Kb
 bounds [0x000001d3c6d00000, 0x000001d3c7100000, 0x000001d3c7450000]
CodeCache: size=245760Kb, used=29195Kb, max_used=30917Kb, free=216562Kb
 total_blobs=11636, nmethods=10861, adapters=679, full_count=0
Compilation: enabled, stopped_count=0, restarted_count=0

Compilation events (20 events):
Event: 376.952 Thread 0x000001d3d2b3b570 nmethod 11540 0x000001d3c0cd5990 code [0x000001d3c0cd5b60, 0x000001d3c0cd6018]
Event: 377.124 Thread 0x000001d3d2b3b570 11541       3       java.util.concurrent.ScheduledThreadPoolExecutor$ScheduledFutureTask::setNextRunTime (38 bytes)
Event: 377.125 Thread 0x000001d3d2b3b570 nmethod 11541 0x000001d3c0cd6210 code [0x000001d3c0cd63c0, 0x000001d3c0cd65e0]
Event: 377.125 Thread 0x000001d3d2b3b570 11542       3       java.util.concurrent.ScheduledThreadPoolExecutor::reExecutePeriodic (49 bytes)
Event: 377.125 Thread 0x000001d3d2b3b570 nmethod 11542 0x000001d3c0cd6690 code [0x000001d3c0cd68c0, 0x000001d3c0cd6f40]
Event: 377.226 Thread 0x000001d3d2b3b570 11543       3       java.lang.invoke.LambdaForm$DMH/0x000001d3d40f0000::invokeVirtual (22 bytes)
Event: 377.227 Thread 0x000001d3d2b3b570 nmethod 11543 0x000001d3c0cd7190 code [0x000001d3c0cd7360, 0x000001d3c0cd78b0]
Event: 377.227 Thread 0x000001d3d2b2f580 11544       4       java.lang.invoke.DelegatingMethodHandle::makeReinvokerForm (326 bytes)
Event: 377.311 Thread 0x000001d3d2b3b570 11545       3       org.gradle.api.internal.file.IdentityFileResolver::doResolve (30 bytes)
Event: 377.314 Thread 0x000001d3d2b3b570 nmethod 11545 0x000001d3c0cd7a10 code [0x000001d3c0cd7ca0, 0x000001d3c0cd88c0]
Event: 377.384 Thread 0x000001d3d2b3b570 11546       3       org.codehaus.groovy.vmplugin.v8.IndyGuardsFiltersAndSignatures::isSameMetaClass (26 bytes)
Event: 377.385 Thread 0x000001d3d2b3b570 nmethod 11546 0x000001d3c0cd8d10 code [0x000001d3c0cd8ee0, 0x000001d3c0cd9340]
Event: 377.385 Thread 0x000001d3d2b3b570 11547       3       org.codehaus.groovy.reflection.ParameterTypes::isVargsMethod (16 bytes)
Event: 377.386 Thread 0x000001d3d2b3b570 nmethod 11547 0x000001d3c0cd9410 code [0x000001d3c0cd95c0, 0x000001d3c0cd9748]
Event: 377.386 Thread 0x000001d3d2b3b570 11548       3       org.gradle.plugin.use.internal.DefaultPluginId::<init> (10 bytes)
Event: 377.386 Thread 0x000001d3d2b3b570 nmethod 11548 0x000001d3c0cd9810 code [0x000001d3c0cd99c0, 0x000001d3c0cd9b78]
Event: 377.391 Thread 0x000001d3d2b3b570 11549       3       org.gradle.plugin.use.internal.DefaultPluginId::equals (41 bytes)
Event: 377.392 Thread 0x000001d3d2b3b570 nmethod 11549 0x000001d3c0cd9c10 code [0x000001d3c0cd9de0, 0x000001d3c0cda170]
Event: 377.393 Thread 0x000001d3d2b3b570 11550       1       org.gradle.api.internal.artifacts.configurations.DefaultConfiguration::access$200 (5 bytes)
Event: 377.394 Thread 0x000001d3d2b3b570 nmethod 11550 0x000001d3c7abf110 code [0x000001d3c7abf2a0, 0x000001d3c7abf350]

GC Heap History (16 events):
Event: 21.905 GC heap before
{Heap before GC invocations=0 (full 0):
 garbage-first heap   total 262144K, used 26624K [0x00000000e0000000, 0x0000000100000000)
  region size 1024K, 23 young (23552K), 0 survivors (0K)
 Metaspace       used 2753K, committed 2880K, reserved 393216K
  class space    used 320K, committed 384K, reserved 327680K
}
Event: 22.190 GC heap after
{Heap after GC invocations=1 (full 0):
 garbage-first heap   total 262144K, used 10794K [0x00000000e0000000, 0x0000000100000000)
  region size 1024K, 3 young (3072K), 3 survivors (3072K)
 Metaspace       used 2753K, committed 2880K, reserved 393216K
  class space    used 320K, committed 384K, reserved 327680K
}
Event: 40.916 GC heap before
{Heap before GC invocations=1 (full 0):
 garbage-first heap   total 262144K, used 41514K [0x00000000e0000000, 0x0000000100000000)
  region size 1024K, 31 young (31744K), 3 survivors (3072K)
 Metaspace       used 4735K, committed 4928K, reserved 393216K
  class space    used 597K, committed 704K, reserved 327680K
}
Event: 40.925 GC heap after
{Heap after GC invocations=2 (full 0):
 garbage-first heap   total 262144K, used 15251K [0x00000000e0000000, 0x0000000100000000)
  region size 1024K, 4 young (4096K), 4 survivors (4096K)
 Metaspace       used 4735K, committed 4928K, reserved 393216K
  class space    used 597K, committed 704K, reserved 327680K
}
Event: 193.302 GC heap before
{Heap before GC invocations=2 (full 0):
 garbage-first heap   total 262144K, used 120723K [0x00000000e0000000, 0x0000000100000000)
  region size 1024K, 107 young (109568K), 4 survivors (4096K)
 Metaspace       used 19615K, committed 20224K, reserved 393216K
  class space    used 2752K, committed 3072K, reserved 327680K
}
Event: 193.392 GC heap after
{Heap after GC invocations=3 (full 0):
 garbage-first heap   total 262144K, used 23525K [0x00000000e0000000, 0x0000000100000000)
  region size 1024K, 12 young (12288K), 12 survivors (12288K)
 Metaspace       used 19615K, committed 20224K, reserved 393216K
  class space    used 2752K, committed 3072K, reserved 327680K
}
Event: 194.276 GC heap before
{Heap before GC invocations=3 (full 0):
 garbage-first heap   total 262144K, used 30693K [0x00000000e0000000, 0x0000000100000000)
  region size 1024K, 19 young (19456K), 12 survivors (12288K)
 Metaspace       used 20831K, committed 21504K, reserved 393216K
  class space    used 2865K, committed 3200K, reserved 327680K
}
Event: 194.289 GC heap after
{Heap after GC invocations=4 (full 0):
 garbage-first heap   total 262144K, used 25298K [0x00000000e0000000, 0x0000000100000000)
  region size 1024K, 9 young (9216K), 9 survivors (9216K)
 Metaspace       used 20831K, committed 21504K, reserved 393216K
  class space    used 2865K, committed 3200K, reserved 327680K
}
Event: 204.368 GC heap before
{Heap before GC invocations=5 (full 0):
 garbage-first heap   total 262144K, used 131794K [0x00000000e0000000, 0x0000000100000000)
  region size 1024K, 115 young (117760K), 9 survivors (9216K)
 Metaspace       used 35087K, committed 36416K, reserved 393216K
  class space    used 5011K, committed 5696K, reserved 327680K
}
Event: 204.389 GC heap after
{Heap after GC invocations=6 (full 0):
 garbage-first heap   total 262144K, used 30415K [0x00000000e0000000, 0x0000000100000000)
  region size 1024K, 15 young (15360K), 15 survivors (15360K)
 Metaspace       used 35087K, committed 36416K, reserved 393216K
  class space    used 5011K, committed 5696K, reserved 327680K
}
Event: 224.948 GC heap before
{Heap before GC invocations=7 (full 0):
 garbage-first heap   total 262144K, used 171727K [0x00000000e0000000, 0x0000000100000000)
  region size 1024K, 153 young (156672K), 15 survivors (15360K)
 Metaspace       used 49882K, committed 51840K, reserved 393216K
  class space    used 7410K, committed 8384K, reserved 327680K
}
Event: 224.981 GC heap after
{Heap after GC invocations=8 (full 0):
 garbage-first heap   total 262144K, used 38094K [0x00000000e0000000, 0x0000000100000000)
  region size 1024K, 15 young (15360K), 15 survivors (15360K)
 Metaspace       used 49882K, committed 51840K, reserved 393216K
  class space    used 7410K, committed 8384K, reserved 327680K
}
Event: 244.430 GC heap before
{Heap before GC invocations=8 (full 0):
 garbage-first heap   total 262144K, used 167118K [0x00000000e0000000, 0x0000000100000000)
  region size 1024K, 142 young (145408K), 15 survivors (15360K)
 Metaspace       used 58737K, committed 60800K, reserved 393216K
  class space    used 8781K, committed 9792K, reserved 327680K
}
Event: 244.462 GC heap after
{Heap after GC invocations=9 (full 0):
 garbage-first heap   total 262144K, used 50406K [0x00000000e0000000, 0x0000000100000000)
  region size 1024K, 20 young (20480K), 20 survivors (20480K)
 Metaspace       used 58737K, committed 60800K, reserved 393216K
  class space    used 8781K, committed 9792K, reserved 327680K
}
Event: 244.542 GC heap before
{Heap before GC invocations=9 (full 0):
 garbage-first heap   total 262144K, used 51430K [0x00000000e0000000, 0x0000000100000000)
  region size 1024K, 22 young (22528K), 20 survivors (20480K)
 Metaspace       used 59021K, committed 61120K, reserved 393216K
  class space    used 8807K, committed 9856K, reserved 327680K
}
Event: 244.568 GC heap after
{Heap after GC invocations=10 (full 0):
 garbage-first heap   total 262144K, used 53927K [0x00000000e0000000, 0x0000000100000000)
  region size 1024K, 3 young (3072K), 3 survivors (3072K)
 Metaspace       used 59021K, committed 61120K, reserved 393216K
  class space    used 8807K, committed 9856K, reserved 327680K
}

Dll operation events (20 events):
Event: 1.963 Attempting to load shared library C:\Users\chae0\.vscode\extensions\redhat.java-1.56.0-win32-x64\jre\21.0.12.1-win32-x86_64\bin\nio.dll
Event: 1.979 Loaded shared library C:\Users\chae0\.vscode\extensions\redhat.java-1.56.0-win32-x64\jre\21.0.12.1-win32-x86_64\bin\nio.dll
Event: 2.181 Attempting to load shared library C:\Users\chae0\.vscode\extensions\redhat.java-1.56.0-win32-x64\jre\21.0.12.1-win32-x86_64\bin\zip.dll
Event: 2.181 Loaded shared library C:\Users\chae0\.vscode\extensions\redhat.java-1.56.0-win32-x64\jre\21.0.12.1-win32-x86_64\bin\zip.dll
Event: 13.998 Attempting to load shared library C:\Users\chae0\.vscode\extensions\redhat.java-1.56.0-win32-x64\jre\21.0.12.1-win32-x86_64\bin\jimage.dll
Event: 13.998 Loaded shared library C:\Users\chae0\.vscode\extensions\redhat.java-1.56.0-win32-x64\jre\21.0.12.1-win32-x86_64\bin\jimage.dll
Event: 20.203 Attempting to load shared library C:\Users\chae0\.vscode\extensions\redhat.java-1.56.0-win32-x64\jre\21.0.12.1-win32-x86_64\bin\verify.dll
Event: 20.214 Loaded shared library C:\Users\chae0\.vscode\extensions\redhat.java-1.56.0-win32-x64\jre\21.0.12.1-win32-x86_64\bin\verify.dll
Event: 21.105 Attempting to load shared library C:\Users\chae0\.gradle\native\660c5614fbf4a5f2a75b1949f50a0caf5cd603558e7d8a26e50b933a0cfb79d1\windows-amd64\native-platform.dll
Event: 21.119 Loaded shared library C:\Users\chae0\.gradle\native\660c5614fbf4a5f2a75b1949f50a0caf5cd603558e7d8a26e50b933a0cfb79d1\windows-amd64\native-platform.dll
Event: 21.345 Attempting to load shared library C:\Users\chae0\.gradle\native\0.2.8\x86_64-windows-gnu\gradle-fileevents.dll
Event: 21.350 Loaded shared library C:\Users\chae0\.gradle\native\0.2.8\x86_64-windows-gnu\gradle-fileevents.dll
Event: 52.627 Attempting to load shared library C:\Users\chae0\.vscode\extensions\redhat.java-1.56.0-win32-x64\jre\21.0.12.1-win32-x86_64\bin\management.dll
Event: 52.633 Loaded shared library C:\Users\chae0\.vscode\extensions\redhat.java-1.56.0-win32-x64\jre\21.0.12.1-win32-x86_64\bin\management.dll
Event: 52.890 Attempting to load shared library C:\Users\chae0\.vscode\extensions\redhat.java-1.56.0-win32-x64\jre\21.0.12.1-win32-x86_64\bin\management_ext.dll
Event: 53.004 Loaded shared library C:\Users\chae0\.vscode\extensions\redhat.java-1.56.0-win32-x64\jre\21.0.12.1-win32-x86_64\bin\management_ext.dll
Event: 68.225 Attempting to load shared library C:\Users\chae0\.vscode\extensions\redhat.java-1.56.0-win32-x64\jre\21.0.12.1-win32-x86_64\bin\extnet.dll
Event: 68.268 Loaded shared library C:\Users\chae0\.vscode\extensions\redhat.java-1.56.0-win32-x64\jre\21.0.12.1-win32-x86_64\bin\extnet.dll
Event: 178.205 Attempting to load shared library C:\Users\chae0\.vscode\extensions\redhat.java-1.56.0-win32-x64\jre\21.0.12.1-win32-x86_64\bin\sunmscapi.dll
Event: 178.327 Loaded shared library C:\Users\chae0\.vscode\extensions\redhat.java-1.56.0-win32-x64\jre\21.0.12.1-win32-x86_64\bin\sunmscapi.dll

Deoptimization events (20 events):
Event: 355.757 Thread 0x000001d3f0e2ff60 Uncommon trap: trap_request=0xffffffbe fr.pc=0x000001d3c7a10b40 relative=0x0000000000001400
Event: 355.757 Thread 0x000001d3f0e2ff60 Uncommon trap: reason=profile_predicate action=maybe_recompile pc=0x000001d3c7a10b40 method=java.io.ObjectStreamClass$FieldReflector.getPrimFieldValues(Ljava/lang/Object;[B)V @ 19 c2
Event: 355.757 Thread 0x000001d3f0e2ff60 DEOPT PACKING pc=0x000001d3c7a10b40 sp=0x0000008c2c0fee30
Event: 355.757 Thread 0x000001d3f0e2ff60 DEOPT UNPACKING pc=0x000001d3c6d54422 sp=0x0000008c2c0fecf0 mode 2
Event: 355.757 Thread 0x000001d3f0e2ff60 Uncommon trap: trap_request=0xffffffbe fr.pc=0x000001d3c7a10b40 relative=0x0000000000001400
Event: 355.757 Thread 0x000001d3f0e2ff60 Uncommon trap: reason=profile_predicate action=maybe_recompile pc=0x000001d3c7a10b40 method=java.io.ObjectStreamClass$FieldReflector.getPrimFieldValues(Ljava/lang/Object;[B)V @ 19 c2
Event: 355.757 Thread 0x000001d3f0e2ff60 DEOPT PACKING pc=0x000001d3c7a10b40 sp=0x0000008c2c0fe810
Event: 355.757 Thread 0x000001d3f0e2ff60 DEOPT UNPACKING pc=0x000001d3c6d54422 sp=0x0000008c2c0fe6d0 mode 2
Event: 355.757 Thread 0x000001d3f0e2ff60 Uncommon trap: trap_request=0xffffffbe fr.pc=0x000001d3c7a10b40 relative=0x0000000000001400
Event: 355.757 Thread 0x000001d3f0e2ff60 Uncommon trap: reason=profile_predicate action=maybe_recompile pc=0x000001d3c7a10b40 method=java.io.ObjectStreamClass$FieldReflector.getPrimFieldValues(Ljava/lang/Object;[B)V @ 19 c2
Event: 355.757 Thread 0x000001d3f0e2ff60 DEOPT PACKING pc=0x000001d3c7a10b40 sp=0x0000008c2c0fe1f0
Event: 355.757 Thread 0x000001d3f0e2ff60 DEOPT UNPACKING pc=0x000001d3c6d54422 sp=0x0000008c2c0fe0b0 mode 2
Event: 355.764 Thread 0x000001d3f0e2ff60 Uncommon trap: trap_request=0xffffffbe fr.pc=0x000001d3c7a10b40 relative=0x0000000000001400
Event: 355.764 Thread 0x000001d3f0e2ff60 Uncommon trap: reason=profile_predicate action=maybe_recompile pc=0x000001d3c7a10b40 method=java.io.ObjectStreamClass$FieldReflector.getPrimFieldValues(Ljava/lang/Object;[B)V @ 19 c2
Event: 355.764 Thread 0x000001d3f0e2ff60 DEOPT PACKING pc=0x000001d3c7a10b40 sp=0x0000008c2c0fee30
Event: 355.764 Thread 0x000001d3f0e2ff60 DEOPT UNPACKING pc=0x000001d3c6d54422 sp=0x0000008c2c0fecf0 mode 2
Event: 369.295 Thread 0x000001d3ec0cccf0 Uncommon trap: trap_request=0xffffffd6 fr.pc=0x000001d3c7a2d7f4 relative=0x0000000000000cb4
Event: 369.295 Thread 0x000001d3ec0cccf0 Uncommon trap: reason=array_check action=maybe_recompile pc=0x000001d3c7a2d7f4 method=java.util.ComparableTimSort.binarySort([Ljava/lang/Object;III)V @ 215 c2
Event: 369.295 Thread 0x000001d3ec0cccf0 DEOPT PACKING pc=0x000001d3c7a2d7f4 sp=0x0000008c2c1f6a50
Event: 369.295 Thread 0x000001d3ec0cccf0 DEOPT UNPACKING pc=0x000001d3c6d54422 sp=0x0000008c2c1f6a30 mode 2

Classes loaded (20 events):
Event: 297.792 Loading class java/lang/Throwable$WrappedPrintWriter
Event: 297.792 Loading class java/lang/Throwable$WrappedPrintWriter done
Event: 306.190 Loading class java/util/concurrent/CompletableFuture$Signaller
Event: 306.190 Loading class java/util/concurrent/CompletableFuture$Signaller done
Event: 348.172 Loading class java/util/AbstractList$RandomAccessSubList
Event: 348.173 Loading class java/util/AbstractList$SubList
Event: 348.175 Loading class java/util/AbstractList$SubList done
Event: 348.175 Loading class java/util/AbstractList$RandomAccessSubList done
Event: 348.176 Loading class java/util/AbstractList$SubList$1
Event: 348.176 Loading class java/util/AbstractList$SubList$1 done
Event: 349.269 Loading class java/lang/BooleanBeanInfo
Event: 349.269 Loading class java/lang/BooleanBeanInfo done
Event: 349.274 Loading class java/lang/BooleanBeanInfo
Event: 349.274 Loading class java/lang/BooleanBeanInfo done
Event: 349.274 Loading class java/lang/BooleanCustomizer
Event: 349.274 Loading class java/lang/BooleanCustomizer done
Event: 349.278 Loading class java/lang/BooleanCustomizer
Event: 349.278 Loading class java/lang/BooleanCustomizer done
Event: 349.279 Loading class jdk/internal/ValueBased
Event: 349.279 Loading class jdk/internal/ValueBased done

Classes unloaded (0 events):
No events

Classes redefined (0 events):
No events

Internal exceptions (20 events):
Event: 355.061 Thread 0x000001d3eddf96e0 Exception <a 'java/io/IOException'{0x00000000e8d3bc08}> (0x00000000e8d3bc08) 
thrown [s\src\hotspot\share\prims\jni.cpp, line 520]
Event: 355.071 Thread 0x000001d3eddf2de0 Exception <a 'java/io/IOException'{0x00000000e8fd7e58}> (0x00000000e8fd7e58) 
thrown [s\src\hotspot\share\prims\jni.cpp, line 520]
Event: 355.080 Thread 0x000001d3eddf4eb0 Exception <a 'java/io/IOException'{0x00000000e8e71788}> (0x00000000e8e71788) 
thrown [s\src\hotspot\share\prims\jni.cpp, line 520]
Event: 355.158 Thread 0x000001d3eddf6260 Exception <a 'java/io/IOException'{0x00000000e8faf788}> (0x00000000e8faf788) 
thrown [s\src\hotspot\share\prims\jni.cpp, line 520]
Event: 355.741 Thread 0x000001d3f0e2ff60 Exception <a 'java/lang/NoSuchMethodError'{0x00000000e89a52f8}: static Lorg/gradle/internal/remote/internal/MessageIOException;.<clinit>()V> (0x00000000e89a52f8) 
thrown [s\src\hotspot\share\prims\jni.cpp, line 1111]
Event: 355.746 Thread 0x000001d3f0e2ff60 Exception <a 'java/lang/NoSuchMethodError'{0x00000000e89b3e78}: static Lcom/esotericsoftware/kryo/KryoException;.<clinit>()V> (0x00000000e89b3e78) 
thrown [s\src\hotspot\share\prims\jni.cpp, line 1111]
Event: 355.757 Thread 0x000001d3f0e2ff60 Exception <a 'java/lang/NoSuchMethodError'{0x00000000e89c3490}: static [B.<clinit>()V> (0x00000000e89c3490) 
thrown [s\src\hotspot\share\prims\jni.cpp, line 1111]
Event: 365.828 Thread 0x000001d3ec0cccf0 Exception <a 'sun/nio/fs/WindowsException'{0x00000000e846b718}> (0x00000000e846b718) 
thrown [s\src\hotspot\share\prims\jni.cpp, line 520]
Event: 365.873 Thread 0x000001d3ec0cccf0 Exception <a 'sun/nio/fs/WindowsException'{0x00000000e846cea8}> (0x00000000e846cea8) 
thrown [s\src\hotspot\share\prims\jni.cpp, line 520]
Event: 365.916 Thread 0x000001d3ec0cccf0 Exception <a 'sun/nio/fs/WindowsException'{0x00000000e846e628}> (0x00000000e846e628) 
thrown [s\src\hotspot\share\prims\jni.cpp, line 520]
Event: 365.957 Thread 0x000001d3ec0cccf0 Exception <a 'sun/nio/fs/WindowsException'{0x00000000e846fd88}> (0x00000000e846fd88) 
thrown [s\src\hotspot\share\prims\jni.cpp, line 520]
Event: 369.796 Thread 0x000001d3ec0cccf0 Exception <a 'java/lang/NoClassDefFoundError'{0x00000000e7b554b8}: org/jetbrains/kotlin/gradle/plugin/KotlinPluginWrapper> (0x00000000e7b554b8) 
thrown [s\src\hotspot\share\oops\constantPool.cpp, line 873]
Event: 369.796 Thread 0x000001d3ec0cccf0 Exception <a 'java/lang/NoClassDefFoundError'{0x00000000e7b57b70}: org/graalvm/buildtools/gradle/NativeImagePlugin> (0x00000000e7b57b70) 
thrown [s\src\hotspot\share\oops\constantPool.cpp, line 873]
Event: 369.797 Thread 0x000001d3ec0cccf0 Exception <a 'java/lang/NoClassDefFoundError'{0x00000000e7b5a218}: org/cyclonedx/gradle/CyclonedxPlugin> (0x00000000e7b5a218) 
thrown [s\src\hotspot\share\oops\constantPool.cpp, line 873]
Event: 370.007 Thread 0x000001d3ec0cccf0 Exception <a 'sun/nio/fs/WindowsException'{0x00000000e7a99168}> (0x00000000e7a99168) 
thrown [s\src\hotspot\share\prims\jni.cpp, line 520]
Event: 372.999 Thread 0x000001d3f0e2ff60 Exception <a 'java/io/IOException'{0x00000000e78209e0}> (0x00000000e78209e0) 
thrown [s\src\hotspot\share\prims\jni.cpp, line 520]
Event: 376.660 Thread 0x000001d3ec0cccf0 Exception <a 'sun/nio/fs/WindowsException'{0x00000000e76caa70}> (0x00000000e76caa70) 
thrown [s\src\hotspot\share\prims\jni.cpp, line 520]
Event: 376.720 Thread 0x000001d3ec0cccf0 Exception <a 'sun/nio/fs/WindowsException'{0x00000000e76cc200}> (0x00000000e76cc200) 
thrown [s\src\hotspot\share\prims\jni.cpp, line 520]
Event: 376.783 Thread 0x000001d3ec0cccf0 Exception <a 'sun/nio/fs/WindowsException'{0x00000000e76cd980}> (0x00000000e76cd980) 
thrown [s\src\hotspot\share\prims\jni.cpp, line 520]
Event: 376.846 Thread 0x000001d3ec0cccf0 Exception <a 'sun/nio/fs/WindowsException'{0x00000000e76cf0e0}> (0x00000000e76cf0e0) 
thrown [s\src\hotspot\share\prims\jni.cpp, line 520]

ZGC Phase Switch (0 events):
No events

VM Operations (20 events):
Event: 369.430 Executing safepoint VM operation: Cleanup
Event: 369.430 Executing safepoint VM operation: Cleanup done
Event: 370.431 Executing safepoint VM operation: Cleanup
Event: 370.431 Executing safepoint VM operation: Cleanup done
Event: 371.443 Executing safepoint VM operation: Cleanup
Event: 371.443 Executing safepoint VM operation: Cleanup done
Event: 372.458 Executing safepoint VM operation: Cleanup
Event: 372.458 Executing safepoint VM operation: Cleanup done
Event: 373.460 Executing safepoint VM operation: Cleanup
Event: 373.475 Executing safepoint VM operation: Cleanup done
Event: 374.475 Executing safepoint VM operation: Cleanup
Event: 374.475 Executing safepoint VM operation: Cleanup done
Event: 375.486 Executing safepoint VM operation: Cleanup
Event: 375.486 Executing safepoint VM operation: Cleanup done
Event: 376.500 Executing safepoint VM operation: Cleanup
Event: 376.500 Executing safepoint VM operation: Cleanup done
Event: 377.513 Executing safepoint VM operation: Cleanup
Event: 377.513 Executing safepoint VM operation: Cleanup done
Event: 378.515 Executing safepoint VM operation: Cleanup
Event: 378.515 Executing safepoint VM operation: Cleanup done

Memory protections (0 events):
No events

Nmethod flushes (20 events):
Event: 244.641 Thread 0x000001d3d2b00300 flushing  nmethod 0x000001d3bfa85c90
Event: 244.641 Thread 0x000001d3d2b00300 flushing  nmethod 0x000001d3bfa86f90
Event: 244.641 Thread 0x000001d3d2b00300 flushing  nmethod 0x000001d3bfbe5d90
Event: 244.641 Thread 0x000001d3d2b00300 flushing  nmethod 0x000001d3bfbe6190
Event: 244.641 Thread 0x000001d3d2b00300 flushing  nmethod 0x000001d3bfc71990
Event: 244.641 Thread 0x000001d3d2b00300 flushing  nmethod 0x000001d3bfc72410
Event: 244.641 Thread 0x000001d3d2b00300 flushing  nmethod 0x000001d3bfc73210
Event: 244.641 Thread 0x000001d3d2b00300 flushing  nmethod 0x000001d3bfc76910
Event: 244.641 Thread 0x000001d3d2b00300 flushing  nmethod 0x000001d3bfc78810
Event: 244.641 Thread 0x000001d3d2b00300 flushing  nmethod 0x000001d3bfc78d90
Event: 244.641 Thread 0x000001d3d2b00300 flushing  nmethod 0x000001d3bfd24c90
Event: 244.641 Thread 0x000001d3d2b00300 flushing  nmethod 0x000001d3c009e110
Event: 244.641 Thread 0x000001d3d2b00300 flushing  nmethod 0x000001d3c009f190
Event: 244.641 Thread 0x000001d3d2b00300 flushing  nmethod 0x000001d3c7623b90
Event: 244.641 Thread 0x000001d3d2b00300 flushing  nmethod 0x000001d3c7668710
Event: 244.641 Thread 0x000001d3d2b00300 flushing  nmethod 0x000001d3bf9a7390
Event: 244.641 Thread 0x000001d3d2b00300 flushing  nmethod 0x000001d3bffd8690
Event: 244.641 Thread 0x000001d3d2b00300 flushing  nmethod 0x000001d3bffd9510
Event: 244.641 Thread 0x000001d3d2b00300 flushing  nmethod 0x000001d3c000d010
Event: 244.641 Thread 0x000001d3d2b00300 flushing  nmethod 0x000001d3c000e390

Events (20 events):
Event: 370.527 Thread 0x000001d3eddf6260 Thread exited: 0x000001d3eddf6260
Event: 370.534 Thread 0x000001d3f0e319a0 Thread exited: 0x000001d3f0e319a0
Event: 370.541 Thread 0x000001d3f0e2ff60 Thread exited: 0x000001d3f0e2ff60
Event: 371.015 Thread 0x000001d3eddf7ca0 Thread exited: 0x000001d3eddf7ca0
Event: 371.038 Thread 0x000001d3ee790d60 Thread exited: 0x000001d3ee790d60
Event: 371.082 Thread 0x000001d3eddf7610 Thread exited: 0x000001d3eddf7610
Event: 371.478 Thread 0x000001d3ef8790e0 Thread added: 0x000001d3f0e319a0
Event: 371.746 Thread 0x000001d3ef8790e0 Thread added: 0x000001d3f0e333e0
Event: 372.541 Thread 0x000001d3ef87b1b0 Thread added: 0x000001d3f0e2ff60
Event: 372.824 Thread 0x000001d3ef87b1b0 Thread added: 0x000001d3eddf4eb0
Event: 372.994 Thread 0x000001d3eddf4eb0 Thread exited: 0x000001d3eddf4eb0
Event: 373.071 Thread 0x000001d3f0e2ff60 Thread exited: 0x000001d3f0e2ff60
Event: 373.137 Thread 0x000001d3ec0cccf0 Thread added: 0x000001d3eddf4eb0
Event: 373.143 Thread 0x000001d3ec0cccf0 Thread added: 0x000001d3eddf6260
Event: 373.155 Thread 0x000001d3ec0cccf0 Thread added: 0x000001d3eddf2de0
Event: 373.460 Thread 0x000001d3ec0cccf0 Thread added: 0x000001d3eddf7610
Event: 373.829 Thread 0x000001d3ec0cccf0 Thread added: 0x000001d3eddf7ca0
Event: 375.496 Thread 0x000001d3ec0cccf0 Thread added: 0x000001d3eddf8330
Event: 375.954 Thread 0x000001d3ec0cccf0 Thread added: 0x000001d3eddf9d70
Event: 376.314 Thread 0x000001d3ec0cccf0 Thread added: 0x000001d3eddf89c0


Dynamic libraries:
0x00007ff7bf7b0000 - 0x00007ff7bf7be000 	C:\Users\chae0\.vscode\extensions\redhat.java-1.56.0-win32-x64\jre\21.0.12.1-win32-x86_64\bin\java.exe
0x00007ffe53c40000 - 0x00007ffe53ea6000 	C:\WINDOWS\SYSTEM32\ntdll.dll
0x00007ffe52d90000 - 0x00007ffe52e59000 	C:\WINDOWS\System32\KERNEL32.DLL
0x00007ffe51010000 - 0x00007ffe5140f000 	C:\WINDOWS\System32\KERNELBASE.dll
0x00007ffe51590000 - 0x00007ffe516dc000 	C:\WINDOWS\System32\ucrtbase.dll
0x00007ffe3cdc0000 - 0x00007ffe3cdd8000 	C:\Users\chae0\.vscode\extensions\redhat.java-1.56.0-win32-x64\jre\21.0.12.1-win32-x86_64\bin\jli.dll
0x00007ffe52e60000 - 0x00007ffe53026000 	C:\WINDOWS\System32\USER32.dll
0x00007ffe3cde0000 - 0x00007ffe3cdfe000 	C:\Users\chae0\.vscode\extensions\redhat.java-1.56.0-win32-x64\jre\21.0.12.1-win32-x86_64\bin\VCRUNTIME140.dll
0x00007ffe50fe0000 - 0x00007ffe51007000 	C:\WINDOWS\System32\win32u.dll
0x00007ffe52790000 - 0x00007ffe527bb000 	C:\WINDOWS\System32\GDI32.dll
0x00007ffe51840000 - 0x00007ffe51969000 	C:\WINDOWS\System32\gdi32full.dll
0x00007ffe514e0000 - 0x00007ffe51583000 	C:\WINDOWS\System32\msvcp_win.dll
0x00007ffe34960000 - 0x00007ffe34bf1000 	C:\WINDOWS\WinSxS\amd64_microsoft.windows.common-controls_6595b64144ccf1df_6.0.26100.8972_none_3e0da176e32f9d4b\COMCTL32.dll
0x00007ffe51d70000 - 0x00007ffe51e19000 	C:\WINDOWS\System32\msvcrt.dll
0x00007ffe52c10000 - 0x00007ffe52c42000 	C:\WINDOWS\System32\IMM32.DLL
0x00007ffe4d7a0000 - 0x00007ffe4d7ac000 	C:\Users\chae0\.vscode\extensions\redhat.java-1.56.0-win32-x64\jre\21.0.12.1-win32-x86_64\bin\vcruntime140_1.dll
0x00007ffe2ff60000 - 0x00007ffe2ffed000 	C:\Users\chae0\.vscode\extensions\redhat.java-1.56.0-win32-x64\jre\21.0.12.1-win32-x86_64\bin\msvcp140.dll
0x00007ffd81b10000 - 0x00007ffd828b2000 	C:\Users\chae0\.vscode\extensions\redhat.java-1.56.0-win32-x64\jre\21.0.12.1-win32-x86_64\bin\server\jvm.dll
0x00007ffe53050000 - 0x00007ffe5310c000 	C:\WINDOWS\System32\ADVAPI32.dll
0x00007ffe52b50000 - 0x00007ffe52bfa000 	C:\WINDOWS\System32\sechost.dll
0x00007ffe519e0000 - 0x00007ffe51af8000 	C:\WINDOWS\System32\RPCRT4.dll
0x00007ffe52d00000 - 0x00007ffe52d82000 	C:\WINDOWS\System32\WS2_32.dll
0x00007ffe50cb0000 - 0x00007ffe50d0e000 	C:\WINDOWS\SYSTEM32\POWRPROF.dll
0x00007ffe457f0000 - 0x00007ffe45826000 	C:\WINDOWS\SYSTEM32\WINMM.dll
0x00007ffe36750000 - 0x00007ffe3675b000 	C:\WINDOWS\SYSTEM32\VERSION.dll
0x00007ffe50c90000 - 0x00007ffe50ca5000 	C:\WINDOWS\SYSTEM32\UMPDC.dll
0x00007ffe4fb40000 - 0x00007ffe4fb5b000 	C:\WINDOWS\SYSTEM32\kernel.appcore.dll
0x00007ffe4c9d0000 - 0x00007ffe4c9da000 	C:\Users\chae0\.vscode\extensions\redhat.java-1.56.0-win32-x64\jre\21.0.12.1-win32-x86_64\bin\jimage.dll
0x00007ffe4e4f0000 - 0x00007ffe4e732000 	C:\WINDOWS\SYSTEM32\DBGHELP.DLL
0x00007ffe527c0000 - 0x00007ffe52b45000 	C:\WINDOWS\System32\combase.dll
0x00007ffe525b0000 - 0x00007ffe52689000 	C:\WINDOWS\System32\OLEAUT32.dll
0x00007ffe34c30000 - 0x00007ffe34c6b000 	C:\WINDOWS\SYSTEM32\dbgcore.DLL
0x00007ffe51420000 - 0x00007ffe514cc000 	C:\WINDOWS\System32\bcryptPrimitives.dll
0x00007ffe3d250000 - 0x00007ffe3d25f000 	C:\Users\chae0\.vscode\extensions\redhat.java-1.56.0-win32-x64\jre\21.0.12.1-win32-x86_64\bin\instrument.dll
0x00007ffe40810000 - 0x00007ffe40830000 	C:\Users\chae0\.vscode\extensions\redhat.java-1.56.0-win32-x64\jre\21.0.12.1-win32-x86_64\bin\java.dll
0x00007ffe51e20000 - 0x00007ffe525a8000 	C:\WINDOWS\System32\SHELL32.dll
0x00007ffe4e920000 - 0x00007ffe4f1bb000 	C:\WINDOWS\SYSTEM32\windows.storage.dll
0x00007ffe51c70000 - 0x00007ffe51d69000 	C:\WINDOWS\System32\SHCORE.dll
0x00007ffe51970000 - 0x00007ffe519d6000 	C:\WINDOWS\System32\shlwapi.dll
0x00007ffe50d70000 - 0x00007ffe50d99000 	C:\WINDOWS\SYSTEM32\profapi.dll
0x00007ffe3d7d0000 - 0x00007ffe3d7e8000 	C:\Users\chae0\.vscode\extensions\redhat.java-1.56.0-win32-x64\jre\21.0.12.1-win32-x86_64\bin\zip.dll
0x00007ffe3cf80000 - 0x00007ffe3cf90000 	C:\Users\chae0\.vscode\extensions\redhat.java-1.56.0-win32-x64\jre\21.0.12.1-win32-x86_64\bin\net.dll
0x00007ffe49d60000 - 0x00007ffe49e88000 	C:\WINDOWS\SYSTEM32\WINHTTP.dll
0x00007ffe500f0000 - 0x00007ffe5015c000 	C:\WINDOWS\system32\mswsock.dll
0x00007ffe3c5b0000 - 0x00007ffe3c5c6000 	C:\Users\chae0\.vscode\extensions\redhat.java-1.56.0-win32-x64\jre\21.0.12.1-win32-x86_64\bin\nio.dll
0x00007ffe3d240000 - 0x00007ffe3d250000 	C:\Users\chae0\.vscode\extensions\redhat.java-1.56.0-win32-x64\jre\21.0.12.1-win32-x86_64\bin\verify.dll
0x00007ffe10c10000 - 0x00007ffe10c37000 	C:\Users\chae0\.gradle\native\660c5614fbf4a5f2a75b1949f50a0caf5cd603558e7d8a26e50b933a0cfb79d1\windows-amd64\native-platform.dll
0x00007ffdc78f0000 - 0x00007ffdc7967000 	C:\Users\chae0\.gradle\native\0.2.8\x86_64-windows-gnu\gradle-fileevents.dll
0x00007ffe3cc50000 - 0x00007ffe3cc5a000 	C:\Users\chae0\.vscode\extensions\redhat.java-1.56.0-win32-x64\jre\21.0.12.1-win32-x86_64\bin\management.dll
0x00007ffe37d10000 - 0x00007ffe37d1c000 	C:\Users\chae0\.vscode\extensions\redhat.java-1.56.0-win32-x64\jre\21.0.12.1-win32-x86_64\bin\management_ext.dll
0x00007ffe536d0000 - 0x00007ffe536d8000 	C:\WINDOWS\System32\PSAPI.DLL
0x00007ffe4f5c0000 - 0x00007ffe4f5f3000 	C:\WINDOWS\SYSTEM32\IPHLPAPI.DLL
0x00007ffe52c00000 - 0x00007ffe52c0a000 	C:\WINDOWS\System32\NSI.dll
0x00007ffe34c70000 - 0x00007ffe34c79000 	C:\Users\chae0\.vscode\extensions\redhat.java-1.56.0-win32-x64\jre\21.0.12.1-win32-x86_64\bin\extnet.dll
0x00007ffe503e0000 - 0x00007ffe503fb000 	C:\WINDOWS\SYSTEM32\CRYPTSP.dll
0x00007ffe4faa0000 - 0x00007ffe4fad9000 	C:\WINDOWS\system32\rsaenh.dll
0x00007ffe501a0000 - 0x00007ffe501d2000 	C:\WINDOWS\SYSTEM32\USERENV.dll
0x00007ffe50d40000 - 0x00007ffe50d6a000 	C:\WINDOWS\SYSTEM32\bcrypt.dll
0x00007ffe50400000 - 0x00007ffe5040c000 	C:\WINDOWS\SYSTEM32\CRYPTBASE.dll
0x00007ffe325f0000 - 0x00007ffe325fe000 	C:\Users\chae0\.vscode\extensions\redhat.java-1.56.0-win32-x64\jre\21.0.12.1-win32-x86_64\bin\sunmscapi.dll
0x00007ffe50e50000 - 0x00007ffe50fce000 	C:\WINDOWS\System32\CRYPT32.dll
0x00007ffe50620000 - 0x00007ffe50650000 	C:\WINDOWS\SYSTEM32\ncrypt.dll
0x00007ffe505d0000 - 0x00007ffe5060f000 	C:\WINDOWS\SYSTEM32\NTASN1.dll
0x00007ffe25ed0000 - 0x00007ffe25ed8000 	C:\WINDOWS\system32\wshunix.dll

JVMTI agents:
C:\Users\chae0\.gradle\wrapper\dists\gradle-9.4.1-bin\arn2x92ynaizyzdaamcbpbhtj\gradle-9.4.1\lib\agents\gradle-instrumentation-agent-9.4.1.jar path:C:\Users\chae0\.vscode\extensions\redhat.java-1.56.0-win32-x64\jre\21.0.12.1-win32-x86_64\bin\instrument.dll, loaded, initialized, instrumentlib options:none

dbghelp: loaded successfully - version: 4.0.5 - missing functions: none
symbol engine: initialized successfully - sym options: 0x614 - pdb path: .;C:\Users\chae0\.vscode\extensions\redhat.java-1.56.0-win32-x64\jre\21.0.12.1-win32-x86_64\bin;C:\WINDOWS\SYSTEM32;C:\WINDOWS\WinSxS\amd64_microsoft.windows.common-controls_6595b64144ccf1df_6.0.26100.8972_none_3e0da176e32f9d4b;C:\Users\chae0\.vscode\extensions\redhat.java-1.56.0-win32-x64\jre\21.0.12.1-win32-x86_64\bin\server;C:\Users\chae0\.gradle\native\660c5614fbf4a5f2a75b1949f50a0caf5cd603558e7d8a26e50b933a0cfb79d1\windows-amd64;C:\Users\chae0\.gradle\native\0.2.8\x86_64-windows-gnu

VM Arguments:
jvm_args: --add-opens=java.base/java.lang=ALL-UNNAMED --add-opens=java.base/java.lang.invoke=ALL-UNNAMED --add-opens=java.base/java.util=ALL-UNNAMED --add-opens=java.prefs/java.util.prefs=ALL-UNNAMED --add-exports=jdk.compiler/com.sun.tools.javac.api=ALL-UNNAMED --add-exports=jdk.compiler/com.sun.tools.javac.util=ALL-UNNAMED --add-opens=java.base/java.util=ALL-UNNAMED --add-opens=java.prefs/java.util.prefs=ALL-UNNAMED --add-opens=java.base/java.nio.charset=ALL-UNNAMED --add-opens=java.base/java.net=ALL-UNNAMED --add-opens=java.base/java.util.concurrent=ALL-UNNAMED --add-opens=java.base/java.util.concurrent.atomic=ALL-UNNAMED --add-opens=java.xml/javax.xml.namespace=ALL-UNNAMED --add-opens=java.base/java.time=ALL-UNNAMED -XX:MaxMetaspaceSize=384m -XX:+HeapDumpOnOutOfMemoryError -Xms256m -Xmx512m -Dfile.encoding=UTF-8 -Duser.country=KR -Duser.language=ko -Duser.variant -javaagent:C:\Users\chae0\.gradle\wrapper\dists\gradle-9.4.1-bin\arn2x92ynaizyzdaamcbpbhtj\gradle-9.4.1\lib\agents\gradle-instrumentation-agent-9.4.1.jar 
java_command: org.gradle.launcher.daemon.bootstrap.GradleDaemon 9.4.1
java_class_path (initial): C:\Users\chae0\.gradle\wrapper\dists\gradle-9.4.1-bin\arn2x92ynaizyzdaamcbpbhtj\gradle-9.4.1\lib\gradle-daemon-main-9.4.1.jar
Launcher Type: SUN_STANDARD

[Global flags]
     intx CICompilerCount                          = 12                                        {product} {ergonomic}
   size_t CompressedClassSpaceSize                 = 335544320                                 {product} {ergonomic}
     uint ConcGCThreads                            = 3                                         {product} {ergonomic}
     uint G1ConcRefinementThreads                  = 13                                        {product} {ergonomic}
   size_t G1HeapRegionSize                         = 1048576                                   {product} {ergonomic}
    uintx GCDrainStackTargetSize                   = 64                                        {product} {ergonomic}
     bool HeapDumpOnOutOfMemoryError               = true                                   {manageable} {command line}
   size_t InitialHeapSize                          = 268435456                                 {product} {command line}
   size_t MarkStackSize                            = 4194304                                   {product} {ergonomic}
   size_t MaxHeapSize                              = 536870912                                 {product} {command line}
   size_t MaxMetaspaceSize                         = 402653184                                 {product} {command line}
   size_t MaxNewSize                               = 321912832                                 {product} {ergonomic}
   size_t MinHeapDeltaBytes                        = 1048576                                   {product} {ergonomic}
   size_t MinHeapSize                              = 268435456                                 {product} {command line}
    uintx NonNMethodCodeHeapSize                   = 7602480                                {pd product} {ergonomic}
    uintx NonProfiledCodeHeapSize                  = 122027880                              {pd product} {ergonomic}
    uintx ProfiledCodeHeapSize                     = 122027880                              {pd product} {ergonomic}
    uintx ReservedCodeCacheSize                    = 251658240                              {pd product} {ergonomic}
     bool SegmentedCodeCache                       = true                                      {product} {ergonomic}
   size_t SoftMaxHeapSize                          = 536870912                              {manageable} {ergonomic}
     bool UseCompressedOops                        = true                           {product lp64_product} {ergonomic}
     bool UseG1GC                                  = true                                      {product} {ergonomic}
     bool UseLargePagesIndividualAllocation        = false                                  {pd product} {ergonomic}

Logging:
Log output configuration:
 #0: stdout all=warning uptime,level,tags foldmultilines=false
 #1: stderr all=off uptime,level,tags foldmultilines=false

Release file:
JAVA_VERSION="21.0.12.1" 
MODULES="java.base java.compiler java.datatransfer java.xml java.prefs java.desktop java.instrument java.logging java.management java.security.sasl java.naming java.rmi java.management.rmi java.net.http java.scripting java.security.jgss java.transaction.xa java.sql java.sql.rowset java.xml.crypto java.se java.smartcardio jdk.accessibility jdk.internal.jvmstat jdk.attach jdk.charsets jdk.internal.opt jdk.zipfs jdk.compiler jdk.crypto.ec jdk.crypto.cryptoki jdk.crypto.mscapi jdk.dynalink jdk.internal.ed jdk.editpad jdk.hotspot.agent jdk.httpserver jdk.internal.le jdk.internal.vm.ci jdk.internal.vm.compiler jdk.internal.vm.compiler.management jdk.jartool jdk.javadoc jdk.jcmd jdk.management jdk.management.agent jdk.jconsole jdk.jdeps jdk.jdwp.agent jdk.jdi jdk.jfr jdk.jshell jdk.jsobject jdk.jstatd jdk.localedata jdk.management.jfr jdk.naming.dns jdk.naming.rmi jdk.net jdk.nio.mapmode jdk.random jdk.sctp jdk.security.auth jdk.security.jgss jdk.unsupported jdk.unsupported.desktop jdk.xml.dom" 

Environment Variables:
JAVA_HOME=C:\Program Files\Java\jdk-21
PATH=C:\Python314\Scripts\;C:\Python314\;C:\Program Files (x86)\VMware\VMware Workstation\bin\;C:\Program Files\Common Files\Oracle\Java\javapath;C:\WINDOWS\system32;C:\WINDOWS;C:\WINDOWS\System32\Wbem;C:\WINDOWS\System32\WindowsPowerShell\v1.0\;C:\WINDOWS\System32\OpenSSH\;C:\Program Files\Java\jdk-21\bin\;C:\Program Files\Java\jdk-21bin;C:\Program Files\Microsoft SQL Server\Client SDK\ODBC\170\Tools\Binn\;C:\Program Files (x86)\Microsoft SQL Server\150\Tools\Binn\;C:\Program Files\Microsoft SQL Server\150\Tools\Binn\;C:\Program Files\Microsoft SQL Server\150\DTS\Binn\;C:\Program Files (x86)\Microsoft SQL Server\150\DTS\Binn\;C:\Program Files\Azure Data Studio\bin;C:\Program Files\Java\jdk-21BIN;C:\Users\chae0\Downloads\node-v22.13.1-win-x64\;D:\Git\cmd;C:\Users\chae0\AppData\Local\Android\Sdk\platform-tools;C:\Program Files\dotnet\;C:\Program Files\nodejs\;C:\ProgramData\chocolatey\bin;C:\Users\chae0\AppData\Local\Android\Sdk\platform-tools;C:\Program Files\MySQL\MySQL Server 8.0\bin;C:\Users\chae0\AppData\Local\Programs\Python\Launcher\;C:\Users\chae0\AppData\Local\Microsoft\WindowsApps;C:\Program Files\Java\jdk-21\bin;C:\Program Files\Azure Data Studio\bin;C:\Users\chae0\AppData\Local\Programs\Microsoft VS Code\bin;C:\Users\chae0\.dotnet\tools;D:\downloads\flutter_windows_3.35.5-stable\flutter\bin;C:\Users\chae0\AppData\Roaming\npm
USERNAME=chae0
OS=Windows_NT
PROCESSOR_IDENTIFIER=Intel64 Family 6 Model 154 Stepping 3, GenuineIntel
TMP=C:\Users\chae0\AppData\Local\Temp
TEMP=C:\Users\chae0\AppData\Local\Temp




Periodic native trim disabled

---------------  S Y S T E M  ---------------

OS:
 Windows 11 , 64 bit Build 26100 (10.0.26100.9168)
OS uptime: 0 days 3:02 hours

CPU: total 16 (initial active 16) (16 cores per cpu, 1 threads per core) family 6 model 154 stepping 3 microcode 0x421, cx8, cmov, fxsr, mmx, 3dnowpref, sse, sse2, sse3, ssse3, sse4.1, sse4.2, popcnt, lzcnt, tsc, tscinvbit, avx, avx2, aes, erms, clmul, bmi1, bmi2, adx, sha, fma, vzeroupper, clflush, clflushopt, clwb, serialize, rdtscp, rdpid, fsrm, f16c, pku, cet_ibt, cet_ss
Processor Information for processor 0
  Max Mhz: 1700, Current Mhz: 1457, Mhz Limit: 1700
Processor Information for processor 1
  Max Mhz: 1700, Current Mhz: 1457, Mhz Limit: 1700
Processor Information for processor 2
  Max Mhz: 1700, Current Mhz: 1457, Mhz Limit: 1700
Processor Information for processor 3
  Max Mhz: 1700, Current Mhz: 1457, Mhz Limit: 1700
Processor Information for processor 4
  Max Mhz: 1700, Current Mhz: 1457, Mhz Limit: 1700
Processor Information for processor 5
  Max Mhz: 1700, Current Mhz: 1457, Mhz Limit: 1700
Processor Information for processor 6
  Max Mhz: 1700, Current Mhz: 1700, Mhz Limit: 1700
Processor Information for processor 7
  Max Mhz: 1700, Current Mhz: 1457, Mhz Limit: 1700
Processor Information for processor 8
  Max Mhz: 1700, Current Mhz: 1558, Mhz Limit: 1700
Processor Information for processor 9
  Max Mhz: 1700, Current Mhz: 1558, Mhz Limit: 1700
Processor Information for processor 10
  Max Mhz: 1700, Current Mhz: 1558, Mhz Limit: 1700
Processor Information for processor 11
  Max Mhz: 1700, Current Mhz: 1558, Mhz Limit: 1700
Processor Information for processor 12
  Max Mhz: 1700, Current Mhz: 1558, Mhz Limit: 1700
Processor Information for processor 13
  Max Mhz: 1700, Current Mhz: 1558, Mhz Limit: 1700
Processor Information for processor 14
  Max Mhz: 1700, Current Mhz: 1558, Mhz Limit: 1700
Processor Information for processor 15
  Max Mhz: 1700, Current Mhz: 1558, Mhz Limit: 1700

Memory: 4k page, system-wide physical 16066M (2026M free)
TotalPageFile size 44125M (AvailPageFile size 0M)
current process WorkingSet (physical memory assigned to process): 432M, peak: 439M
current process commit charge ("private bytes"): 529M, peak: 531M

vm_info: OpenJDK 64-Bit Server VM (21.0.12.1+1-LTS) for windows-amd64 JRE (21.0.12.1+1-LTS), built on 2026-08-18T00:00:00Z by "admin" with MS VC++ 17.12 (VS2022)

END.
