#
# There is insufficient memory for the Java Runtime Environment to continue.
# Native memory allocation (malloc) failed to allocate 1352736 bytes. Error detail: Chunk::new
# Possible reasons:
#   The system is out of physical RAM or swap space
#   This process is running with CompressedOops enabled, and the Java Heap may be blocking the growth of the native heap
# Possible solutions:
#   Reduce memory load on the system
#   Increase physical memory or swap space
#   Check if swap backing store is full
#   Decrease Java heap size (-Xmx/-Xms)
#   Decrease number of Java threads
#   Decrease Java thread stack sizes (-Xss)
#   Set larger code cache with -XX:ReservedCodeCacheSize=
#   JVM is running with Unscaled Compressed Oops mode in which the Java heap is
#     placed in the first 4GB address space. The Java Heap base address is the
#     maximum limit for the native heap growth. Please use -XX:HeapBaseMinAddress
#     to set the Java Heap base and to place the Java Heap above 4GB virtual address.
# This output file may be truncated or incomplete.
#
#  Out of Memory Error (arena.cpp:168), pid=31812, tid=27268
#
# JRE version: OpenJDK Runtime Environment Temurin-21.0.12.1+1 (21.0.12.1+1) (build 21.0.12.1+1-LTS)
# Java VM: OpenJDK 64-Bit Server VM Temurin-21.0.12.1+1 (21.0.12.1+1-LTS, mixed mode, sharing, tiered, compressed oops, compressed class ptrs, g1 gc, windows-amd64)
# No core dump will be written. Minidumps are not enabled by default on client versions of Windows
#

---------------  S U M M A R Y ------------

Command Line: --add-opens=java.base/java.lang=ALL-UNNAMED --add-opens=java.base/java.lang.invoke=ALL-UNNAMED --add-opens=java.base/java.util=ALL-UNNAMED --add-opens=java.prefs/java.util.prefs=ALL-UNNAMED --add-exports=jdk.compiler/com.sun.tools.javac.api=ALL-UNNAMED --add-exports=jdk.compiler/com.sun.tools.javac.util=ALL-UNNAMED --add-opens=java.base/java.util=ALL-UNNAMED --add-opens=java.prefs/java.util.prefs=ALL-UNNAMED --add-opens=java.base/java.nio.charset=ALL-UNNAMED --add-opens=java.base/java.net=ALL-UNNAMED --add-opens=java.base/java.util.concurrent=ALL-UNNAMED --add-opens=java.base/java.util.concurrent.atomic=ALL-UNNAMED --add-opens=java.xml/javax.xml.namespace=ALL-UNNAMED --add-opens=java.base/java.time=ALL-UNNAMED -XX:MaxMetaspaceSize=384m -XX:+HeapDumpOnOutOfMemoryError -Xms256m -Xmx512m -Dfile.encoding=UTF-8 -Duser.country=KR -Duser.language=ko -Duser.variant -javaagent:C:\Users\chae0\.gradle\wrapper\dists\gradle-9.4.1-bin\arn2x92ynaizyzdaamcbpbhtj\gradle-9.4.1\lib\agents\gradle-instrumentation-agent-9.4.1.jar org.gradle.launcher.daemon.bootstrap.GradleDaemon 9.4.1

Host: 12th Gen Intel(R) Core(TM) i5-1240P, 16 cores, 15G,  Windows 11 , 64 bit Build 26100 (10.0.26100.9168)
Time: Sat Sep 12 15:05:10 2026 elapsed time: 371.411844 seconds (0d 0h 6m 11s)

---------------  T H R E A D  ---------------

Current thread (0x000001c6b8b209e0):  JavaThread "C2 CompilerThread0" daemon [_thread_in_native, id=27268, stack(0x000000bc46700000,0x000000bc46800000) (1024K)]


Current CompileTask:
C2:371423 7353 %     4       org.gradle.internal.instantiation.generator.AbstractClassGenerator::inspectType @ 77 (602 bytes)

Stack: [0x000000bc46700000,0x000000bc46800000]
Native frames: (J=compiled Java code, j=interpreted, Vv=VM code, C=native code)
V  [jvm.dll+0x6d83e9]
V  [jvm.dll+0x8b5736]
V  [jvm.dll+0x8b7cee]
V  [jvm.dll+0x8b83d3]
V  [jvm.dll+0x284596]
V  [jvm.dll+0xc685d]
V  [jvm.dll+0xc6da1]
V  [jvm.dll+0x2fb5ae]
V  [jvm.dll+0x5fee94]
V  [jvm.dll+0x255d67]
V  [jvm.dll+0x24e0f4]
V  [jvm.dll+0x24bbe6]
V  [jvm.dll+0x1cb4ae]
V  [jvm.dll+0x25baad]
V  [jvm.dll+0x25a03a]
V  [jvm.dll+0x3f8aae]
V  [jvm.dll+0x8600cd]
V  [jvm.dll+0x6d6c1d]
C  [ucrtbase.dll+0x2cd30]
C  [KERNEL32.DLL+0x2ccb7]
C  [ntdll.dll+0xaad6c]


---------------  P R O C E S S  ---------------

Threads class SMR info:
_java_thread_list=0x000001c6d59363a0, length=55, elements={
0x000001c6a2692b20, 0x000001c6b8b18850, 0x000001c6b8b1b2c0, 0x000001c6b8b1dd30,
0x000001c6b8b1e790, 0x000001c6b8b1f1f0, 0x000001c6b8b1fc50, 0x000001c6b8b209e0,
0x000001c6b8b23490, 0x000001c6b8dd6ae0, 0x000001c6b8cf2d40, 0x000001c6d2f8f0c0,
0x000001c6d2e6c320, 0x000001c6d3c43bb0, 0x000001c6d3ae1440, 0x000001c6d2a870e0,
0x000001c6d381b990, 0x000001c6d3ddd560, 0x000001c6d2a63580, 0x000001c6d2a621d0,
0x000001c6d2a60790, 0x000001c6d2a61b40, 0x000001c6d2a614b0, 0x000001c6d2a62860,
0x000001c6d2a62ef0, 0x000001c6d55c4a80, 0x000001c6d55c8590, 0x000001c6d55c6b50,
0x000001c6d55c5110, 0x000001c6d55c92b0, 0x000001c6d55c71e0, 0x000001c6d55c8c20,
0x000001c6d55c5e30, 0x000001c6d55c9940, 0x000001c6d55c9fd0, 0x000001c6d55cba10,
0x000001c6d4d722f0, 0x000001c6d4d70f40, 0x000001c6d4d73010, 0x000001c6d4d70220,
0x000001c6d4d715d0, 0x000001c6d4d708b0, 0x000001c6d4d76490, 0x000001c6d4d76b20,
0x000001c6d4d736a0, 0x000001c6d4d75e00, 0x000001c6d4d73d30, 0x000001c6d4d74a50,
0x000001c6d4d77840, 0x000001c6d4d75770, 0x000001c6d4d743c0, 0x000001c6d4d771b0,
0x000001c6d665d7c0, 0x000001c6d6a23300, 0x000001c6d6a21e90
}

Java Threads: ( => current thread )
  0x000001c6a2692b20 JavaThread "main"                              [_thread_blocked, id=38308, stack(0x000000bc45900000,0x000000bc45a00000) (1024K)]
  0x000001c6b8b18850 JavaThread "Reference Handler"          daemon [_thread_blocked, id=36952, stack(0x000000bc46100000,0x000000bc46200000) (1024K)]
  0x000001c6b8b1b2c0 JavaThread "Finalizer"                  daemon [_thread_blocked, id=32044, stack(0x000000bc46200000,0x000000bc46300000) (1024K)]
  0x000001c6b8b1dd30 JavaThread "Signal Dispatcher"          daemon [_thread_blocked, id=6796, stack(0x000000bc46300000,0x000000bc46400000) (1024K)]
  0x000001c6b8b1e790 JavaThread "Attach Listener"            daemon [_thread_blocked, id=23860, stack(0x000000bc46400000,0x000000bc46500000) (1024K)]
  0x000001c6b8b1f1f0 JavaThread "Service Thread"             daemon [_thread_blocked, id=35576, stack(0x000000bc46500000,0x000000bc46600000) (1024K)]
  0x000001c6b8b1fc50 JavaThread "Monitor Deflation Thread"   daemon [_thread_blocked, id=35220, stack(0x000000bc46600000,0x000000bc46700000) (1024K)]
=>0x000001c6b8b209e0 JavaThread "C2 CompilerThread0"         daemon [_thread_in_native, id=27268, stack(0x000000bc46700000,0x000000bc46800000) (1024K)]
  0x000001c6b8b23490 JavaThread "C1 CompilerThread0"         daemon [_thread_blocked, id=31148, stack(0x000000bc46800000,0x000000bc46900000) (1024K)]
  0x000001c6b8dd6ae0 JavaThread "Common-Cleaner"             daemon [_thread_blocked, id=19192, stack(0x000000bc46c00000,0x000000bc46d00000) (1024K)]
  0x000001c6b8cf2d40 JavaThread "Notification Thread"        daemon [_thread_blocked, id=12592, stack(0x000000bc46b00000,0x000000bc46c00000) (1024K)]
  0x000001c6d2f8f0c0 JavaThread "Daemon health stats"               [_thread_blocked, id=26024, stack(0x000000bc47100000,0x000000bc47200000) (1024K)]
  0x000001c6d2e6c320 JavaThread "Incoming local TCP Connector on port 49980"        [_thread_in_native, id=39792, stack(0x000000bc45800000,0x000000bc45900000) (1024K)]
  0x000001c6d3c43bb0 JavaThread "Daemon periodic checks"            [_thread_blocked, id=38600, stack(0x000000bc47200000,0x000000bc47300000) (1024K)]
  0x000001c6d3ae1440 JavaThread "Daemon"                            [_thread_blocked, id=27312, stack(0x000000bc47400000,0x000000bc47500000) (1024K)]
  0x000001c6d2a870e0 JavaThread "Handler for socket connection from /127.0.0.1:49980 to /127.0.0.1:50123"        [_thread_in_native, id=33576, stack(0x000000bc47500000,0x000000bc47600000) (1024K)]
  0x000001c6d381b990 JavaThread "Cancel handler"                    [_thread_blocked, id=32172, stack(0x000000bc47000000,0x000000bc47100000) (1024K)]
  0x000001c6d3ddd560 JavaThread "Daemon worker"                     [_thread_in_Java, id=24924, stack(0x000000bc47300000,0x000000bc47400000) (1024K)]
  0x000001c6d2a63580 JavaThread "Asynchronous log dispatcher for DefaultDaemonConnection: socket connection from /127.0.0.1:49980 to /127.0.0.1:50123"        [_thread_blocked, id=25556, stack(0x000000bc47600000,0x000000bc47700000) (1024K)]
  0x000001c6d2a621d0 JavaThread "Stdin handler"                     [_thread_blocked, id=28164, stack(0x000000bc47700000,0x000000bc47800000) (1024K)]
  0x000001c6d2a60790 JavaThread "Daemon client event forwarder"        [_thread_blocked, id=22508, stack(0x000000bc47800000,0x000000bc47900000) (1024K)]
  0x000001c6d2a61b40 JavaThread "Cache worker for journal cache (C:\Users\chae0\.gradle\caches\journal-1)"        [_thread_blocked, id=33400, stack(0x000000bc48100000,0x000000bc48200000) (1024K)]
  0x000001c6d2a614b0 JavaThread "File lock request listener"        [_thread_in_native, id=35480, stack(0x000000bc48200000,0x000000bc48300000) (1024K)]
  0x000001c6d2a62860 JavaThread "Cache worker for file hash cache (C:\Users\chae0\.gradle\caches\9.4.1\fileHashes)"        [_thread_blocked, id=5324, stack(0x000000bc48300000,0x000000bc48400000) (1024K)]
  0x000001c6d2a62ef0 JavaThread "File lock release action executor"        [_thread_blocked, id=23104, stack(0x000000bc48400000,0x000000bc48500000) (1024K)]
  0x000001c6d55c4a80 JavaThread "Cache worker for file hash cache (C:\qring-backend\.gradle\9.4.1\fileHashes)"        [_thread_blocked, id=28872, stack(0x000000bc45600000,0x000000bc45700000) (1024K)]
  0x000001c6d55c8590 JavaThread "Cache worker for Build Output Cleanup Cache (C:\qring-backend\.gradle\buildOutputCleanup)"        [_thread_blocked, id=26260, stack(0x000000bc45700000,0x000000bc45800000) (1024K)]
  0x000001c6d55c6b50 JavaThread "File watcher server"        daemon [_thread_in_native, id=29116, stack(0x000000bc48600000,0x000000bc48700000) (1024K)]
  0x000001c6d55c5110 JavaThread "File watcher consumer"      daemon [_thread_blocked, id=26284, stack(0x000000bc48700000,0x000000bc48800000) (1024K)]
  0x000001c6d55c92b0 JavaThread "Cache worker for file content cache (C:\Users\chae0\.gradle\caches\9.4.1\fileContent)"        [_thread_blocked, id=36460, stack(0x000000bc48800000,0x000000bc48900000) (1024K)]
  0x000001c6d55c71e0 JavaThread "Cache worker for checksums cache (C:\qring-backend\.gradle\9.4.1\checksums)"        [_thread_blocked, id=31428, stack(0x000000bc48900000,0x000000bc48a00000) (1024K)]
  0x000001c6d55c8c20 JavaThread "Cache worker for cache directory md-supplier (C:\Users\chae0\.gradle\caches\9.4.1\md-supplier)"        [_thread_blocked, id=29160, stack(0x000000bc48a00000,0x000000bc48b00000) (1024K)]
  0x000001c6d55c5e30 JavaThread "Cache worker for cache directory md-rule (C:\Users\chae0\.gradle\caches\9.4.1\md-rule)"        [_thread_blocked, id=15200, stack(0x000000bc48b00000,0x000000bc48c00000) (1024K)]
  0x000001c6d55c9940 JavaThread "jar transforms"                    [_thread_blocked, id=39212, stack(0x000000bc48c00000,0x000000bc48d00000) (1024K)]
  0x000001c6d55c9fd0 JavaThread "jar transforms Thread 2"           [_thread_blocked, id=38480, stack(0x000000bc48d00000,0x000000bc48e00000) (1024K)]
  0x000001c6d55cba10 JavaThread "jar transforms Thread 3"           [_thread_blocked, id=4824, stack(0x000000bc48e00000,0x000000bc48f00000) (1024K)]
  0x000001c6d4d722f0 JavaThread "Build operations"                  [_thread_blocked, id=32848, stack(0x000000bc49200000,0x000000bc49300000) (1024K)]
  0x000001c6d4d70f40 JavaThread "Build operations Thread 2"         [_thread_blocked, id=28284, stack(0x000000bc49300000,0x000000bc49400000) (1024K)]
  0x000001c6d4d73010 JavaThread "Build operations Thread 3"         [_thread_blocked, id=28444, stack(0x000000bc49400000,0x000000bc49500000) (1024K)]
  0x000001c6d4d70220 JavaThread "Build operations Thread 4"         [_thread_blocked, id=37104, stack(0x000000bc49500000,0x000000bc49600000) (1024K)]
  0x000001c6d4d715d0 JavaThread "Build operations Thread 5"         [_thread_blocked, id=36148, stack(0x000000bc49600000,0x000000bc49700000) (1024K)]
  0x000001c6d4d708b0 JavaThread "Build operations Thread 6"         [_thread_blocked, id=37712, stack(0x000000bc49700000,0x000000bc49800000) (1024K)]
  0x000001c6d4d76490 JavaThread "Build operations Thread 7"         [_thread_blocked, id=26252, stack(0x000000bc49800000,0x000000bc49900000) (1024K)]
  0x000001c6d4d76b20 JavaThread "Build operations Thread 8"         [_thread_blocked, id=22880, stack(0x000000bc49900000,0x000000bc49a00000) (1024K)]
  0x000001c6d4d736a0 JavaThread "Build operations Thread 9"         [_thread_blocked, id=28880, stack(0x000000bc49a00000,0x000000bc49b00000) (1024K)]
  0x000001c6d4d75e00 JavaThread "Build operations Thread 10"        [_thread_blocked, id=38140, stack(0x000000bc49b00000,0x000000bc49c00000) (1024K)]
  0x000001c6d4d73d30 JavaThread "Build operations Thread 11"        [_thread_blocked, id=12676, stack(0x000000bc49c00000,0x000000bc49d00000) (1024K)]
  0x000001c6d4d74a50 JavaThread "Build operations Thread 12"        [_thread_blocked, id=38904, stack(0x000000bc49d00000,0x000000bc49e00000) (1024K)]
  0x000001c6d4d77840 JavaThread "Build operations Thread 13"        [_thread_blocked, id=23028, stack(0x000000bc49e00000,0x000000bc49f00000) (1024K)]
  0x000001c6d4d75770 JavaThread "Build operations Thread 14"        [_thread_blocked, id=35980, stack(0x000000bc49f00000,0x000000bc4a000000) (1024K)]
  0x000001c6d4d743c0 JavaThread "Build operations Thread 15"        [_thread_blocked, id=34284, stack(0x000000bc4a000000,0x000000bc4a100000) (1024K)]
  0x000001c6d4d771b0 JavaThread "Build operations Thread 16"        [_thread_blocked, id=29872, stack(0x000000bc4a100000,0x000000bc4a200000) (1024K)]
  0x000001c6d665d7c0 JavaThread "Memory manager"                    [_thread_blocked, id=26656, stack(0x000000bc49100000,0x000000bc49200000) (1024K)]
  0x000001c6d6a23300 JavaThread "C2 CompilerThread1"         daemon [_thread_in_native, id=2948, stack(0x000000bc4a200000,0x000000bc4a300000) (1024K)]
  0x000001c6d6a21e90 JavaThread "C2 CompilerThread2"         daemon [_thread_in_native, id=1360, stack(0x000000bc4a300000,0x000000bc4a400000) (1024K)]
Total: 55

Other Threads:
  0x000001c6b8af9630 VMThread "VM Thread"                           [id=12724, stack(0x000000bc46000000,0x000000bc46100000) (1024K)]
  0x000001c6b8ae3950 WatcherThread "VM Periodic Task Thread"        [id=25820, stack(0x000000bc45f00000,0x000000bc46000000) (1024K)]
  0x000001c6a26be030 WorkerThread "GC Thread#0"                     [id=24956, stack(0x000000bc45a00000,0x000000bc45b00000) (1024K)]
  0x000001c6d2d46850 WorkerThread "GC Thread#1"                     [id=2940, stack(0x000000bc46900000,0x000000bc46a00000) (1024K)]
  0x000001c6d2d46c00 WorkerThread "GC Thread#2"                     [id=31764, stack(0x000000bc46a00000,0x000000bc46b00000) (1024K)]
  0x000001c6d2469ff0 WorkerThread "GC Thread#3"                     [id=28432, stack(0x000000bc46d00000,0x000000bc46e00000) (1024K)]
  0x000001c6d246a3a0 WorkerThread "GC Thread#4"                     [id=33708, stack(0x000000bc46e00000,0x000000bc46f00000) (1024K)]
  0x000001c6d246a750 WorkerThread "GC Thread#5"                     [id=27780, stack(0x000000bc46f00000,0x000000bc47000000) (1024K)]
  0x000001c6d2b222b0 WorkerThread "GC Thread#6"                     [id=8408, stack(0x000000bc47900000,0x000000bc47a00000) (1024K)]
  0x000001c6d2b22660 WorkerThread "GC Thread#7"                     [id=32976, stack(0x000000bc47a00000,0x000000bc47b00000) (1024K)]
  0x000001c6d2b22a10 WorkerThread "GC Thread#8"                     [id=27176, stack(0x000000bc47b00000,0x000000bc47c00000) (1024K)]
  0x000001c6d2b22dc0 WorkerThread "GC Thread#9"                     [id=38768, stack(0x000000bc47c00000,0x000000bc47d00000) (1024K)]
  0x000001c6d2b21f00 WorkerThread "GC Thread#10"                    [id=29352, stack(0x000000bc47d00000,0x000000bc47e00000) (1024K)]
  0x000001c6d3e00260 WorkerThread "GC Thread#11"                    [id=29996, stack(0x000000bc47e00000,0x000000bc47f00000) (1024K)]
  0x000001c6d3e00d70 WorkerThread "GC Thread#12"                    [id=24916, stack(0x000000bc47f00000,0x000000bc48000000) (1024K)]
  0x000001c6a26c2f30 ConcurrentGCThread "G1 Main Marker"            [id=31636, stack(0x000000bc45b00000,0x000000bc45c00000) (1024K)]
  0x000001c6a26c3950 WorkerThread "G1 Conc#0"                       [id=34708, stack(0x000000bc45c00000,0x000000bc45d00000) (1024K)]
  0x000001c6d3dff3a0 WorkerThread "G1 Conc#1"                       [id=18300, stack(0x000000bc48000000,0x000000bc48100000) (1024K)]
  0x000001c6d3e01fe0 WorkerThread "G1 Conc#2"                       [id=16664, stack(0x000000bc48500000,0x000000bc48600000) (1024K)]
  0x000001c6a274e400 ConcurrentGCThread "G1 Refine#0"               [id=18352, stack(0x000000bc45d00000,0x000000bc45e00000) (1024K)]
  0x000001c6b89ae650 ConcurrentGCThread "G1 Service"                [id=23840, stack(0x000000bc45e00000,0x000000bc45f00000) (1024K)]
Total: 21

Threads with active compile tasks:
C2 CompilerThread0  374354 7353 %     4       org.gradle.internal.instantiation.generator.AbstractClassGenerator::inspectType @ 77 (602 bytes)
C2 CompilerThread1  374359 7365       4       org.gradle.launcher.daemon.context.DefaultDaemonContext$Serializer::read (229 bytes)
C2 CompilerThread2  374368 7444       4       sun.instrument.InstrumentationImpl::transform (73 bytes)
Total: 3

VM state: not at safepoint (normal execution)

VM Mutex/Monitor currently owned by a thread: None

Heap address: 0x00000000e0000000, size: 512 MB, Compressed Oops mode: 32-bit

CDS archive(s) mapped at: [0x000001c6b9000000-0x000001c6b9ba0000-0x000001c6b9ba0000), size 12189696, SharedBaseAddress: 0x000001c6b9000000, ArchiveRelocationMode: 1.
Compressed class space mapped at: 0x000001c6ba000000-0x000001c6ce000000, reserved size: 335544320
Narrow klass base: 0x000001c6b9000000, Narrow klass shift: 0, Narrow klass range: 0x100000000

GC Precious Log:
 CardTable entry size: 512
 Card Set container configuration: InlinePtr #cards 5 size 8 Array Of Cards #cards 12 size 40 Howl #buckets 4 coarsen threshold 1843 Howl Bitmap #cards 512 size 80 coarsen threshold 460 Card regions per heap region 1 cards per card region 2048
 CPUs: 16 total, 16 available
 Memory: 16066M
 Large Page Support: Disabled
 NUMA Support: Disabled
 Compressed Oops: Enabled (32-bit)
 Heap Region Size: 1M
 Heap Min Capacity: 256M
 Heap Initial Capacity: 256M
 Heap Max Capacity: 512M
 Pre-touch: Disabled
 Parallel Workers: 13
 Concurrent Workers: 3
 Concurrent Refinement Workers: 13
 Periodic GC: Disabled

Heap:
 garbage-first heap   total 262144K, used 82209K [0x00000000e0000000, 0x0000000100000000)
  region size 1024K, 62 young (63488K), 18 survivors (18432K)
 Metaspace       used 52441K, committed 54464K, reserved 393216K
  class space    used 7866K, committed 8896K, reserved 327680K

Heap Regions: E=young(eden), S=young(survivor), O=old, HS=humongous(starts), HC=humongous(continues), CS=collection set, F=free, TAMS=top-at-mark-start, PB=parsable bottom
|   0|0x00000000e0000000, 0x00000000e0100000, 0x00000000e0100000|100%|HS|  |TAMS 0x00000000e0000000| PB 0x00000000e0000000| Complete 
|   1|0x00000000e0100000, 0x00000000e0200000, 0x00000000e0200000|100%|HC|  |TAMS 0x00000000e0100000| PB 0x00000000e0100000| Complete 
|   2|0x00000000e0200000, 0x00000000e0300000, 0x00000000e0300000|100%|HC|  |TAMS 0x00000000e0200000| PB 0x00000000e0200000| Complete 
|   3|0x00000000e0300000, 0x00000000e0400000, 0x00000000e0400000|100%|HC|  |TAMS 0x00000000e0300000| PB 0x00000000e0300000| Complete 
|   4|0x00000000e0400000, 0x00000000e0500000, 0x00000000e0500000|100%| O|  |TAMS 0x00000000e0400000| PB 0x00000000e0400000| Untracked 
|   5|0x00000000e0500000, 0x00000000e0600000, 0x00000000e0600000|100%| O|  |TAMS 0x00000000e0500000| PB 0x00000000e0500000| Untracked 
|   6|0x00000000e0600000, 0x00000000e0700000, 0x00000000e0700000|100%| O|  |TAMS 0x00000000e0600000| PB 0x00000000e0600000| Untracked 
|   7|0x00000000e0700000, 0x00000000e0800000, 0x00000000e0800000|100%| O|  |TAMS 0x00000000e0700000| PB 0x00000000e0700000| Untracked 
|   8|0x00000000e0800000, 0x00000000e0900000, 0x00000000e0900000|100%|HS|  |TAMS 0x00000000e0800000| PB 0x00000000e0800000| Complete 
|   9|0x00000000e0900000, 0x00000000e0a00000, 0x00000000e0a00000|100%| O|  |TAMS 0x00000000e0900000| PB 0x00000000e0900000| Untracked 
|  10|0x00000000e0a00000, 0x00000000e0b00000, 0x00000000e0b00000|100%| O|  |TAMS 0x00000000e0a00000| PB 0x00000000e0a00000| Untracked 
|  11|0x00000000e0b00000, 0x00000000e0c00000, 0x00000000e0c00000|100%| O|  |TAMS 0x00000000e0b00000| PB 0x00000000e0b00000| Untracked 
|  12|0x00000000e0c00000, 0x00000000e0c00000, 0x00000000e0d00000|  0%| F|  |TAMS 0x00000000e0c00000| PB 0x00000000e0c00000| Untracked 
|  13|0x00000000e0d00000, 0x00000000e0dc9388, 0x00000000e0e00000| 78%| O|  |TAMS 0x00000000e0d00000| PB 0x00000000e0d00000| Untracked 
|  14|0x00000000e0e00000, 0x00000000e0e00000, 0x00000000e0f00000|  0%| F|  |TAMS 0x00000000e0e00000| PB 0x00000000e0e00000| Untracked 
|  15|0x00000000e0f00000, 0x00000000e1000000, 0x00000000e1000000|100%| O|  |TAMS 0x00000000e0f00000| PB 0x00000000e0f00000| Untracked 
|  16|0x00000000e1000000, 0x00000000e1100000, 0x00000000e1100000|100%| O|  |TAMS 0x00000000e1000000| PB 0x00000000e1000000| Untracked 
|  17|0x00000000e1100000, 0x00000000e1200000, 0x00000000e1200000|100%| O|  |TAMS 0x00000000e1100000| PB 0x00000000e1100000| Untracked 
|  18|0x00000000e1200000, 0x00000000e1300000, 0x00000000e1300000|100%| O|  |TAMS 0x00000000e1200000| PB 0x00000000e1200000| Untracked 
|  19|0x00000000e1300000, 0x00000000e1400000, 0x00000000e1400000|100%| O|  |TAMS 0x00000000e1300000| PB 0x00000000e1300000| Untracked 
|  20|0x00000000e1400000, 0x00000000e1500000, 0x00000000e1500000|100%| O|  |TAMS 0x00000000e1400000| PB 0x00000000e1400000| Untracked 
|  21|0x00000000e1500000, 0x00000000e1600000, 0x00000000e1600000|100%| O|  |TAMS 0x00000000e1500000| PB 0x00000000e1500000| Untracked 
|  22|0x00000000e1600000, 0x00000000e1700000, 0x00000000e1700000|100%| O|Cm|TAMS 0x00000000e1600000| PB 0x00000000e1600000| Complete 
|  23|0x00000000e1700000, 0x00000000e1700000, 0x00000000e1800000|  0%| F|  |TAMS 0x00000000e1700000| PB 0x00000000e1700000| Untracked 
|  24|0x00000000e1800000, 0x00000000e1800000, 0x00000000e1900000|  0%| F|  |TAMS 0x00000000e1800000| PB 0x00000000e1800000| Untracked 
|  25|0x00000000e1900000, 0x00000000e1900000, 0x00000000e1a00000|  0%| F|  |TAMS 0x00000000e1900000| PB 0x00000000e1900000| Untracked 
|  26|0x00000000e1a00000, 0x00000000e1a00000, 0x00000000e1b00000|  0%| F|  |TAMS 0x00000000e1a00000| PB 0x00000000e1a00000| Untracked 
|  27|0x00000000e1b00000, 0x00000000e1b00000, 0x00000000e1c00000|  0%| F|  |TAMS 0x00000000e1b00000| PB 0x00000000e1b00000| Untracked 
|  28|0x00000000e1c00000, 0x00000000e1c00000, 0x00000000e1d00000|  0%| F|  |TAMS 0x00000000e1c00000| PB 0x00000000e1c00000| Untracked 
|  29|0x00000000e1d00000, 0x00000000e1d00000, 0x00000000e1e00000|  0%| F|  |TAMS 0x00000000e1d00000| PB 0x00000000e1d00000| Untracked 
|  30|0x00000000e1e00000, 0x00000000e1e00000, 0x00000000e1f00000|  0%| F|  |TAMS 0x00000000e1e00000| PB 0x00000000e1e00000| Untracked 
|  31|0x00000000e1f00000, 0x00000000e1f00000, 0x00000000e2000000|  0%| F|  |TAMS 0x00000000e1f00000| PB 0x00000000e1f00000| Untracked 
|  32|0x00000000e2000000, 0x00000000e2000000, 0x00000000e2100000|  0%| F|  |TAMS 0x00000000e2000000| PB 0x00000000e2000000| Untracked 
|  33|0x00000000e2100000, 0x00000000e2100000, 0x00000000e2200000|  0%| F|  |TAMS 0x00000000e2100000| PB 0x00000000e2100000| Untracked 
|  34|0x00000000e2200000, 0x00000000e2200000, 0x00000000e2300000|  0%| F|  |TAMS 0x00000000e2200000| PB 0x00000000e2200000| Untracked 
|  35|0x00000000e2300000, 0x00000000e2300000, 0x00000000e2400000|  0%| F|  |TAMS 0x00000000e2300000| PB 0x00000000e2300000| Untracked 
|  36|0x00000000e2400000, 0x00000000e2400000, 0x00000000e2500000|  0%| F|  |TAMS 0x00000000e2400000| PB 0x00000000e2400000| Untracked 
|  37|0x00000000e2500000, 0x00000000e2500000, 0x00000000e2600000|  0%| F|  |TAMS 0x00000000e2500000| PB 0x00000000e2500000| Untracked 
|  38|0x00000000e2600000, 0x00000000e2600000, 0x00000000e2700000|  0%| F|  |TAMS 0x00000000e2600000| PB 0x00000000e2600000| Untracked 
|  39|0x00000000e2700000, 0x00000000e2700000, 0x00000000e2800000|  0%| F|  |TAMS 0x00000000e2700000| PB 0x00000000e2700000| Untracked 
|  40|0x00000000e2800000, 0x00000000e2800000, 0x00000000e2900000|  0%| F|  |TAMS 0x00000000e2800000| PB 0x00000000e2800000| Untracked 
|  41|0x00000000e2900000, 0x00000000e2900000, 0x00000000e2a00000|  0%| F|  |TAMS 0x00000000e2900000| PB 0x00000000e2900000| Untracked 
|  42|0x00000000e2a00000, 0x00000000e2a00000, 0x00000000e2b00000|  0%| F|  |TAMS 0x00000000e2a00000| PB 0x00000000e2a00000| Untracked 
|  43|0x00000000e2b00000, 0x00000000e2b00000, 0x00000000e2c00000|  0%| F|  |TAMS 0x00000000e2b00000| PB 0x00000000e2b00000| Untracked 
|  44|0x00000000e2c00000, 0x00000000e2c00000, 0x00000000e2d00000|  0%| F|  |TAMS 0x00000000e2c00000| PB 0x00000000e2c00000| Untracked 
|  45|0x00000000e2d00000, 0x00000000e2d00000, 0x00000000e2e00000|  0%| F|  |TAMS 0x00000000e2d00000| PB 0x00000000e2d00000| Untracked 
|  46|0x00000000e2e00000, 0x00000000e2e00000, 0x00000000e2f00000|  0%| F|  |TAMS 0x00000000e2e00000| PB 0x00000000e2e00000| Untracked 
|  47|0x00000000e2f00000, 0x00000000e2f00000, 0x00000000e3000000|  0%| F|  |TAMS 0x00000000e2f00000| PB 0x00000000e2f00000| Untracked 
|  48|0x00000000e3000000, 0x00000000e3000000, 0x00000000e3100000|  0%| F|  |TAMS 0x00000000e3000000| PB 0x00000000e3000000| Untracked 
|  49|0x00000000e3100000, 0x00000000e3100000, 0x00000000e3200000|  0%| F|  |TAMS 0x00000000e3100000| PB 0x00000000e3100000| Untracked 
|  50|0x00000000e3200000, 0x00000000e3200000, 0x00000000e3300000|  0%| F|  |TAMS 0x00000000e3200000| PB 0x00000000e3200000| Untracked 
|  51|0x00000000e3300000, 0x00000000e3300000, 0x00000000e3400000|  0%| F|  |TAMS 0x00000000e3300000| PB 0x00000000e3300000| Untracked 
|  52|0x00000000e3400000, 0x00000000e3400000, 0x00000000e3500000|  0%| F|  |TAMS 0x00000000e3400000| PB 0x00000000e3400000| Untracked 
|  53|0x00000000e3500000, 0x00000000e3500000, 0x00000000e3600000|  0%| F|  |TAMS 0x00000000e3500000| PB 0x00000000e3500000| Untracked 
|  54|0x00000000e3600000, 0x00000000e3600000, 0x00000000e3700000|  0%| F|  |TAMS 0x00000000e3600000| PB 0x00000000e3600000| Untracked 
|  55|0x00000000e3700000, 0x00000000e3700000, 0x00000000e3800000|  0%| F|  |TAMS 0x00000000e3700000| PB 0x00000000e3700000| Untracked 
|  56|0x00000000e3800000, 0x00000000e3800000, 0x00000000e3900000|  0%| F|  |TAMS 0x00000000e3800000| PB 0x00000000e3800000| Untracked 
|  57|0x00000000e3900000, 0x00000000e3900000, 0x00000000e3a00000|  0%| F|  |TAMS 0x00000000e3900000| PB 0x00000000e3900000| Untracked 
|  58|0x00000000e3a00000, 0x00000000e3a00000, 0x00000000e3b00000|  0%| F|  |TAMS 0x00000000e3a00000| PB 0x00000000e3a00000| Untracked 
|  59|0x00000000e3b00000, 0x00000000e3b00000, 0x00000000e3c00000|  0%| F|  |TAMS 0x00000000e3b00000| PB 0x00000000e3b00000| Untracked 
|  60|0x00000000e3c00000, 0x00000000e3c00000, 0x00000000e3d00000|  0%| F|  |TAMS 0x00000000e3c00000| PB 0x00000000e3c00000| Untracked 
|  61|0x00000000e3d00000, 0x00000000e3d00000, 0x00000000e3e00000|  0%| F|  |TAMS 0x00000000e3d00000| PB 0x00000000e3d00000| Untracked 
|  62|0x00000000e3e00000, 0x00000000e3e00000, 0x00000000e3f00000|  0%| F|  |TAMS 0x00000000e3e00000| PB 0x00000000e3e00000| Untracked 
|  63|0x00000000e3f00000, 0x00000000e3f00000, 0x00000000e4000000|  0%| F|  |TAMS 0x00000000e3f00000| PB 0x00000000e3f00000| Untracked 
|  64|0x00000000e4000000, 0x00000000e4000000, 0x00000000e4100000|  0%| F|  |TAMS 0x00000000e4000000| PB 0x00000000e4000000| Untracked 
|  65|0x00000000e4100000, 0x00000000e4100000, 0x00000000e4200000|  0%| F|  |TAMS 0x00000000e4100000| PB 0x00000000e4100000| Untracked 
|  66|0x00000000e4200000, 0x00000000e4200000, 0x00000000e4300000|  0%| F|  |TAMS 0x00000000e4200000| PB 0x00000000e4200000| Untracked 
|  67|0x00000000e4300000, 0x00000000e4300000, 0x00000000e4400000|  0%| F|  |TAMS 0x00000000e4300000| PB 0x00000000e4300000| Untracked 
|  68|0x00000000e4400000, 0x00000000e4400000, 0x00000000e4500000|  0%| F|  |TAMS 0x00000000e4400000| PB 0x00000000e4400000| Untracked 
|  69|0x00000000e4500000, 0x00000000e4500000, 0x00000000e4600000|  0%| F|  |TAMS 0x00000000e4500000| PB 0x00000000e4500000| Untracked 
|  70|0x00000000e4600000, 0x00000000e4600000, 0x00000000e4700000|  0%| F|  |TAMS 0x00000000e4600000| PB 0x00000000e4600000| Untracked 
|  71|0x00000000e4700000, 0x00000000e4700000, 0x00000000e4800000|  0%| F|  |TAMS 0x00000000e4700000| PB 0x00000000e4700000| Untracked 
|  72|0x00000000e4800000, 0x00000000e4800000, 0x00000000e4900000|  0%| F|  |TAMS 0x00000000e4800000| PB 0x00000000e4800000| Untracked 
|  73|0x00000000e4900000, 0x00000000e4900000, 0x00000000e4a00000|  0%| F|  |TAMS 0x00000000e4900000| PB 0x00000000e4900000| Untracked 
|  74|0x00000000e4a00000, 0x00000000e4a00000, 0x00000000e4b00000|  0%| F|  |TAMS 0x00000000e4a00000| PB 0x00000000e4a00000| Untracked 
|  75|0x00000000e4b00000, 0x00000000e4b00000, 0x00000000e4c00000|  0%| F|  |TAMS 0x00000000e4b00000| PB 0x00000000e4b00000| Untracked 
|  76|0x00000000e4c00000, 0x00000000e4c00000, 0x00000000e4d00000|  0%| F|  |TAMS 0x00000000e4c00000| PB 0x00000000e4c00000| Untracked 
|  77|0x00000000e4d00000, 0x00000000e4d00000, 0x00000000e4e00000|  0%| F|  |TAMS 0x00000000e4d00000| PB 0x00000000e4d00000| Untracked 
|  78|0x00000000e4e00000, 0x00000000e4e00000, 0x00000000e4f00000|  0%| F|  |TAMS 0x00000000e4e00000| PB 0x00000000e4e00000| Untracked 
|  79|0x00000000e4f00000, 0x00000000e4f00000, 0x00000000e5000000|  0%| F|  |TAMS 0x00000000e4f00000| PB 0x00000000e4f00000| Untracked 
|  80|0x00000000e5000000, 0x00000000e5000000, 0x00000000e5100000|  0%| F|  |TAMS 0x00000000e5000000| PB 0x00000000e5000000| Untracked 
|  81|0x00000000e5100000, 0x00000000e5100000, 0x00000000e5200000|  0%| F|  |TAMS 0x00000000e5100000| PB 0x00000000e5100000| Untracked 
|  82|0x00000000e5200000, 0x00000000e5200000, 0x00000000e5300000|  0%| F|  |TAMS 0x00000000e5200000| PB 0x00000000e5200000| Untracked 
|  83|0x00000000e5300000, 0x00000000e5300000, 0x00000000e5400000|  0%| F|  |TAMS 0x00000000e5300000| PB 0x00000000e5300000| Untracked 
|  84|0x00000000e5400000, 0x00000000e5400000, 0x00000000e5500000|  0%| F|  |TAMS 0x00000000e5400000| PB 0x00000000e5400000| Untracked 
|  85|0x00000000e5500000, 0x00000000e557f2e0, 0x00000000e5600000| 49%| S|CS|TAMS 0x00000000e5500000| PB 0x00000000e5500000| Complete 
|  86|0x00000000e5600000, 0x00000000e5700000, 0x00000000e5700000|100%| S|CS|TAMS 0x00000000e5600000| PB 0x00000000e5600000| Complete 
|  87|0x00000000e5700000, 0x00000000e5800000, 0x00000000e5800000|100%| S|CS|TAMS 0x00000000e5700000| PB 0x00000000e5700000| Complete 
|  88|0x00000000e5800000, 0x00000000e5900000, 0x00000000e5900000|100%| S|CS|TAMS 0x00000000e5800000| PB 0x00000000e5800000| Complete 
|  89|0x00000000e5900000, 0x00000000e5a00000, 0x00000000e5a00000|100%| S|CS|TAMS 0x00000000e5900000| PB 0x00000000e5900000| Complete 
|  90|0x00000000e5a00000, 0x00000000e5b00000, 0x00000000e5b00000|100%| S|CS|TAMS 0x00000000e5a00000| PB 0x00000000e5a00000| Complete 
|  91|0x00000000e5b00000, 0x00000000e5c00000, 0x00000000e5c00000|100%| S|CS|TAMS 0x00000000e5b00000| PB 0x00000000e5b00000| Complete 
|  92|0x00000000e5c00000, 0x00000000e5d00000, 0x00000000e5d00000|100%| S|CS|TAMS 0x00000000e5c00000| PB 0x00000000e5c00000| Complete 
|  93|0x00000000e5d00000, 0x00000000e5e00000, 0x00000000e5e00000|100%| S|CS|TAMS 0x00000000e5d00000| PB 0x00000000e5d00000| Complete 
|  94|0x00000000e5e00000, 0x00000000e5f00000, 0x00000000e5f00000|100%| S|CS|TAMS 0x00000000e5e00000| PB 0x00000000e5e00000| Complete 
|  95|0x00000000e5f00000, 0x00000000e6000000, 0x00000000e6000000|100%| S|CS|TAMS 0x00000000e5f00000| PB 0x00000000e5f00000| Complete 
|  96|0x00000000e6000000, 0x00000000e6100000, 0x00000000e6100000|100%| S|CS|TAMS 0x00000000e6000000| PB 0x00000000e6000000| Complete 
|  97|0x00000000e6100000, 0x00000000e6200000, 0x00000000e6200000|100%| S|CS|TAMS 0x00000000e6100000| PB 0x00000000e6100000| Complete 
|  98|0x00000000e6200000, 0x00000000e6300000, 0x00000000e6300000|100%| S|CS|TAMS 0x00000000e6200000| PB 0x00000000e6200000| Complete 
|  99|0x00000000e6300000, 0x00000000e6400000, 0x00000000e6400000|100%| S|CS|TAMS 0x00000000e6300000| PB 0x00000000e6300000| Complete 
| 100|0x00000000e6400000, 0x00000000e6500000, 0x00000000e6500000|100%| S|CS|TAMS 0x00000000e6400000| PB 0x00000000e6400000| Complete 
| 101|0x00000000e6500000, 0x00000000e6600000, 0x00000000e6600000|100%| S|CS|TAMS 0x00000000e6500000| PB 0x00000000e6500000| Complete 
| 102|0x00000000e6600000, 0x00000000e6700000, 0x00000000e6700000|100%| S|CS|TAMS 0x00000000e6600000| PB 0x00000000e6600000| Complete 
| 103|0x00000000e6700000, 0x00000000e6700000, 0x00000000e6800000|  0%| F|  |TAMS 0x00000000e6700000| PB 0x00000000e6700000| Untracked 
| 104|0x00000000e6800000, 0x00000000e6800000, 0x00000000e6900000|  0%| F|  |TAMS 0x00000000e6800000| PB 0x00000000e6800000| Untracked 
| 105|0x00000000e6900000, 0x00000000e6900000, 0x00000000e6a00000|  0%| F|  |TAMS 0x00000000e6900000| PB 0x00000000e6900000| Untracked 
| 106|0x00000000e6a00000, 0x00000000e6a00000, 0x00000000e6b00000|  0%| F|  |TAMS 0x00000000e6a00000| PB 0x00000000e6a00000| Untracked 
| 107|0x00000000e6b00000, 0x00000000e6b00000, 0x00000000e6c00000|  0%| F|  |TAMS 0x00000000e6b00000| PB 0x00000000e6b00000| Untracked 
| 108|0x00000000e6c00000, 0x00000000e6c00000, 0x00000000e6d00000|  0%| F|  |TAMS 0x00000000e6c00000| PB 0x00000000e6c00000| Untracked 
| 109|0x00000000e6d00000, 0x00000000e6d00000, 0x00000000e6e00000|  0%| F|  |TAMS 0x00000000e6d00000| PB 0x00000000e6d00000| Untracked 
| 110|0x00000000e6e00000, 0x00000000e6e00000, 0x00000000e6f00000|  0%| F|  |TAMS 0x00000000e6e00000| PB 0x00000000e6e00000| Untracked 
| 111|0x00000000e6f00000, 0x00000000e6f00000, 0x00000000e7000000|  0%| F|  |TAMS 0x00000000e6f00000| PB 0x00000000e6f00000| Untracked 
| 112|0x00000000e7000000, 0x00000000e7000000, 0x00000000e7100000|  0%| F|  |TAMS 0x00000000e7000000| PB 0x00000000e7000000| Untracked 
| 113|0x00000000e7100000, 0x00000000e7100000, 0x00000000e7200000|  0%| F|  |TAMS 0x00000000e7100000| PB 0x00000000e7100000| Untracked 
| 114|0x00000000e7200000, 0x00000000e7200000, 0x00000000e7300000|  0%| F|  |TAMS 0x00000000e7200000| PB 0x00000000e7200000| Untracked 
| 115|0x00000000e7300000, 0x00000000e7300000, 0x00000000e7400000|  0%| F|  |TAMS 0x00000000e7300000| PB 0x00000000e7300000| Untracked 
| 116|0x00000000e7400000, 0x00000000e7400000, 0x00000000e7500000|  0%| F|  |TAMS 0x00000000e7400000| PB 0x00000000e7400000| Untracked 
| 117|0x00000000e7500000, 0x00000000e7500000, 0x00000000e7600000|  0%| F|  |TAMS 0x00000000e7500000| PB 0x00000000e7500000| Untracked 
| 118|0x00000000e7600000, 0x00000000e7600000, 0x00000000e7700000|  0%| F|  |TAMS 0x00000000e7600000| PB 0x00000000e7600000| Untracked 
| 119|0x00000000e7700000, 0x00000000e7700000, 0x00000000e7800000|  0%| F|  |TAMS 0x00000000e7700000| PB 0x00000000e7700000| Untracked 
| 120|0x00000000e7800000, 0x00000000e7800000, 0x00000000e7900000|  0%| F|  |TAMS 0x00000000e7800000| PB 0x00000000e7800000| Untracked 
| 121|0x00000000e7900000, 0x00000000e7900000, 0x00000000e7a00000|  0%| F|  |TAMS 0x00000000e7900000| PB 0x00000000e7900000| Untracked 
| 122|0x00000000e7a00000, 0x00000000e7a00000, 0x00000000e7b00000|  0%| F|  |TAMS 0x00000000e7a00000| PB 0x00000000e7a00000| Untracked 
| 123|0x00000000e7b00000, 0x00000000e7b00000, 0x00000000e7c00000|  0%| F|  |TAMS 0x00000000e7b00000| PB 0x00000000e7b00000| Untracked 
| 124|0x00000000e7c00000, 0x00000000e7c00000, 0x00000000e7d00000|  0%| F|  |TAMS 0x00000000e7c00000| PB 0x00000000e7c00000| Untracked 
| 125|0x00000000e7d00000, 0x00000000e7d00000, 0x00000000e7e00000|  0%| F|  |TAMS 0x00000000e7d00000| PB 0x00000000e7d00000| Untracked 
| 126|0x00000000e7e00000, 0x00000000e7e00000, 0x00000000e7f00000|  0%| F|  |TAMS 0x00000000e7e00000| PB 0x00000000e7e00000| Untracked 
| 127|0x00000000e7f00000, 0x00000000e7f00000, 0x00000000e8000000|  0%| F|  |TAMS 0x00000000e7f00000| PB 0x00000000e7f00000| Untracked 
| 128|0x00000000e8000000, 0x00000000e8000000, 0x00000000e8100000|  0%| F|  |TAMS 0x00000000e8000000| PB 0x00000000e8000000| Untracked 
| 129|0x00000000e8100000, 0x00000000e8100000, 0x00000000e8200000|  0%| F|  |TAMS 0x00000000e8100000| PB 0x00000000e8100000| Untracked 
| 130|0x00000000e8200000, 0x00000000e8200000, 0x00000000e8300000|  0%| F|  |TAMS 0x00000000e8200000| PB 0x00000000e8200000| Untracked 
| 131|0x00000000e8300000, 0x00000000e8300000, 0x00000000e8400000|  0%| F|  |TAMS 0x00000000e8300000| PB 0x00000000e8300000| Untracked 
| 132|0x00000000e8400000, 0x00000000e8400000, 0x00000000e8500000|  0%| F|  |TAMS 0x00000000e8400000| PB 0x00000000e8400000| Untracked 
| 133|0x00000000e8500000, 0x00000000e8500000, 0x00000000e8600000|  0%| F|  |TAMS 0x00000000e8500000| PB 0x00000000e8500000| Untracked 
| 134|0x00000000e8600000, 0x00000000e8600000, 0x00000000e8700000|  0%| F|  |TAMS 0x00000000e8600000| PB 0x00000000e8600000| Untracked 
| 135|0x00000000e8700000, 0x00000000e8700000, 0x00000000e8800000|  0%| F|  |TAMS 0x00000000e8700000| PB 0x00000000e8700000| Untracked 
| 136|0x00000000e8800000, 0x00000000e8800000, 0x00000000e8900000|  0%| F|  |TAMS 0x00000000e8800000| PB 0x00000000e8800000| Untracked 
| 137|0x00000000e8900000, 0x00000000e8900000, 0x00000000e8a00000|  0%| F|  |TAMS 0x00000000e8900000| PB 0x00000000e8900000| Untracked 
| 138|0x00000000e8a00000, 0x00000000e8a00000, 0x00000000e8b00000|  0%| F|  |TAMS 0x00000000e8a00000| PB 0x00000000e8a00000| Untracked 
| 139|0x00000000e8b00000, 0x00000000e8b00000, 0x00000000e8c00000|  0%| F|  |TAMS 0x00000000e8b00000| PB 0x00000000e8b00000| Untracked 
| 140|0x00000000e8c00000, 0x00000000e8c00000, 0x00000000e8d00000|  0%| F|  |TAMS 0x00000000e8c00000| PB 0x00000000e8c00000| Untracked 
| 141|0x00000000e8d00000, 0x00000000e8d00000, 0x00000000e8e00000|  0%| F|  |TAMS 0x00000000e8d00000| PB 0x00000000e8d00000| Untracked 
| 142|0x00000000e8e00000, 0x00000000e8e00000, 0x00000000e8f00000|  0%| F|  |TAMS 0x00000000e8e00000| PB 0x00000000e8e00000| Untracked 
| 143|0x00000000e8f00000, 0x00000000e8f00000, 0x00000000e9000000|  0%| F|  |TAMS 0x00000000e8f00000| PB 0x00000000e8f00000| Untracked 
| 144|0x00000000e9000000, 0x00000000e9000000, 0x00000000e9100000|  0%| F|  |TAMS 0x00000000e9000000| PB 0x00000000e9000000| Untracked 
| 145|0x00000000e9100000, 0x00000000e9100000, 0x00000000e9200000|  0%| F|  |TAMS 0x00000000e9100000| PB 0x00000000e9100000| Untracked 
| 146|0x00000000e9200000, 0x00000000e9200000, 0x00000000e9300000|  0%| F|  |TAMS 0x00000000e9200000| PB 0x00000000e9200000| Untracked 
| 147|0x00000000e9300000, 0x00000000e9300000, 0x00000000e9400000|  0%| F|  |TAMS 0x00000000e9300000| PB 0x00000000e9300000| Untracked 
| 148|0x00000000e9400000, 0x00000000e9400000, 0x00000000e9500000|  0%| F|  |TAMS 0x00000000e9400000| PB 0x00000000e9400000| Untracked 
| 149|0x00000000e9500000, 0x00000000e9500000, 0x00000000e9600000|  0%| F|  |TAMS 0x00000000e9500000| PB 0x00000000e9500000| Untracked 
| 150|0x00000000e9600000, 0x00000000e9600000, 0x00000000e9700000|  0%| F|  |TAMS 0x00000000e9600000| PB 0x00000000e9600000| Untracked 
| 151|0x00000000e9700000, 0x00000000e9700000, 0x00000000e9800000|  0%| F|  |TAMS 0x00000000e9700000| PB 0x00000000e9700000| Untracked 
| 152|0x00000000e9800000, 0x00000000e9800000, 0x00000000e9900000|  0%| F|  |TAMS 0x00000000e9800000| PB 0x00000000e9800000| Untracked 
| 153|0x00000000e9900000, 0x00000000e9900000, 0x00000000e9a00000|  0%| F|  |TAMS 0x00000000e9900000| PB 0x00000000e9900000| Untracked 
| 154|0x00000000e9a00000, 0x00000000e9a00000, 0x00000000e9b00000|  0%| F|  |TAMS 0x00000000e9a00000| PB 0x00000000e9a00000| Untracked 
| 155|0x00000000e9b00000, 0x00000000e9b00000, 0x00000000e9c00000|  0%| F|  |TAMS 0x00000000e9b00000| PB 0x00000000e9b00000| Untracked 
| 156|0x00000000e9c00000, 0x00000000e9c00000, 0x00000000e9d00000|  0%| F|  |TAMS 0x00000000e9c00000| PB 0x00000000e9c00000| Untracked 
| 157|0x00000000e9d00000, 0x00000000e9d00000, 0x00000000e9e00000|  0%| F|  |TAMS 0x00000000e9d00000| PB 0x00000000e9d00000| Untracked 
| 158|0x00000000e9e00000, 0x00000000e9e00000, 0x00000000e9f00000|  0%| F|  |TAMS 0x00000000e9e00000| PB 0x00000000e9e00000| Untracked 
| 159|0x00000000e9f00000, 0x00000000e9f00000, 0x00000000ea000000|  0%| F|  |TAMS 0x00000000e9f00000| PB 0x00000000e9f00000| Untracked 
| 160|0x00000000ea000000, 0x00000000ea000000, 0x00000000ea100000|  0%| F|  |TAMS 0x00000000ea000000| PB 0x00000000ea000000| Untracked 
| 161|0x00000000ea100000, 0x00000000ea100000, 0x00000000ea200000|  0%| F|  |TAMS 0x00000000ea100000| PB 0x00000000ea100000| Untracked 
| 162|0x00000000ea200000, 0x00000000ea200000, 0x00000000ea300000|  0%| F|  |TAMS 0x00000000ea200000| PB 0x00000000ea200000| Untracked 
| 163|0x00000000ea300000, 0x00000000ea300000, 0x00000000ea400000|  0%| F|  |TAMS 0x00000000ea300000| PB 0x00000000ea300000| Untracked 
| 164|0x00000000ea400000, 0x00000000ea400000, 0x00000000ea500000|  0%| F|  |TAMS 0x00000000ea400000| PB 0x00000000ea400000| Untracked 
| 165|0x00000000ea500000, 0x00000000ea500000, 0x00000000ea600000|  0%| F|  |TAMS 0x00000000ea500000| PB 0x00000000ea500000| Untracked 
| 166|0x00000000ea600000, 0x00000000ea600000, 0x00000000ea700000|  0%| F|  |TAMS 0x00000000ea600000| PB 0x00000000ea600000| Untracked 
| 167|0x00000000ea700000, 0x00000000ea700000, 0x00000000ea800000|  0%| F|  |TAMS 0x00000000ea700000| PB 0x00000000ea700000| Untracked 
| 168|0x00000000ea800000, 0x00000000ea800000, 0x00000000ea900000|  0%| F|  |TAMS 0x00000000ea800000| PB 0x00000000ea800000| Untracked 
| 169|0x00000000ea900000, 0x00000000ea900000, 0x00000000eaa00000|  0%| F|  |TAMS 0x00000000ea900000| PB 0x00000000ea900000| Untracked 
| 170|0x00000000eaa00000, 0x00000000eaa00000, 0x00000000eab00000|  0%| F|  |TAMS 0x00000000eaa00000| PB 0x00000000eaa00000| Untracked 
| 171|0x00000000eab00000, 0x00000000eab00000, 0x00000000eac00000|  0%| F|  |TAMS 0x00000000eab00000| PB 0x00000000eab00000| Untracked 
| 172|0x00000000eac00000, 0x00000000eac00000, 0x00000000ead00000|  0%| F|  |TAMS 0x00000000eac00000| PB 0x00000000eac00000| Untracked 
| 173|0x00000000ead00000, 0x00000000ead00000, 0x00000000eae00000|  0%| F|  |TAMS 0x00000000ead00000| PB 0x00000000ead00000| Untracked 
| 174|0x00000000eae00000, 0x00000000eae00000, 0x00000000eaf00000|  0%| F|  |TAMS 0x00000000eae00000| PB 0x00000000eae00000| Untracked 
| 175|0x00000000eaf00000, 0x00000000eaf00000, 0x00000000eb000000|  0%| F|  |TAMS 0x00000000eaf00000| PB 0x00000000eaf00000| Untracked 
| 176|0x00000000eb000000, 0x00000000eb000000, 0x00000000eb100000|  0%| F|  |TAMS 0x00000000eb000000| PB 0x00000000eb000000| Untracked 
| 177|0x00000000eb100000, 0x00000000eb100000, 0x00000000eb200000|  0%| F|  |TAMS 0x00000000eb100000| PB 0x00000000eb100000| Untracked 
| 178|0x00000000eb200000, 0x00000000eb200000, 0x00000000eb300000|  0%| F|  |TAMS 0x00000000eb200000| PB 0x00000000eb200000| Untracked 
| 179|0x00000000eb300000, 0x00000000eb300000, 0x00000000eb400000|  0%| F|  |TAMS 0x00000000eb300000| PB 0x00000000eb300000| Untracked 
| 180|0x00000000eb400000, 0x00000000eb400000, 0x00000000eb500000|  0%| F|  |TAMS 0x00000000eb400000| PB 0x00000000eb400000| Untracked 
| 181|0x00000000eb500000, 0x00000000eb500000, 0x00000000eb600000|  0%| F|  |TAMS 0x00000000eb500000| PB 0x00000000eb500000| Untracked 
| 182|0x00000000eb600000, 0x00000000eb600000, 0x00000000eb700000|  0%| F|  |TAMS 0x00000000eb600000| PB 0x00000000eb600000| Untracked 
| 183|0x00000000eb700000, 0x00000000eb700000, 0x00000000eb800000|  0%| F|  |TAMS 0x00000000eb700000| PB 0x00000000eb700000| Untracked 
| 184|0x00000000eb800000, 0x00000000eb800000, 0x00000000eb900000|  0%| F|  |TAMS 0x00000000eb800000| PB 0x00000000eb800000| Untracked 
| 185|0x00000000eb900000, 0x00000000eb900000, 0x00000000eba00000|  0%| F|  |TAMS 0x00000000eb900000| PB 0x00000000eb900000| Untracked 
| 186|0x00000000eba00000, 0x00000000eba00000, 0x00000000ebb00000|  0%| F|  |TAMS 0x00000000eba00000| PB 0x00000000eba00000| Untracked 
| 187|0x00000000ebb00000, 0x00000000ebb00000, 0x00000000ebc00000|  0%| F|  |TAMS 0x00000000ebb00000| PB 0x00000000ebb00000| Untracked 
| 188|0x00000000ebc00000, 0x00000000ebc00000, 0x00000000ebd00000|  0%| F|  |TAMS 0x00000000ebc00000| PB 0x00000000ebc00000| Untracked 
| 189|0x00000000ebd00000, 0x00000000ebd00000, 0x00000000ebe00000|  0%| F|  |TAMS 0x00000000ebd00000| PB 0x00000000ebd00000| Untracked 
| 190|0x00000000ebe00000, 0x00000000ebe00000, 0x00000000ebf00000|  0%| F|  |TAMS 0x00000000ebe00000| PB 0x00000000ebe00000| Untracked 
| 191|0x00000000ebf00000, 0x00000000ebf00000, 0x00000000ec000000|  0%| F|  |TAMS 0x00000000ebf00000| PB 0x00000000ebf00000| Untracked 
| 192|0x00000000ec000000, 0x00000000ec000000, 0x00000000ec100000|  0%| F|  |TAMS 0x00000000ec000000| PB 0x00000000ec000000| Untracked 
| 193|0x00000000ec100000, 0x00000000ec100000, 0x00000000ec200000|  0%| F|  |TAMS 0x00000000ec100000| PB 0x00000000ec100000| Untracked 
| 194|0x00000000ec200000, 0x00000000ec200000, 0x00000000ec300000|  0%| F|  |TAMS 0x00000000ec200000| PB 0x00000000ec200000| Untracked 
| 195|0x00000000ec300000, 0x00000000ec300000, 0x00000000ec400000|  0%| F|  |TAMS 0x00000000ec300000| PB 0x00000000ec300000| Untracked 
| 196|0x00000000ec400000, 0x00000000ec400000, 0x00000000ec500000|  0%| F|  |TAMS 0x00000000ec400000| PB 0x00000000ec400000| Untracked 
| 197|0x00000000ec500000, 0x00000000ec500000, 0x00000000ec600000|  0%| F|  |TAMS 0x00000000ec500000| PB 0x00000000ec500000| Untracked 
| 198|0x00000000ec600000, 0x00000000ec600000, 0x00000000ec700000|  0%| F|  |TAMS 0x00000000ec600000| PB 0x00000000ec600000| Untracked 
| 199|0x00000000ec700000, 0x00000000ec700000, 0x00000000ec800000|  0%| F|  |TAMS 0x00000000ec700000| PB 0x00000000ec700000| Untracked 
| 200|0x00000000ec800000, 0x00000000ec800000, 0x00000000ec900000|  0%| F|  |TAMS 0x00000000ec800000| PB 0x00000000ec800000| Untracked 
| 201|0x00000000ec900000, 0x00000000ec900000, 0x00000000eca00000|  0%| F|  |TAMS 0x00000000ec900000| PB 0x00000000ec900000| Untracked 
| 202|0x00000000eca00000, 0x00000000eca00000, 0x00000000ecb00000|  0%| F|  |TAMS 0x00000000eca00000| PB 0x00000000eca00000| Untracked 
| 203|0x00000000ecb00000, 0x00000000ecb00000, 0x00000000ecc00000|  0%| F|  |TAMS 0x00000000ecb00000| PB 0x00000000ecb00000| Untracked 
| 204|0x00000000ecc00000, 0x00000000ecc00000, 0x00000000ecd00000|  0%| F|  |TAMS 0x00000000ecc00000| PB 0x00000000ecc00000| Untracked 
| 205|0x00000000ecd00000, 0x00000000ecd00000, 0x00000000ece00000|  0%| F|  |TAMS 0x00000000ecd00000| PB 0x00000000ecd00000| Untracked 
| 206|0x00000000ece00000, 0x00000000ece00000, 0x00000000ecf00000|  0%| F|  |TAMS 0x00000000ece00000| PB 0x00000000ece00000| Untracked 
| 207|0x00000000ecf00000, 0x00000000ecf00000, 0x00000000ed000000|  0%| F|  |TAMS 0x00000000ecf00000| PB 0x00000000ecf00000| Untracked 
| 208|0x00000000ed000000, 0x00000000ed000000, 0x00000000ed100000|  0%| F|  |TAMS 0x00000000ed000000| PB 0x00000000ed000000| Untracked 
| 209|0x00000000ed100000, 0x00000000ed100000, 0x00000000ed200000|  0%| F|  |TAMS 0x00000000ed100000| PB 0x00000000ed100000| Untracked 
| 210|0x00000000ed200000, 0x00000000ed300000, 0x00000000ed300000|100%| E|  |TAMS 0x00000000ed200000| PB 0x00000000ed200000| Complete 
| 211|0x00000000ed300000, 0x00000000ed400000, 0x00000000ed400000|100%| E|CS|TAMS 0x00000000ed300000| PB 0x00000000ed300000| Complete 
| 212|0x00000000ed400000, 0x00000000ed500000, 0x00000000ed500000|100%| E|CS|TAMS 0x00000000ed400000| PB 0x00000000ed400000| Complete 
| 213|0x00000000ed500000, 0x00000000ed600000, 0x00000000ed600000|100%| E|CS|TAMS 0x00000000ed500000| PB 0x00000000ed500000| Complete 
| 214|0x00000000ed600000, 0x00000000ed700000, 0x00000000ed700000|100%| E|CS|TAMS 0x00000000ed600000| PB 0x00000000ed600000| Complete 
| 215|0x00000000ed700000, 0x00000000ed800000, 0x00000000ed800000|100%| E|CS|TAMS 0x00000000ed700000| PB 0x00000000ed700000| Complete 
| 216|0x00000000ed800000, 0x00000000ed900000, 0x00000000ed900000|100%| E|CS|TAMS 0x00000000ed800000| PB 0x00000000ed800000| Complete 
| 217|0x00000000ed900000, 0x00000000eda00000, 0x00000000eda00000|100%| E|CS|TAMS 0x00000000ed900000| PB 0x00000000ed900000| Complete 
| 218|0x00000000eda00000, 0x00000000edb00000, 0x00000000edb00000|100%| E|CS|TAMS 0x00000000eda00000| PB 0x00000000eda00000| Complete 
| 219|0x00000000edb00000, 0x00000000edc00000, 0x00000000edc00000|100%| E|CS|TAMS 0x00000000edb00000| PB 0x00000000edb00000| Complete 
| 220|0x00000000edc00000, 0x00000000edd00000, 0x00000000edd00000|100%| E|CS|TAMS 0x00000000edc00000| PB 0x00000000edc00000| Complete 
| 221|0x00000000edd00000, 0x00000000ede00000, 0x00000000ede00000|100%| E|CS|TAMS 0x00000000edd00000| PB 0x00000000edd00000| Complete 
| 222|0x00000000ede00000, 0x00000000edf00000, 0x00000000edf00000|100%| E|CS|TAMS 0x00000000ede00000| PB 0x00000000ede00000| Complete 
| 223|0x00000000edf00000, 0x00000000ee000000, 0x00000000ee000000|100%| E|CS|TAMS 0x00000000edf00000| PB 0x00000000edf00000| Complete 
| 224|0x00000000ee000000, 0x00000000ee100000, 0x00000000ee100000|100%| E|CS|TAMS 0x00000000ee000000| PB 0x00000000ee000000| Complete 
| 225|0x00000000ee100000, 0x00000000ee200000, 0x00000000ee200000|100%| E|CS|TAMS 0x00000000ee100000| PB 0x00000000ee100000| Complete 
| 226|0x00000000ee200000, 0x00000000ee300000, 0x00000000ee300000|100%| E|CS|TAMS 0x00000000ee200000| PB 0x00000000ee200000| Complete 
| 227|0x00000000ee300000, 0x00000000ee400000, 0x00000000ee400000|100%| E|CS|TAMS 0x00000000ee300000| PB 0x00000000ee300000| Complete 
| 228|0x00000000ee400000, 0x00000000ee500000, 0x00000000ee500000|100%| E|CS|TAMS 0x00000000ee400000| PB 0x00000000ee400000| Complete 
| 229|0x00000000ee500000, 0x00000000ee600000, 0x00000000ee600000|100%| E|CS|TAMS 0x00000000ee500000| PB 0x00000000ee500000| Complete 
| 230|0x00000000ee600000, 0x00000000ee700000, 0x00000000ee700000|100%| E|CS|TAMS 0x00000000ee600000| PB 0x00000000ee600000| Complete 
| 231|0x00000000ee700000, 0x00000000ee800000, 0x00000000ee800000|100%| E|CS|TAMS 0x00000000ee700000| PB 0x00000000ee700000| Complete 
| 232|0x00000000ee800000, 0x00000000ee900000, 0x00000000ee900000|100%| E|CS|TAMS 0x00000000ee800000| PB 0x00000000ee800000| Complete 
| 233|0x00000000ee900000, 0x00000000eea00000, 0x00000000eea00000|100%| E|CS|TAMS 0x00000000ee900000| PB 0x00000000ee900000| Complete 
| 234|0x00000000eea00000, 0x00000000eeb00000, 0x00000000eeb00000|100%| E|CS|TAMS 0x00000000eea00000| PB 0x00000000eea00000| Complete 
| 235|0x00000000eeb00000, 0x00000000eec00000, 0x00000000eec00000|100%| E|CS|TAMS 0x00000000eeb00000| PB 0x00000000eeb00000| Complete 
| 236|0x00000000eec00000, 0x00000000eed00000, 0x00000000eed00000|100%| E|CS|TAMS 0x00000000eec00000| PB 0x00000000eec00000| Complete 
| 237|0x00000000eed00000, 0x00000000eee00000, 0x00000000eee00000|100%| E|CS|TAMS 0x00000000eed00000| PB 0x00000000eed00000| Complete 
| 238|0x00000000eee00000, 0x00000000eef00000, 0x00000000eef00000|100%| E|CS|TAMS 0x00000000eee00000| PB 0x00000000eee00000| Complete 
| 239|0x00000000eef00000, 0x00000000ef000000, 0x00000000ef000000|100%| E|CS|TAMS 0x00000000eef00000| PB 0x00000000eef00000| Complete 
| 240|0x00000000ef000000, 0x00000000ef100000, 0x00000000ef100000|100%| E|CS|TAMS 0x00000000ef000000| PB 0x00000000ef000000| Complete 
| 241|0x00000000ef100000, 0x00000000ef200000, 0x00000000ef200000|100%| E|CS|TAMS 0x00000000ef100000| PB 0x00000000ef100000| Complete 
| 242|0x00000000ef200000, 0x00000000ef300000, 0x00000000ef300000|100%| E|CS|TAMS 0x00000000ef200000| PB 0x00000000ef200000| Complete 
| 243|0x00000000ef300000, 0x00000000ef400000, 0x00000000ef400000|100%| E|CS|TAMS 0x00000000ef300000| PB 0x00000000ef300000| Complete 
| 244|0x00000000ef400000, 0x00000000ef500000, 0x00000000ef500000|100%| E|CS|TAMS 0x00000000ef400000| PB 0x00000000ef400000| Complete 
| 245|0x00000000ef500000, 0x00000000ef600000, 0x00000000ef600000|100%| E|CS|TAMS 0x00000000ef500000| PB 0x00000000ef500000| Complete 
| 246|0x00000000ef600000, 0x00000000ef700000, 0x00000000ef700000|100%| E|CS|TAMS 0x00000000ef600000| PB 0x00000000ef600000| Complete 
| 247|0x00000000ef700000, 0x00000000ef800000, 0x00000000ef800000|100%| E|CS|TAMS 0x00000000ef700000| PB 0x00000000ef700000| Complete 
| 248|0x00000000ef800000, 0x00000000ef900000, 0x00000000ef900000|100%| E|CS|TAMS 0x00000000ef800000| PB 0x00000000ef800000| Complete 
| 249|0x00000000ef900000, 0x00000000efa00000, 0x00000000efa00000|100%| E|CS|TAMS 0x00000000ef900000| PB 0x00000000ef900000| Complete 
| 250|0x00000000efa00000, 0x00000000efb00000, 0x00000000efb00000|100%| E|CS|TAMS 0x00000000efa00000| PB 0x00000000efa00000| Complete 
| 251|0x00000000efb00000, 0x00000000efc00000, 0x00000000efc00000|100%| E|CS|TAMS 0x00000000efb00000| PB 0x00000000efb00000| Complete 
| 252|0x00000000efc00000, 0x00000000efd00000, 0x00000000efd00000|100%| E|CS|TAMS 0x00000000efc00000| PB 0x00000000efc00000| Complete 
| 253|0x00000000efd00000, 0x00000000efe00000, 0x00000000efe00000|100%| E|  |TAMS 0x00000000efd00000| PB 0x00000000efd00000| Complete 
| 254|0x00000000efe00000, 0x00000000eff00000, 0x00000000eff00000|100%| E|CS|TAMS 0x00000000efe00000| PB 0x00000000efe00000| Complete 
| 255|0x00000000eff00000, 0x00000000f0000000, 0x00000000f0000000|100%| E|CS|TAMS 0x00000000eff00000| PB 0x00000000eff00000| Complete 

Card table byte_map: [0x000001c6b5220000,0x000001c6b5320000] _byte_map_base: 0x000001c6b4b20000

Marking Bits: (CMBitMap*) 0x000001c6a26be650
 Bits: [0x000001c6b5320000, 0x000001c6b5b20000)

Polling page: 0x000001c6a0580000

Metaspace:

Usage:
  Non-class:     43.77 MB used.
      Class:      7.73 MB used.
       Both:     51.50 MB used.

Virtual space:
  Non-class space:       64.00 MB reserved,      44.75 MB ( 70%) committed,  1 nodes.
      Class space:      320.00 MB reserved,       8.69 MB (  3%) committed,  1 nodes.
             Both:      384.00 MB reserved,      53.44 MB ( 14%) committed. 

Chunk freelists:
   Non-Class:  2.59 MB
       Class:  7.32 MB
        Both:  9.91 MB

MaxMetaspaceSize: 384.00 MB
CompressedClassSpaceSize: 320.00 MB
Initial GC threshold: 21.00 MB
Current GC threshold: 59.50 MB
CDS: on
 - commit_granule_bytes: 65536.
 - commit_granule_words: 8192.
 - virtual_space_node_default_size: 8388608.
 - enlarge_chunks_in_place: 1.
 - use_allocation_guard: 0.


Internal statistics:

num_allocs_failed_limit: 9.
num_arena_births: 3634.
num_arena_deaths: 0.
num_vsnodes_births: 2.
num_vsnodes_deaths: 0.
num_space_committed: 855.
num_space_uncommitted: 0.
num_chunks_returned_to_freelist: 9.
num_chunks_taken_from_freelist: 6333.
num_chunk_merges: 6.
num_chunk_splits: 4066.
num_chunks_enlarged: 2379.
num_inconsistent_stats: 0.

CodeHeap 'non-profiled nmethods': size=119168Kb used=3818Kb max_used=3818Kb free=115350Kb
 bounds [0x000001c6ad430000, 0x000001c6ad7f0000, 0x000001c6b4890000]
CodeHeap 'profiled nmethods': size=119104Kb used=13827Kb max_used=13827Kb free=105276Kb
 bounds [0x000001c6a5890000, 0x000001c6a6620000, 0x000001c6acce0000]
CodeHeap 'non-nmethods': size=7488Kb used=2452Kb max_used=3608Kb free=5035Kb
 bounds [0x000001c6acce0000, 0x000001c6ad0e0000, 0x000001c6ad430000]
CodeCache: size=245760Kb, used=20097Kb, max_used=21253Kb, free=225661Kb
 total_blobs=7782, nmethods=7021, adapters=664, full_count=0
Compilation: enabled, stopped_count=0, restarted_count=0

Compilation events (20 events):
Event: 369.640 Thread 0x000001c6b8b23490 7359       1       org.gradle.internal.instantiation.generator.AsmBackedClassGenerator$ClassBuilderImpl::access$4600 (5 bytes)
Event: 369.640 Thread 0x000001c6b8b23490 nmethod 7359 0x000001c6ad7d0e90 code [0x000001c6ad7d1020, 0x000001c6ad7d10d0]
Event: 369.664 Thread 0x000001c6b8b23490 7361       1       org.gradle.api.internal.DefaultDomainObjectCollection::getEventRegister (5 bytes)
Event: 369.664 Thread 0x000001c6b8b23490 nmethod 7361 0x000001c6ad7d1190 code [0x000001c6ad7d1320, 0x000001c6ad7d13e8]
Event: 369.734 Thread 0x000001c6b8b23490 7362       3       org.gradle.internal.snapshot.SnapshotUtil$1::handleExactMatchWithChild (7 bytes)
Event: 369.734 Thread 0x000001c6b8b23490 nmethod 7362 0x000001c6a65c2610 code [0x000001c6a65c27c0, 0x000001c6a65c2998]
Event: 369.735 Thread 0x000001c6b8b23490 7363       3       org.gradle.internal.snapshot.SnapshotUtil$$Lambda/0x000001c6ba5ef238::visitEntry (9 bytes)
Event: 369.736 Thread 0x000001c6b8b23490 nmethod 7363 0x000001c6a65c2a90 code [0x000001c6a65c2c60, 0x000001c6a65c3028]
Event: 369.736 Thread 0x000001c6b8b23490 7364       3       org.gradle.internal.snapshot.SnapshotUtil::lambda$getRootHashes$3 (21 bytes)
Event: 369.736 Thread 0x000001c6b8b23490 nmethod 7364 0x000001c6a65c3210 code [0x000001c6a65c33e0, 0x000001c6a65c3730]
Event: 369.998 Thread 0x000001c6b8b23490 7366       3       com.google.common.cache.CacheBuilder::getKeyStrength (14 bytes)
Event: 370.000 Thread 0x000001c6b8b23490 nmethod 7366 0x000001c6a65c3890 code [0x000001c6a65c3a40, 0x000001c6a65c3ce8]
Event: 370.000 Thread 0x000001c6b8b23490 7367       3       com.google.common.cache.CacheBuilder::getValueStrength (14 bytes)
Event: 370.001 Thread 0x000001c6d6a23300 7365       4       org.gradle.launcher.daemon.context.DefaultDaemonContext$Serializer::read (229 bytes)
Event: 370.001 Thread 0x000001c6b8b23490 nmethod 7367 0x000001c6a65c3e10 code [0x000001c6a65c3fc0, 0x000001c6a65c4268]
Event: 370.031 Thread 0x000001c6b8b23490 7369       3       com.esotericsoftware.kryo.io.Output::writeByte (35 bytes)
Event: 370.032 Thread 0x000001c6b8b23490 nmethod 7369 0x000001c6a65c4390 code [0x000001c6a65c4540, 0x000001c6a65c4720]
Event: 370.106 Thread 0x000001c6b8b23490 7371       3       java.util.AbstractList$Itr::hasNext (20 bytes)
Event: 370.107 Thread 0x000001c6b8b23490 nmethod 7371 0x000001c6a65c4810 code [0x000001c6a65c49c0, 0x000001c6a65c4bf0]
Event: 370.405 Thread 0x000001c6b8b23490 7372   !   3       java.util.AbstractList$Itr::next (46 bytes)

GC Heap History (16 events):
Event: 30.646 GC heap before
{Heap before GC invocations=0 (full 0):
 garbage-first heap   total 262144K, used 26624K [0x00000000e0000000, 0x0000000100000000)
  region size 1024K, 23 young (23552K), 0 survivors (0K)
 Metaspace       used 2878K, committed 3008K, reserved 393216K
  class space    used 337K, committed 384K, reserved 327680K
}
Event: 30.657 GC heap after
{Heap after GC invocations=1 (full 0):
 garbage-first heap   total 262144K, used 11119K [0x00000000e0000000, 0x0000000100000000)
  region size 1024K, 3 young (3072K), 3 survivors (3072K)
 Metaspace       used 2878K, committed 3008K, reserved 393216K
  class space    used 337K, committed 384K, reserved 327680K
}
Event: 60.488 GC heap before
{Heap before GC invocations=1 (full 0):
 garbage-first heap   total 262144K, used 38767K [0x00000000e0000000, 0x0000000100000000)
  region size 1024K, 29 young (29696K), 3 survivors (3072K)
 Metaspace       used 4677K, committed 4864K, reserved 393216K
  class space    used 595K, committed 704K, reserved 327680K
}
Event: 60.497 GC heap after
{Heap after GC invocations=2 (full 0):
 garbage-first heap   total 262144K, used 14692K [0x00000000e0000000, 0x0000000100000000)
  region size 1024K, 3 young (3072K), 3 survivors (3072K)
 Metaspace       used 4677K, committed 4864K, reserved 393216K
  class space    used 595K, committed 704K, reserved 327680K
}
Event: 159.644 GC heap before
{Heap before GC invocations=2 (full 0):
 garbage-first heap   total 262144K, used 80228K [0x00000000e0000000, 0x0000000100000000)
  region size 1024K, 68 young (69632K), 3 survivors (3072K)
 Metaspace       used 14182K, committed 14592K, reserved 393216K
  class space    used 1914K, committed 2112K, reserved 327680K
}
Event: 159.779 GC heap after
{Heap after GC invocations=3 (full 0):
 garbage-first heap   total 262144K, used 21550K [0x00000000e0000000, 0x0000000100000000)
  region size 1024K, 9 young (9216K), 9 survivors (9216K)
 Metaspace       used 14182K, committed 14592K, reserved 393216K
  class space    used 1914K, committed 2112K, reserved 327680K
}
Event: 186.829 GC heap before
{Heap before GC invocations=3 (full 0):
 garbage-first heap   total 262144K, used 67630K [0x00000000e0000000, 0x0000000100000000)
  region size 1024K, 54 young (55296K), 9 survivors (9216K)
 Metaspace       used 20854K, committed 21504K, reserved 393216K
  class space    used 2859K, committed 3200K, reserved 327680K
}
Event: 186.846 GC heap after
{Heap after GC invocations=4 (full 0):
 garbage-first heap   total 262144K, used 25395K [0x00000000e0000000, 0x0000000100000000)
  region size 1024K, 3 young (3072K), 3 survivors (3072K)
 Metaspace       used 20854K, committed 21504K, reserved 393216K
  class space    used 2859K, committed 3200K, reserved 327680K
}
Event: 264.629 GC heap before
{Heap before GC invocations=5 (full 0):
 garbage-first heap   total 262144K, used 126771K [0x00000000e0000000, 0x0000000100000000)
  region size 1024K, 103 young (105472K), 3 survivors (3072K)
 Metaspace       used 33802K, committed 35136K, reserved 393216K
  class space    used 4948K, committed 5568K, reserved 327680K
}
Event: 264.648 GC heap after
{Heap after GC invocations=6 (full 0):
 garbage-first heap   total 262144K, used 29975K [0x00000000e0000000, 0x0000000100000000)
  region size 1024K, 9 young (9216K), 9 survivors (9216K)
 Metaspace       used 33802K, committed 35136K, reserved 393216K
  class space    used 4948K, committed 5568K, reserved 327680K
}
Event: 266.654 GC heap before
{Heap before GC invocations=6 (full 0):
 garbage-first heap   total 262144K, used 34071K [0x00000000e0000000, 0x0000000100000000)
  region size 1024K, 15 young (15360K), 9 survivors (9216K)
 Metaspace       used 34827K, committed 36160K, reserved 393216K
  class space    used 5006K, committed 5632K, reserved 327680K
}
Event: 266.665 GC heap after
{Heap after GC invocations=7 (full 0):
 garbage-first heap   total 262144K, used 29984K [0x00000000e0000000, 0x0000000100000000)
  region size 1024K, 9 young (9216K), 9 survivors (9216K)
 Metaspace       used 34827K, committed 36160K, reserved 393216K
  class space    used 5006K, committed 5632K, reserved 327680K
}
Event: 267.579 GC heap before
{Heap before GC invocations=7 (full 0):
 garbage-first heap   total 262144K, used 32032K [0x00000000e0000000, 0x0000000100000000)
  region size 1024K, 12 young (12288K), 9 survivors (9216K)
 Metaspace       used 35125K, committed 36480K, reserved 393216K
  class space    used 5038K, committed 5696K, reserved 327680K
}
Event: 267.589 GC heap after
{Heap after GC invocations=8 (full 0):
 garbage-first heap   total 262144K, used 30735K [0x00000000e0000000, 0x0000000100000000)
  region size 1024K, 10 young (10240K), 10 survivors (10240K)
 Metaspace       used 35125K, committed 36480K, reserved 393216K
  class space    used 5038K, committed 5696K, reserved 327680K
}
Event: 362.842 GC heap before
{Heap before GC invocations=9 (full 0):
 garbage-first heap   total 262144K, used 176143K [0x00000000e0000000, 0x0000000100000000)
  region size 1024K, 153 young (156672K), 10 survivors (10240K)
 Metaspace       used 48789K, committed 50624K, reserved 393216K
  class space    used 7240K, committed 8128K, reserved 327680K
}
Event: 362.868 GC heap after
{Heap after GC invocations=10 (full 0):
 garbage-first heap   total 262144K, used 39201K [0x00000000e0000000, 0x0000000100000000)
  region size 1024K, 18 young (18432K), 18 survivors (18432K)
 Metaspace       used 48789K, committed 50624K, reserved 393216K
  class space    used 7240K, committed 8128K, reserved 327680K
}

Dll operation events (20 events):
Event: 2.997 Attempting to load shared library C:\Users\chae0\.vscode\extensions\redhat.java-1.56.0-win32-x64\jre\21.0.12.1-win32-x86_64\bin\nio.dll
Event: 3.019 Loaded shared library C:\Users\chae0\.vscode\extensions\redhat.java-1.56.0-win32-x64\jre\21.0.12.1-win32-x86_64\bin\nio.dll
Event: 3.168 Attempting to load shared library C:\Users\chae0\.vscode\extensions\redhat.java-1.56.0-win32-x64\jre\21.0.12.1-win32-x86_64\bin\zip.dll
Event: 3.168 Loaded shared library C:\Users\chae0\.vscode\extensions\redhat.java-1.56.0-win32-x64\jre\21.0.12.1-win32-x86_64\bin\zip.dll
Event: 17.154 Attempting to load shared library C:\Users\chae0\.vscode\extensions\redhat.java-1.56.0-win32-x64\jre\21.0.12.1-win32-x86_64\bin\jimage.dll
Event: 17.154 Loaded shared library C:\Users\chae0\.vscode\extensions\redhat.java-1.56.0-win32-x64\jre\21.0.12.1-win32-x86_64\bin\jimage.dll
Event: 28.674 Attempting to load shared library C:\Users\chae0\.vscode\extensions\redhat.java-1.56.0-win32-x64\jre\21.0.12.1-win32-x86_64\bin\verify.dll
Event: 28.719 Loaded shared library C:\Users\chae0\.vscode\extensions\redhat.java-1.56.0-win32-x64\jre\21.0.12.1-win32-x86_64\bin\verify.dll
Event: 29.932 Attempting to load shared library C:\Users\chae0\.gradle\native\660c5614fbf4a5f2a75b1949f50a0caf5cd603558e7d8a26e50b933a0cfb79d1\windows-amd64\native-platform.dll
Event: 29.990 Loaded shared library C:\Users\chae0\.gradle\native\660c5614fbf4a5f2a75b1949f50a0caf5cd603558e7d8a26e50b933a0cfb79d1\windows-amd64\native-platform.dll
Event: 30.348 Attempting to load shared library C:\Users\chae0\.gradle\native\0.2.8\x86_64-windows-gnu\gradle-fileevents.dll
Event: 30.384 Loaded shared library C:\Users\chae0\.gradle\native\0.2.8\x86_64-windows-gnu\gradle-fileevents.dll
Event: 79.884 Attempting to load shared library C:\Users\chae0\.vscode\extensions\redhat.java-1.56.0-win32-x64\jre\21.0.12.1-win32-x86_64\bin\management.dll
Event: 79.925 Loaded shared library C:\Users\chae0\.vscode\extensions\redhat.java-1.56.0-win32-x64\jre\21.0.12.1-win32-x86_64\bin\management.dll
Event: 80.059 Attempting to load shared library C:\Users\chae0\.vscode\extensions\redhat.java-1.56.0-win32-x64\jre\21.0.12.1-win32-x86_64\bin\management_ext.dll
Event: 80.137 Loaded shared library C:\Users\chae0\.vscode\extensions\redhat.java-1.56.0-win32-x64\jre\21.0.12.1-win32-x86_64\bin\management_ext.dll
Event: 83.927 Attempting to load shared library C:\Users\chae0\.vscode\extensions\redhat.java-1.56.0-win32-x64\jre\21.0.12.1-win32-x86_64\bin\extnet.dll
Event: 83.963 Loaded shared library C:\Users\chae0\.vscode\extensions\redhat.java-1.56.0-win32-x64\jre\21.0.12.1-win32-x86_64\bin\extnet.dll
Event: 152.587 Attempting to load shared library C:\Users\chae0\.vscode\extensions\redhat.java-1.56.0-win32-x64\jre\21.0.12.1-win32-x86_64\bin\sunmscapi.dll
Event: 152.680 Loaded shared library C:\Users\chae0\.vscode\extensions\redhat.java-1.56.0-win32-x64\jre\21.0.12.1-win32-x86_64\bin\sunmscapi.dll

Deoptimization events (20 events):
Event: 369.347 Thread 0x000001c6d3ddd560 Uncommon trap: trap_request=0xffffffde fr.pc=0x000001c6ad7c6c80 relative=0x00000000000002c0
Event: 369.347 Thread 0x000001c6d3ddd560 Uncommon trap: reason=class_check action=maybe_recompile pc=0x000001c6ad7c6c80 method=java.util.regex.Matcher.search(I)Z @ 121 c2
Event: 369.347 Thread 0x000001c6d3ddd560 DEOPT PACKING pc=0x000001c6ad7c6c80 sp=0x000000bc473f6e90
Event: 369.347 Thread 0x000001c6d3ddd560 DEOPT UNPACKING pc=0x000001c6acd34422 sp=0x000000bc473f6e20 mode 2
Event: 369.377 Thread 0x000001c6d3ddd560 Uncommon trap: trap_request=0xffffffde fr.pc=0x000001c6ad7c6c80 relative=0x00000000000002c0
Event: 369.377 Thread 0x000001c6d3ddd560 Uncommon trap: reason=class_check action=maybe_recompile pc=0x000001c6ad7c6c80 method=java.util.regex.Matcher.search(I)Z @ 121 c2
Event: 369.377 Thread 0x000001c6d3ddd560 DEOPT PACKING pc=0x000001c6ad7c6c80 sp=0x000000bc473f6e30
Event: 369.377 Thread 0x000001c6d3ddd560 DEOPT UNPACKING pc=0x000001c6acd34422 sp=0x000000bc473f6dc0 mode 2
Event: 369.377 Thread 0x000001c6d3ddd560 Uncommon trap: trap_request=0xffffffde fr.pc=0x000001c6ad7c6c80 relative=0x00000000000002c0
Event: 369.377 Thread 0x000001c6d3ddd560 Uncommon trap: reason=class_check action=maybe_recompile pc=0x000001c6ad7c6c80 method=java.util.regex.Matcher.search(I)Z @ 121 c2
Event: 369.377 Thread 0x000001c6d3ddd560 DEOPT PACKING pc=0x000001c6ad7c6c80 sp=0x000000bc473f6e30
Event: 369.377 Thread 0x000001c6d3ddd560 DEOPT UNPACKING pc=0x000001c6acd34422 sp=0x000000bc473f6dc0 mode 2
Event: 369.381 Thread 0x000001c6d3ddd560 DEOPT PACKING pc=0x000001c6a5da45e1 sp=0x000000bc473f2670
Event: 369.381 Thread 0x000001c6d3ddd560 DEOPT UNPACKING pc=0x000001c6acd34bc2 sp=0x000000bc473f1b80 mode 0
Event: 369.415 Thread 0x000001c6d3ddd560 Uncommon trap: trap_request=0xffffff54 fr.pc=0x000001c6ad7cc0bc relative=0x000000000000009c
Event: 369.415 Thread 0x000001c6d3ddd560 Uncommon trap: reason=speculate_null_assert action=make_not_entrant pc=0x000001c6ad7cc0bc method=java.lang.invoke.LambdaFormEditor.getInCache(Ljava/lang/invoke/LambdaFormEditor$TransformKey;)Ljava/lang/invoke/LambdaForm; @ 37 c2
Event: 369.415 Thread 0x000001c6d3ddd560 DEOPT PACKING pc=0x000001c6ad7cc0bc sp=0x000000bc473f5f60
Event: 369.415 Thread 0x000001c6d3ddd560 DEOPT UNPACKING pc=0x000001c6acd34422 sp=0x000000bc473f5ec0 mode 2
Event: 370.033 Thread 0x000001c6d2a62860 DEOPT PACKING pc=0x000001c6a638ce5b sp=0x000000bc483fe310
Event: 370.033 Thread 0x000001c6d2a62860 DEOPT UNPACKING pc=0x000001c6acd34bc2 sp=0x000000bc483fd798 mode 0

Classes loaded (20 events):
Event: 365.470 Loading class jdk/xml/internal/XMLSecurityManager$NameMap
Event: 365.470 Loading class jdk/xml/internal/XMLSecurityManager$NameMap done
Event: 365.471 Loading class com/sun/org/apache/xerces/internal/utils/XMLSecurityPropertyManager
Event: 365.471 Loading class com/sun/org/apache/xerces/internal/utils/XMLSecurityPropertyManager done
Event: 365.471 Loading class com/sun/org/apache/xerces/internal/utils/XMLSecurityPropertyManager$State
Event: 365.471 Loading class com/sun/org/apache/xerces/internal/utils/XMLSecurityPropertyManager$State done
Event: 365.472 Loading class com/sun/org/apache/xerces/internal/utils/XMLSecurityPropertyManager$Property
Event: 365.472 Loading class com/sun/org/apache/xerces/internal/utils/XMLSecurityPropertyManager$Property done
Event: 365.473 Loading class javax/xml/parsers/DocumentBuilderFactory
Event: 365.474 Loading class javax/xml/parsers/DocumentBuilderFactory done
Event: 365.474 Loading class javax/xml/parsers/FactoryFinder
Event: 365.475 Loading class javax/xml/parsers/FactoryFinder done
Event: 365.476 Loading class javax/xml/parsers/FactoryFinder$1
Event: 365.477 Loading class javax/xml/parsers/FactoryFinder$1 done
Event: 365.481 Loading class com/sun/org/apache/xerces/internal/jaxp/DocumentBuilderFactoryImpl
Event: 365.481 Loading class com/sun/org/apache/xerces/internal/jaxp/DocumentBuilderFactoryImpl done
Event: 367.278 Loading class java/util/regex/Pattern$SliceI
Event: 367.278 Loading class java/util/regex/Pattern$SliceI done
Event: 369.372 Loading class java/beans/PropertyChangeListener
Event: 369.372 Loading class java/beans/PropertyChangeListener done

Classes unloaded (0 events):
No events

Classes redefined (0 events):
No events

Internal exceptions (20 events):
Event: 313.693 Thread 0x000001c6d3ddd560 Exception <a 'java/lang/NoSuchMethodError'{0x00000000e92c2cd0}: 'java.lang.Object java.lang.invoke.DirectMethodHandle$Holder.invokeStatic(java.lang.Object, long, java.lang.Object)'> (0x00000000e92c2cd0) 
thrown [s\src\hotspot\share\interpreter\linkResolver.cpp, line 773]
Event: 313.694 Thread 0x000001c6d3ddd560 Exception <a 'java/lang/NoSuchMethodError'{0x00000000e92ca140}: 'java.lang.Object java.lang.invoke.DirectMethodHandle$Holder.newInvokeSpecial(java.lang.Object, long)'> (0x00000000e92ca140) 
thrown [s\src\hotspot\share\interpreter\linkResolver.cpp, line 773]
Event: 313.792 Thread 0x000001c6d3ddd560 Exception <a 'java/lang/NoSuchMethodError'{0x00000000e912e980}: 'java.lang.Object java.lang.invoke.DirectMethodHandle$Holder.newInvokeSpecial(java.lang.Object, java.lang.Object, java.lang.Object, java.lang.Object, java.lang.Object, long, java.lang.Object)'> (0x00000000e912e980) 
thrown [s\src\hotspot\share\interpreter\linkResolver.cpp, line 773]
Event: 313.845 Thread 0x000001c6d3ddd560 Exception <a 'java/lang/NoSuchMethodError'{0x00000000e9137358}: 'java.lang.Object java.lang.invoke.Invokers$Holder.linkToTargetMethod(java.lang.Object, java.lang.Object, java.lang.Object, java.lang.Object, long, java.lang.Object, java.lang.Object)'> (0x00000000e9137358) 
thrown [s\src\hotspot\share\interpreter\linkResolver.cpp, line 773]
Event: 313.862 Thread 0x000001c6d3ddd560 Exception <a 'java/lang/NoSuchMethodError'{0x00000000e917b810}: 'java.lang.Object java.lang.invoke.DirectMethodHandle$Holder.newInvokeSpecial(java.lang.Object, java.lang.Object, java.lang.Object, long, java.lang.Object)'> (0x00000000e917b810) 
thrown [s\src\hotspot\share\interpreter\linkResolver.cpp, line 773]
Event: 313.892 Thread 0x000001c6d3ddd560 Exception <a 'java/lang/NoSuchMethodError'{0x00000000e91808d0}: 'java.lang.Object java.lang.invoke.DirectMethodHandle$Holder.invokeSpecial(java.lang.Object, java.lang.Object, java.lang.Object, java.lang.Object, long, java.lang.Object)'> (0x00000000e91808d0) 
thrown [s\src\hotspot\share\interpreter\linkResolver.cpp, line 773]
Event: 313.892 Thread 0x000001c6d3ddd560 Exception <a 'java/lang/NoSuchMethodError'{0x00000000e9184e18}: 'java.lang.Object java.lang.invoke.Invokers$Holder.linkToTargetMethod(java.lang.Object, java.lang.Object, long, java.lang.Object, java.lang.Object)'> (0x00000000e9184e18) 
thrown [s\src\hotspot\share\interpreter\linkResolver.cpp, line 773]
Event: 314.146 Thread 0x000001c6d3ddd560 Implicit null exception at 0x000001c6ad670bfc to 0x000001c6ad670cb4
Event: 314.505 Thread 0x000001c6d3ddd560 Exception <a 'java/lang/NoSuchMethodError'{0x00000000e8ff5df8}: 'java.lang.Object java.lang.invoke.DirectMethodHandle$Holder.invokeSpecial(java.lang.Object, java.lang.Object, long, java.lang.Object, java.lang.Object)'> (0x00000000e8ff5df8) 
thrown [s\src\hotspot\share\interpreter\linkResolver.cpp, line 773]
Event: 360.383 Thread 0x000001c6d3ddd560 Exception <a 'java/lang/NoSuchMethodError'{0x00000000e78e9070}: 'java.lang.Object java.lang.invoke.DirectMethodHandle$Holder.newInvokeSpecial(java.lang.Object, java.lang.Object, java.lang.Object, java.lang.Object, int, java.lang.Object)'> (0x00000000e78e9070) 
thrown [s\src\hotspot\share\interpreter\linkResolver.cpp, line 773]
Event: 360.384 Thread 0x000001c6d3ddd560 Exception <a 'java/lang/NoSuchMethodError'{0x00000000e78ee2d0}: 'java.lang.Object java.lang.invoke.DirectMethodHandle$Holder.invokeSpecial(java.lang.Object, java.lang.Object, java.lang.Object, java.lang.Object, java.lang.Object, int, java.lang.Object)'> (0x00000000e78ee2d0) 
thrown [s\src\hotspot\share\interpreter\linkResolver.cpp, line 773]
Event: 360.384 Thread 0x000001c6d3ddd560 Exception <a 'java/lang/NoSuchMethodError'{0x00000000e78f2b70}: 'java.lang.Object java.lang.invoke.Invokers$Holder.linkToTargetMethod(java.lang.Object, java.lang.Object, java.lang.Object, int, java.lang.Object, java.lang.Object)'> (0x00000000e78f2b70) 
thrown [s\src\hotspot\share\interpreter\linkResolver.cpp, line 773]
Event: 362.035 Thread 0x000001c6d3ddd560 Exception <a 'java/lang/NoSuchMethodError'{0x00000000e6e3c368}: 'java.lang.Object java.lang.invoke.DirectMethodHandle$Holder.invokeSpecialIFC(java.lang.Object, java.lang.Object, java.lang.Object)'> (0x00000000e6e3c368) 
thrown [s\src\hotspot\share\interpreter\linkResolver.cpp, line 773]
Event: 365.520 Thread 0x000001c6d3ddd560 Exception <a 'java/lang/NoSuchMethodError'{0x00000000ef06a558}: 'java.lang.Object java.lang.invoke.DirectMethodHandle$Holder.newInvokeSpecial(java.lang.Object, java.lang.Object, java.lang.Object, java.lang.Object, java.lang.Object, java.lang.Object, java.lang.Object, java.lang.Object, java.lang.Object, java.lang.Object, java.lang.Object, java.lang.Object, java.lang.Object, java.lang.Object, java.lang.Object, java.lang.Object)'> (0x00000000ef06a558) 
thrown [s\src\hotspot\share\interpreter\linkResolver.cpp,
Event: 366.549 Thread 0x000001c6d3ddd560 Exception <a 'java/lang/NoSuchMethodError'{0x00000000ef071198}: 'java.lang.Object java.lang.invoke.DirectMethodHandle$Holder.invokeSpecial(java.lang.Object, java.lang.Object, java.lang.Object, java.lang.Object, java.lang.Object, java.lang.Object, java.lang.Object, java.lang.Object, java.lang.Object, java.lang.Object, java.lang.Object, java.lang.Object, java.lang.Object, java.lang.Object, java.lang.Object, java.lang.Object, java.lang.Object)'> (0x00000000ef071198) 
thrown [s\src\hotspot\share\interpreter\li
Event: 366.550 Thread 0x000001c6d3ddd560 Exception <a 'java/lang/NoSuchMethodError'{0x00000000ef076d40}: 'java.lang.Object java.lang.invoke.DelegatingMethodHandle$Holder.reinvoke_L(java.lang.Object, java.lang.Object, java.lang.Object, java.lang.Object, java.lang.Object, java.lang.Object, java.lang.Object, java.lang.Object, java.lang.Object, java.lang.Object, java.lang.Object, java.lang.Object, java.lang.Object, java.lang.Object, java.lang.Object, java.lang.Object)'> (0x00000000ef076d40) 
thrown [s\src\hotspot\share\interpreter\linkResolver.cpp, l
Event: 367.368 Thread 0x000001c6d3ddd560 Exception <a 'java/lang/NoSuchMethodError'{0x00000000eedd6640}: 'void java.lang.invoke.DirectMethodHandle$Holder.invokeVirtual(java.lang.Object, java.lang.Object)'> (0x00000000eedd6640) 
thrown [s\src\hotspot\share\interpreter\linkResolver.cpp, line 773]
Event: 369.605 Thread 0x000001c6d3ddd560 Exception <a 'java/lang/IncompatibleClassChangeError'{0x00000000ee047ba8}: Found class java.lang.Object, but interface was expected> (0x00000000ee047ba8) 
thrown [s\src\hotspot\share\interpreter\linkResolver.cpp, line 840]
Event: 369.614 Thread 0x000001c6d3ddd560 Exception <a 'java/lang/IncompatibleClassChangeError'{0x00000000ee069578}: Found class java.lang.Object, but interface was expected> (0x00000000ee069578) 
thrown [s\src\hotspot\share\interpreter\linkResolver.cpp, line 840]
Event: 369.615 Thread 0x000001c6d3ddd560 Exception <a 'java/lang/IncompatibleClassChangeError'{0x00000000ee06d590}: Found class java.lang.Object, but interface was expected> (0x00000000ee06d590) 
thrown [s\src\hotspot\share\interpreter\linkResolver.cpp, line 840]

ZGC Phase Switch (0 events):
No events

VM Operations (20 events):
Event: 361.700 Executing non-safepoint VM operation: RendezvousGCThreads done
Event: 362.347 Executing safepoint VM operation: ICBufferFull
Event: 362.347 Executing safepoint VM operation: ICBufferFull done
Event: 362.842 Executing safepoint VM operation: G1CollectForAllocation (G1 Evacuation Pause)
Event: 362.869 Executing safepoint VM operation: G1CollectForAllocation (G1 Evacuation Pause) done
Event: 363.881 Executing safepoint VM operation: Cleanup
Event: 363.882 Executing safepoint VM operation: Cleanup done
Event: 364.893 Executing safepoint VM operation: Cleanup
Event: 365.408 Executing safepoint VM operation: Cleanup done
Event: 366.408 Executing safepoint VM operation: Cleanup
Event: 366.549 Executing safepoint VM operation: Cleanup done
Event: 366.560 Executing non-safepoint VM operation: HandshakeAllThreads (Deoptimize)
Event: 366.560 Executing non-safepoint VM operation: HandshakeAllThreads (Deoptimize) done
Event: 367.567 Executing safepoint VM operation: Cleanup
Event: 367.567 Executing safepoint VM operation: Cleanup done
Event: 368.577 Executing safepoint VM operation: Cleanup
Event: 368.706 Executing safepoint VM operation: Cleanup done
Event: 369.713 Executing safepoint VM operation: Cleanup
Event: 369.713 Executing safepoint VM operation: Cleanup done
Event: 370.724 Executing safepoint VM operation: Cleanup

Memory protections (0 events):
No events

Nmethod flushes (20 events):
Event: 267.663 Thread 0x000001c6b8af9630 flushing  nmethod 0x000001c6a5b5d790
Event: 267.663 Thread 0x000001c6b8af9630 flushing  nmethod 0x000001c6a5b5ef90
Event: 267.663 Thread 0x000001c6b8af9630 flushing  nmethod 0x000001c6a5c2c190
Event: 267.663 Thread 0x000001c6b8af9630 flushing  nmethod 0x000001c6a5c2cf10
Event: 267.663 Thread 0x000001c6b8af9630 flushing  nmethod 0x000001c6a5c2e510
Event: 267.663 Thread 0x000001c6b8af9630 flushing  nmethod 0x000001c6a5c30f90
Event: 267.663 Thread 0x000001c6b8af9630 flushing  nmethod 0x000001c6a5c33110
Event: 267.663 Thread 0x000001c6b8af9630 flushing  nmethod 0x000001c6a5c33690
Event: 267.663 Thread 0x000001c6b8af9630 flushing  nmethod 0x000001c6a5d09410
Event: 267.663 Thread 0x000001c6b8af9630 flushing  nmethod 0x000001c6a5eac310
Event: 267.663 Thread 0x000001c6b8af9630 flushing  nmethod 0x000001c6a5e1fb90
Event: 267.663 Thread 0x000001c6b8af9630 flushing  nmethod 0x000001c6a5e4dc10
Event: 267.663 Thread 0x000001c6b8af9630 flushing  nmethod 0x000001c6a5bc3590
Event: 267.663 Thread 0x000001c6b8af9630 flushing  nmethod 0x000001c6a5bc3c90
Event: 267.663 Thread 0x000001c6b8af9630 flushing  nmethod 0x000001c6a5c35810
Event: 267.663 Thread 0x000001c6b8af9630 flushing  nmethod 0x000001c6a5c36410
Event: 267.663 Thread 0x000001c6b8af9630 flushing  nmethod 0x000001c6a5c36c10
Event: 267.663 Thread 0x000001c6b8af9630 flushing  nmethod 0x000001c6a5c3bf90
Event: 267.663 Thread 0x000001c6b8af9630 flushing  nmethod 0x000001c6a5c86c10
Event: 267.663 Thread 0x000001c6b8af9630 flushing  nmethod 0x000001c6a5e2a610

Events (20 events):
Event: 336.531 Thread 0x000001c6d3ddd560 Thread added: 0x000001c6d4d76b20
Event: 336.532 Thread 0x000001c6d3ddd560 Thread added: 0x000001c6d4d736a0
Event: 336.532 Thread 0x000001c6d3ddd560 Thread added: 0x000001c6d4d75e00
Event: 336.533 Thread 0x000001c6d3ddd560 Thread added: 0x000001c6d4d73d30
Event: 336.533 Thread 0x000001c6d3ddd560 Thread added: 0x000001c6d4d74a50
Event: 336.533 Thread 0x000001c6d3ddd560 Thread added: 0x000001c6d4d77840
Event: 336.534 Thread 0x000001c6d3ddd560 Thread added: 0x000001c6d4d75770
Event: 336.534 Thread 0x000001c6d3ddd560 Thread added: 0x000001c6d4d743c0
Event: 339.584 Thread 0x000001c6d665e010 Thread exited: 0x000001c6d665e010
Event: 360.270 Thread 0x000001c6b8b23490 Thread added: 0x000001c6d665b730
Event: 360.935 Thread 0x000001c6d3ddd560 Thread added: 0x000001c6d4d771b0
Event: 361.897 Thread 0x000001c6d665b730 Thread added: 0x000001c6d665b060
Event: 362.007 Thread 0x000001c6b8b209e0 Thread added: 0x000001c6d665cba0
Event: 362.723 Thread 0x000001c6b8b23490 Thread added: 0x000001c6d665e6e0
Event: 363.188 Thread 0x000001c6d665cba0 Thread exited: 0x000001c6d665cba0
Event: 365.462 Thread 0x000001c6d665e6e0 Thread exited: 0x000001c6d665e6e0
Event: 366.555 Thread 0x000001c6d665b060 Thread exited: 0x000001c6d665b060
Event: 366.564 Thread 0x000001c6d665b730 Thread exited: 0x000001c6d665b730
Event: 367.349 Thread 0x000001c6d3ddd560 Thread added: 0x000001c6d665d7c0
Event: 370.000 Thread 0x000001c6b8b23490 Thread added: 0x000001c6d6a23300


Dynamic libraries:
0x00007ff7bf7b0000 - 0x00007ff7bf7be000 	C:\Users\chae0\.vscode\extensions\redhat.java-1.56.0-win32-x64\jre\21.0.12.1-win32-x86_64\bin\java.exe
0x00007ffe53c40000 - 0x00007ffe53ea6000 	C:\WINDOWS\SYSTEM32\ntdll.dll
0x00007ffe52d90000 - 0x00007ffe52e59000 	C:\WINDOWS\System32\KERNEL32.DLL
0x00007ffe51010000 - 0x00007ffe5140f000 	C:\WINDOWS\System32\KERNELBASE.dll
0x00007ffe51590000 - 0x00007ffe516dc000 	C:\WINDOWS\System32\ucrtbase.dll
0x00007ffe3cdc0000 - 0x00007ffe3cdd8000 	C:\Users\chae0\.vscode\extensions\redhat.java-1.56.0-win32-x64\jre\21.0.12.1-win32-x86_64\bin\jli.dll
0x00007ffe52e60000 - 0x00007ffe53026000 	C:\WINDOWS\System32\USER32.dll
0x00007ffe50fe0000 - 0x00007ffe51007000 	C:\WINDOWS\System32\win32u.dll
0x00007ffe52790000 - 0x00007ffe527bb000 	C:\WINDOWS\System32\GDI32.dll
0x00007ffe51840000 - 0x00007ffe51969000 	C:\WINDOWS\System32\gdi32full.dll
0x00007ffe514e0000 - 0x00007ffe51583000 	C:\WINDOWS\System32\msvcp_win.dll
0x00007ffe34960000 - 0x00007ffe34bf1000 	C:\WINDOWS\WinSxS\amd64_microsoft.windows.common-controls_6595b64144ccf1df_6.0.26100.8972_none_3e0da176e32f9d4b\COMCTL32.dll
0x00007ffe51d70000 - 0x00007ffe51e19000 	C:\WINDOWS\System32\msvcrt.dll
0x00007ffe3cde0000 - 0x00007ffe3cdfe000 	C:\Users\chae0\.vscode\extensions\redhat.java-1.56.0-win32-x64\jre\21.0.12.1-win32-x86_64\bin\VCRUNTIME140.dll
0x00007ffe52c10000 - 0x00007ffe52c42000 	C:\WINDOWS\System32\IMM32.DLL
0x00007ffe4d7a0000 - 0x00007ffe4d7ac000 	C:\Users\chae0\.vscode\extensions\redhat.java-1.56.0-win32-x64\jre\21.0.12.1-win32-x86_64\bin\vcruntime140_1.dll
0x00007ffe2ff60000 - 0x00007ffe2ffed000 	C:\Users\chae0\.vscode\extensions\redhat.java-1.56.0-win32-x64\jre\21.0.12.1-win32-x86_64\bin\msvcp140.dll
0x00007ffd81b10000 - 0x00007ffd828b2000 	C:\Users\chae0\.vscode\extensions\redhat.java-1.56.0-win32-x64\jre\21.0.12.1-win32-x86_64\bin\server\jvm.dll
0x00007ffe53050000 - 0x00007ffe5310c000 	C:\WINDOWS\System32\ADVAPI32.dll
0x00007ffe52b50000 - 0x00007ffe52bfa000 	C:\WINDOWS\System32\sechost.dll
0x00007ffe519e0000 - 0x00007ffe51af8000 	C:\WINDOWS\System32\RPCRT4.dll
0x00007ffe52d00000 - 0x00007ffe52d82000 	C:\WINDOWS\System32\WS2_32.dll
0x00007ffe50cb0000 - 0x00007ffe50d0e000 	C:\WINDOWS\SYSTEM32\POWRPROF.dll
0x00007ffe457f0000 - 0x00007ffe45826000 	C:\WINDOWS\SYSTEM32\WINMM.dll
0x00007ffe36750000 - 0x00007ffe3675b000 	C:\WINDOWS\SYSTEM32\VERSION.dll
0x00007ffe50c90000 - 0x00007ffe50ca5000 	C:\WINDOWS\SYSTEM32\UMPDC.dll
0x00007ffe4fb40000 - 0x00007ffe4fb5b000 	C:\WINDOWS\SYSTEM32\kernel.appcore.dll
0x00007ffe4c9d0000 - 0x00007ffe4c9da000 	C:\Users\chae0\.vscode\extensions\redhat.java-1.56.0-win32-x64\jre\21.0.12.1-win32-x86_64\bin\jimage.dll
0x00007ffe4e4f0000 - 0x00007ffe4e732000 	C:\WINDOWS\SYSTEM32\DBGHELP.DLL
0x00007ffe527c0000 - 0x00007ffe52b45000 	C:\WINDOWS\System32\combase.dll
0x00007ffe525b0000 - 0x00007ffe52689000 	C:\WINDOWS\System32\OLEAUT32.dll
0x00007ffe34c30000 - 0x00007ffe34c6b000 	C:\WINDOWS\SYSTEM32\dbgcore.DLL
0x00007ffe51420000 - 0x00007ffe514cc000 	C:\WINDOWS\System32\bcryptPrimitives.dll
0x00007ffe3d250000 - 0x00007ffe3d25f000 	C:\Users\chae0\.vscode\extensions\redhat.java-1.56.0-win32-x64\jre\21.0.12.1-win32-x86_64\bin\instrument.dll
0x00007ffe40810000 - 0x00007ffe40830000 	C:\Users\chae0\.vscode\extensions\redhat.java-1.56.0-win32-x64\jre\21.0.12.1-win32-x86_64\bin\java.dll
0x00007ffe51e20000 - 0x00007ffe525a8000 	C:\WINDOWS\System32\SHELL32.dll
0x00007ffe4e920000 - 0x00007ffe4f1bb000 	C:\WINDOWS\SYSTEM32\windows.storage.dll
0x00007ffe51c70000 - 0x00007ffe51d69000 	C:\WINDOWS\System32\SHCORE.dll
0x00007ffe51970000 - 0x00007ffe519d6000 	C:\WINDOWS\System32\shlwapi.dll
0x00007ffe50d70000 - 0x00007ffe50d99000 	C:\WINDOWS\SYSTEM32\profapi.dll
0x00007ffe3d7d0000 - 0x00007ffe3d7e8000 	C:\Users\chae0\.vscode\extensions\redhat.java-1.56.0-win32-x64\jre\21.0.12.1-win32-x86_64\bin\zip.dll
0x00007ffe3cf80000 - 0x00007ffe3cf90000 	C:\Users\chae0\.vscode\extensions\redhat.java-1.56.0-win32-x64\jre\21.0.12.1-win32-x86_64\bin\net.dll
0x00007ffe49d60000 - 0x00007ffe49e88000 	C:\WINDOWS\SYSTEM32\WINHTTP.dll
0x00007ffe500f0000 - 0x00007ffe5015c000 	C:\WINDOWS\system32\mswsock.dll
0x00007ffe3c5b0000 - 0x00007ffe3c5c6000 	C:\Users\chae0\.vscode\extensions\redhat.java-1.56.0-win32-x64\jre\21.0.12.1-win32-x86_64\bin\nio.dll
0x00007ffe3d240000 - 0x00007ffe3d250000 	C:\Users\chae0\.vscode\extensions\redhat.java-1.56.0-win32-x64\jre\21.0.12.1-win32-x86_64\bin\verify.dll
0x00007ffe10c10000 - 0x00007ffe10c37000 	C:\Users\chae0\.gradle\native\660c5614fbf4a5f2a75b1949f50a0caf5cd603558e7d8a26e50b933a0cfb79d1\windows-amd64\native-platform.dll
0x00007ffdc78f0000 - 0x00007ffdc7967000 	C:\Users\chae0\.gradle\native\0.2.8\x86_64-windows-gnu\gradle-fileevents.dll
0x00007ffe3cc50000 - 0x00007ffe3cc5a000 	C:\Users\chae0\.vscode\extensions\redhat.java-1.56.0-win32-x64\jre\21.0.12.1-win32-x86_64\bin\management.dll
0x00007ffe37d10000 - 0x00007ffe37d1c000 	C:\Users\chae0\.vscode\extensions\redhat.java-1.56.0-win32-x64\jre\21.0.12.1-win32-x86_64\bin\management_ext.dll
0x00007ffe536d0000 - 0x00007ffe536d8000 	C:\WINDOWS\System32\PSAPI.DLL
0x00007ffe4f5c0000 - 0x00007ffe4f5f3000 	C:\WINDOWS\SYSTEM32\IPHLPAPI.DLL
0x00007ffe52c00000 - 0x00007ffe52c0a000 	C:\WINDOWS\System32\NSI.dll
0x00007ffe34c70000 - 0x00007ffe34c79000 	C:\Users\chae0\.vscode\extensions\redhat.java-1.56.0-win32-x64\jre\21.0.12.1-win32-x86_64\bin\extnet.dll
0x00007ffe503e0000 - 0x00007ffe503fb000 	C:\WINDOWS\SYSTEM32\CRYPTSP.dll
0x00007ffe4faa0000 - 0x00007ffe4fad9000 	C:\WINDOWS\system32\rsaenh.dll
0x00007ffe501a0000 - 0x00007ffe501d2000 	C:\WINDOWS\SYSTEM32\USERENV.dll
0x00007ffe50d40000 - 0x00007ffe50d6a000 	C:\WINDOWS\SYSTEM32\bcrypt.dll
0x00007ffe50400000 - 0x00007ffe5040c000 	C:\WINDOWS\SYSTEM32\CRYPTBASE.dll
0x00007ffe325f0000 - 0x00007ffe325fe000 	C:\Users\chae0\.vscode\extensions\redhat.java-1.56.0-win32-x64\jre\21.0.12.1-win32-x86_64\bin\sunmscapi.dll
0x00007ffe50e50000 - 0x00007ffe50fce000 	C:\WINDOWS\System32\CRYPT32.dll
0x00007ffe50620000 - 0x00007ffe50650000 	C:\WINDOWS\SYSTEM32\ncrypt.dll
0x00007ffe505d0000 - 0x00007ffe5060f000 	C:\WINDOWS\SYSTEM32\NTASN1.dll
0x00007ffe25ed0000 - 0x00007ffe25ed8000 	C:\WINDOWS\system32\wshunix.dll

JVMTI agents:
C:\Users\chae0\.gradle\wrapper\dists\gradle-9.4.1-bin\arn2x92ynaizyzdaamcbpbhtj\gradle-9.4.1\lib\agents\gradle-instrumentation-agent-9.4.1.jar path:C:\Users\chae0\.vscode\extensions\redhat.java-1.56.0-win32-x64\jre\21.0.12.1-win32-x86_64\bin\instrument.dll, loaded, initialized, instrumentlib options:none

dbghelp: loaded successfully - version: 4.0.5 - missing functions: none
symbol engine: initialized successfully - sym options: 0x614 - pdb path: .;C:\Users\chae0\.vscode\extensions\redhat.java-1.56.0-win32-x64\jre\21.0.12.1-win32-x86_64\bin;C:\WINDOWS\SYSTEM32;C:\WINDOWS\WinSxS\amd64_microsoft.windows.common-controls_6595b64144ccf1df_6.0.26100.8972_none_3e0da176e32f9d4b;C:\Users\chae0\.vscode\extensions\redhat.java-1.56.0-win32-x64\jre\21.0.12.1-win32-x86_64\bin\server;C:\Users\chae0\.gradle\native\660c5614fbf4a5f2a75b1949f50a0caf5cd603558e7d8a26e50b933a0cfb79d1\windows-amd64;C:\Users\chae0\.gradle\native\0.2.8\x86_64-windows-gnu

VM Arguments:
jvm_args: --add-opens=java.base/java.lang=ALL-UNNAMED --add-opens=java.base/java.lang.invoke=ALL-UNNAMED --add-opens=java.base/java.util=ALL-UNNAMED --add-opens=java.prefs/java.util.prefs=ALL-UNNAMED --add-exports=jdk.compiler/com.sun.tools.javac.api=ALL-UNNAMED --add-exports=jdk.compiler/com.sun.tools.javac.util=ALL-UNNAMED --add-opens=java.base/java.util=ALL-UNNAMED --add-opens=java.prefs/java.util.prefs=ALL-UNNAMED --add-opens=java.base/java.nio.charset=ALL-UNNAMED --add-opens=java.base/java.net=ALL-UNNAMED --add-opens=java.base/java.util.concurrent=ALL-UNNAMED --add-opens=java.base/java.util.concurrent.atomic=ALL-UNNAMED --add-opens=java.xml/javax.xml.namespace=ALL-UNNAMED --add-opens=java.base/java.time=ALL-UNNAMED -XX:MaxMetaspaceSize=384m -XX:+HeapDumpOnOutOfMemoryError -Xms256m -Xmx512m -Dfile.encoding=UTF-8 -Duser.country=KR -Duser.language=ko -Duser.variant -javaagent:C:\Users\chae0\.gradle\wrapper\dists\gradle-9.4.1-bin\arn2x92ynaizyzdaamcbpbhtj\gradle-9.4.1\lib\agents\gradle-instrumentation-agent-9.4.1.jar 
java_command: org.gradle.launcher.daemon.bootstrap.GradleDaemon 9.4.1
java_class_path (initial): C:\Users\chae0\.gradle\wrapper\dists\gradle-9.4.1-bin\arn2x92ynaizyzdaamcbpbhtj\gradle-9.4.1\lib\gradle-daemon-main-9.4.1.jar
Launcher Type: SUN_STANDARD

[Global flags]
     intx CICompilerCount                          = 12                                        {product} {ergonomic}
   size_t CompressedClassSpaceSize                 = 335544320                                 {product} {ergonomic}
     uint ConcGCThreads                            = 3                                         {product} {ergonomic}
     uint G1ConcRefinementThreads                  = 13                                        {product} {ergonomic}
   size_t G1HeapRegionSize                         = 1048576                                   {product} {ergonomic}
    uintx GCDrainStackTargetSize                   = 64                                        {product} {ergonomic}
     bool HeapDumpOnOutOfMemoryError               = true                                   {manageable} {command line}
   size_t InitialHeapSize                          = 268435456                                 {product} {command line}
   size_t MarkStackSize                            = 4194304                                   {product} {ergonomic}
   size_t MaxHeapSize                              = 536870912                                 {product} {command line}
   size_t MaxMetaspaceSize                         = 402653184                                 {product} {command line}
   size_t MaxNewSize                               = 321912832                                 {product} {ergonomic}
   size_t MinHeapDeltaBytes                        = 1048576                                   {product} {ergonomic}
   size_t MinHeapSize                              = 268435456                                 {product} {command line}
    uintx NonNMethodCodeHeapSize                   = 7602480                                {pd product} {ergonomic}
    uintx NonProfiledCodeHeapSize                  = 122027880                              {pd product} {ergonomic}
    uintx ProfiledCodeHeapSize                     = 122027880                              {pd product} {ergonomic}
    uintx ReservedCodeCacheSize                    = 251658240                              {pd product} {ergonomic}
     bool SegmentedCodeCache                       = true                                      {product} {ergonomic}
   size_t SoftMaxHeapSize                          = 536870912                              {manageable} {ergonomic}
     bool UseCompressedOops                        = true                           {product lp64_product} {ergonomic}
     bool UseG1GC                                  = true                                      {product} {ergonomic}
     bool UseLargePagesIndividualAllocation        = false                                  {pd product} {ergonomic}

Logging:
Log output configuration:
 #0: stdout all=warning uptime,level,tags foldmultilines=false
 #1: stderr all=off uptime,level,tags foldmultilines=false

Release file:
JAVA_VERSION="21.0.12.1" 
MODULES="java.base java.compiler java.datatransfer java.xml java.prefs java.desktop java.instrument java.logging java.management java.security.sasl java.naming java.rmi java.management.rmi java.net.http java.scripting java.security.jgss java.transaction.xa java.sql java.sql.rowset java.xml.crypto java.se java.smartcardio jdk.accessibility jdk.internal.jvmstat jdk.attach jdk.charsets jdk.internal.opt jdk.zipfs jdk.compiler jdk.crypto.ec jdk.crypto.cryptoki jdk.crypto.mscapi jdk.dynalink jdk.internal.ed jdk.editpad jdk.hotspot.agent jdk.httpserver jdk.internal.le jdk.internal.vm.ci jdk.internal.vm.compiler jdk.internal.vm.compiler.management jdk.jartool jdk.javadoc jdk.jcmd jdk.management jdk.management.agent jdk.jconsole jdk.jdeps jdk.jdwp.agent jdk.jdi jdk.jfr jdk.jshell jdk.jsobject jdk.jstatd jdk.localedata jdk.management.jfr jdk.naming.dns jdk.naming.rmi jdk.net jdk.nio.mapmode jdk.random jdk.sctp jdk.security.auth jdk.security.jgss jdk.unsupported jdk.unsupported.desktop jdk.xml.dom" 

Environment Variables:
JAVA_HOME=C:\Program Files\Java\jdk-21
PATH=C:\Python314\Scripts\;C:\Python314\;C:\Program Files (x86)\VMware\VMware Workstation\bin\;C:\Program Files\Common Files\Oracle\Java\javapath;C:\WINDOWS\system32;C:\WINDOWS;C:\WINDOWS\System32\Wbem;C:\WINDOWS\System32\WindowsPowerShell\v1.0\;C:\WINDOWS\System32\OpenSSH\;C:\Program Files\Java\jdk-21\bin\;C:\Program Files\Java\jdk-21bin;C:\Program Files\Microsoft SQL Server\Client SDK\ODBC\170\Tools\Binn\;C:\Program Files (x86)\Microsoft SQL Server\150\Tools\Binn\;C:\Program Files\Microsoft SQL Server\150\Tools\Binn\;C:\Program Files\Microsoft SQL Server\150\DTS\Binn\;C:\Program Files (x86)\Microsoft SQL Server\150\DTS\Binn\;C:\Program Files\Azure Data Studio\bin;C:\Program Files\Java\jdk-21BIN;C:\Users\chae0\Downloads\node-v22.13.1-win-x64\;D:\Git\cmd;C:\Users\chae0\AppData\Local\Android\Sdk\platform-tools;C:\Program Files\dotnet\;C:\Program Files\nodejs\;C:\ProgramData\chocolatey\bin;C:\Users\chae0\AppData\Local\Android\Sdk\platform-tools;C:\Program Files\MySQL\MySQL Server 8.0\bin;C:\Users\chae0\AppData\Local\Programs\Python\Launcher\;C:\Users\chae0\AppData\Local\Microsoft\WindowsApps;C:\Program Files\Java\jdk-21\bin;C:\Program Files\Azure Data Studio\bin;C:\Users\chae0\AppData\Local\Programs\Microsoft VS Code\bin;C:\Users\chae0\.dotnet\tools;D:\downloads\flutter_windows_3.35.5-stable\flutter\bin;C:\Users\chae0\AppData\Roaming\npm
USERNAME=chae0
OS=Windows_NT
PROCESSOR_IDENTIFIER=Intel64 Family 6 Model 154 Stepping 3, GenuineIntel
TMP=C:\Users\chae0\AppData\Local\Temp
TEMP=C:\Users\chae0\AppData\Local\Temp




Periodic native trim disabled

---------------  S Y S T E M  ---------------

OS:
 Windows 11 , 64 bit Build 26100 (10.0.26100.9168)
OS uptime: 0 days 3:06 hours

CPU: total 16 (initial active 16) (16 cores per cpu, 1 threads per core) family 6 model 154 stepping 3 microcode 0x421, cx8, cmov, fxsr, mmx, 3dnowpref, sse, sse2, sse3, ssse3, sse4.1, sse4.2, popcnt, lzcnt, tsc, tscinvbit, avx, avx2, aes, erms, clmul, bmi1, bmi2, adx, sha, fma, vzeroupper, clflush, clflushopt, clwb, serialize, rdtscp, rdpid, fsrm, f16c, pku, cet_ibt, cet_ss
Processor Information for processor 0
  Max Mhz: 1700, Current Mhz: 1457, Mhz Limit: 1700
Processor Information for processor 1
  Max Mhz: 1700, Current Mhz: 1457, Mhz Limit: 1700
Processor Information for processor 2
  Max Mhz: 1700, Current Mhz: 1457, Mhz Limit: 1700
Processor Information for processor 3
  Max Mhz: 1700, Current Mhz: 1457, Mhz Limit: 1700
Processor Information for processor 4
  Max Mhz: 1700, Current Mhz: 1457, Mhz Limit: 1700
Processor Information for processor 5
  Max Mhz: 1700, Current Mhz: 1457, Mhz Limit: 1700
Processor Information for processor 6
  Max Mhz: 1700, Current Mhz: 1457, Mhz Limit: 1700
Processor Information for processor 7
  Max Mhz: 1700, Current Mhz: 1457, Mhz Limit: 1700
Processor Information for processor 8
  Max Mhz: 1700, Current Mhz: 1558, Mhz Limit: 1700
Processor Information for processor 9
  Max Mhz: 1700, Current Mhz: 1558, Mhz Limit: 1700
Processor Information for processor 10
  Max Mhz: 1700, Current Mhz: 1558, Mhz Limit: 1700
Processor Information for processor 11
  Max Mhz: 1700, Current Mhz: 1558, Mhz Limit: 1700
Processor Information for processor 12
  Max Mhz: 1700, Current Mhz: 1558, Mhz Limit: 1700
Processor Information for processor 13
  Max Mhz: 1700, Current Mhz: 1558, Mhz Limit: 1700
Processor Information for processor 14
  Max Mhz: 1700, Current Mhz: 1558, Mhz Limit: 1700
Processor Information for processor 15
  Max Mhz: 1700, Current Mhz: 1558, Mhz Limit: 1700

Memory: 4k page, system-wide physical 16066M (2364M free)
TotalPageFile size 44125M (AvailPageFile size 707M)
current process WorkingSet (physical memory assigned to process): 355M, peak: 355M
current process commit charge ("private bytes"): 502M, peak: 502M

vm_info: OpenJDK 64-Bit Server VM (21.0.12.1+1-LTS) for windows-amd64 JRE (21.0.12.1+1-LTS), built on 2026-08-18T00:00:00Z by "admin" with MS VC++ 17.12 (VS2022)

END.
