#
# There is insufficient memory for the Java Runtime Environment to continue.
# Native memory allocation (malloc) failed to allocate 127616 bytes. Error detail: Chunk::new
# Possible reasons:
#   The system is out of physical RAM or swap space
#   This process is running with CompressedOops enabled, and the Java Heap may be blocking the growth of the native heap
# Possible solutions:
#   Reduce memory load on the system
#   Increase physical memory or swap space
#   Check if swap backing store is full
#   Decrease Java heap size (-Xmx/-Xms)
#   Decrease number of Java threads
#   Decrease Java thread stack sizes (-Xss)
#   Set larger code cache with -XX:ReservedCodeCacheSize=
#   JVM is running with Unscaled Compressed Oops mode in which the Java heap is
#     placed in the first 4GB address space. The Java Heap base address is the
#     maximum limit for the native heap growth. Please use -XX:HeapBaseMinAddress
#     to set the Java Heap base and to place the Java Heap above 4GB virtual address.
# This output file may be truncated or incomplete.
#
#  Out of Memory Error (arena.cpp:168), pid=39164, tid=32260
#
# JRE version: OpenJDK Runtime Environment Temurin-21.0.12.1+1 (21.0.12.1+1) (build 21.0.12.1+1-LTS)
# Java VM: OpenJDK 64-Bit Server VM Temurin-21.0.12.1+1 (21.0.12.1+1-LTS, mixed mode, sharing, tiered, compressed oops, compressed class ptrs, g1 gc, windows-amd64)
# No core dump will be written. Minidumps are not enabled by default on client versions of Windows
#

---------------  S U M M A R Y ------------

Command Line: --add-opens=java.base/java.lang=ALL-UNNAMED --add-opens=java.base/java.lang.invoke=ALL-UNNAMED --add-opens=java.base/java.util=ALL-UNNAMED --add-opens=java.prefs/java.util.prefs=ALL-UNNAMED --add-exports=jdk.compiler/com.sun.tools.javac.api=ALL-UNNAMED --add-exports=jdk.compiler/com.sun.tools.javac.util=ALL-UNNAMED --add-opens=java.base/java.util=ALL-UNNAMED --add-opens=java.prefs/java.util.prefs=ALL-UNNAMED --add-opens=java.base/java.nio.charset=ALL-UNNAMED --add-opens=java.base/java.net=ALL-UNNAMED --add-opens=java.base/java.util.concurrent=ALL-UNNAMED --add-opens=java.base/java.util.concurrent.atomic=ALL-UNNAMED --add-opens=java.xml/javax.xml.namespace=ALL-UNNAMED --add-opens=java.base/java.time=ALL-UNNAMED -XX:MaxMetaspaceSize=384m -XX:+HeapDumpOnOutOfMemoryError -Xms256m -Xmx512m -Dfile.encoding=UTF-8 -Duser.country=KR -Duser.language=ko -Duser.variant -javaagent:C:\Users\chae0\.gradle\wrapper\dists\gradle-9.4.1-bin\arn2x92ynaizyzdaamcbpbhtj\gradle-9.4.1\lib\agents\gradle-instrumentation-agent-9.4.1.jar org.gradle.launcher.daemon.bootstrap.GradleDaemon 9.4.1

Host: 12th Gen Intel(R) Core(TM) i5-1240P, 16 cores, 15G,  Windows 11 , 64 bit Build 26100 (10.0.26100.9168)
Time: Tue Sep  8 14:20:22 2026 elapsed time: 133.454665 seconds (0d 0h 2m 13s)

---------------  T H R E A D  ---------------

Current thread (0x00000210f54f9880):  JavaThread "C2 CompilerThread0" daemon [_thread_in_native, id=32260, stack(0x000000e383e00000,0x000000e383f00000) (1024K)]


Current CompileTask:
C2:133463 8373   !   4       jdk.internal.reflect.DirectConstructorHandleAccessor::newInstance (130 bytes)

Stack: [0x000000e383e00000,0x000000e383f00000]
Native frames: (J=compiled Java code, j=interpreted, Vv=VM code, C=native code)
V  [jvm.dll+0x6d83e9]
V  [jvm.dll+0x8b5736]
V  [jvm.dll+0x8b7cee]
V  [jvm.dll+0x8b83d3]
V  [jvm.dll+0x284596]
V  [jvm.dll+0xc685d]
V  [jvm.dll+0xc6da1]
V  [jvm.dll+0x3bf18b]
V  [jvm.dll+0x38b6d2]
V  [jvm.dll+0x38ab1a]
V  [jvm.dll+0x24c700]
V  [jvm.dll+0x24bce0]
V  [jvm.dll+0x1cb4ae]
V  [jvm.dll+0x25baad]
V  [jvm.dll+0x25a03a]
V  [jvm.dll+0x3f8aae]
V  [jvm.dll+0x8600cd]
V  [jvm.dll+0x6d6c1d]
C  [ucrtbase.dll+0x2cd30]
C  [KERNEL32.DLL+0x2ccb7]
C  [ntdll.dll+0xaad6c]


---------------  P R O C E S S  ---------------

Threads class SMR info:
_java_thread_list=0x00000210fef4f300, length=76, elements={
0x00000210ee0c8020, 0x00000210f54e1860, 0x00000210f54e1ed0, 0x00000210f54e6660,
0x00000210f54e7060, 0x00000210f54f4230, 0x00000210f54f8ee0, 0x00000210f54f9880,
0x00000210f550c2b0, 0x00000210f580a580, 0x00000210f5750450, 0x00000210fa58da10,
0x00000210fa567d50, 0x00000210fbc6b2c0, 0x00000210fbc691f0, 0x00000210fbc69880,
0x00000210fc568990, 0x00000210fc569020, 0x00000210fc568300, 0x00000210fc567c70,
0x00000210fc56a3d0, 0x00000210fc56aa60, 0x00000210fc5675e0, 0x00000210fc56d1c0,
0x00000210fc56b0f0, 0x00000210fc56b780, 0x00000210fe0f0490, 0x00000210fe0ed010,
0x00000210fe0f0b20, 0x00000210fe0ed6a0, 0x00000210fee74d10, 0x00000210fee753a0,
0x00000210fee73ff0, 0x00000210fee77470, 0x00000210fee76de0, 0x00000210fee760c0,
0x00000210fee74680, 0x00000210fee78820, 0x00000210fee78190, 0x00000210fee7a8f0,
0x00000210fee78eb0, 0x00000210fe0f11b0, 0x00000210fe0f3fa0, 0x00000210fe0f2bf0,
0x00000210fe0ef770, 0x00000210fe0f1840, 0x00000210fe0ee3c0, 0x00000210fe0f3280,
0x00000210fe0efe00, 0x00000210fe0f1ed0, 0x00000210fe0f2560, 0x00000210fe0ef0e0,
0x00000210fe0f4630, 0x00000210fee77b00, 0x00000210fee75a30, 0x00000210fe51fbc0,
0x00000210fee79540, 0x00000210fee79bd0, 0x00000210fee7b610, 0x00000210fee7a260,
0x00000210fee7af80, 0x00000210fc569d40, 0x00000210fc5668c0, 0x00000210fc56c4a0,
0x00000210fc56cb30, 0x00000210fc56d850, 0x00000210fbc6ac30, 0x00000210fbc6b950,
0x00000210fbc68b60, 0x00000210fbc69f10, 0x00000210fbc6a5a0, 0x00000210fdb632b0,
0x00000210fcc1d930, 0x00000210fcc1dfe0, 0x00000210fdb63940, 0x00000210fe3bdd70
}

Java Threads: ( => current thread )
  0x00000210ee0c8020 JavaThread "main"                              [_thread_blocked, id=22848, stack(0x000000e383000000,0x000000e383100000) (1024K)]
  0x00000210f54e1860 JavaThread "Reference Handler"          daemon [_thread_blocked, id=25596, stack(0x000000e383800000,0x000000e383900000) (1024K)]
  0x00000210f54e1ed0 JavaThread "Finalizer"                  daemon [_thread_blocked, id=30796, stack(0x000000e383900000,0x000000e383a00000) (1024K)]
  0x00000210f54e6660 JavaThread "Signal Dispatcher"          daemon [_thread_blocked, id=36072, stack(0x000000e383a00000,0x000000e383b00000) (1024K)]
  0x00000210f54e7060 JavaThread "Attach Listener"            daemon [_thread_blocked, id=33236, stack(0x000000e383b00000,0x000000e383c00000) (1024K)]
  0x00000210f54f4230 JavaThread "Service Thread"             daemon [_thread_blocked, id=12100, stack(0x000000e383c00000,0x000000e383d00000) (1024K)]
  0x00000210f54f8ee0 JavaThread "Monitor Deflation Thread"   daemon [_thread_blocked, id=29968, stack(0x000000e383d00000,0x000000e383e00000) (1024K)]
=>0x00000210f54f9880 JavaThread "C2 CompilerThread0"         daemon [_thread_in_native, id=32260, stack(0x000000e383e00000,0x000000e383f00000) (1024K)]
  0x00000210f550c2b0 JavaThread "C1 CompilerThread0"         daemon [_thread_blocked, id=32672, stack(0x000000e383f00000,0x000000e384000000) (1024K)]
  0x00000210f580a580 JavaThread "Common-Cleaner"             daemon [_thread_blocked, id=33532, stack(0x000000e384000000,0x000000e384100000) (1024K)]
  0x00000210f5750450 JavaThread "Notification Thread"        daemon [_thread_blocked, id=40776, stack(0x000000e384100000,0x000000e384200000) (1024K)]
  0x00000210fa58da10 JavaThread "Daemon health stats"               [_thread_blocked, id=3272, stack(0x000000e384800000,0x000000e384900000) (1024K)]
  0x00000210fa567d50 JavaThread "Incoming local TCP Connector on port 52717"        [_thread_in_native, id=30972, stack(0x000000e384b00000,0x000000e384c00000) (1024K)]
  0x00000210fbc6b2c0 JavaThread "Daemon periodic checks"            [_thread_blocked, id=7820, stack(0x000000e384c00000,0x000000e384d00000) (1024K)]
  0x00000210fbc691f0 JavaThread "Daemon"                            [_thread_blocked, id=7412, stack(0x000000e384d00000,0x000000e384e00000) (1024K)]
  0x00000210fbc69880 JavaThread "Daemon worker"                     [_thread_in_Java, id=25676, stack(0x000000e385000000,0x000000e385100000) (1024K)]
  0x00000210fc568990 JavaThread "Cache worker for journal cache (C:\Users\chae0\.gradle\caches\journal-1)"        [_thread_blocked, id=24672, stack(0x000000e385400000,0x000000e385500000) (1024K)]
  0x00000210fc569020 JavaThread "File lock request listener"        [_thread_in_native, id=25892, stack(0x000000e385500000,0x000000e385600000) (1024K)]
  0x00000210fc568300 JavaThread "Cache worker for file hash cache (C:\Users\chae0\.gradle\caches\9.4.1\fileHashes)"        [_thread_blocked, id=42528, stack(0x000000e385600000,0x000000e385700000) (1024K)]
  0x00000210fc567c70 JavaThread "File lock release action executor"        [_thread_blocked, id=20888, stack(0x000000e385800000,0x000000e385900000) (1024K)]
  0x00000210fc56a3d0 JavaThread "File watcher server"        daemon [_thread_in_native, id=7696, stack(0x000000e384900000,0x000000e384a00000) (1024K)]
  0x00000210fc56aa60 JavaThread "File watcher consumer"      daemon [_thread_blocked, id=42520, stack(0x000000e386200000,0x000000e386300000) (1024K)]
  0x00000210fc5675e0 JavaThread "jar transforms"                    [_thread_blocked, id=12480, stack(0x000000e386300000,0x000000e386400000) (1024K)]
  0x00000210fc56d1c0 JavaThread "jar transforms Thread 2"           [_thread_blocked, id=20676, stack(0x000000e386400000,0x000000e386500000) (1024K)]
  0x00000210fc56b0f0 JavaThread "Cache worker for file content cache (C:\Users\chae0\.gradle\caches\9.4.1\fileContent)"        [_thread_blocked, id=28564, stack(0x000000e384700000,0x000000e384800000) (1024K)]
  0x00000210fc56b780 JavaThread "jar transforms Thread 3"           [_thread_blocked, id=28464, stack(0x000000e386500000,0x000000e386600000) (1024K)]
  0x00000210fe0f0490 JavaThread "jar transforms Thread 4"           [_thread_blocked, id=8232, stack(0x000000e386b00000,0x000000e386c00000) (1024K)]
  0x00000210fe0ed010 JavaThread "jar transforms Thread 5"           [_thread_blocked, id=32396, stack(0x000000e386c00000,0x000000e386d00000) (1024K)]
  0x00000210fe0f0b20 JavaThread "jar transforms Thread 6"           [_thread_blocked, id=6000, stack(0x000000e386d00000,0x000000e386e00000) (1024K)]
  0x00000210fe0ed6a0 JavaThread "jar transforms Thread 7"           [_thread_blocked, id=39736, stack(0x000000e386f00000,0x000000e387000000) (1024K)]
  0x00000210fee74d10 JavaThread "Memory manager"                    [_thread_blocked, id=33176, stack(0x000000e387e00000,0x000000e387f00000) (1024K)]
  0x00000210fee753a0 JavaThread "jar transforms Thread 8"           [_thread_blocked, id=30528, stack(0x000000e387f00000,0x000000e388000000) (1024K)]
  0x00000210fee73ff0 JavaThread "VFS cleanup"                       [_thread_blocked, id=27132, stack(0x000000e382f00000,0x000000e383000000) (1024K)]
  0x00000210fee77470 JavaThread "Handler for socket connection from /127.0.0.1:52717 to /127.0.0.1:58360"        [_thread_in_native, id=38776, stack(0x000000e382d00000,0x000000e382e00000) (1024K)]
  0x00000210fee76de0 JavaThread "Daemon Thread 2"                   [_thread_blocked, id=34668, stack(0x000000e382e00000,0x000000e382f00000) (1024K)]
  0x00000210fee760c0 JavaThread "Daemon Thread 3"                   [_thread_blocked, id=10988, stack(0x000000e384e00000,0x000000e384f00000) (1024K)]
  0x00000210fee74680 JavaThread "Daemon Thread 4"                   [_thread_blocked, id=32296, stack(0x000000e385100000,0x000000e385200000) (1024K)]
  0x00000210fee78820 JavaThread "Daemon Thread 5"                   [_thread_blocked, id=38060, stack(0x000000e385300000,0x000000e385400000) (1024K)]
  0x00000210fee78190 JavaThread "Daemon Thread 6"                   [_thread_blocked, id=8548, stack(0x000000e386600000,0x000000e386700000) (1024K)]
  0x00000210fee7a8f0 JavaThread "Cancel handler"                    [_thread_blocked, id=34500, stack(0x000000e386800000,0x000000e386900000) (1024K)]
  0x00000210fee78eb0 JavaThread "Daemon Thread 7"                   [_thread_blocked, id=5592, stack(0x000000e386a00000,0x000000e386b00000) (1024K)]
  0x00000210fe0f11b0 JavaThread "Daemon Thread 8"                   [_thread_blocked, id=14988, stack(0x000000e387200000,0x000000e387300000) (1024K)]
  0x00000210fe0f3fa0 JavaThread "VFS cleanup Thread 2"              [_thread_blocked, id=33908, stack(0x000000e386900000,0x000000e386a00000) (1024K)]
  0x00000210fe0f2bf0 JavaThread "VFS cleanup Thread 3"              [_thread_blocked, id=27224, stack(0x000000e387100000,0x000000e387200000) (1024K)]
  0x00000210fe0ef770 JavaThread "VFS cleanup Thread 4"              [_thread_blocked, id=34312, stack(0x000000e387400000,0x000000e387500000) (1024K)]
  0x00000210fe0f1840 JavaThread "VFS cleanup Thread 5"              [_thread_blocked, id=13876, stack(0x000000e387500000,0x000000e387600000) (1024K)]
  0x00000210fe0ee3c0 JavaThread "VFS cleanup Thread 6"              [_thread_blocked, id=25760, stack(0x000000e387600000,0x000000e387700000) (1024K)]
  0x00000210fe0f3280 JavaThread "Asynchronous log dispatcher for DefaultDaemonConnection: socket connection from /127.0.0.1:52717 to /127.0.0.1:58360"        [_thread_blocked, id=26780, stack(0x000000e384a00000,0x000000e384b00000) (1024K)]
  0x00000210fe0efe00 JavaThread "Stdin handler"                     [_thread_blocked, id=14156, stack(0x000000e385200000,0x000000e385300000) (1024K)]
  0x00000210fe0f1ed0 JavaThread "Daemon client event forwarder"        [_thread_blocked, id=5912, stack(0x000000e386100000,0x000000e386200000) (1024K)]
  0x00000210fe0f2560 Thread "Unknown thread"                        [id=28660, stack(0x000000e386700000,0x000000e386800000) (1024K)]
  0x00000210fe0ef0e0 Thread "Unknown thread"                        [id=10588, stack(0x000000e386e00000,0x000000e386f00000) (1024K)]
  0x00000210fe0f4630 Thread "Unknown thread"                        [id=30160, stack(0x000000e384f00000,0x000000e385000000) (1024K)]
  0x00000210fee77b00 Thread "Unknown thread"                        [id=10764, stack(0x000000e387000000,0x000000e387100000) (1024K)]
  0x00000210fee75a30 Thread "Unknown thread"                        [id=22920, stack(0x000000e387300000,0x000000e387400000) (1024K)]
  0x00000210fe51fbc0 JavaThread "C1 CompilerThread1"         daemon [_thread_blocked, id=27632, stack(0x000000e387800000,0x000000e387900000) (1024K)]
  0x00000210fee79540 Thread "Unknown thread"                        [id=29012, stack(0x000000e387700000,0x000000e387800000) (1024K)]
  0x00000210fee79bd0 Thread "Unknown thread"                        [id=32816, stack(0x000000e387900000,0x000000e387a00000) (1024K)]
  0x00000210fee7b610 Thread "Unknown thread"                        [id=31056, stack(0x000000e387a00000,0x000000e387b00000) (1024K)]
  0x00000210fee7a260 Thread "Unknown thread"                        [id=17500, stack(0x000000e387b00000,0x000000e387c00000) (1024K)]
  0x00000210fee7af80 Thread "Unknown thread"                        [id=34072, stack(0x000000e387c00000,0x000000e387d00000) (1024K)]
  0x00000210fc569d40 Thread "Unknown thread"                        [id=36488, stack(0x000000e387d00000,0x000000e387e00000) (1024K)]
  0x00000210fc5668c0 Thread "Unknown thread"                        [id=25152, stack(0x000000e388000000,0x000000e388100000) (1024K)]
  0x00000210fc56c4a0 Thread "Unknown thread"                        [id=29312, stack(0x000000e388100000,0x000000e388200000) (1024K)]
  0x00000210fc56cb30 Thread "Unknown thread"                        [id=34544, stack(0x000000e388200000,0x000000e388300000) (1024K)]
  0x00000210fc56d850 Thread "Unknown thread"                        [id=33408, stack(0x000000e388300000,0x000000e388400000) (1024K)]
  0x00000210fbc6ac30 Thread "Unknown thread"                        [id=25204, stack(0x000000e388400000,0x000000e388500000) (1024K)]
  0x00000210fbc6b950 Thread "Unknown thread"                        [id=5439577, stack(0x000000e388500000,0x000000e388600000) (1024K)]
  0x00000210fbc68b60 Thread "Unknown thread"                        [id=3145829, stack(0x000000e388600000,0x000000e388700000) (1024K)]
  0x00000210fbc69f10 Thread "Unknown thread"                        [id=5701741, stack(0x000000e388700000,0x000000e388800000) (1024K)]
  0x00000210fbc6a5a0 Thread "Unknown thread"                        [id=35136, stack(0x000000e388800000,0x000000e388900000) (1024K)]
  0x00000210fdb632b0 Thread "Unknown thread"                        [id=39508, stack(0x000000e388b00000,0x000000e388c00000) (1024K)]
  0x00000210fcc1d930 JavaThread "C1 CompilerThread2"         daemon [_thread_blocked, id=29980, stack(0x000000e388d00000,0x000000e388e00000) (1024K)]
  0x00000210fcc1dfe0 JavaThread "C1 CompilerThread3"         daemon [_thread_blocked, id=36520, stack(0x000000e388e00000,0x000000e388f00000) (1024K)]
  0x00000210fdb63940 Thread "Unknown thread"                        [id=33328, stack(0x000000e388900000,0x000000e388a00000) (1024K)]
  0x00000210fe3bdd70 
[error occurred during error reporting (printing all threads), id 0xc0000005, EXCEPTION_ACCESS_VIOLATION (0xc0000005) at pc=0x00007ffd7f34a95b]
VM state: not at safepoint (normal execution)

VM Mutex/Monitor currently owned by a thread: None

Heap address: 0x00000000e0000000, size: 512 MB, Compressed Oops mode: 32-bit

CDS archive(s) mapped at: [0x000002108f000000-0x000002108fba0000-0x000002108fba0000), size 12189696, SharedBaseAddress: 0x000002108f000000, ArchiveRelocationMode: 1.
Compressed class space mapped at: 0x0000021090000000-0x00000210a4000000, reserved size: 335544320
Narrow klass base: 0x000002108f000000, Narrow klass shift: 0, Narrow klass range: 0x100000000

GC Precious Log:
 CardTable entry size: 512
 Card Set container configuration: InlinePtr #cards 5 size 8 Array Of Cards #cards 12 size 40 Howl #buckets 4 coarsen threshold 1843 Howl Bitmap #cards 512 size 80 coarsen threshold 460 Card regions per heap region 1 cards per card region 2048
 CPUs: 16 total, 16 available
 Memory: 16066M
 Large Page Support: Disabled
 NUMA Support: Disabled
 Compressed Oops: Enabled (32-bit)
 Heap Region Size: 1M
 Heap Min Capacity: 256M
 Heap Initial Capacity: 256M
 Heap Max Capacity: 512M
 Pre-touch: Disabled
 Parallel Workers: 13
 Concurrent Workers: 3
 Concurrent Refinement Workers: 13
 Periodic GC: Disabled

Heap:
 garbage-first heap   total 262144K, used 88757K [0x00000000e0000000, 0x0000000100000000)
  region size 1024K, 50 young (51200K), 12 survivors (12288K)
 Metaspace       used 60501K, committed 62720K, reserved 393216K
  class space    used 9081K, committed 10176K, reserved 327680K

Heap Regions: E=young(eden), S=young(survivor), O=old, HS=humongous(starts), HC=humongous(continues), CS=collection set, F=free, TAMS=top-at-mark-start, PB=parsable bottom
|   0|0x00000000e0000000, 0x00000000e0100000, 0x00000000e0100000|100%|HS|  |TAMS 0x00000000e0000000| PB 0x00000000e0000000| Complete 
|   1|0x00000000e0100000, 0x00000000e0200000, 0x00000000e0200000|100%|HC|  |TAMS 0x00000000e0100000| PB 0x00000000e0100000| Complete 
|   2|0x00000000e0200000, 0x00000000e0300000, 0x00000000e0300000|100%|HC|  |TAMS 0x00000000e0200000| PB 0x00000000e0200000| Complete 
|   3|0x00000000e0300000, 0x00000000e0400000, 0x00000000e0400000|100%|HC|  |TAMS 0x00000000e0300000| PB 0x00000000e0300000| Complete 
|   4|0x00000000e0400000, 0x00000000e0500000, 0x00000000e0500000|100%| O|  |TAMS 0x00000000e0400000| PB 0x00000000e0400000| Untracked 
|   5|0x00000000e0500000, 0x00000000e0600000, 0x00000000e0600000|100%| O|  |TAMS 0x00000000e0500000| PB 0x00000000e0500000| Untracked 
|   6|0x00000000e0600000, 0x00000000e0700000, 0x00000000e0700000|100%| O|  |TAMS 0x00000000e0600000| PB 0x00000000e0600000| Untracked 
|   7|0x00000000e0700000, 0x00000000e0800000, 0x00000000e0800000|100%| O|  |TAMS 0x00000000e0700000| PB 0x00000000e0700000| Untracked 
|   8|0x00000000e0800000, 0x00000000e0900000, 0x00000000e0900000|100%|HS|  |TAMS 0x00000000e0800000| PB 0x00000000e0800000| Complete 
|   9|0x00000000e0900000, 0x00000000e0a00000, 0x00000000e0a00000|100%| O|  |TAMS 0x00000000e0900000| PB 0x00000000e0900000| Untracked 
|  10|0x00000000e0a00000, 0x00000000e0b00000, 0x00000000e0b00000|100%| O|  |TAMS 0x00000000e0a00000| PB 0x00000000e0a00000| Untracked 
|  11|0x00000000e0b00000, 0x00000000e0c00000, 0x00000000e0c00000|100%| O|  |TAMS 0x00000000e0b00000| PB 0x00000000e0b00000| Untracked 
|  12|0x00000000e0c00000, 0x00000000e0d00000, 0x00000000e0d00000|100%| O|  |TAMS 0x00000000e0c00000| PB 0x00000000e0c00000| Untracked 
|  13|0x00000000e0d00000, 0x00000000e0e00000, 0x00000000e0e00000|100%| O|  |TAMS 0x00000000e0d00000| PB 0x00000000e0d00000| Untracked 
|  14|0x00000000e0e00000, 0x00000000e0f00000, 0x00000000e0f00000|100%| O|  |TAMS 0x00000000e0e00000| PB 0x00000000e0e00000| Untracked 
|  15|0x00000000e0f00000, 0x00000000e1000000, 0x00000000e1000000|100%| O|  |TAMS 0x00000000e0f00000| PB 0x00000000e0f00000| Untracked 
|  16|0x00000000e1000000, 0x00000000e1100000, 0x00000000e1100000|100%| O|  |TAMS 0x00000000e1000000| PB 0x00000000e1000000| Untracked 
|  17|0x00000000e1100000, 0x00000000e1200000, 0x00000000e1200000|100%| O|  |TAMS 0x00000000e1100000| PB 0x00000000e1100000| Untracked 
|  18|0x00000000e1200000, 0x00000000e1300000, 0x00000000e1300000|100%| O|  |TAMS 0x00000000e1200000| PB 0x00000000e1200000| Untracked 
|  19|0x00000000e1300000, 0x00000000e1400000, 0x00000000e1400000|100%| O|  |TAMS 0x00000000e1300000| PB 0x00000000e1300000| Untracked 
|  20|0x00000000e1400000, 0x00000000e1500000, 0x00000000e1500000|100%| O|  |TAMS 0x00000000e1400000| PB 0x00000000e1400000| Untracked 
|  21|0x00000000e1500000, 0x00000000e1600000, 0x00000000e1600000|100%| O|  |TAMS 0x00000000e1500000| PB 0x00000000e1500000| Untracked 
|  22|0x00000000e1600000, 0x00000000e1700000, 0x00000000e1700000|100%| O|  |TAMS 0x00000000e1600000| PB 0x00000000e1600000| Untracked 
|  23|0x00000000e1700000, 0x00000000e1800000, 0x00000000e1800000|100%| O|  |TAMS 0x00000000e1700000| PB 0x00000000e1700000| Untracked 
|  24|0x00000000e1800000, 0x00000000e1900000, 0x00000000e1900000|100%| O|  |TAMS 0x00000000e1800000| PB 0x00000000e1800000| Untracked 
|  25|0x00000000e1900000, 0x00000000e1a00000, 0x00000000e1a00000|100%| O|  |TAMS 0x00000000e1900000| PB 0x00000000e1900000| Untracked 
|  26|0x00000000e1a00000, 0x00000000e1b00000, 0x00000000e1b00000|100%| O|  |TAMS 0x00000000e1a00000| PB 0x00000000e1a00000| Untracked 
|  27|0x00000000e1b00000, 0x00000000e1c00000, 0x00000000e1c00000|100%| O|  |TAMS 0x00000000e1b00000| PB 0x00000000e1b00000| Untracked 
|  28|0x00000000e1c00000, 0x00000000e1d00000, 0x00000000e1d00000|100%| O|  |TAMS 0x00000000e1c00000| PB 0x00000000e1c00000| Untracked 
|  29|0x00000000e1d00000, 0x00000000e1e00000, 0x00000000e1e00000|100%| O|Cm|TAMS 0x00000000e1d00000| PB 0x00000000e1d00000| Complete 
|  30|0x00000000e1e00000, 0x00000000e1f00000, 0x00000000e1f00000|100%| O|  |TAMS 0x00000000e1e00000| PB 0x00000000e1e00000| Untracked 
|  31|0x00000000e1f00000, 0x00000000e2000000, 0x00000000e2000000|100%| O|  |TAMS 0x00000000e1f00000| PB 0x00000000e1f00000| Untracked 
|  32|0x00000000e2000000, 0x00000000e2100000, 0x00000000e2100000|100%| O|  |TAMS 0x00000000e2000000| PB 0x00000000e2000000| Untracked 
|  33|0x00000000e2100000, 0x00000000e2200000, 0x00000000e2200000|100%| O|  |TAMS 0x00000000e2100000| PB 0x00000000e2100000| Untracked 
|  34|0x00000000e2200000, 0x00000000e2300000, 0x00000000e2300000|100%| O|  |TAMS 0x00000000e2200000| PB 0x00000000e2200000| Untracked 
|  35|0x00000000e2300000, 0x00000000e2400000, 0x00000000e2400000|100%| O|  |TAMS 0x00000000e2300000| PB 0x00000000e2300000| Untracked 
|  36|0x00000000e2400000, 0x00000000e2500000, 0x00000000e2500000|100%| O|  |TAMS 0x00000000e2400000| PB 0x00000000e2400000| Untracked 
|  37|0x00000000e2500000, 0x00000000e2600000, 0x00000000e2600000|100%| O|  |TAMS 0x00000000e2500000| PB 0x00000000e2500000| Untracked 
|  38|0x00000000e2600000, 0x00000000e26ad700, 0x00000000e2700000| 67%| O|  |TAMS 0x00000000e2600000| PB 0x00000000e2600000| Untracked 
|  39|0x00000000e2700000, 0x00000000e2700000, 0x00000000e2800000|  0%| F|  |TAMS 0x00000000e2700000| PB 0x00000000e2700000| Untracked 
|  40|0x00000000e2800000, 0x00000000e2800000, 0x00000000e2900000|  0%| F|  |TAMS 0x00000000e2800000| PB 0x00000000e2800000| Untracked 
|  41|0x00000000e2900000, 0x00000000e2900000, 0x00000000e2a00000|  0%| F|  |TAMS 0x00000000e2900000| PB 0x00000000e2900000| Untracked 
|  42|0x00000000e2a00000, 0x00000000e2a00000, 0x00000000e2b00000|  0%| F|  |TAMS 0x00000000e2a00000| PB 0x00000000e2a00000| Untracked 
|  43|0x00000000e2b00000, 0x00000000e2b00000, 0x00000000e2c00000|  0%| F|  |TAMS 0x00000000e2b00000| PB 0x00000000e2b00000| Untracked 
|  44|0x00000000e2c00000, 0x00000000e2c00000, 0x00000000e2d00000|  0%| F|  |TAMS 0x00000000e2c00000| PB 0x00000000e2c00000| Untracked 
|  45|0x00000000e2d00000, 0x00000000e2d00000, 0x00000000e2e00000|  0%| F|  |TAMS 0x00000000e2d00000| PB 0x00000000e2d00000| Untracked 
|  46|0x00000000e2e00000, 0x00000000e2e00000, 0x00000000e2f00000|  0%| F|  |TAMS 0x00000000e2e00000| PB 0x00000000e2e00000| Untracked 
|  47|0x00000000e2f00000, 0x00000000e2f00000, 0x00000000e3000000|  0%| F|  |TAMS 0x00000000e2f00000| PB 0x00000000e2f00000| Untracked 
|  48|0x00000000e3000000, 0x00000000e3000000, 0x00000000e3100000|  0%| F|  |TAMS 0x00000000e3000000| PB 0x00000000e3000000| Untracked 
|  49|0x00000000e3100000, 0x00000000e3100000, 0x00000000e3200000|  0%| F|  |TAMS 0x00000000e3100000| PB 0x00000000e3100000| Untracked 
|  50|0x00000000e3200000, 0x00000000e3200000, 0x00000000e3300000|  0%| F|  |TAMS 0x00000000e3200000| PB 0x00000000e3200000| Untracked 
|  51|0x00000000e3300000, 0x00000000e3300000, 0x00000000e3400000|  0%| F|  |TAMS 0x00000000e3300000| PB 0x00000000e3300000| Untracked 
|  52|0x00000000e3400000, 0x00000000e3400000, 0x00000000e3500000|  0%| F|  |TAMS 0x00000000e3400000| PB 0x00000000e3400000| Untracked 
|  53|0x00000000e3500000, 0x00000000e3500000, 0x00000000e3600000|  0%| F|  |TAMS 0x00000000e3500000| PB 0x00000000e3500000| Untracked 
|  54|0x00000000e3600000, 0x00000000e3600000, 0x00000000e3700000|  0%| F|  |TAMS 0x00000000e3600000| PB 0x00000000e3600000| Untracked 
|  55|0x00000000e3700000, 0x00000000e3700000, 0x00000000e3800000|  0%| F|  |TAMS 0x00000000e3700000| PB 0x00000000e3700000| Untracked 
|  56|0x00000000e3800000, 0x00000000e3800000, 0x00000000e3900000|  0%| F|  |TAMS 0x00000000e3800000| PB 0x00000000e3800000| Untracked 
|  57|0x00000000e3900000, 0x00000000e3900000, 0x00000000e3a00000|  0%| F|  |TAMS 0x00000000e3900000| PB 0x00000000e3900000| Untracked 
|  58|0x00000000e3a00000, 0x00000000e3a00000, 0x00000000e3b00000|  0%| F|  |TAMS 0x00000000e3a00000| PB 0x00000000e3a00000| Untracked 
|  59|0x00000000e3b00000, 0x00000000e3b00000, 0x00000000e3c00000|  0%| F|  |TAMS 0x00000000e3b00000| PB 0x00000000e3b00000| Untracked 
|  60|0x00000000e3c00000, 0x00000000e3c00000, 0x00000000e3d00000|  0%| F|  |TAMS 0x00000000e3c00000| PB 0x00000000e3c00000| Untracked 
|  61|0x00000000e3d00000, 0x00000000e3d00000, 0x00000000e3e00000|  0%| F|  |TAMS 0x00000000e3d00000| PB 0x00000000e3d00000| Untracked 
|  62|0x00000000e3e00000, 0x00000000e3e00000, 0x00000000e3f00000|  0%| F|  |TAMS 0x00000000e3e00000| PB 0x00000000e3e00000| Untracked 
|  63|0x00000000e3f00000, 0x00000000e3f00000, 0x00000000e4000000|  0%| F|  |TAMS 0x00000000e3f00000| PB 0x00000000e3f00000| Untracked 
|  64|0x00000000e4000000, 0x00000000e4000000, 0x00000000e4100000|  0%| F|  |TAMS 0x00000000e4000000| PB 0x00000000e4000000| Untracked 
|  65|0x00000000e4100000, 0x00000000e4100000, 0x00000000e4200000|  0%| F|  |TAMS 0x00000000e4100000| PB 0x00000000e4100000| Untracked 
|  66|0x00000000e4200000, 0x00000000e4200000, 0x00000000e4300000|  0%| F|  |TAMS 0x00000000e4200000| PB 0x00000000e4200000| Untracked 
|  67|0x00000000e4300000, 0x00000000e4300000, 0x00000000e4400000|  0%| F|  |TAMS 0x00000000e4300000| PB 0x00000000e4300000| Untracked 
|  68|0x00000000e4400000, 0x00000000e4400000, 0x00000000e4500000|  0%| F|  |TAMS 0x00000000e4400000| PB 0x00000000e4400000| Untracked 
|  69|0x00000000e4500000, 0x00000000e4500000, 0x00000000e4600000|  0%| F|  |TAMS 0x00000000e4500000| PB 0x00000000e4500000| Untracked 
|  70|0x00000000e4600000, 0x00000000e4600000, 0x00000000e4700000|  0%| F|  |TAMS 0x00000000e4600000| PB 0x00000000e4600000| Untracked 
|  71|0x00000000e4700000, 0x00000000e4700000, 0x00000000e4800000|  0%| F|  |TAMS 0x00000000e4700000| PB 0x00000000e4700000| Untracked 
|  72|0x00000000e4800000, 0x00000000e4800000, 0x00000000e4900000|  0%| F|  |TAMS 0x00000000e4800000| PB 0x00000000e4800000| Untracked 
|  73|0x00000000e4900000, 0x00000000e4900000, 0x00000000e4a00000|  0%| F|  |TAMS 0x00000000e4900000| PB 0x00000000e4900000| Untracked 
|  74|0x00000000e4a00000, 0x00000000e4a00000, 0x00000000e4b00000|  0%| F|  |TAMS 0x00000000e4a00000| PB 0x00000000e4a00000| Untracked 
|  75|0x00000000e4b00000, 0x00000000e4b00000, 0x00000000e4c00000|  0%| F|  |TAMS 0x00000000e4b00000| PB 0x00000000e4b00000| Untracked 
|  76|0x00000000e4c00000, 0x00000000e4c00000, 0x00000000e4d00000|  0%| F|  |TAMS 0x00000000e4c00000| PB 0x00000000e4c00000| Untracked 
|  77|0x00000000e4d00000, 0x00000000e4d00000, 0x00000000e4e00000|  0%| F|  |TAMS 0x00000000e4d00000| PB 0x00000000e4d00000| Untracked 
|  78|0x00000000e4e00000, 0x00000000e4e00000, 0x00000000e4f00000|  0%| F|  |TAMS 0x00000000e4e00000| PB 0x00000000e4e00000| Untracked 
|  79|0x00000000e4f00000, 0x00000000e4f00000, 0x00000000e5000000|  0%| F|  |TAMS 0x00000000e4f00000| PB 0x00000000e4f00000| Untracked 
|  80|0x00000000e5000000, 0x00000000e5000000, 0x00000000e5100000|  0%| F|  |TAMS 0x00000000e5000000| PB 0x00000000e5000000| Untracked 
|  81|0x00000000e5100000, 0x00000000e5100000, 0x00000000e5200000|  0%| F|  |TAMS 0x00000000e5100000| PB 0x00000000e5100000| Untracked 
|  82|0x00000000e5200000, 0x00000000e5200000, 0x00000000e5300000|  0%| F|  |TAMS 0x00000000e5200000| PB 0x00000000e5200000| Untracked 
|  83|0x00000000e5300000, 0x00000000e5300000, 0x00000000e5400000|  0%| F|  |TAMS 0x00000000e5300000| PB 0x00000000e5300000| Untracked 
|  84|0x00000000e5400000, 0x00000000e5400000, 0x00000000e5500000|  0%| F|  |TAMS 0x00000000e5400000| PB 0x00000000e5400000| Untracked 
|  85|0x00000000e5500000, 0x00000000e5500000, 0x00000000e5600000|  0%| F|  |TAMS 0x00000000e5500000| PB 0x00000000e5500000| Untracked 
|  86|0x00000000e5600000, 0x00000000e5600000, 0x00000000e5700000|  0%| F|  |TAMS 0x00000000e5600000| PB 0x00000000e5600000| Untracked 
|  87|0x00000000e5700000, 0x00000000e5700000, 0x00000000e5800000|  0%| F|  |TAMS 0x00000000e5700000| PB 0x00000000e5700000| Untracked 
|  88|0x00000000e5800000, 0x00000000e5800000, 0x00000000e5900000|  0%| F|  |TAMS 0x00000000e5800000| PB 0x00000000e5800000| Untracked 
|  89|0x00000000e5900000, 0x00000000e5900000, 0x00000000e5a00000|  0%| F|  |TAMS 0x00000000e5900000| PB 0x00000000e5900000| Untracked 
|  90|0x00000000e5a00000, 0x00000000e5a00000, 0x00000000e5b00000|  0%| F|  |TAMS 0x00000000e5a00000| PB 0x00000000e5a00000| Untracked 
|  91|0x00000000e5b00000, 0x00000000e5b00000, 0x00000000e5c00000|  0%| F|  |TAMS 0x00000000e5b00000| PB 0x00000000e5b00000| Untracked 
|  92|0x00000000e5c00000, 0x00000000e5c00000, 0x00000000e5d00000|  0%| F|  |TAMS 0x00000000e5c00000| PB 0x00000000e5c00000| Untracked 
|  93|0x00000000e5d00000, 0x00000000e5d00000, 0x00000000e5e00000|  0%| F|  |TAMS 0x00000000e5d00000| PB 0x00000000e5d00000| Untracked 
|  94|0x00000000e5e00000, 0x00000000e5e00000, 0x00000000e5f00000|  0%| F|  |TAMS 0x00000000e5e00000| PB 0x00000000e5e00000| Untracked 
|  95|0x00000000e5f00000, 0x00000000e5f00000, 0x00000000e6000000|  0%| F|  |TAMS 0x00000000e5f00000| PB 0x00000000e5f00000| Untracked 
|  96|0x00000000e6000000, 0x00000000e6000000, 0x00000000e6100000|  0%| F|  |TAMS 0x00000000e6000000| PB 0x00000000e6000000| Untracked 
|  97|0x00000000e6100000, 0x00000000e6100000, 0x00000000e6200000|  0%| F|  |TAMS 0x00000000e6100000| PB 0x00000000e6100000| Untracked 
|  98|0x00000000e6200000, 0x00000000e6200000, 0x00000000e6300000|  0%| F|  |TAMS 0x00000000e6200000| PB 0x00000000e6200000| Untracked 
|  99|0x00000000e6300000, 0x00000000e6300000, 0x00000000e6400000|  0%| F|  |TAMS 0x00000000e6300000| PB 0x00000000e6300000| Untracked 
| 100|0x00000000e6400000, 0x00000000e6400000, 0x00000000e6500000|  0%| F|  |TAMS 0x00000000e6400000| PB 0x00000000e6400000| Untracked 
| 101|0x00000000e6500000, 0x00000000e6500000, 0x00000000e6600000|  0%| F|  |TAMS 0x00000000e6500000| PB 0x00000000e6500000| Untracked 
| 102|0x00000000e6600000, 0x00000000e6600000, 0x00000000e6700000|  0%| F|  |TAMS 0x00000000e6600000| PB 0x00000000e6600000| Untracked 
| 103|0x00000000e6700000, 0x00000000e6700000, 0x00000000e6800000|  0%| F|  |TAMS 0x00000000e6700000| PB 0x00000000e6700000| Untracked 
| 104|0x00000000e6800000, 0x00000000e6800000, 0x00000000e6900000|  0%| F|  |TAMS 0x00000000e6800000| PB 0x00000000e6800000| Untracked 
| 105|0x00000000e6900000, 0x00000000e6900000, 0x00000000e6a00000|  0%| F|  |TAMS 0x00000000e6900000| PB 0x00000000e6900000| Untracked 
| 106|0x00000000e6a00000, 0x00000000e6a00000, 0x00000000e6b00000|  0%| F|  |TAMS 0x00000000e6a00000| PB 0x00000000e6a00000| Untracked 
| 107|0x00000000e6b00000, 0x00000000e6b00000, 0x00000000e6c00000|  0%| F|  |TAMS 0x00000000e6b00000| PB 0x00000000e6b00000| Untracked 
| 108|0x00000000e6c00000, 0x00000000e6c00000, 0x00000000e6d00000|  0%| F|  |TAMS 0x00000000e6c00000| PB 0x00000000e6c00000| Untracked 
| 109|0x00000000e6d00000, 0x00000000e6d00000, 0x00000000e6e00000|  0%| F|  |TAMS 0x00000000e6d00000| PB 0x00000000e6d00000| Untracked 
| 110|0x00000000e6e00000, 0x00000000e6e00000, 0x00000000e6f00000|  0%| F|  |TAMS 0x00000000e6e00000| PB 0x00000000e6e00000| Untracked 
| 111|0x00000000e6f00000, 0x00000000e6f00000, 0x00000000e7000000|  0%| F|  |TAMS 0x00000000e6f00000| PB 0x00000000e6f00000| Untracked 
| 112|0x00000000e7000000, 0x00000000e7000000, 0x00000000e7100000|  0%| F|  |TAMS 0x00000000e7000000| PB 0x00000000e7000000| Untracked 
| 113|0x00000000e7100000, 0x00000000e7100000, 0x00000000e7200000|  0%| F|  |TAMS 0x00000000e7100000| PB 0x00000000e7100000| Untracked 
| 114|0x00000000e7200000, 0x00000000e7200000, 0x00000000e7300000|  0%| F|  |TAMS 0x00000000e7200000| PB 0x00000000e7200000| Untracked 
| 115|0x00000000e7300000, 0x00000000e7300000, 0x00000000e7400000|  0%| F|  |TAMS 0x00000000e7300000| PB 0x00000000e7300000| Untracked 
| 116|0x00000000e7400000, 0x00000000e7400000, 0x00000000e7500000|  0%| F|  |TAMS 0x00000000e7400000| PB 0x00000000e7400000| Untracked 
| 117|0x00000000e7500000, 0x00000000e7500000, 0x00000000e7600000|  0%| F|  |TAMS 0x00000000e7500000| PB 0x00000000e7500000| Untracked 
| 118|0x00000000e7600000, 0x00000000e7600000, 0x00000000e7700000|  0%| F|  |TAMS 0x00000000e7600000| PB 0x00000000e7600000| Untracked 
| 119|0x00000000e7700000, 0x00000000e7700000, 0x00000000e7800000|  0%| F|  |TAMS 0x00000000e7700000| PB 0x00000000e7700000| Untracked 
| 120|0x00000000e7800000, 0x00000000e7800000, 0x00000000e7900000|  0%| F|  |TAMS 0x00000000e7800000| PB 0x00000000e7800000| Untracked 
| 121|0x00000000e7900000, 0x00000000e7900000, 0x00000000e7a00000|  0%| F|  |TAMS 0x00000000e7900000| PB 0x00000000e7900000| Untracked 
| 122|0x00000000e7a00000, 0x00000000e7a00000, 0x00000000e7b00000|  0%| F|  |TAMS 0x00000000e7a00000| PB 0x00000000e7a00000| Untracked 
| 123|0x00000000e7b00000, 0x00000000e7b00000, 0x00000000e7c00000|  0%| F|  |TAMS 0x00000000e7b00000| PB 0x00000000e7b00000| Untracked 
| 124|0x00000000e7c00000, 0x00000000e7c00000, 0x00000000e7d00000|  0%| F|  |TAMS 0x00000000e7c00000| PB 0x00000000e7c00000| Untracked 
| 125|0x00000000e7d00000, 0x00000000e7d00000, 0x00000000e7e00000|  0%| F|  |TAMS 0x00000000e7d00000| PB 0x00000000e7d00000| Untracked 
| 126|0x00000000e7e00000, 0x00000000e7e00000, 0x00000000e7f00000|  0%| F|  |TAMS 0x00000000e7e00000| PB 0x00000000e7e00000| Untracked 
| 127|0x00000000e7f00000, 0x00000000e7f00000, 0x00000000e8000000|  0%| F|  |TAMS 0x00000000e7f00000| PB 0x00000000e7f00000| Untracked 
| 128|0x00000000e8000000, 0x00000000e8000000, 0x00000000e8100000|  0%| F|  |TAMS 0x00000000e8000000| PB 0x00000000e8000000| Untracked 
| 129|0x00000000e8100000, 0x00000000e8100000, 0x00000000e8200000|  0%| F|  |TAMS 0x00000000e8100000| PB 0x00000000e8100000| Untracked 
| 130|0x00000000e8200000, 0x00000000e8200000, 0x00000000e8300000|  0%| F|  |TAMS 0x00000000e8200000| PB 0x00000000e8200000| Untracked 
| 131|0x00000000e8300000, 0x00000000e8300000, 0x00000000e8400000|  0%| F|  |TAMS 0x00000000e8300000| PB 0x00000000e8300000| Untracked 
| 132|0x00000000e8400000, 0x00000000e8400000, 0x00000000e8500000|  0%| F|  |TAMS 0x00000000e8400000| PB 0x00000000e8400000| Untracked 
| 133|0x00000000e8500000, 0x00000000e8500000, 0x00000000e8600000|  0%| F|  |TAMS 0x00000000e8500000| PB 0x00000000e8500000| Untracked 
| 134|0x00000000e8600000, 0x00000000e8600000, 0x00000000e8700000|  0%| F|  |TAMS 0x00000000e8600000| PB 0x00000000e8600000| Untracked 
| 135|0x00000000e8700000, 0x00000000e8700000, 0x00000000e8800000|  0%| F|  |TAMS 0x00000000e8700000| PB 0x00000000e8700000| Untracked 
| 136|0x00000000e8800000, 0x00000000e8800000, 0x00000000e8900000|  0%| F|  |TAMS 0x00000000e8800000| PB 0x00000000e8800000| Untracked 
| 137|0x00000000e8900000, 0x00000000e8900000, 0x00000000e8a00000|  0%| F|  |TAMS 0x00000000e8900000| PB 0x00000000e8900000| Untracked 
| 138|0x00000000e8a00000, 0x00000000e8a00000, 0x00000000e8b00000|  0%| F|  |TAMS 0x00000000e8a00000| PB 0x00000000e8a00000| Untracked 
| 139|0x00000000e8b00000, 0x00000000e8b00000, 0x00000000e8c00000|  0%| F|  |TAMS 0x00000000e8b00000| PB 0x00000000e8b00000| Untracked 
| 140|0x00000000e8c00000, 0x00000000e8c00000, 0x00000000e8d00000|  0%| F|  |TAMS 0x00000000e8c00000| PB 0x00000000e8c00000| Untracked 
| 141|0x00000000e8d00000, 0x00000000e8d00000, 0x00000000e8e00000|  0%| F|  |TAMS 0x00000000e8d00000| PB 0x00000000e8d00000| Untracked 
| 142|0x00000000e8e00000, 0x00000000e8e00000, 0x00000000e8f00000|  0%| F|  |TAMS 0x00000000e8e00000| PB 0x00000000e8e00000| Untracked 
| 143|0x00000000e8f00000, 0x00000000e8f00000, 0x00000000e9000000|  0%| F|  |TAMS 0x00000000e8f00000| PB 0x00000000e8f00000| Untracked 
| 144|0x00000000e9000000, 0x00000000e9000000, 0x00000000e9100000|  0%| F|  |TAMS 0x00000000e9000000| PB 0x00000000e9000000| Untracked 
| 145|0x00000000e9100000, 0x00000000e9100000, 0x00000000e9200000|  0%| F|  |TAMS 0x00000000e9100000| PB 0x00000000e9100000| Untracked 
| 146|0x00000000e9200000, 0x00000000e9200000, 0x00000000e9300000|  0%| F|  |TAMS 0x00000000e9200000| PB 0x00000000e9200000| Untracked 
| 147|0x00000000e9300000, 0x00000000e9300000, 0x00000000e9400000|  0%| F|  |TAMS 0x00000000e9300000| PB 0x00000000e9300000| Untracked 
| 148|0x00000000e9400000, 0x00000000e9400000, 0x00000000e9500000|  0%| F|  |TAMS 0x00000000e9400000| PB 0x00000000e9400000| Untracked 
| 149|0x00000000e9500000, 0x00000000e9500000, 0x00000000e9600000|  0%| F|  |TAMS 0x00000000e9500000| PB 0x00000000e9500000| Untracked 
| 150|0x00000000e9600000, 0x00000000e9600000, 0x00000000e9700000|  0%| F|  |TAMS 0x00000000e9600000| PB 0x00000000e9600000| Untracked 
| 151|0x00000000e9700000, 0x00000000e9700000, 0x00000000e9800000|  0%| F|  |TAMS 0x00000000e9700000| PB 0x00000000e9700000| Untracked 
| 152|0x00000000e9800000, 0x00000000e9800000, 0x00000000e9900000|  0%| F|  |TAMS 0x00000000e9800000| PB 0x00000000e9800000| Untracked 
| 153|0x00000000e9900000, 0x00000000e9900000, 0x00000000e9a00000|  0%| F|  |TAMS 0x00000000e9900000| PB 0x00000000e9900000| Untracked 
| 154|0x00000000e9a00000, 0x00000000e9a00000, 0x00000000e9b00000|  0%| F|  |TAMS 0x00000000e9a00000| PB 0x00000000e9a00000| Untracked 
| 155|0x00000000e9b00000, 0x00000000e9b00000, 0x00000000e9c00000|  0%| F|  |TAMS 0x00000000e9b00000| PB 0x00000000e9b00000| Untracked 
| 156|0x00000000e9c00000, 0x00000000e9c00000, 0x00000000e9d00000|  0%| F|  |TAMS 0x00000000e9c00000| PB 0x00000000e9c00000| Untracked 
| 157|0x00000000e9d00000, 0x00000000e9d00000, 0x00000000e9e00000|  0%| F|  |TAMS 0x00000000e9d00000| PB 0x00000000e9d00000| Untracked 
| 158|0x00000000e9e00000, 0x00000000e9e00000, 0x00000000e9f00000|  0%| F|  |TAMS 0x00000000e9e00000| PB 0x00000000e9e00000| Untracked 
| 159|0x00000000e9f00000, 0x00000000e9f00000, 0x00000000ea000000|  0%| F|  |TAMS 0x00000000e9f00000| PB 0x00000000e9f00000| Untracked 
| 160|0x00000000ea000000, 0x00000000ea000000, 0x00000000ea100000|  0%| F|  |TAMS 0x00000000ea000000| PB 0x00000000ea000000| Untracked 
| 161|0x00000000ea100000, 0x00000000ea100000, 0x00000000ea200000|  0%| F|  |TAMS 0x00000000ea100000| PB 0x00000000ea100000| Untracked 
| 162|0x00000000ea200000, 0x00000000ea200000, 0x00000000ea300000|  0%| F|  |TAMS 0x00000000ea200000| PB 0x00000000ea200000| Untracked 
| 163|0x00000000ea300000, 0x00000000ea300000, 0x00000000ea400000|  0%| F|  |TAMS 0x00000000ea300000| PB 0x00000000ea300000| Untracked 
| 164|0x00000000ea400000, 0x00000000ea400000, 0x00000000ea500000|  0%| F|  |TAMS 0x00000000ea400000| PB 0x00000000ea400000| Untracked 
| 165|0x00000000ea500000, 0x00000000ea500000, 0x00000000ea600000|  0%| F|  |TAMS 0x00000000ea500000| PB 0x00000000ea500000| Untracked 
| 166|0x00000000ea600000, 0x00000000ea600000, 0x00000000ea700000|  0%| F|  |TAMS 0x00000000ea600000| PB 0x00000000ea600000| Untracked 
| 167|0x00000000ea700000, 0x00000000ea700000, 0x00000000ea800000|  0%| F|  |TAMS 0x00000000ea700000| PB 0x00000000ea700000| Untracked 
| 168|0x00000000ea800000, 0x00000000ea800000, 0x00000000ea900000|  0%| F|  |TAMS 0x00000000ea800000| PB 0x00000000ea800000| Untracked 
| 169|0x00000000ea900000, 0x00000000ea900000, 0x00000000eaa00000|  0%| F|  |TAMS 0x00000000ea900000| PB 0x00000000ea900000| Untracked 
| 170|0x00000000eaa00000, 0x00000000eaa00000, 0x00000000eab00000|  0%| F|  |TAMS 0x00000000eaa00000| PB 0x00000000eaa00000| Untracked 
| 171|0x00000000eab00000, 0x00000000eab00000, 0x00000000eac00000|  0%| F|  |TAMS 0x00000000eab00000| PB 0x00000000eab00000| Untracked 
| 172|0x00000000eac00000, 0x00000000eac00000, 0x00000000ead00000|  0%| F|  |TAMS 0x00000000eac00000| PB 0x00000000eac00000| Untracked 
| 173|0x00000000ead00000, 0x00000000ead00000, 0x00000000eae00000|  0%| F|  |TAMS 0x00000000ead00000| PB 0x00000000ead00000| Untracked 
| 174|0x00000000eae00000, 0x00000000eae00000, 0x00000000eaf00000|  0%| F|  |TAMS 0x00000000eae00000| PB 0x00000000eae00000| Untracked 
| 175|0x00000000eaf00000, 0x00000000eaf00000, 0x00000000eb000000|  0%| F|  |TAMS 0x00000000eaf00000| PB 0x00000000eaf00000| Untracked 
| 176|0x00000000eb000000, 0x00000000eb000000, 0x00000000eb100000|  0%| F|  |TAMS 0x00000000eb000000| PB 0x00000000eb000000| Untracked 
| 177|0x00000000eb100000, 0x00000000eb100000, 0x00000000eb200000|  0%| F|  |TAMS 0x00000000eb100000| PB 0x00000000eb100000| Untracked 
| 178|0x00000000eb200000, 0x00000000eb200000, 0x00000000eb300000|  0%| F|  |TAMS 0x00000000eb200000| PB 0x00000000eb200000| Untracked 
| 179|0x00000000eb300000, 0x00000000eb300000, 0x00000000eb400000|  0%| F|  |TAMS 0x00000000eb300000| PB 0x00000000eb300000| Untracked 
| 180|0x00000000eb400000, 0x00000000eb400000, 0x00000000eb500000|  0%| F|  |TAMS 0x00000000eb400000| PB 0x00000000eb400000| Untracked 
| 181|0x00000000eb500000, 0x00000000eb500000, 0x00000000eb600000|  0%| F|  |TAMS 0x00000000eb500000| PB 0x00000000eb500000| Untracked 
| 182|0x00000000eb600000, 0x00000000eb600000, 0x00000000eb700000|  0%| F|  |TAMS 0x00000000eb600000| PB 0x00000000eb600000| Untracked 
| 183|0x00000000eb700000, 0x00000000eb700000, 0x00000000eb800000|  0%| F|  |TAMS 0x00000000eb700000| PB 0x00000000eb700000| Untracked 
| 184|0x00000000eb800000, 0x00000000eb800000, 0x00000000eb900000|  0%| F|  |TAMS 0x00000000eb800000| PB 0x00000000eb800000| Untracked 
| 185|0x00000000eb900000, 0x00000000eb900000, 0x00000000eba00000|  0%| F|  |TAMS 0x00000000eb900000| PB 0x00000000eb900000| Untracked 
| 186|0x00000000eba00000, 0x00000000eba00000, 0x00000000ebb00000|  0%| F|  |TAMS 0x00000000eba00000| PB 0x00000000eba00000| Untracked 
| 187|0x00000000ebb00000, 0x00000000ebb00000, 0x00000000ebc00000|  0%| F|  |TAMS 0x00000000ebb00000| PB 0x00000000ebb00000| Untracked 
| 188|0x00000000ebc00000, 0x00000000ebc00000, 0x00000000ebd00000|  0%| F|  |TAMS 0x00000000ebc00000| PB 0x00000000ebc00000| Untracked 
| 189|0x00000000ebd00000, 0x00000000ebd00000, 0x00000000ebe00000|  0%| F|  |TAMS 0x00000000ebd00000| PB 0x00000000ebd00000| Untracked 
| 190|0x00000000ebe00000, 0x00000000ebe00000, 0x00000000ebf00000|  0%| F|  |TAMS 0x00000000ebe00000| PB 0x00000000ebe00000| Untracked 
| 191|0x00000000ebf00000, 0x00000000ebf00000, 0x00000000ec000000|  0%| F|  |TAMS 0x00000000ebf00000| PB 0x00000000ebf00000| Untracked 
| 192|0x00000000ec000000, 0x00000000ec000000, 0x00000000ec100000|  0%| F|  |TAMS 0x00000000ec000000| PB 0x00000000ec000000| Untracked 
| 193|0x00000000ec100000, 0x00000000ec100000, 0x00000000ec200000|  0%| F|  |TAMS 0x00000000ec100000| PB 0x00000000ec100000| Untracked 
| 194|0x00000000ec200000, 0x00000000ec200000, 0x00000000ec300000|  0%| F|  |TAMS 0x00000000ec200000| PB 0x00000000ec200000| Untracked 
| 195|0x00000000ec300000, 0x00000000ec300000, 0x00000000ec400000|  0%| F|  |TAMS 0x00000000ec300000| PB 0x00000000ec300000| Untracked 
| 196|0x00000000ec400000, 0x00000000ec400000, 0x00000000ec500000|  0%| F|  |TAMS 0x00000000ec400000| PB 0x00000000ec400000| Untracked 
| 197|0x00000000ec500000, 0x00000000ec500000, 0x00000000ec600000|  0%| F|  |TAMS 0x00000000ec500000| PB 0x00000000ec500000| Untracked 
| 198|0x00000000ec600000, 0x00000000ec600000, 0x00000000ec700000|  0%| F|  |TAMS 0x00000000ec600000| PB 0x00000000ec600000| Untracked 
| 199|0x00000000ec700000, 0x00000000ec700000, 0x00000000ec800000|  0%| F|  |TAMS 0x00000000ec700000| PB 0x00000000ec700000| Untracked 
| 200|0x00000000ec800000, 0x00000000ec800000, 0x00000000ec900000|  0%| F|  |TAMS 0x00000000ec800000| PB 0x00000000ec800000| Untracked 
| 201|0x00000000ec900000, 0x00000000ec900000, 0x00000000eca00000|  0%| F|  |TAMS 0x00000000ec900000| PB 0x00000000ec900000| Untracked 
| 202|0x00000000eca00000, 0x00000000eca00000, 0x00000000ecb00000|  0%| F|  |TAMS 0x00000000eca00000| PB 0x00000000eca00000| Untracked 
| 203|0x00000000ecb00000, 0x00000000ecb00000, 0x00000000ecc00000|  0%| F|  |TAMS 0x00000000ecb00000| PB 0x00000000ecb00000| Untracked 
| 204|0x00000000ecc00000, 0x00000000ecc00000, 0x00000000ecd00000|  0%| F|  |TAMS 0x00000000ecc00000| PB 0x00000000ecc00000| Untracked 
| 205|0x00000000ecd00000, 0x00000000ecd670a0, 0x00000000ece00000| 40%| E|  |TAMS 0x00000000ecd00000| PB 0x00000000ecd00000| Complete 
| 206|0x00000000ece00000, 0x00000000ecf00000, 0x00000000ecf00000|100%| E|CS|TAMS 0x00000000ece00000| PB 0x00000000ece00000| Complete 
| 207|0x00000000ecf00000, 0x00000000ed000000, 0x00000000ed000000|100%| E|CS|TAMS 0x00000000ecf00000| PB 0x00000000ecf00000| Complete 
| 208|0x00000000ed000000, 0x00000000ed100000, 0x00000000ed100000|100%| E|  |TAMS 0x00000000ed000000| PB 0x00000000ed000000| Complete 
| 209|0x00000000ed100000, 0x00000000ed200000, 0x00000000ed200000|100%| E|CS|TAMS 0x00000000ed100000| PB 0x00000000ed100000| Complete 
| 210|0x00000000ed200000, 0x00000000ed300000, 0x00000000ed300000|100%| E|CS|TAMS 0x00000000ed200000| PB 0x00000000ed200000| Complete 
| 211|0x00000000ed300000, 0x00000000ed400000, 0x00000000ed400000|100%| E|CS|TAMS 0x00000000ed300000| PB 0x00000000ed300000| Complete 
| 212|0x00000000ed400000, 0x00000000ed500000, 0x00000000ed500000|100%| E|CS|TAMS 0x00000000ed400000| PB 0x00000000ed400000| Complete 
| 213|0x00000000ed500000, 0x00000000ed600000, 0x00000000ed600000|100%| E|CS|TAMS 0x00000000ed500000| PB 0x00000000ed500000| Complete 
| 214|0x00000000ed600000, 0x00000000ed700000, 0x00000000ed700000|100%| E|CS|TAMS 0x00000000ed600000| PB 0x00000000ed600000| Complete 
| 215|0x00000000ed700000, 0x00000000ed800000, 0x00000000ed800000|100%| E|CS|TAMS 0x00000000ed700000| PB 0x00000000ed700000| Complete 
| 216|0x00000000ed800000, 0x00000000ed900000, 0x00000000ed900000|100%| E|CS|TAMS 0x00000000ed800000| PB 0x00000000ed800000| Complete 
| 217|0x00000000ed900000, 0x00000000eda00000, 0x00000000eda00000|100%| E|CS|TAMS 0x00000000ed900000| PB 0x00000000ed900000| Complete 
| 218|0x00000000eda00000, 0x00000000edb00000, 0x00000000edb00000|100%| E|CS|TAMS 0x00000000eda00000| PB 0x00000000eda00000| Complete 
| 219|0x00000000edb00000, 0x00000000edc00000, 0x00000000edc00000|100%| E|CS|TAMS 0x00000000edb00000| PB 0x00000000edb00000| Complete 
| 220|0x00000000edc00000, 0x00000000edd00000, 0x00000000edd00000|100%| E|CS|TAMS 0x00000000edc00000| PB 0x00000000edc00000| Complete 
| 221|0x00000000edd00000, 0x00000000ede00000, 0x00000000ede00000|100%| E|CS|TAMS 0x00000000edd00000| PB 0x00000000edd00000| Complete 
| 222|0x00000000ede00000, 0x00000000edf00000, 0x00000000edf00000|100%| E|CS|TAMS 0x00000000ede00000| PB 0x00000000ede00000| Complete 
| 223|0x00000000edf00000, 0x00000000ee000000, 0x00000000ee000000|100%| E|CS|TAMS 0x00000000edf00000| PB 0x00000000edf00000| Complete 
| 224|0x00000000ee000000, 0x00000000ee100000, 0x00000000ee100000|100%| E|CS|TAMS 0x00000000ee000000| PB 0x00000000ee000000| Complete 
| 225|0x00000000ee100000, 0x00000000ee200000, 0x00000000ee200000|100%| E|CS|TAMS 0x00000000ee100000| PB 0x00000000ee100000| Complete 
| 226|0x00000000ee200000, 0x00000000ee300000, 0x00000000ee300000|100%| E|CS|TAMS 0x00000000ee200000| PB 0x00000000ee200000| Complete 
| 227|0x00000000ee300000, 0x00000000ee400000, 0x00000000ee400000|100%| E|CS|TAMS 0x00000000ee300000| PB 0x00000000ee300000| Complete 
| 228|0x00000000ee400000, 0x00000000ee500000, 0x00000000ee500000|100%| E|CS|TAMS 0x00000000ee400000| PB 0x00000000ee400000| Complete 
| 229|0x00000000ee500000, 0x00000000ee600000, 0x00000000ee600000|100%| E|CS|TAMS 0x00000000ee500000| PB 0x00000000ee500000| Complete 
| 230|0x00000000ee600000, 0x00000000ee700000, 0x00000000ee700000|100%| E|CS|TAMS 0x00000000ee600000| PB 0x00000000ee600000| Complete 
| 231|0x00000000ee700000, 0x00000000ee800000, 0x00000000ee800000|100%| E|CS|TAMS 0x00000000ee700000| PB 0x00000000ee700000| Complete 
| 232|0x00000000ee800000, 0x00000000ee900000, 0x00000000ee900000|100%| E|CS|TAMS 0x00000000ee800000| PB 0x00000000ee800000| Complete 
| 233|0x00000000ee900000, 0x00000000eea00000, 0x00000000eea00000|100%| E|CS|TAMS 0x00000000ee900000| PB 0x00000000ee900000| Complete 
| 234|0x00000000eea00000, 0x00000000eeb00000, 0x00000000eeb00000|100%| E|CS|TAMS 0x00000000eea00000| PB 0x00000000eea00000| Complete 
| 235|0x00000000eeb00000, 0x00000000eec00000, 0x00000000eec00000|100%| E|CS|TAMS 0x00000000eeb00000| PB 0x00000000eeb00000| Complete 
| 236|0x00000000eec00000, 0x00000000eed00000, 0x00000000eed00000|100%| E|CS|TAMS 0x00000000eec00000| PB 0x00000000eec00000| Complete 
| 237|0x00000000eed00000, 0x00000000eee00000, 0x00000000eee00000|100%| E|CS|TAMS 0x00000000eed00000| PB 0x00000000eed00000| Complete 
| 238|0x00000000eee00000, 0x00000000eef00000, 0x00000000eef00000|100%| E|CS|TAMS 0x00000000eee00000| PB 0x00000000eee00000| Complete 
| 239|0x00000000eef00000, 0x00000000ef000000, 0x00000000ef000000|100%| E|CS|TAMS 0x00000000eef00000| PB 0x00000000eef00000| Complete 
| 240|0x00000000ef000000, 0x00000000ef100000, 0x00000000ef100000|100%| E|CS|TAMS 0x00000000ef000000| PB 0x00000000ef000000| Complete 
| 241|0x00000000ef100000, 0x00000000ef200000, 0x00000000ef200000|100%| S|CS|TAMS 0x00000000ef100000| PB 0x00000000ef100000| Complete 
| 242|0x00000000ef200000, 0x00000000ef300000, 0x00000000ef300000|100%| S|CS|TAMS 0x00000000ef200000| PB 0x00000000ef200000| Complete 
| 243|0x00000000ef300000, 0x00000000ef400000, 0x00000000ef400000|100%| S|CS|TAMS 0x00000000ef300000| PB 0x00000000ef300000| Complete 
| 244|0x00000000ef400000, 0x00000000ef500000, 0x00000000ef500000|100%| S|CS|TAMS 0x00000000ef400000| PB 0x00000000ef400000| Complete 
| 245|0x00000000ef500000, 0x00000000ef600000, 0x00000000ef600000|100%| S|CS|TAMS 0x00000000ef500000| PB 0x00000000ef500000| Complete 
| 246|0x00000000ef600000, 0x00000000ef700000, 0x00000000ef700000|100%| S|CS|TAMS 0x00000000ef600000| PB 0x00000000ef600000| Complete 
| 247|0x00000000ef700000, 0x00000000ef800000, 0x00000000ef800000|100%| S|CS|TAMS 0x00000000ef700000| PB 0x00000000ef700000| Complete 
| 248|0x00000000ef800000, 0x00000000ef900000, 0x00000000ef900000|100%| S|CS|TAMS 0x00000000ef800000| PB 0x00000000ef800000| Complete 
| 249|0x00000000ef900000, 0x00000000efa00000, 0x00000000efa00000|100%| S|CS|TAMS 0x00000000ef900000| PB 0x00000000ef900000| Complete 
| 250|0x00000000efa00000, 0x00000000efb00000, 0x00000000efb00000|100%| S|CS|TAMS 0x00000000efa00000| PB 0x00000000efa00000| Complete 
| 251|0x00000000efb00000, 0x00000000efc00000, 0x00000000efc00000|100%| S|CS|TAMS 0x00000000efb00000| PB 0x00000000efb00000| Complete 
| 252|0x00000000efc00000, 0x00000000efd00000, 0x00000000efd00000|100%| S|CS|TAMS 0x00000000efc00000| PB 0x00000000efc00000| Complete 
| 253|0x00000000efd00000, 0x00000000efe00000, 0x00000000efe00000|100%| E|CS|TAMS 0x00000000efd00000| PB 0x00000000efd00000| Complete 
| 254|0x00000000efe00000, 0x00000000eff00000, 0x00000000eff00000|100%| E|CS|TAMS 0x00000000efe00000| PB 0x00000000efe00000| Complete 
| 255|0x00000000eff00000, 0x00000000f0000000, 0x00000000f0000000|100%| E|CS|TAMS 0x00000000eff00000| PB 0x00000000eff00000| Complete 

Card table byte_map: [0x00000210f1c40000,0x00000210f1d40000] _byte_map_base: 0x00000210f1540000

Marking Bits: (CMBitMap*) 0x00000210ee0f2cc0
 Bits: [0x00000210f1d40000, 0x00000210f2540000)

Polling page: 0x00000210ec050000

Metaspace:

Usage:
  Non-class:     50.22 MB used.
      Class:      8.87 MB used.
       Both:     59.09 MB used.

Virtual space:
  Non-class space:       64.00 MB reserved,      51.31 MB ( 80%) committed,  1 nodes.
      Class space:      320.00 MB reserved,       9.94 MB (  3%) committed,  1 nodes.
             Both:      384.00 MB reserved,      61.25 MB ( 16%) committed. 

Chunk freelists:
   Non-Class:  12.68 MB
       Class:  5.95 MB
        Both:  18.63 MB

MaxMetaspaceSize: 384.00 MB
CompressedClassSpaceSize: 320.00 MB
Initial GC threshold: 21.00 MB
Current GC threshold: 98.44 MB
CDS: on
 - commit_granule_bytes: 65536.
 - commit_granule_words: 8192.
 - virtual_space_node_default_size: 8388608.
 - enlarge_chunks_in_place: 1.
 - use_allocation_guard: 0.


Internal statistics:

num_allocs_failed_limit: 14.
num_arena_births: 3964.
num_arena_deaths: 0.
num_vsnodes_births: 2.
num_vsnodes_deaths: 0.
num_space_committed: 980.
num_space_uncommitted: 0.
num_chunks_returned_to_freelist: 14.
num_chunks_taken_from_freelist: 7109.
num_chunk_merges: 9.
num_chunk_splits: 4531.
num_chunks_enlarged: 2649.
num_inconsistent_stats: 0.

CodeHeap 'non-profiled nmethods': size=119168Kb used=4599Kb max_used=4599Kb free=114568Kb
 bounds [0x0000021087ba0000, 0x0000021088020000, 0x000002108f000000]
CodeHeap 'profiled nmethods': size=119104Kb used=15905Kb max_used=15905Kb free=103198Kb
 bounds [0x0000021080000000, 0x0000021080f90000, 0x0000021087450000]
CodeHeap 'non-nmethods': size=7488Kb used=3031Kb max_used=3610Kb free=4456Kb
 bounds [0x0000021087450000, 0x0000021087800000, 0x0000021087ba0000]
CodeCache: size=245760Kb, used=23535Kb, max_used=24114Kb, free=222222Kb
 total_blobs=8991, nmethods=8215, adapters=678, full_count=0
Compilation: enabled, stopped_count=0, restarted_count=0

Compilation events (20 events):
Event: 133.067 Thread 0x00000210f550c2b0 nmethod 8363 0x0000021080eca490 code [0x0000021080eca6a0, 0x0000021080ecacc8]
Event: 133.111 Thread 0x00000210f54f9880 8364   !   4       org.gradle.internal.service.DefaultServiceRegistry$SingletonService::prepare (111 bytes)
Event: 133.112 Thread 0x00000210f550c2b0 8365       1       org.gradle.internal.lazy.FixedLazy::get (5 bytes)
Event: 133.113 Thread 0x00000210f550c2b0 nmethod 8365 0x0000021087feb910 code [0x0000021087febaa0, 0x0000021087febb68]
Event: 133.114 Thread 0x00000210f550c2b0 8366       3       com.google.common.base.Preconditions::checkArgument (17 bytes)
Event: 133.115 Thread 0x00000210f550c2b0 nmethod 8366 0x0000021080ecae90 code [0x0000021080ecb060, 0x0000021080ecb420]
Event: 133.117 Thread 0x00000210f54f9880 nmethod 8364 0x0000021087febc10 code [0x0000021087febde0, 0x0000021087fec3d8]
Event: 133.304 Thread 0x00000210f550c2b0 8367       3       java.util.concurrent.atomic.AtomicInteger::getAndAdd (12 bytes)
Event: 133.304 Thread 0x00000210f550c2b0 nmethod 8367 0x0000021080ecb590 code [0x0000021080ecb720, 0x0000021080ecb838]
Event: 133.305 Thread 0x00000210f550c2b0 8368       3       java.lang.invoke.LambdaForm$MH/0x000002109019c000::invoke (57 bytes)
Event: 133.305 Thread 0x00000210f550c2b0 nmethod 8368 0x0000021080ecb910 code [0x0000021080ecbb20, 0x0000021080ecc418]
Event: 133.306 Thread 0x00000210f54f9880 8369       4       org.gradle.internal.service.DefaultServiceRegistry::find (124 bytes)
Event: 133.306 Thread 0x00000210f550c2b0 8371       1       org.gradle.internal.typeconversion.NotationConverterToNotationParserAdapter$ResultImpl::access$100 (5 bytes)
Event: 133.307 Thread 0x00000210f550c2b0 nmethod 8371 0x0000021087fec510 code [0x0000021087fec6a0, 0x0000021087fec750]
Event: 133.307 Thread 0x00000210f550c2b0 8372       1       org.gradle.internal.typeconversion.NotationConverterToNotationParserAdapter$ResultImpl::access$200 (5 bytes)
Event: 133.307 Thread 0x00000210f550c2b0 nmethod 8372 0x0000021087fec810 code [0x0000021087fec9a0, 0x0000021087feca50]
Event: 133.322 Thread 0x00000210f54f9880 nmethod 8369 0x0000021087fecb10 code [0x0000021087fecd40, 0x0000021087fed3d0]
Event: 133.322 Thread 0x00000210f54f9880 8370       4       org.gradle.internal.service.DefaultServiceRegistry::isSatisfiedBy (44 bytes)
Event: 133.328 Thread 0x00000210f54f9880 nmethod 8370 0x0000021087fed910 code [0x0000021087fedb00, 0x0000021087fede20]
Event: 133.378 Thread 0x00000210f54f9880 8373   !   4       jdk.internal.reflect.DirectConstructorHandleAccessor::newInstance (130 bytes)

GC Heap History (14 events):
Event: 8.915 GC heap before
{Heap before GC invocations=0 (full 0):
 garbage-first heap   total 262144K, used 26624K [0x00000000e0000000, 0x0000000100000000)
  region size 1024K, 23 young (23552K), 0 survivors (0K)
 Metaspace       used 3113K, committed 3328K, reserved 393216K
  class space    used 377K, committed 448K, reserved 327680K
}
Event: 8.937 GC heap after
{Heap after GC invocations=1 (full 0):
 garbage-first heap   total 262144K, used 11021K [0x00000000e0000000, 0x0000000100000000)
  region size 1024K, 3 young (3072K), 3 survivors (3072K)
 Metaspace       used 3113K, committed 3328K, reserved 393216K
  class space    used 377K, committed 448K, reserved 327680K
}
Event: 21.060 GC heap before
{Heap before GC invocations=1 (full 0):
 garbage-first heap   total 262144K, used 40717K [0x00000000e0000000, 0x0000000100000000)
  region size 1024K, 30 young (30720K), 3 survivors (3072K)
 Metaspace       used 4731K, committed 4928K, reserved 393216K
  class space    used 594K, committed 704K, reserved 327680K
}
Event: 21.075 GC heap after
{Heap after GC invocations=2 (full 0):
 garbage-first heap   total 262144K, used 15953K [0x00000000e0000000, 0x0000000100000000)
  region size 1024K, 4 young (4096K), 4 survivors (4096K)
 Metaspace       used 4731K, committed 4928K, reserved 393216K
  class space    used 594K, committed 704K, reserved 327680K
}
Event: 38.640 GC heap before
{Heap before GC invocations=2 (full 0):
 garbage-first heap   total 262144K, used 120401K [0x00000000e0000000, 0x0000000100000000)
  region size 1024K, 107 young (109568K), 4 survivors (4096K)
 Metaspace       used 20882K, committed 21504K, reserved 393216K
  class space    used 2981K, committed 3264K, reserved 327680K
}
Event: 38.674 GC heap after
{Heap after GC invocations=3 (full 0):
 garbage-first heap   total 262144K, used 23886K [0x00000000e0000000, 0x0000000100000000)
  region size 1024K, 12 young (12288K), 12 survivors (12288K)
 Metaspace       used 20882K, committed 21504K, reserved 393216K
  class space    used 2981K, committed 3264K, reserved 327680K
}
Event: 56.564 GC heap before
{Heap before GC invocations=4 (full 0):
 garbage-first heap   total 262144K, used 129358K [0x00000000e0000000, 0x0000000100000000)
  region size 1024K, 115 young (117760K), 12 survivors (12288K)
 Metaspace       used 34599K, committed 35968K, reserved 393216K
  class space    used 5167K, committed 5888K, reserved 327680K
}
Event: 56.588 GC heap after
{Heap after GC invocations=5 (full 0):
 garbage-first heap   total 262144K, used 30131K [0x00000000e0000000, 0x0000000100000000)
  region size 1024K, 14 young (14336K), 14 survivors (14336K)
 Metaspace       used 34599K, committed 35968K, reserved 393216K
  class space    used 5167K, committed 5888K, reserved 327680K
}
Event: 70.724 GC heap before
{Heap before GC invocations=6 (full 0):
 garbage-first heap   total 262144K, used 165299K [0x00000000e0000000, 0x0000000100000000)
  region size 1024K, 147 young (150528K), 14 survivors (14336K)
 Metaspace       used 49822K, committed 51776K, reserved 393216K
  class space    used 7468K, committed 8448K, reserved 327680K
}
Event: 70.756 GC heap after
{Heap after GC invocations=7 (full 0):
 garbage-first heap   total 262144K, used 41279K [0x00000000e0000000, 0x0000000100000000)
  region size 1024K, 17 young (17408K), 17 survivors (17408K)
 Metaspace       used 49822K, committed 51776K, reserved 393216K
  class space    used 7468K, committed 8448K, reserved 327680K
}
Event: 78.269 GC heap before
{Heap before GC invocations=7 (full 0):
 garbage-first heap   total 262144K, used 168255K [0x00000000e0000000, 0x0000000100000000)
  region size 1024K, 143 young (146432K), 17 survivors (17408K)
 Metaspace       used 57983K, committed 60096K, reserved 393216K
  class space    used 8788K, committed 9856K, reserved 327680K
}
Event: 78.297 GC heap after
{Heap after GC invocations=8 (full 0):
 garbage-first heap   total 262144K, used 50161K [0x00000000e0000000, 0x0000000100000000)
  region size 1024K, 20 young (20480K), 20 survivors (20480K)
 Metaspace       used 57983K, committed 60096K, reserved 393216K
  class space    used 8788K, committed 9856K, reserved 327680K
}
Event: 78.650 GC heap before
{Heap before GC invocations=8 (full 0):
 garbage-first heap   total 262144K, used 52209K [0x00000000e0000000, 0x0000000100000000)
  region size 1024K, 23 young (23552K), 20 survivors (20480K)
 Metaspace       used 58332K, committed 60416K, reserved 393216K
  class space    used 8839K, committed 9856K, reserved 327680K
}
Event: 78.680 GC heap after
{Heap after GC invocations=9 (full 0):
 garbage-first heap   total 262144K, used 51893K [0x00000000e0000000, 0x0000000100000000)
  region size 1024K, 12 young (12288K), 12 survivors (12288K)
 Metaspace       used 58332K, committed 60416K, reserved 393216K
  class space    used 8839K, committed 9856K, reserved 327680K
}

Dll operation events (20 events):
Event: 0.740 Attempting to load shared library C:\Users\chae0\.vscode\extensions\redhat.java-1.56.0-win32-x64\jre\21.0.12.1-win32-x86_64\bin\nio.dll
Event: 0.746 Loaded shared library C:\Users\chae0\.vscode\extensions\redhat.java-1.56.0-win32-x64\jre\21.0.12.1-win32-x86_64\bin\nio.dll
Event: 0.774 Attempting to load shared library C:\Users\chae0\.vscode\extensions\redhat.java-1.56.0-win32-x64\jre\21.0.12.1-win32-x86_64\bin\zip.dll
Event: 0.774 Loaded shared library C:\Users\chae0\.vscode\extensions\redhat.java-1.56.0-win32-x64\jre\21.0.12.1-win32-x86_64\bin\zip.dll
Event: 4.916 Attempting to load shared library C:\Users\chae0\.vscode\extensions\redhat.java-1.56.0-win32-x64\jre\21.0.12.1-win32-x86_64\bin\jimage.dll
Event: 4.916 Loaded shared library C:\Users\chae0\.vscode\extensions\redhat.java-1.56.0-win32-x64\jre\21.0.12.1-win32-x86_64\bin\jimage.dll
Event: 7.929 Attempting to load shared library C:\Users\chae0\.vscode\extensions\redhat.java-1.56.0-win32-x64\jre\21.0.12.1-win32-x86_64\bin\verify.dll
Event: 7.942 Loaded shared library C:\Users\chae0\.vscode\extensions\redhat.java-1.56.0-win32-x64\jre\21.0.12.1-win32-x86_64\bin\verify.dll
Event: 8.254 Attempting to load shared library C:\Users\chae0\.gradle\native\660c5614fbf4a5f2a75b1949f50a0caf5cd603558e7d8a26e50b933a0cfb79d1\windows-amd64\native-platform.dll
Event: 8.267 Loaded shared library C:\Users\chae0\.gradle\native\660c5614fbf4a5f2a75b1949f50a0caf5cd603558e7d8a26e50b933a0cfb79d1\windows-amd64\native-platform.dll
Event: 8.355 Attempting to load shared library C:\Users\chae0\.gradle\native\0.2.8\x86_64-windows-gnu\gradle-fileevents.dll
Event: 8.367 Loaded shared library C:\Users\chae0\.gradle\native\0.2.8\x86_64-windows-gnu\gradle-fileevents.dll
Event: 26.110 Attempting to load shared library C:\Users\chae0\.vscode\extensions\redhat.java-1.56.0-win32-x64\jre\21.0.12.1-win32-x86_64\bin\management.dll
Event: 26.122 Loaded shared library C:\Users\chae0\.vscode\extensions\redhat.java-1.56.0-win32-x64\jre\21.0.12.1-win32-x86_64\bin\management.dll
Event: 26.190 Attempting to load shared library C:\Users\chae0\.vscode\extensions\redhat.java-1.56.0-win32-x64\jre\21.0.12.1-win32-x86_64\bin\management_ext.dll
Event: 26.212 Loaded shared library C:\Users\chae0\.vscode\extensions\redhat.java-1.56.0-win32-x64\jre\21.0.12.1-win32-x86_64\bin\management_ext.dll
Event: 28.579 Attempting to load shared library C:\Users\chae0\.vscode\extensions\redhat.java-1.56.0-win32-x64\jre\21.0.12.1-win32-x86_64\bin\extnet.dll
Event: 28.618 Loaded shared library C:\Users\chae0\.vscode\extensions\redhat.java-1.56.0-win32-x64\jre\21.0.12.1-win32-x86_64\bin\extnet.dll
Event: 30.653 Attempting to load shared library C:\Users\chae0\.vscode\extensions\redhat.java-1.56.0-win32-x64\jre\21.0.12.1-win32-x86_64\bin\sunmscapi.dll
Event: 30.714 Loaded shared library C:\Users\chae0\.vscode\extensions\redhat.java-1.56.0-win32-x64\jre\21.0.12.1-win32-x86_64\bin\sunmscapi.dll

Deoptimization events (20 events):
Event: 128.251 Thread 0x00000210fee7b610 Uncommon trap: trap_request=0xffffff45 fr.pc=0x0000021087bcb418 relative=0x00000000000001f8
Event: 128.251 Thread 0x00000210fee7b610 Uncommon trap: reason=unstable_if action=reinterpret pc=0x0000021087bcb418 method=java.lang.String.indexOf(II)I @ 4 c2
Event: 128.251 Thread 0x00000210fee7b610 DEOPT PACKING pc=0x0000021087bcb418 sp=0x000000e3852fdc60
Event: 128.251 Thread 0x00000210fee7b610 DEOPT UNPACKING pc=0x00000210874a4422 sp=0x000000e3852fdbf8 mode 2
Event: 129.009 Thread 0x00000210fbc69880 Uncommon trap: trap_request=0xffffffc6 fr.pc=0x0000021087c89ad4 relative=0x0000000000000274
Event: 129.009 Thread 0x00000210fbc69880 Uncommon trap: reason=bimorphic_or_optimized_type_check action=maybe_recompile pc=0x0000021087c89ad4 method=java.util.regex.Pattern$BmpCharProperty.match(Ljava/util/regex/Matcher;ILjava/lang/CharSequence;)Z @ 19 c2
Event: 129.009 Thread 0x00000210fbc69880 DEOPT PACKING pc=0x0000021087c89ad4 sp=0x000000e3850fe1c0
Event: 129.009 Thread 0x00000210fbc69880 DEOPT UNPACKING pc=0x00000210874a4422 sp=0x000000e3850fe158 mode 2
Event: 129.157 Thread 0x00000210fe0f3280 Uncommon trap: trap_request=0xffffff76 fr.pc=0x0000021087ce5804 relative=0x0000000000000dc4
Event: 129.157 Thread 0x00000210fe0f3280 Uncommon trap: reason=predicate action=maybe_recompile pc=0x0000021087ce5804 method=java.util.ComparableTimSort.binarySort([Ljava/lang/Object;III)V @ 34 c2
Event: 129.157 Thread 0x00000210fe0f3280 DEOPT PACKING pc=0x0000021087ce5804 sp=0x000000e384afd9a0
Event: 129.157 Thread 0x00000210fe0f3280 DEOPT UNPACKING pc=0x00000210874a4422 sp=0x000000e384afd988 mode 2
Event: 129.203 Thread 0x00000210fe0f3280 DEOPT PACKING pc=0x0000021080e51a7b sp=0x000000e384afcfc0
Event: 129.203 Thread 0x00000210fe0f3280 DEOPT UNPACKING pc=0x00000210874a4bc2 sp=0x000000e384afc490 mode 0
Event: 129.203 Thread 0x00000210fe0f3280 DEOPT PACKING pc=0x0000021080e60c5b sp=0x000000e384afce60
Event: 129.203 Thread 0x00000210fe0f3280 DEOPT UNPACKING pc=0x00000210874a4bc2 sp=0x000000e384afc328 mode 0
Event: 133.304 Thread 0x00000210fbc69880 Uncommon trap: trap_request=0xffffff45 fr.pc=0x0000021087ebede8 relative=0x00000000000002a8
Event: 133.304 Thread 0x00000210fbc69880 Uncommon trap: reason=unstable_if action=reinterpret pc=0x0000021087ebede8 method=java.util.LinkedHashMap.get(Ljava/lang/Object;)Ljava/lang/Object; @ 16 c2
Event: 133.304 Thread 0x00000210fbc69880 DEOPT PACKING pc=0x0000021087ebede8 sp=0x000000e3850f9b00
Event: 133.304 Thread 0x00000210fbc69880 DEOPT UNPACKING pc=0x00000210874a4422 sp=0x000000e3850f9aa8 mode 2

Classes loaded (20 events):
Event: 79.078 Loading class java/net/Proxy
Event: 79.078 Loading class java/net/Proxy done
Event: 79.119 Loading class java/util/concurrent/CompletableFuture$AsyncRun
Event: 79.119 Loading class java/util/concurrent/CompletableFuture$AsyncRun done
Event: 127.983 Loading class sun/net/ConnectionResetException
Event: 127.983 Loading class sun/net/ConnectionResetException done
Event: 128.228 Loading class java/lang/Throwable$WrappedPrintWriter
Event: 128.228 Loading class java/lang/Throwable$PrintStreamOrWriter
Event: 128.228 Loading class java/lang/Throwable$PrintStreamOrWriter done
Event: 128.228 Loading class java/lang/Throwable$WrappedPrintWriter done
Event: 128.229 Loading class java/lang/StackTraceElement$HashedModules
Event: 128.229 Loading class java/lang/StackTraceElement$HashedModules done
Event: 129.009 Loading class jdk/internal/math/FormattedFPDecimal
Event: 129.010 Loading class jdk/internal/math/FormattedFPDecimal done
Event: 129.011 Loading class sun/text/resources/cldr/FormatData_en
Event: 129.013 Loading class sun/text/resources/cldr/FormatData_en done
Event: 129.173 Loading class java/util/AbstractList$ListItr
Event: 129.174 Loading class java/util/AbstractList$ListItr done
Event: 129.189 Loading class java/util/Collections$EmptyListIterator
Event: 129.191 Loading class java/util/Collections$EmptyListIterator done

Classes unloaded (0 events):
No events

Classes redefined (0 events):
No events

Internal exceptions (20 events):
Event: 79.073 Thread 0x00000210fbc691f0 Exception <a 'java/lang/NoSuchMethodError'{0x00000000eef04b18}: static [Ljava/lang/Object;.<clinit>()V> (0x00000000eef04b18) 
thrown [s\src\hotspot\share\prims\jni.cpp, line 1111]
Event: 79.075 Thread 0x00000210fbc691f0 Exception <a 'java/lang/NoSuchMethodError'{0x00000000eef13cf8}: static Lorg/gradle/internal/classloader/ClassLoaderSpec;.<clinit>()V> (0x00000000eef13cf8) 
thrown [s\src\hotspot\share\prims\jni.cpp, line 1111]
Event: 79.076 Thread 0x00000210fbc691f0 Exception <a 'java/lang/NoSuchMethodError'{0x00000000eef223a0}: static Lorg/gradle/internal/classloader/VisitableURLClassLoader$Spec;.<clinit>()V> (0x00000000eef223a0) 
thrown [s\src\hotspot\share\prims\jni.cpp, line 1111]
Event: 79.086 Thread 0x00000210fbc691f0 Exception <a 'java/lang/NoSuchMethodError'{0x00000000eef46368}: static [Ljava/net/URL;.<clinit>()V> (0x00000000eef46368) 
thrown [s\src\hotspot\share\prims\jni.cpp, line 1111]
Event: 79.111 Thread 0x00000210fbc691f0 Exception <a 'java/lang/NoSuchMethodError'{0x00000000eef5dda0}: static Lorg/gradle/internal/classloader/FilteringClassLoader$Spec;.<clinit>()V> (0x00000000eef5dda0) 
thrown [s\src\hotspot\share\prims\jni.cpp, line 1111]
Event: 79.115 Thread 0x00000210fbc691f0 Exception <a 'java/lang/NoSuchMethodError'{0x00000000eef777f0}: static Lorg/gradle/internal/classloader/CachingClassLoader$Spec;.<clinit>()V> (0x00000000eef777f0) 
thrown [s\src\hotspot\share\prims\jni.cpp, line 1111]
Event: 127.983 Thread 0x00000210fee7b610 Exception <a 'java/io/IOException'{0x00000000eebfbe60}> (0x00000000eebfbe60) 
thrown [s\src\hotspot\share\prims\jni.cpp, line 520]
Event: 128.131 Thread 0x00000210fee75a30 Exception <a 'java/io/IOException'{0x00000000eeb52040}> (0x00000000eeb52040) 
thrown [s\src\hotspot\share\prims\jni.cpp, line 520]
Event: 128.147 Thread 0x00000210fee77b00 Exception <a 'java/io/IOException'{0x00000000eea873d8}> (0x00000000eea873d8) 
thrown [s\src\hotspot\share\prims\jni.cpp, line 520]
Event: 128.170 Thread 0x00000210fee79540 Exception <a 'java/io/IOException'{0x00000000ee77fc10}> (0x00000000ee77fc10) 
thrown [s\src\hotspot\share\prims\jni.cpp, line 520]
Event: 128.190 Thread 0x00000210fee7a260 Exception <a 'java/io/IOException'{0x00000000ee9a6f38}> (0x00000000ee9a6f38) 
thrown [s\src\hotspot\share\prims\jni.cpp, line 520]
Event: 128.204 Thread 0x00000210fe0efe00 Exception <a 'java/io/IOException'{0x00000000ee827850}> (0x00000000ee827850) 
thrown [s\src\hotspot\share\prims\jni.cpp, line 520]
Event: 129.172 Thread 0x00000210fe0f3280 Exception <a 'java/lang/NoSuchMethodError'{0x00000000ee5957e0}: static Lorg/gradle/internal/remote/internal/MessageIOException;.<clinit>()V> (0x00000000ee5957e0) 
thrown [s\src\hotspot\share\prims\jni.cpp, line 1111]
Event: 129.183 Thread 0x00000210fe0f3280 Exception <a 'java/lang/NoSuchMethodError'{0x00000000ee5af520}: static [Ljava/lang/StackTraceElement;.<clinit>()V> (0x00000000ee5af520) 
thrown [s\src\hotspot\share\prims\jni.cpp, line 1111]
Event: 129.186 Thread 0x00000210fe0f3280 Exception <a 'java/lang/NoSuchMethodError'{0x00000000ee5c3e28}: static Lcom/esotericsoftware/kryo/KryoException;.<clinit>()V> (0x00000000ee5c3e28) 
thrown [s\src\hotspot\share\prims\jni.cpp, line 1111]
Event: 129.199 Thread 0x00000210fe0f3280 Exception <a 'java/lang/NoSuchMethodError'{0x00000000ee5ed220}: static [B.<clinit>()V> (0x00000000ee5ed220) 
thrown [s\src\hotspot\share\prims\jni.cpp, line 1111]
Event: 133.132 Thread 0x00000210fbc69880 Exception <a 'sun/nio/fs/WindowsException'{0x00000000ee072f10}> (0x00000000ee072f10) 
thrown [s\src\hotspot\share\prims\jni.cpp, line 520]
Event: 133.170 Thread 0x00000210fbc69880 Exception <a 'sun/nio/fs/WindowsException'{0x00000000ee0743f0}> (0x00000000ee0743f0) 
thrown [s\src\hotspot\share\prims\jni.cpp, line 520]
Event: 133.208 Thread 0x00000210fbc69880 Exception <a 'sun/nio/fs/WindowsException'{0x00000000ee0758c0}> (0x00000000ee0758c0) 
thrown [s\src\hotspot\share\prims\jni.cpp, line 520]
Event: 133.243 Thread 0x00000210fbc69880 Exception <a 'sun/nio/fs/WindowsException'{0x00000000ee076d70}> (0x00000000ee076d70) 
thrown [s\src\hotspot\share\prims\jni.cpp, line 520]

ZGC Phase Switch (0 events):
No events

VM Operations (20 events):
Event: 120.396 Executing non-safepoint VM operation: HandshakeAllThreads (HandshakeForDeflation)
Event: 120.396 Executing non-safepoint VM operation: HandshakeAllThreads (HandshakeForDeflation) done
Event: 120.396 Executing non-safepoint VM operation: RendezvousGCThreads
Event: 120.396 Executing non-safepoint VM operation: RendezvousGCThreads done
Event: 121.399 Executing safepoint VM operation: Cleanup
Event: 121.399 Executing safepoint VM operation: Cleanup done
Event: 127.446 Executing safepoint VM operation: Cleanup
Event: 127.446 Executing safepoint VM operation: Cleanup done
Event: 128.446 Executing safepoint VM operation: Cleanup
Event: 128.446 Executing safepoint VM operation: Cleanup done
Event: 129.176 Executing non-safepoint VM operation: HandshakeAllThreads (Deoptimize)
Event: 129.176 Executing non-safepoint VM operation: HandshakeAllThreads (Deoptimize) done
Event: 130.186 Executing safepoint VM operation: Cleanup
Event: 130.186 Executing safepoint VM operation: Cleanup done
Event: 131.199 Executing safepoint VM operation: Cleanup
Event: 131.199 Executing safepoint VM operation: Cleanup done
Event: 132.204 Executing safepoint VM operation: Cleanup
Event: 132.204 Executing safepoint VM operation: Cleanup done
Event: 133.215 Executing safepoint VM operation: Cleanup
Event: 133.216 Executing safepoint VM operation: Cleanup done

Memory protections (0 events):
No events

Nmethod flushes (20 events):
Event: 78.745 Thread 0x00000210f54a97e0 flushing  nmethod 0x0000021080215810
Event: 78.745 Thread 0x00000210f54a97e0 flushing  nmethod 0x0000021080217110
Event: 78.745 Thread 0x00000210f54a97e0 flushing  nmethod 0x0000021080287790
Event: 78.745 Thread 0x00000210f54a97e0 flushing  nmethod 0x0000021080348f90
Event: 78.745 Thread 0x00000210f54a97e0 flushing  nmethod 0x00000210804f2190
Event: 78.745 Thread 0x00000210f54a97e0 flushing  nmethod 0x00000210804f2e10
Event: 78.745 Thread 0x00000210f54a97e0 flushing  nmethod 0x00000210804f3c10
Event: 78.745 Thread 0x00000210f54a97e0 flushing  nmethod 0x0000021080555790
Event: 78.745 Thread 0x00000210f54a97e0 flushing  nmethod 0x0000021080555c90
Event: 78.745 Thread 0x00000210f54a97e0 flushing  nmethod 0x00000210805d8d10
Event: 78.745 Thread 0x00000210f54a97e0 flushing  nmethod 0x0000021087d62a90
Event: 78.745 Thread 0x00000210f54a97e0 flushing  nmethod 0x0000021080157990
Event: 78.745 Thread 0x00000210f54a97e0 flushing  nmethod 0x000002108019f490
Event: 78.745 Thread 0x00000210f54a97e0 flushing  nmethod 0x00000210801a0810
Event: 78.745 Thread 0x00000210f54a97e0 flushing  nmethod 0x00000210801a4190
Event: 78.745 Thread 0x00000210f54a97e0 flushing  nmethod 0x00000210801ff810
Event: 78.745 Thread 0x00000210f54a97e0 flushing  nmethod 0x0000021080281c90
Event: 78.745 Thread 0x00000210f54a97e0 flushing  nmethod 0x00000210805b0390
Event: 78.745 Thread 0x00000210f54a97e0 flushing  nmethod 0x00000210806be510
Event: 78.745 Thread 0x00000210f54a97e0 flushing  nmethod 0x0000021080713d90

Events (20 events):
Event: 128.196 Thread 0x00000210fe0f11b0 Thread added: 0x00000210fe0ee3c0
Event: 128.196 Thread 0x00000210fe0f1ed0 Thread exited: 0x00000210fe0f1ed0
Event: 128.334 Thread 0x00000210fee7b610 Thread exited: 0x00000210fee7b610
Event: 128.463 Thread 0x00000210fe0efe00 Thread exited: 0x00000210fe0efe00
Event: 128.946 Thread 0x00000210fee75a30 Thread exited: 0x00000210fee75a30
Event: 128.956 Thread 0x00000210fee77b00 Thread exited: 0x00000210fee77b00
Event: 128.966 Thread 0x00000210fee79540 Thread exited: 0x00000210fee79540
Event: 128.977 Thread 0x00000210fee7a260 Thread exited: 0x00000210fee7a260
Event: 129.007 Thread 0x00000210fbc69880 Thread added: 0x00000210fe0f3280
Event: 129.068 Thread 0x00000210fe0ef0e0 Thread exited: 0x00000210fe0ef0e0
Event: 129.222 Thread 0x00000210f550c2b0 Thread added: 0x00000210fd089bb0
Event: 129.381 Thread 0x00000210fbc69880 Thread added: 0x00000210fe0efe00
Event: 129.429 Thread 0x00000210fee7af80 Thread exited: 0x00000210fee7af80
Event: 129.435 Thread 0x00000210fbc69880 Thread added: 0x00000210fe0f1ed0
Event: 129.546 Thread 0x00000210fbc69880 Thread added: 0x00000210fe0f2560
Event: 129.685 Thread 0x00000210fbc69880 Thread added: 0x00000210fe0ef0e0
Event: 130.325 Thread 0x00000210fd089bb0 Thread exited: 0x00000210fd089bb0
Event: 132.592 Thread 0x00000210fbc69880 Thread added: 0x00000210fe0f4630
Event: 132.792 Thread 0x00000210fbc69880 Thread added: 0x00000210fee77b00
Event: 132.920 Thread 0x00000210fbc69880 Thread added: 0x00000210fee75a30


Dynamic libraries:
0x00007ff647690000 - 0x00007ff64769e000 	C:\Users\chae0\.vscode\extensions\redhat.java-1.56.0-win32-x64\jre\21.0.12.1-win32-x86_64\bin\java.exe
0x00007ffe482c0000 - 0x00007ffe48526000 	C:\WINDOWS\SYSTEM32\ntdll.dll
0x00007ffe45ff0000 - 0x00007ffe460b9000 	C:\WINDOWS\System32\KERNEL32.DLL
0x00007ffe454d0000 - 0x00007ffe458cf000 	C:\WINDOWS\System32\KERNELBASE.dll
0x00007ffe458e0000 - 0x00007ffe45a2c000 	C:\WINDOWS\System32\ucrtbase.dll
0x00007ffe31810000 - 0x00007ffe31828000 	C:\Users\chae0\.vscode\extensions\redhat.java-1.56.0-win32-x64\jre\21.0.12.1-win32-x86_64\bin\jli.dll
0x00007ffe31ce0000 - 0x00007ffe31cfe000 	C:\Users\chae0\.vscode\extensions\redhat.java-1.56.0-win32-x64\jre\21.0.12.1-win32-x86_64\bin\VCRUNTIME140.dll
0x00007ffe47bd0000 - 0x00007ffe47d96000 	C:\WINDOWS\System32\USER32.dll
0x00007ffe45b70000 - 0x00007ffe45b97000 	C:\WINDOWS\System32\win32u.dll
0x00007ffe47da0000 - 0x00007ffe47dcb000 	C:\WINDOWS\System32\GDI32.dll
0x00007ffe45a40000 - 0x00007ffe45b69000 	C:\WINDOWS\System32\gdi32full.dll
0x00007ffe45ba0000 - 0x00007ffe45c43000 	C:\WINDOWS\System32\msvcp_win.dll
0x00007ffe2bf00000 - 0x00007ffe2c191000 	C:\WINDOWS\WinSxS\amd64_microsoft.windows.common-controls_6595b64144ccf1df_6.0.26100.8972_none_3e0da176e32f9d4b\COMCTL32.dll
0x00007ffe48030000 - 0x00007ffe480d9000 	C:\WINDOWS\System32\msvcrt.dll
0x00007ffe47220000 - 0x00007ffe47252000 	C:\WINDOWS\System32\IMM32.DLL
0x00007ffe31cd0000 - 0x00007ffe31cdc000 	C:\Users\chae0\.vscode\extensions\redhat.java-1.56.0-win32-x64\jre\21.0.12.1-win32-x86_64\bin\vcruntime140_1.dll
0x00007ffdae500000 - 0x00007ffdae58d000 	C:\Users\chae0\.vscode\extensions\redhat.java-1.56.0-win32-x64\jre\21.0.12.1-win32-x86_64\bin\msvcp140.dll
0x00007ffd7eae0000 - 0x00007ffd7f882000 	C:\Users\chae0\.vscode\extensions\redhat.java-1.56.0-win32-x64\jre\21.0.12.1-win32-x86_64\bin\server\jvm.dll
0x00007ffe47f60000 - 0x00007ffe4801c000 	C:\WINDOWS\System32\ADVAPI32.dll
0x00007ffe46390000 - 0x00007ffe4643a000 	C:\WINDOWS\System32\sechost.dll
0x00007ffe47dd0000 - 0x00007ffe47ee8000 	C:\WINDOWS\System32\RPCRT4.dll
0x00007ffe46550000 - 0x00007ffe465d2000 	C:\WINDOWS\System32\WS2_32.dll
0x00007ffe45330000 - 0x00007ffe4538e000 	C:\WINDOWS\SYSTEM32\POWRPROF.dll
0x00007ffe3a380000 - 0x00007ffe3a3b6000 	C:\WINDOWS\SYSTEM32\WINMM.dll
0x00007ffe2df10000 - 0x00007ffe2df1b000 	C:\WINDOWS\SYSTEM32\VERSION.dll
0x00007ffe45310000 - 0x00007ffe45325000 	C:\WINDOWS\SYSTEM32\UMPDC.dll
0x00007ffe441c0000 - 0x00007ffe441db000 	C:\WINDOWS\SYSTEM32\kernel.appcore.dll
0x00007ffe313e0000 - 0x00007ffe313ea000 	C:\Users\chae0\.vscode\extensions\redhat.java-1.56.0-win32-x64\jre\21.0.12.1-win32-x86_64\bin\jimage.dll
0x00007ffe42a50000 - 0x00007ffe42c92000 	C:\WINDOWS\SYSTEM32\DBGHELP.DLL
0x00007ffe46b70000 - 0x00007ffe46ef5000 	C:\WINDOWS\System32\combase.dll
0x00007ffe46f80000 - 0x00007ffe47059000 	C:\WINDOWS\System32\OLEAUT32.dll
0x00007ffe2c280000 - 0x00007ffe2c2bb000 	C:\WINDOWS\SYSTEM32\dbgcore.DLL
0x00007ffe45c50000 - 0x00007ffe45cfc000 	C:\WINDOWS\System32\bcryptPrimitives.dll
0x00007ffe322d0000 - 0x00007ffe322df000 	C:\Users\chae0\.vscode\extensions\redhat.java-1.56.0-win32-x64\jre\21.0.12.1-win32-x86_64\bin\instrument.dll
0x00007ffe32190000 - 0x00007ffe321b0000 	C:\Users\chae0\.vscode\extensions\redhat.java-1.56.0-win32-x64\jre\21.0.12.1-win32-x86_64\bin\java.dll
0x00007ffe473a0000 - 0x00007ffe47b28000 	C:\WINDOWS\System32\SHELL32.dll
0x00007ffe42e20000 - 0x00007ffe436bb000 	C:\WINDOWS\SYSTEM32\windows.storage.dll
0x00007ffe47260000 - 0x00007ffe47359000 	C:\WINDOWS\System32\SHCORE.dll
0x00007ffe47ef0000 - 0x00007ffe47f56000 	C:\WINDOWS\System32\shlwapi.dll
0x00007ffe453f0000 - 0x00007ffe45419000 	C:\WINDOWS\SYSTEM32\profapi.dll
0x00007ffe31d20000 - 0x00007ffe31d38000 	C:\Users\chae0\.vscode\extensions\redhat.java-1.56.0-win32-x64\jre\21.0.12.1-win32-x86_64\bin\zip.dll
0x00007ffe327e0000 - 0x00007ffe327f0000 	C:\Users\chae0\.vscode\extensions\redhat.java-1.56.0-win32-x64\jre\21.0.12.1-win32-x86_64\bin\net.dll
0x00007ffe3e400000 - 0x00007ffe3e528000 	C:\WINDOWS\SYSTEM32\WINHTTP.dll
0x00007ffe44770000 - 0x00007ffe447dc000 	C:\WINDOWS\system32\mswsock.dll
0x00007ffe30f40000 - 0x00007ffe30f56000 	C:\Users\chae0\.vscode\extensions\redhat.java-1.56.0-win32-x64\jre\21.0.12.1-win32-x86_64\bin\nio.dll
0x00007ffe322c0000 - 0x00007ffe322d0000 	C:\Users\chae0\.vscode\extensions\redhat.java-1.56.0-win32-x64\jre\21.0.12.1-win32-x86_64\bin\verify.dll
0x00007ffe00a50000 - 0x00007ffe00a77000 	C:\Users\chae0\.gradle\native\660c5614fbf4a5f2a75b1949f50a0caf5cd603558e7d8a26e50b933a0cfb79d1\windows-amd64\native-platform.dll
0x00007ffe32940000 - 0x00007ffe329b7000 	C:\Users\chae0\.gradle\native\0.2.8\x86_64-windows-gnu\gradle-fileevents.dll
0x00007ffe32080000 - 0x00007ffe3208a000 	C:\Users\chae0\.vscode\extensions\redhat.java-1.56.0-win32-x64\jre\21.0.12.1-win32-x86_64\bin\management.dll
0x00007ffe32070000 - 0x00007ffe3207c000 	C:\Users\chae0\.vscode\extensions\redhat.java-1.56.0-win32-x64\jre\21.0.12.1-win32-x86_64\bin\management_ext.dll
0x00007ffe47bc0000 - 0x00007ffe47bc8000 	C:\WINDOWS\System32\PSAPI.DLL
0x00007ffe43c40000 - 0x00007ffe43c73000 	C:\WINDOWS\SYSTEM32\IPHLPAPI.DLL
0x00007ffe47390000 - 0x00007ffe4739a000 	C:\WINDOWS\System32\NSI.dll
0x00007ffe11b60000 - 0x00007ffe11b69000 	C:\Users\chae0\.vscode\extensions\redhat.java-1.56.0-win32-x64\jre\21.0.12.1-win32-x86_64\bin\extnet.dll
0x00007ffe44a60000 - 0x00007ffe44a7b000 	C:\WINDOWS\SYSTEM32\CRYPTSP.dll
0x00007ffe44120000 - 0x00007ffe44159000 	C:\WINDOWS\system32\rsaenh.dll
0x00007ffe44820000 - 0x00007ffe44852000 	C:\WINDOWS\SYSTEM32\USERENV.dll
0x00007ffe453c0000 - 0x00007ffe453ea000 	C:\WINDOWS\SYSTEM32\bcrypt.dll
0x00007ffe44a80000 - 0x00007ffe44a8c000 	C:\WINDOWS\SYSTEM32\CRYPTBASE.dll
0x00007ffe32820000 - 0x00007ffe3282e000 	C:\Users\chae0\.vscode\extensions\redhat.java-1.56.0-win32-x64\jre\21.0.12.1-win32-x86_64\bin\sunmscapi.dll
0x00007ffe45d10000 - 0x00007ffe45e8e000 	C:\WINDOWS\System32\CRYPT32.dll
0x00007ffe44ca0000 - 0x00007ffe44cd0000 	C:\WINDOWS\SYSTEM32\ncrypt.dll
0x00007ffe44c50000 - 0x00007ffe44c8f000 	C:\WINDOWS\SYSTEM32\NTASN1.dll
0x00007ffdfc1b0000 - 0x00007ffdfc1b8000 	C:\WINDOWS\system32\wshunix.dll

JVMTI agents:
C:\Users\chae0\.gradle\wrapper\dists\gradle-9.4.1-bin\arn2x92ynaizyzdaamcbpbhtj\gradle-9.4.1\lib\agents\gradle-instrumentation-agent-9.4.1.jar path:C:\Users\chae0\.vscode\extensions\redhat.java-1.56.0-win32-x64\jre\21.0.12.1-win32-x86_64\bin\instrument.dll, loaded, initialized, instrumentlib options:none

dbghelp: loaded successfully - version: 4.0.5 - missing functions: none
symbol engine: initialized successfully - sym options: 0x614 - pdb path: .;C:\Users\chae0\.vscode\extensions\redhat.java-1.56.0-win32-x64\jre\21.0.12.1-win32-x86_64\bin;C:\WINDOWS\SYSTEM32;C:\WINDOWS\WinSxS\amd64_microsoft.windows.common-controls_6595b64144ccf1df_6.0.26100.8972_none_3e0da176e32f9d4b;C:\Users\chae0\.vscode\extensions\redhat.java-1.56.0-win32-x64\jre\21.0.12.1-win32-x86_64\bin\server;C:\Users\chae0\.gradle\native\660c5614fbf4a5f2a75b1949f50a0caf5cd603558e7d8a26e50b933a0cfb79d1\windows-amd64;C:\Users\chae0\.gradle\native\0.2.8\x86_64-windows-gnu

VM Arguments:
jvm_args: --add-opens=java.base/java.lang=ALL-UNNAMED --add-opens=java.base/java.lang.invoke=ALL-UNNAMED --add-opens=java.base/java.util=ALL-UNNAMED --add-opens=java.prefs/java.util.prefs=ALL-UNNAMED --add-exports=jdk.compiler/com.sun.tools.javac.api=ALL-UNNAMED --add-exports=jdk.compiler/com.sun.tools.javac.util=ALL-UNNAMED --add-opens=java.base/java.util=ALL-UNNAMED --add-opens=java.prefs/java.util.prefs=ALL-UNNAMED --add-opens=java.base/java.nio.charset=ALL-UNNAMED --add-opens=java.base/java.net=ALL-UNNAMED --add-opens=java.base/java.util.concurrent=ALL-UNNAMED --add-opens=java.base/java.util.concurrent.atomic=ALL-UNNAMED --add-opens=java.xml/javax.xml.namespace=ALL-UNNAMED --add-opens=java.base/java.time=ALL-UNNAMED -XX:MaxMetaspaceSize=384m -XX:+HeapDumpOnOutOfMemoryError -Xms256m -Xmx512m -Dfile.encoding=UTF-8 -Duser.country=KR -Duser.language=ko -Duser.variant -javaagent:C:\Users\chae0\.gradle\wrapper\dists\gradle-9.4.1-bin\arn2x92ynaizyzdaamcbpbhtj\gradle-9.4.1\lib\agents\gradle-instrumentation-agent-9.4.1.jar 
java_command: org.gradle.launcher.daemon.bootstrap.GradleDaemon 9.4.1
java_class_path (initial): C:\Users\chae0\.gradle\wrapper\dists\gradle-9.4.1-bin\arn2x92ynaizyzdaamcbpbhtj\gradle-9.4.1\lib\gradle-daemon-main-9.4.1.jar
Launcher Type: SUN_STANDARD

[Global flags]
     intx CICompilerCount                          = 12                                        {product} {ergonomic}
   size_t CompressedClassSpaceSize                 = 335544320                                 {product} {ergonomic}
     uint ConcGCThreads                            = 3                                         {product} {ergonomic}
     uint G1ConcRefinementThreads                  = 13                                        {product} {ergonomic}
   size_t G1HeapRegionSize                         = 1048576                                   {product} {ergonomic}
    uintx GCDrainStackTargetSize                   = 64                                        {product} {ergonomic}
     bool HeapDumpOnOutOfMemoryError               = true                                   {manageable} {command line}
   size_t InitialHeapSize                          = 268435456                                 {product} {command line}
   size_t MarkStackSize                            = 4194304                                   {product} {ergonomic}
   size_t MaxHeapSize                              = 536870912                                 {product} {command line}
   size_t MaxMetaspaceSize                         = 402653184                                 {product} {command line}
   size_t MaxNewSize                               = 321912832                                 {product} {ergonomic}
   size_t MinHeapDeltaBytes                        = 1048576                                   {product} {ergonomic}
   size_t MinHeapSize                              = 268435456                                 {product} {command line}
    uintx NonNMethodCodeHeapSize                   = 7602480                                {pd product} {ergonomic}
    uintx NonProfiledCodeHeapSize                  = 122027880                              {pd product} {ergonomic}
    uintx ProfiledCodeHeapSize                     = 122027880                              {pd product} {ergonomic}
    uintx ReservedCodeCacheSize                    = 251658240                              {pd product} {ergonomic}
     bool SegmentedCodeCache                       = true                                      {product} {ergonomic}
   size_t SoftMaxHeapSize                          = 536870912                              {manageable} {ergonomic}
     bool UseCompressedOops                        = true                           {product lp64_product} {ergonomic}
     bool UseG1GC                                  = true                                      {product} {ergonomic}
     bool UseLargePagesIndividualAllocation        = false                                  {pd product} {ergonomic}

Logging:
Log output configuration:
 #0: stdout all=warning uptime,level,tags foldmultilines=false
 #1: stderr all=off uptime,level,tags foldmultilines=false

Release file:
JAVA_VERSION="21.0.12.1" 
MODULES="java.base java.compiler java.datatransfer java.xml java.prefs java.desktop java.instrument java.logging java.management java.security.sasl java.naming java.rmi java.management.rmi java.net.http java.scripting java.security.jgss java.transaction.xa java.sql java.sql.rowset java.xml.crypto java.se java.smartcardio jdk.accessibility jdk.internal.jvmstat jdk.attach jdk.charsets jdk.internal.opt jdk.zipfs jdk.compiler jdk.crypto.ec jdk.crypto.cryptoki jdk.crypto.mscapi jdk.dynalink jdk.internal.ed jdk.editpad jdk.hotspot.agent jdk.httpserver jdk.internal.le jdk.internal.vm.ci jdk.internal.vm.compiler jdk.internal.vm.compiler.management jdk.jartool jdk.javadoc jdk.jcmd jdk.management jdk.management.agent jdk.jconsole jdk.jdeps jdk.jdwp.agent jdk.jdi jdk.jfr jdk.jshell jdk.jsobject jdk.jstatd jdk.localedata jdk.management.jfr jdk.naming.dns jdk.naming.rmi jdk.net jdk.nio.mapmode jdk.random jdk.sctp jdk.security.auth jdk.security.jgss jdk.unsupported jdk.unsupported.desktop jdk.xml.dom" 

Environment Variables:
JAVA_HOME=C:\Program Files\Java\jdk-21
CLASSPATH=c:\Users\chae0\.vscode\extensions\vscjava.vscode-gradle-3.18.0\lib\gradle-server.jar
PATH=C:\Python314\Scripts\;C:\Python314\;C:\Program Files (x86)\VMware\VMware Workstation\bin\;C:\Program Files\Common Files\Oracle\Java\javapath;C:\WINDOWS\system32;C:\WINDOWS;C:\WINDOWS\System32\Wbem;C:\WINDOWS\System32\WindowsPowerShell\v1.0\;C:\WINDOWS\System32\OpenSSH\;C:\Program Files\Java\jdk-21\bin\;C:\Program Files\Java\jdk-21bin;C:\Program Files\Microsoft SQL Server\Client SDK\ODBC\170\Tools\Binn\;C:\Program Files (x86)\Microsoft SQL Server\150\Tools\Binn\;C:\Program Files\Microsoft SQL Server\150\Tools\Binn\;C:\Program Files\Microsoft SQL Server\150\DTS\Binn\;C:\Program Files (x86)\Microsoft SQL Server\150\DTS\Binn\;C:\Program Files\Azure Data Studio\bin;C:\Program Files\Java\jdk-21BIN;C:\Users\chae0\Downloads\node-v22.13.1-win-x64\;D:\Git\cmd;C:\Users\chae0\AppData\Local\Android\Sdk\platform-tools;C:\Program Files\dotnet\;C:\Program Files (x86)\Windows Kits\10\Windows Performance Toolkit\;C:\Program Files\nodejs\;C:\ProgramData\chocolatey\bin;C:\Users\chae0\AppData\Local\Android\Sdk\platform-tools;C:\Program Files\MySQL\MySQL Server 8.0\bin;C:\Users\chae0\AppData\Local\Programs\Python\Launcher\;C:\Users\chae0\AppData\Local\Microsoft\WindowsApps;C:\Program Files\Java\jdk-21\bin;C:\Program Files\Azure Data Studio\bin;C:\Users\chae0\AppData\Local\Programs\Microsoft VS Code\bin;C:\Users\chae0\.dotnet\tools;D:\downloads\flutter_windows_3.35.5-stable\flutter\bin;C:\Users\chae0\AppData\Roaming\npm
USERNAME=chae0
OS=Windows_NT
PROCESSOR_IDENTIFIER=Intel64 Family 6 Model 154 Stepping 3, GenuineIntel
TMP=C:\Users\chae0\AppData\Local\Temp
TEMP=C:\Users\chae0\AppData\Local\Temp




Periodic native trim disabled

---------------  S Y S T E M  ---------------

OS:
 Windows 11 , 64 bit Build 26100 (10.0.26100.9168)
OS uptime: 0 days 1:15 hours

CPU: total 16 (initial active 16) (16 cores per cpu, 1 threads per core) family 6 model 154 stepping 3 microcode 0x421, cx8, cmov, fxsr, mmx, 3dnowpref, sse, sse2, sse3, ssse3, sse4.1, sse4.2, popcnt, lzcnt, tsc, tscinvbit, avx, avx2, aes, erms, clmul, bmi1, bmi2, adx, sha, fma, vzeroupper, clflush, clflushopt, clwb, serialize, rdtscp, rdpid, fsrm, f16c, pku, cet_ibt, cet_ss
Processor Information for processor 0
  Max Mhz: 1700, Current Mhz: 1700, Mhz Limit: 1700
Processor Information for processor 1
  Max Mhz: 1700, Current Mhz: 1457, Mhz Limit: 1700
Processor Information for processor 2
  Max Mhz: 1700, Current Mhz: 1700, Mhz Limit: 1700
Processor Information for processor 3
  Max Mhz: 1700, Current Mhz: 1700, Mhz Limit: 1700
Processor Information for processor 4
  Max Mhz: 1700, Current Mhz: 1700, Mhz Limit: 1700
Processor Information for processor 5
  Max Mhz: 1700, Current Mhz: 1457, Mhz Limit: 1700
Processor Information for processor 6
  Max Mhz: 1700, Current Mhz: 1700, Mhz Limit: 1700
Processor Information for processor 7
  Max Mhz: 1700, Current Mhz: 1700, Mhz Limit: 1700
Processor Information for processor 8
  Max Mhz: 1700, Current Mhz: 1700, Mhz Limit: 1700
Processor Information for processor 9
  Max Mhz: 1700, Current Mhz: 1700, Mhz Limit: 1700
Processor Information for processor 10
  Max Mhz: 1700, Current Mhz: 1558, Mhz Limit: 1700
Processor Information for processor 11
  Max Mhz: 1700, Current Mhz: 1700, Mhz Limit: 1700
Processor Information for processor 12
  Max Mhz: 1700, Current Mhz: 1558, Mhz Limit: 1700
Processor Information for processor 13
  Max Mhz: 1700, Current Mhz: 1700, Mhz Limit: 1700
Processor Information for processor 14
  Max Mhz: 1700, Current Mhz: 1558, Mhz Limit: 1700
Processor Information for processor 15
  Max Mhz: 1700, Current Mhz: 1558, Mhz Limit: 1700

Memory: 4k page, system-wide physical 16066M (952M free)
TotalPageFile size 39652M (AvailPageFile size 80M)
current process WorkingSet (physical memory assigned to process): 393M, peak: 406M
current process commit charge ("private bytes"): 505M, peak: 516M

vm_info: OpenJDK 64-Bit Server VM (21.0.12.1+1-LTS) for windows-amd64 JRE (21.0.12.1+1-LTS), built on 2026-08-18T00:00:00Z by "admin" with MS VC++ 17.12 (VS2022)

END.
