#
# There is insufficient memory for the Java Runtime Environment to continue.
# Native memory allocation (malloc) failed to allocate 65552 bytes. Error detail: Chunk::new
# Possible reasons:
#   The system is out of physical RAM or swap space
#   This process is running with CompressedOops enabled, and the Java Heap may be blocking the growth of the native heap
# Possible solutions:
#   Reduce memory load on the system
#   Increase physical memory or swap space
#   Check if swap backing store is full
#   Decrease Java heap size (-Xmx/-Xms)
#   Decrease number of Java threads
#   Decrease Java thread stack sizes (-Xss)
#   Set larger code cache with -XX:ReservedCodeCacheSize=
#   JVM is running with Unscaled Compressed Oops mode in which the Java heap is
#     placed in the first 4GB address space. The Java Heap base address is the
#     maximum limit for the native heap growth. Please use -XX:HeapBaseMinAddress
#     to set the Java Heap base and to place the Java Heap above 4GB virtual address.
# This output file may be truncated or incomplete.
#
#  Out of Memory Error (arena.cpp:168), pid=2744, tid=27132
#
# JRE version: OpenJDK Runtime Environment Temurin-21.0.12.1+1 (21.0.12.1+1) (build 21.0.12.1+1-LTS)
# Java VM: OpenJDK 64-Bit Server VM Temurin-21.0.12.1+1 (21.0.12.1+1-LTS, mixed mode, sharing, tiered, compressed oops, compressed class ptrs, g1 gc, windows-amd64)
# No core dump will be written. Minidumps are not enabled by default on client versions of Windows
#

---------------  S U M M A R Y ------------

Command Line: --add-opens=java.base/java.lang=ALL-UNNAMED --add-opens=java.base/java.lang.invoke=ALL-UNNAMED --add-opens=java.base/java.util=ALL-UNNAMED --add-opens=java.prefs/java.util.prefs=ALL-UNNAMED --add-exports=jdk.compiler/com.sun.tools.javac.api=ALL-UNNAMED --add-exports=jdk.compiler/com.sun.tools.javac.util=ALL-UNNAMED --add-opens=java.base/java.util=ALL-UNNAMED --add-opens=java.prefs/java.util.prefs=ALL-UNNAMED --add-opens=java.base/java.nio.charset=ALL-UNNAMED --add-opens=java.base/java.net=ALL-UNNAMED --add-opens=java.base/java.util.concurrent=ALL-UNNAMED --add-opens=java.base/java.util.concurrent.atomic=ALL-UNNAMED --add-opens=java.xml/javax.xml.namespace=ALL-UNNAMED --add-opens=java.base/java.time=ALL-UNNAMED -XX:MaxMetaspaceSize=384m -XX:+HeapDumpOnOutOfMemoryError -Xms256m -Xmx512m -Dfile.encoding=UTF-8 -Duser.country=KR -Duser.language=ko -Duser.variant -javaagent:C:\Users\chae0\.gradle\wrapper\dists\gradle-9.4.1-bin\arn2x92ynaizyzdaamcbpbhtj\gradle-9.4.1\lib\agents\gradle-instrumentation-agent-9.4.1.jar org.gradle.launcher.daemon.bootstrap.GradleDaemon 9.4.1

Host: 12th Gen Intel(R) Core(TM) i5-1240P, 16 cores, 15G,  Windows 11 , 64 bit Build 26100 (10.0.26100.9168)
Time: Thu Sep 10 19:14:14 2026 elapsed time: 1178.898235 seconds (0d 0h 19m 38s)

---------------  T H R E A D  ---------------

Current thread (0x000001ec3f340670):  JavaThread "C2 CompilerThread0" daemon [_thread_in_native, id=27132, stack(0x0000005d00c00000,0x0000005d00d00000) (1024K)]


Current CompileTask:
C2:1178904 8719 %     4       org.gradle.cache.internal.btree.BTreePersistentIndexedCache$IndexBlock::read @ 16 (94 bytes)

Stack: [0x0000005d00c00000,0x0000005d00d00000]
Native frames: (J=compiled Java code, j=interpreted, Vv=VM code, C=native code)
V  [jvm.dll+0x6d83e9]
V  [jvm.dll+0x8b5736]
V  [jvm.dll+0x8b7cee]
V  [jvm.dll+0x8b83d3]
V  [jvm.dll+0x284596]
V  [jvm.dll+0xc685d]
V  [jvm.dll+0xc6da1]
V  [jvm.dll+0xc6985]
V  [jvm.dll+0x6b33cc]
V  [jvm.dll+0x254339]
V  [jvm.dll+0x666573]
V  [jvm.dll+0x66539f]
V  [jvm.dll+0x24c57b]
V  [jvm.dll+0x24bce0]
V  [jvm.dll+0x1cb4ae]
V  [jvm.dll+0x25baad]
V  [jvm.dll+0x25a03a]
V  [jvm.dll+0x3f8aae]
V  [jvm.dll+0x8600cd]
V  [jvm.dll+0x6d6c1d]
C  [ucrtbase.dll+0x2cd30]
C  [KERNEL32.DLL+0x2ccb7]
C  [ntdll.dll+0xaad6c]


---------------  P R O C E S S  ---------------

Threads class SMR info:
_java_thread_list=0x000001ec5c5ce520, length=59, elements={
0x000001ec28ea21c0, 0x000001ec3f32c860, 0x000001ec3f32f3d0, 0x000001ec3f3325e0,
0x000001ec3f333910, 0x000001ec3f335120, 0x000001ec3f33d130, 0x000001ec3f340670,
0x000001ec3f3551c0, 0x000001ec3f5ce280, 0x000001ec3f614ef0, 0x000001ec3f78a540,
0x000001ec3f456070, 0x000001ec5931add0, 0x000001ec3f552430, 0x000001ec3f3ba390,
0x000001ec59b39a00, 0x000001ec59b37fc0, 0x000001ec5a7489d0, 0x000001ec5a747cb0,
0x000001ec5a749060, 0x000001ec5a745be0, 0x000001ec5a74be50, 0x000001ec5a74c4e0,
0x000001ec5a746270, 0x000001ec5ab93c40, 0x000001ec5ab94960, 0x000001ec5ab942d0,
0x000001ec5ab914e0, 0x000001ec5ab90e50, 0x000001ec5ab8e060, 0x000001ec5ab91b70,
0x000001ec5ab8e6f0, 0x000001ec5ab8ed80, 0x000001ec5ab92f20, 0x000001ec5ab8f410,
0x000001ec5ab92200, 0x000001ec5ab90130, 0x000001ec5ab907c0, 0x000001ec5ab92890,
0x000001ec5ab8faa0, 0x000001ec5ab935b0, 0x000001ec5ab94ff0, 0x000001ec5ab95680,
0x000001ec59b3a720, 0x000001ec59b372a0, 0x000001ec59b3a090, 0x000001ec59b37930,
0x000001ec59b38650, 0x000001ec59b38ce0, 0x000001ec59b39370, 0x000001ec5a748340,
0x000001ec5a745550, 0x000001ec5a74aaa0, 0x000001ec5a74a410, 0x000001ec5a74b130,
0x000001ec5a74cb70, 0x000001ec5c1cf0b0, 0x000001ec5c1cea20
}

Java Threads: ( => current thread )
  0x000001ec28ea21c0 JavaThread "main"                              [_thread_blocked, id=22640, stack(0x0000005d7fe00000,0x0000005d7ff00000) (1024K)]
  0x000001ec3f32c860 JavaThread "Reference Handler"          daemon [_thread_blocked, id=25628, stack(0x0000005d00600000,0x0000005d00700000) (1024K)]
  0x000001ec3f32f3d0 JavaThread "Finalizer"                  daemon [_thread_blocked, id=27088, stack(0x0000005d00700000,0x0000005d00800000) (1024K)]
  0x000001ec3f3325e0 JavaThread "Signal Dispatcher"          daemon [_thread_blocked, id=27544, stack(0x0000005d00800000,0x0000005d00900000) (1024K)]
  0x000001ec3f333910 JavaThread "Attach Listener"            daemon [_thread_blocked, id=27548, stack(0x0000005d00900000,0x0000005d00a00000) (1024K)]
  0x000001ec3f335120 JavaThread "Service Thread"             daemon [_thread_blocked, id=10440, stack(0x0000005d00a00000,0x0000005d00b00000) (1024K)]
  0x000001ec3f33d130 JavaThread "Monitor Deflation Thread"   daemon [_thread_blocked, id=2632, stack(0x0000005d00b00000,0x0000005d00c00000) (1024K)]
=>0x000001ec3f340670 JavaThread "C2 CompilerThread0"         daemon [_thread_in_native, id=27132, stack(0x0000005d00c00000,0x0000005d00d00000) (1024K)]
  0x000001ec3f3551c0 JavaThread "C1 CompilerThread0"         daemon [_thread_blocked, id=18500, stack(0x0000005d00d00000,0x0000005d00e00000) (1024K)]
  0x000001ec3f5ce280 JavaThread "Common-Cleaner"             daemon [_thread_blocked, id=4980, stack(0x0000005d01000000,0x0000005d01100000) (1024K)]
  0x000001ec3f614ef0 JavaThread "Notification Thread"        daemon [_thread_blocked, id=26956, stack(0x0000005d01100000,0x0000005d01200000) (1024K)]
  0x000001ec3f78a540 JavaThread "Daemon health stats"               [_thread_blocked, id=27720, stack(0x0000005d00f00000,0x0000005d01000000) (1024K)]
  0x000001ec3f456070 JavaThread "Incoming local TCP Connector on port 63144"        [_thread_in_native, id=15884, stack(0x0000005d00e00000,0x0000005d00f00000) (1024K)]
  0x000001ec5931add0 JavaThread "Daemon periodic checks"            [_thread_blocked, id=29248, stack(0x0000005d01200000,0x0000005d01300000) (1024K)]
  0x000001ec3f552430 JavaThread "Daemon"                            [_thread_blocked, id=23304, stack(0x0000005d01900000,0x0000005d01a00000) (1024K)]
  0x000001ec3f3ba390 JavaThread "Daemon worker"                     [_thread_in_vm, id=17960, stack(0x0000005d01c00000,0x0000005d01d00000) (1024K)]
  0x000001ec59b39a00 JavaThread "Cache worker for journal cache (C:\Users\chae0\.gradle\caches\journal-1)"        [_thread_blocked, id=25704, stack(0x0000005d01300000,0x0000005d01400000) (1024K)]
  0x000001ec59b37fc0 JavaThread "File lock request listener"        [_thread_in_native, id=29416, stack(0x0000005d02200000,0x0000005d02300000) (1024K)]
  0x000001ec5a7489d0 JavaThread "Cache worker for file hash cache (C:\Users\chae0\.gradle\caches\9.4.1\fileHashes)"        [_thread_blocked, id=26432, stack(0x0000005d02500000,0x0000005d02600000) (1024K)]
  0x000001ec5a747cb0 JavaThread "File watcher server"        daemon [_thread_in_native, id=31384, stack(0x0000005d02300000,0x0000005d02400000) (1024K)]
  0x000001ec5a749060 JavaThread "File watcher consumer"      daemon [_thread_blocked, id=31456, stack(0x0000005d02f00000,0x0000005d03000000) (1024K)]
  0x000001ec5a745be0 JavaThread "Cache worker for file content cache (C:\Users\chae0\.gradle\caches\9.4.1\fileContent)"        [_thread_blocked, id=29008, stack(0x0000005d03200000,0x0000005d03300000) (1024K)]
  0x000001ec5a74be50 JavaThread "jar transforms"                    [_thread_blocked, id=18572, stack(0x0000005d03100000,0x0000005d03200000) (1024K)]
  0x000001ec5a74c4e0 JavaThread "jar transforms Thread 2"           [_thread_blocked, id=9116, stack(0x0000005d03000000,0x0000005d03100000) (1024K)]
  0x000001ec5a746270 JavaThread "jar transforms Thread 3"           [_thread_blocked, id=33464, stack(0x0000005d03600000,0x0000005d03700000) (1024K)]
  0x000001ec5ab93c40 JavaThread "Memory manager"                    [_thread_blocked, id=8168, stack(0x0000005d04700000,0x0000005d04800000) (1024K)]
  0x000001ec5ab94960 JavaThread "File lock release action executor Thread 5"        [_thread_blocked, id=5656, stack(0x0000005d02d00000,0x0000005d02e00000) (1024K)]
  0x000001ec5ab942d0 JavaThread "jar transforms Thread 4"           [_thread_blocked, id=36592, stack(0x0000005d04800000,0x0000005d04900000) (1024K)]
  0x000001ec5ab914e0 JavaThread "VFS cleanup"                       [_thread_blocked, id=13704, stack(0x0000005d01f00000,0x0000005d02000000) (1024K)]
  0x000001ec5ab90e50 JavaThread "Daemon Thread 4"                   [_thread_blocked, id=31060, stack(0x0000005d01b00000,0x0000005d01c00000) (1024K)]
  0x000001ec5ab8e060 JavaThread "Handler for socket connection from /127.0.0.1:63144 to /127.0.0.1:63573"        [_thread_in_native, id=37076, stack(0x0000005d01a00000,0x0000005d01b00000) (1024K)]
  0x000001ec5ab91b70 JavaThread "Cancel handler"                    [_thread_blocked, id=37192, stack(0x0000005d02100000,0x0000005d02200000) (1024K)]
  0x000001ec5ab8e6f0 JavaThread "Daemon Thread 5"                   [_thread_blocked, id=37196, stack(0x0000005d02c00000,0x0000005d02d00000) (1024K)]
  0x000001ec5ab8ed80 JavaThread "Daemon Thread 6"                   [_thread_blocked, id=37328, stack(0x0000005d03300000,0x0000005d03400000) (1024K)]
  0x000001ec5ab92f20 JavaThread "VFS cleanup Thread 2"              [_thread_blocked, id=37484, stack(0x0000005d03800000,0x0000005d03900000) (1024K)]
  0x000001ec5ab8f410 JavaThread "VFS cleanup Thread 3"              [_thread_blocked, id=37488, stack(0x0000005d03400000,0x0000005d03500000) (1024K)]
  0x000001ec5ab92200 JavaThread "Asynchronous log dispatcher for DefaultDaemonConnection: socket connection from /127.0.0.1:63144 to /127.0.0.1:63573"        [_thread_blocked, id=37712, stack(0x0000005d02000000,0x0000005d02100000) (1024K)]
  0x000001ec5ab90130 JavaThread "Stdin handler"                     [_thread_blocked, id=37740, stack(0x0000005d02e00000,0x0000005d02f00000) (1024K)]
  0x000001ec5ab907c0 JavaThread "Daemon client event forwarder"        [_thread_blocked, id=37788, stack(0x0000005d03500000,0x0000005d03600000) (1024K)]
  0x000001ec5ab92890 JavaThread "Cache worker for file hash cache (C:\qring-backend\.gradle\9.4.1\fileHashes)"        [_thread_blocked, id=26004, stack(0x0000005d03700000,0x0000005d03800000) (1024K)]
  0x000001ec5ab8faa0 JavaThread "Cache worker for Build Output Cleanup Cache (C:\qring-backend\.gradle\buildOutputCleanup)"        [_thread_blocked, id=12532, stack(0x0000005d03900000,0x0000005d03a00000) (1024K)]
  0x000001ec5ab935b0 JavaThread "Cache worker for checksums cache (C:\qring-backend\.gradle\9.4.1\checksums)"        [_thread_blocked, id=14084, stack(0x0000005d03a00000,0x0000005d03b00000) (1024K)]
  0x000001ec5ab94ff0 JavaThread "Cache worker for cache directory md-supplier (C:\Users\chae0\.gradle\caches\9.4.1\md-supplier)"        [_thread_blocked, id=10164, stack(0x0000005d03b00000,0x0000005d03c00000) (1024K)]
  0x000001ec5ab95680 JavaThread "Cache worker for cache directory md-rule (C:\Users\chae0\.gradle\caches\9.4.1\md-rule)"        [_thread_blocked, id=37696, stack(0x0000005d03c00000,0x0000005d03d00000) (1024K)]
  0x000001ec59b3a720 JavaThread "Build operations"                  [_thread_blocked, id=2772, stack(0x0000005d03d00000,0x0000005d03e00000) (1024K)]
  0x000001ec59b372a0 JavaThread "Build operations Thread 2"         [_thread_blocked, id=32128, stack(0x0000005d03e00000,0x0000005d03f00000) (1024K)]
  0x000001ec59b3a090 JavaThread "Build operations Thread 3"         [_thread_blocked, id=38824, stack(0x0000005d03f00000,0x0000005d04000000) (1024K)]
  0x000001ec59b37930 JavaThread "Build operations Thread 4"         [_thread_blocked, id=38856, stack(0x0000005d04000000,0x0000005d04100000) (1024K)]
  0x000001ec59b38650 JavaThread "Build operations Thread 5"         [_thread_blocked, id=5372, stack(0x0000005d04100000,0x0000005d04200000) (1024K)]
  0x000001ec59b38ce0 JavaThread "Build operations Thread 6"         [_thread_blocked, id=29580, stack(0x0000005d04200000,0x0000005d04300000) (1024K)]
  0x000001ec59b39370 JavaThread "Build operations Thread 7"         [_thread_blocked, id=37904, stack(0x0000005d04300000,0x0000005d04400000) (1024K)]
  0x000001ec5a748340 JavaThread "Build operations Thread 8"         [_thread_blocked, id=37652, stack(0x0000005d04400000,0x0000005d04500000) (1024K)]
  0x000001ec5a745550 JavaThread "Build operations Thread 9"         [_thread_blocked, id=37856, stack(0x0000005d04500000,0x0000005d04600000) (1024K)]
  0x000001ec5a74aaa0 JavaThread "Build operations Thread 10"        [_thread_blocked, id=36024, stack(0x0000005d04600000,0x0000005d04700000) (1024K)]
  0x000001ec5a74a410 JavaThread "Build operations Thread 11"        [_thread_blocked, id=26128, stack(0x0000005d04900000,0x0000005d04a00000) (1024K)]
  0x000001ec5a74b130 JavaThread "Build operations Thread 12"        [_thread_blocked, id=37820, stack(0x0000005d04a00000,0x0000005d04b00000) (1024K)]
  0x000001ec5a74cb70 JavaThread "Build operations Thread 13"        [_thread_blocked, id=38016, stack(0x0000005d04b00000,0x0000005d04c00000) (1024K)]
  0x000001ec5c1cf0b0 JavaThread "Build operations Thread 14"        [_thread_blocked, id=36440, stack(0x0000005d04c00000,0x0000005d04d00000) (1024K)]
  0x000001ec5c1cea20 JavaThread "Build operations Thread 15"        [_thread_blocked, id=34048, stack(0x0000005d04d00000,0x0000005d04e00000) (1024K)]
Total: 59

Other Threads:
  0x000001ec3f309c90 VMThread "VM Thread"                           [id=25948, stack(0x0000005d00500000,0x0000005d00600000) (1024K)]
  0x000001ec3f2fb4a0 WatcherThread "VM Periodic Task Thread"        [id=25212, stack(0x0000005d00400000,0x0000005d00500000) (1024K)]
  0x000001ec28ecd2f0 WorkerThread "GC Thread#0"                     [id=26280, stack(0x0000005d7ff00000,0x0000005d80000000) (1024K)]
  0x000001ec5907c4b0 WorkerThread "GC Thread#1"                     [id=10792, stack(0x0000005d01400000,0x0000005d01500000) (1024K)]
  0x000001ec596f9cd0 WorkerThread "GC Thread#2"                     [id=27160, stack(0x0000005d01500000,0x0000005d01600000) (1024K)]
  0x000001ec596fa080 WorkerThread "GC Thread#3"                     [id=25584, stack(0x0000005d01600000,0x0000005d01700000) (1024K)]
  0x000001ec596fa430 WorkerThread "GC Thread#4"                     [id=26388, stack(0x0000005d01700000,0x0000005d01800000) (1024K)]
  0x000001ec596fa7e0 WorkerThread "GC Thread#5"                     [id=27476, stack(0x0000005d01800000,0x0000005d01900000) (1024K)]
  0x000001ec5a4e5ab0 WorkerThread "GC Thread#6"                     [id=29868, stack(0x0000005d01d00000,0x0000005d01e00000) (1024K)]
  0x000001ec5a4e70d0 WorkerThread "GC Thread#7"                     [id=29872, stack(0x0000005d01e00000,0x0000005d01f00000) (1024K)]
  0x000001ec5a4e7f90 WorkerThread "GC Thread#8"                     [id=29876, stack(0x0000005d02400000,0x0000005d02500000) (1024K)]
  0x000001ec5a4e7480 WorkerThread "GC Thread#9"                     [id=29880, stack(0x0000005d02600000,0x0000005d02700000) (1024K)]
  0x000001ec5a4e6d20 WorkerThread "GC Thread#10"                    [id=29884, stack(0x0000005d02700000,0x0000005d02800000) (1024K)]
  0x000001ec5a4e6970 WorkerThread "GC Thread#11"                    [id=29888, stack(0x0000005d02800000,0x0000005d02900000) (1024K)]
  0x000001ec5a4e4bf0 WorkerThread "GC Thread#12"                    [id=29892, stack(0x0000005d02900000,0x0000005d02a00000) (1024K)]
  0x000001ec28ed2a80 ConcurrentGCThread "G1 Main Marker"            [id=4012, stack(0x0000005d00000000,0x0000005d00100000) (1024K)]
  0x000001ec28ed34a0 WorkerThread "G1 Conc#0"                       [id=13916, stack(0x0000005d00100000,0x0000005d00200000) (1024K)]
  0x000001ec5a4e6210 WorkerThread "G1 Conc#1"                       [id=29900, stack(0x0000005d02a00000,0x0000005d02b00000) (1024K)]
  0x000001ec5a4e86f0 WorkerThread "G1 Conc#2"                       [id=29904, stack(0x0000005d02b00000,0x0000005d02c00000) (1024K)]
  0x000001ec3f1ce700 ConcurrentGCThread "G1 Refine#0"               [id=25820, stack(0x0000005d00200000,0x0000005d00300000) (1024K)]
  0x000001ec3f1cef30 ConcurrentGCThread "G1 Service"                [id=27128, stack(0x0000005d00300000,0x0000005d00400000) (1024K)]
Total: 21

Threads with active compile tasks:
C2 CompilerThread0  1179554 8719 %     4       org.gradle.cache.internal.btree.BTreePersistentIndexedCache$IndexBlock::read @ 16 (94 bytes)
Total: 1

VM state: not at safepoint (normal execution)

VM Mutex/Monitor currently owned by a thread: None

Heap address: 0x00000000e0000000, size: 512 MB, Compressed Oops mode: 32-bit

CDS archive(s) mapped at: [0x000001ec40000000-0x000001ec40ba0000-0x000001ec40ba0000), size 12189696, SharedBaseAddress: 0x000001ec40000000, ArchiveRelocationMode: 1.
Compressed class space mapped at: 0x000001ec41000000-0x000001ec55000000, reserved size: 335544320
Narrow klass base: 0x000001ec40000000, Narrow klass shift: 0, Narrow klass range: 0x100000000

GC Precious Log:
 CardTable entry size: 512
 Card Set container configuration: InlinePtr #cards 5 size 8 Array Of Cards #cards 12 size 40 Howl #buckets 4 coarsen threshold 1843 Howl Bitmap #cards 512 size 80 coarsen threshold 460 Card regions per heap region 1 cards per card region 2048
 CPUs: 16 total, 16 available
 Memory: 16066M
 Large Page Support: Disabled
 NUMA Support: Disabled
 Compressed Oops: Enabled (32-bit)
 Heap Region Size: 1M
 Heap Min Capacity: 256M
 Heap Initial Capacity: 256M
 Heap Max Capacity: 512M
 Pre-touch: Disabled
 Parallel Workers: 13
 Concurrent Workers: 3
 Concurrent Refinement Workers: 13
 Periodic GC: Disabled

Heap:
 garbage-first heap   total 262144K, used 162206K [0x00000000e0000000, 0x0000000100000000)
  region size 1024K, 138 young (141312K), 14 survivors (14336K)
 Metaspace       used 56496K, committed 58624K, reserved 393216K
  class space    used 8365K, committed 9408K, reserved 327680K

Heap Regions: E=young(eden), S=young(survivor), O=old, HS=humongous(starts), HC=humongous(continues), CS=collection set, F=free, TAMS=top-at-mark-start, PB=parsable bottom
|   0|0x00000000e0000000, 0x00000000e0100000, 0x00000000e0100000|100%|HS|  |TAMS 0x00000000e0000000| PB 0x00000000e0000000| Complete 
|   1|0x00000000e0100000, 0x00000000e0200000, 0x00000000e0200000|100%|HC|  |TAMS 0x00000000e0100000| PB 0x00000000e0100000| Complete 
|   2|0x00000000e0200000, 0x00000000e0300000, 0x00000000e0300000|100%|HC|  |TAMS 0x00000000e0200000| PB 0x00000000e0200000| Complete 
|   3|0x00000000e0300000, 0x00000000e0400000, 0x00000000e0400000|100%|HC|  |TAMS 0x00000000e0300000| PB 0x00000000e0300000| Complete 
|   4|0x00000000e0400000, 0x00000000e0500000, 0x00000000e0500000|100%| O|  |TAMS 0x00000000e0400000| PB 0x00000000e0400000| Untracked 
|   5|0x00000000e0500000, 0x00000000e0600000, 0x00000000e0600000|100%| O|  |TAMS 0x00000000e0500000| PB 0x00000000e0500000| Untracked 
|   6|0x00000000e0600000, 0x00000000e0700000, 0x00000000e0700000|100%| O|  |TAMS 0x00000000e0600000| PB 0x00000000e0600000| Untracked 
|   7|0x00000000e0700000, 0x00000000e0700000, 0x00000000e0800000|  0%| F|  |TAMS 0x00000000e0700000| PB 0x00000000e0700000| Untracked 
|   8|0x00000000e0800000, 0x00000000e0900000, 0x00000000e0900000|100%|HS|  |TAMS 0x00000000e0800000| PB 0x00000000e0800000| Complete 
|   9|0x00000000e0900000, 0x00000000e0a00000, 0x00000000e0a00000|100%| O|  |TAMS 0x00000000e0900000| PB 0x00000000e0900000| Untracked 
|  10|0x00000000e0a00000, 0x00000000e0b00000, 0x00000000e0b00000|100%| O|  |TAMS 0x00000000e0a00000| PB 0x00000000e0a00000| Untracked 
|  11|0x00000000e0b00000, 0x00000000e0c00000, 0x00000000e0c00000|100%| O|  |TAMS 0x00000000e0b00000| PB 0x00000000e0b00000| Untracked 
|  12|0x00000000e0c00000, 0x00000000e0d00000, 0x00000000e0d00000|100%| O|  |TAMS 0x00000000e0c00000| PB 0x00000000e0c00000| Untracked 
|  13|0x00000000e0d00000, 0x00000000e0e00000, 0x00000000e0e00000|100%| O|  |TAMS 0x00000000e0d00000| PB 0x00000000e0d00000| Untracked 
|  14|0x00000000e0e00000, 0x00000000e0f00000, 0x00000000e0f00000|100%| O|  |TAMS 0x00000000e0e00000| PB 0x00000000e0e00000| Untracked 
|  15|0x00000000e0f00000, 0x00000000e1000000, 0x00000000e1000000|100%| O|  |TAMS 0x00000000e0f00000| PB 0x00000000e0f00000| Untracked 
|  16|0x00000000e1000000, 0x00000000e1100000, 0x00000000e1100000|100%| O|  |TAMS 0x00000000e1000000| PB 0x00000000e1000000| Untracked 
|  17|0x00000000e1100000, 0x00000000e1200000, 0x00000000e1200000|100%| O|  |TAMS 0x00000000e1100000| PB 0x00000000e1100000| Untracked 
|  18|0x00000000e1200000, 0x00000000e1300000, 0x00000000e1300000|100%| O|  |TAMS 0x00000000e1200000| PB 0x00000000e1200000| Untracked 
|  19|0x00000000e1300000, 0x00000000e1400000, 0x00000000e1400000|100%| O|  |TAMS 0x00000000e1300000| PB 0x00000000e1300000| Untracked 
|  20|0x00000000e1400000, 0x00000000e1500000, 0x00000000e1500000|100%| O|  |TAMS 0x00000000e1400000| PB 0x00000000e1400000| Untracked 
|  21|0x00000000e1500000, 0x00000000e1600000, 0x00000000e1600000|100%| O|  |TAMS 0x00000000e1500000| PB 0x00000000e1500000| Untracked 
|  22|0x00000000e1600000, 0x00000000e1700000, 0x00000000e1700000|100%| O|  |TAMS 0x00000000e1600000| PB 0x00000000e1600000| Untracked 
|  23|0x00000000e1700000, 0x00000000e1800000, 0x00000000e1800000|100%| O|Cm|TAMS 0x00000000e1700000| PB 0x00000000e1700000| Complete 
|  24|0x00000000e1800000, 0x00000000e180a0b0, 0x00000000e1900000|  3%| O|  |TAMS 0x00000000e1800000| PB 0x00000000e1800000| Untracked 
|  25|0x00000000e1900000, 0x00000000e1900000, 0x00000000e1a00000|  0%| F|  |TAMS 0x00000000e1900000| PB 0x00000000e1900000| Untracked 
|  26|0x00000000e1a00000, 0x00000000e1a00000, 0x00000000e1b00000|  0%| F|  |TAMS 0x00000000e1a00000| PB 0x00000000e1a00000| Untracked 
|  27|0x00000000e1b00000, 0x00000000e1b00000, 0x00000000e1c00000|  0%| F|  |TAMS 0x00000000e1b00000| PB 0x00000000e1b00000| Untracked 
|  28|0x00000000e1c00000, 0x00000000e1c00000, 0x00000000e1d00000|  0%| F|  |TAMS 0x00000000e1c00000| PB 0x00000000e1c00000| Untracked 
|  29|0x00000000e1d00000, 0x00000000e1d00000, 0x00000000e1e00000|  0%| F|  |TAMS 0x00000000e1d00000| PB 0x00000000e1d00000| Untracked 
|  30|0x00000000e1e00000, 0x00000000e1e00000, 0x00000000e1f00000|  0%| F|  |TAMS 0x00000000e1e00000| PB 0x00000000e1e00000| Untracked 
|  31|0x00000000e1f00000, 0x00000000e1f00000, 0x00000000e2000000|  0%| F|  |TAMS 0x00000000e1f00000| PB 0x00000000e1f00000| Untracked 
|  32|0x00000000e2000000, 0x00000000e2000000, 0x00000000e2100000|  0%| F|  |TAMS 0x00000000e2000000| PB 0x00000000e2000000| Untracked 
|  33|0x00000000e2100000, 0x00000000e2100000, 0x00000000e2200000|  0%| F|  |TAMS 0x00000000e2100000| PB 0x00000000e2100000| Untracked 
|  34|0x00000000e2200000, 0x00000000e2200000, 0x00000000e2300000|  0%| F|  |TAMS 0x00000000e2200000| PB 0x00000000e2200000| Untracked 
|  35|0x00000000e2300000, 0x00000000e2300000, 0x00000000e2400000|  0%| F|  |TAMS 0x00000000e2300000| PB 0x00000000e2300000| Untracked 
|  36|0x00000000e2400000, 0x00000000e2400000, 0x00000000e2500000|  0%| F|  |TAMS 0x00000000e2400000| PB 0x00000000e2400000| Untracked 
|  37|0x00000000e2500000, 0x00000000e2500000, 0x00000000e2600000|  0%| F|  |TAMS 0x00000000e2500000| PB 0x00000000e2500000| Untracked 
|  38|0x00000000e2600000, 0x00000000e2600000, 0x00000000e2700000|  0%| F|  |TAMS 0x00000000e2600000| PB 0x00000000e2600000| Untracked 
|  39|0x00000000e2700000, 0x00000000e2700000, 0x00000000e2800000|  0%| F|  |TAMS 0x00000000e2700000| PB 0x00000000e2700000| Untracked 
|  40|0x00000000e2800000, 0x00000000e2800000, 0x00000000e2900000|  0%| F|  |TAMS 0x00000000e2800000| PB 0x00000000e2800000| Untracked 
|  41|0x00000000e2900000, 0x00000000e2900000, 0x00000000e2a00000|  0%| F|  |TAMS 0x00000000e2900000| PB 0x00000000e2900000| Untracked 
|  42|0x00000000e2a00000, 0x00000000e2a00000, 0x00000000e2b00000|  0%| F|  |TAMS 0x00000000e2a00000| PB 0x00000000e2a00000| Untracked 
|  43|0x00000000e2b00000, 0x00000000e2b00000, 0x00000000e2c00000|  0%| F|  |TAMS 0x00000000e2b00000| PB 0x00000000e2b00000| Untracked 
|  44|0x00000000e2c00000, 0x00000000e2c00000, 0x00000000e2d00000|  0%| F|  |TAMS 0x00000000e2c00000| PB 0x00000000e2c00000| Untracked 
|  45|0x00000000e2d00000, 0x00000000e2d00000, 0x00000000e2e00000|  0%| F|  |TAMS 0x00000000e2d00000| PB 0x00000000e2d00000| Untracked 
|  46|0x00000000e2e00000, 0x00000000e2e00000, 0x00000000e2f00000|  0%| F|  |TAMS 0x00000000e2e00000| PB 0x00000000e2e00000| Untracked 
|  47|0x00000000e2f00000, 0x00000000e2f00000, 0x00000000e3000000|  0%| F|  |TAMS 0x00000000e2f00000| PB 0x00000000e2f00000| Untracked 
|  48|0x00000000e3000000, 0x00000000e3000000, 0x00000000e3100000|  0%| F|  |TAMS 0x00000000e3000000| PB 0x00000000e3000000| Untracked 
|  49|0x00000000e3100000, 0x00000000e3100000, 0x00000000e3200000|  0%| F|  |TAMS 0x00000000e3100000| PB 0x00000000e3100000| Untracked 
|  50|0x00000000e3200000, 0x00000000e3200000, 0x00000000e3300000|  0%| F|  |TAMS 0x00000000e3200000| PB 0x00000000e3200000| Untracked 
|  51|0x00000000e3300000, 0x00000000e3300000, 0x00000000e3400000|  0%| F|  |TAMS 0x00000000e3300000| PB 0x00000000e3300000| Untracked 
|  52|0x00000000e3400000, 0x00000000e3400000, 0x00000000e3500000|  0%| F|  |TAMS 0x00000000e3400000| PB 0x00000000e3400000| Untracked 
|  53|0x00000000e3500000, 0x00000000e3500000, 0x00000000e3600000|  0%| F|  |TAMS 0x00000000e3500000| PB 0x00000000e3500000| Untracked 
|  54|0x00000000e3600000, 0x00000000e3600000, 0x00000000e3700000|  0%| F|  |TAMS 0x00000000e3600000| PB 0x00000000e3600000| Untracked 
|  55|0x00000000e3700000, 0x00000000e3700000, 0x00000000e3800000|  0%| F|  |TAMS 0x00000000e3700000| PB 0x00000000e3700000| Untracked 
|  56|0x00000000e3800000, 0x00000000e3800000, 0x00000000e3900000|  0%| F|  |TAMS 0x00000000e3800000| PB 0x00000000e3800000| Untracked 
|  57|0x00000000e3900000, 0x00000000e3900000, 0x00000000e3a00000|  0%| F|  |TAMS 0x00000000e3900000| PB 0x00000000e3900000| Untracked 
|  58|0x00000000e3a00000, 0x00000000e3a00000, 0x00000000e3b00000|  0%| F|  |TAMS 0x00000000e3a00000| PB 0x00000000e3a00000| Untracked 
|  59|0x00000000e3b00000, 0x00000000e3b00000, 0x00000000e3c00000|  0%| F|  |TAMS 0x00000000e3b00000| PB 0x00000000e3b00000| Untracked 
|  60|0x00000000e3c00000, 0x00000000e3c00000, 0x00000000e3d00000|  0%| F|  |TAMS 0x00000000e3c00000| PB 0x00000000e3c00000| Untracked 
|  61|0x00000000e3d00000, 0x00000000e3d00000, 0x00000000e3e00000|  0%| F|  |TAMS 0x00000000e3d00000| PB 0x00000000e3d00000| Untracked 
|  62|0x00000000e3e00000, 0x00000000e3e00000, 0x00000000e3f00000|  0%| F|  |TAMS 0x00000000e3e00000| PB 0x00000000e3e00000| Untracked 
|  63|0x00000000e3f00000, 0x00000000e3f00000, 0x00000000e4000000|  0%| F|  |TAMS 0x00000000e3f00000| PB 0x00000000e3f00000| Untracked 
|  64|0x00000000e4000000, 0x00000000e4000000, 0x00000000e4100000|  0%| F|  |TAMS 0x00000000e4000000| PB 0x00000000e4000000| Untracked 
|  65|0x00000000e4100000, 0x00000000e4100000, 0x00000000e4200000|  0%| F|  |TAMS 0x00000000e4100000| PB 0x00000000e4100000| Untracked 
|  66|0x00000000e4200000, 0x00000000e4200000, 0x00000000e4300000|  0%| F|  |TAMS 0x00000000e4200000| PB 0x00000000e4200000| Untracked 
|  67|0x00000000e4300000, 0x00000000e4300000, 0x00000000e4400000|  0%| F|  |TAMS 0x00000000e4300000| PB 0x00000000e4300000| Untracked 
|  68|0x00000000e4400000, 0x00000000e4400000, 0x00000000e4500000|  0%| F|  |TAMS 0x00000000e4400000| PB 0x00000000e4400000| Untracked 
|  69|0x00000000e4500000, 0x00000000e4500000, 0x00000000e4600000|  0%| F|  |TAMS 0x00000000e4500000| PB 0x00000000e4500000| Untracked 
|  70|0x00000000e4600000, 0x00000000e4600000, 0x00000000e4700000|  0%| F|  |TAMS 0x00000000e4600000| PB 0x00000000e4600000| Untracked 
|  71|0x00000000e4700000, 0x00000000e4700000, 0x00000000e4800000|  0%| F|  |TAMS 0x00000000e4700000| PB 0x00000000e4700000| Untracked 
|  72|0x00000000e4800000, 0x00000000e4800000, 0x00000000e4900000|  0%| F|  |TAMS 0x00000000e4800000| PB 0x00000000e4800000| Untracked 
|  73|0x00000000e4900000, 0x00000000e4900000, 0x00000000e4a00000|  0%| F|  |TAMS 0x00000000e4900000| PB 0x00000000e4900000| Untracked 
|  74|0x00000000e4a00000, 0x00000000e4a00000, 0x00000000e4b00000|  0%| F|  |TAMS 0x00000000e4a00000| PB 0x00000000e4a00000| Untracked 
|  75|0x00000000e4b00000, 0x00000000e4b00000, 0x00000000e4c00000|  0%| F|  |TAMS 0x00000000e4b00000| PB 0x00000000e4b00000| Untracked 
|  76|0x00000000e4c00000, 0x00000000e4c00000, 0x00000000e4d00000|  0%| F|  |TAMS 0x00000000e4c00000| PB 0x00000000e4c00000| Untracked 
|  77|0x00000000e4d00000, 0x00000000e4d00000, 0x00000000e4e00000|  0%| F|  |TAMS 0x00000000e4d00000| PB 0x00000000e4d00000| Untracked 
|  78|0x00000000e4e00000, 0x00000000e4e00000, 0x00000000e4f00000|  0%| F|  |TAMS 0x00000000e4e00000| PB 0x00000000e4e00000| Untracked 
|  79|0x00000000e4f00000, 0x00000000e4f00000, 0x00000000e5000000|  0%| F|  |TAMS 0x00000000e4f00000| PB 0x00000000e4f00000| Untracked 
|  80|0x00000000e5000000, 0x00000000e5000000, 0x00000000e5100000|  0%| F|  |TAMS 0x00000000e5000000| PB 0x00000000e5000000| Untracked 
|  81|0x00000000e5100000, 0x00000000e5100000, 0x00000000e5200000|  0%| F|  |TAMS 0x00000000e5100000| PB 0x00000000e5100000| Untracked 
|  82|0x00000000e5200000, 0x00000000e5200000, 0x00000000e5300000|  0%| F|  |TAMS 0x00000000e5200000| PB 0x00000000e5200000| Untracked 
|  83|0x00000000e5300000, 0x00000000e5300000, 0x00000000e5400000|  0%| F|  |TAMS 0x00000000e5300000| PB 0x00000000e5300000| Untracked 
|  84|0x00000000e5400000, 0x00000000e5400000, 0x00000000e5500000|  0%| F|  |TAMS 0x00000000e5400000| PB 0x00000000e5400000| Untracked 
|  85|0x00000000e5500000, 0x00000000e5500000, 0x00000000e5600000|  0%| F|  |TAMS 0x00000000e5500000| PB 0x00000000e5500000| Untracked 
|  86|0x00000000e5600000, 0x00000000e5600000, 0x00000000e5700000|  0%| F|  |TAMS 0x00000000e5600000| PB 0x00000000e5600000| Untracked 
|  87|0x00000000e5700000, 0x00000000e5700000, 0x00000000e5800000|  0%| F|  |TAMS 0x00000000e5700000| PB 0x00000000e5700000| Untracked 
|  88|0x00000000e5800000, 0x00000000e5800000, 0x00000000e5900000|  0%| F|  |TAMS 0x00000000e5800000| PB 0x00000000e5800000| Untracked 
|  89|0x00000000e5900000, 0x00000000e595d8a0, 0x00000000e5a00000| 36%| S|CS|TAMS 0x00000000e5900000| PB 0x00000000e5900000| Complete 
|  90|0x00000000e5a00000, 0x00000000e5b00000, 0x00000000e5b00000|100%| S|CS|TAMS 0x00000000e5a00000| PB 0x00000000e5a00000| Complete 
|  91|0x00000000e5b00000, 0x00000000e5c00000, 0x00000000e5c00000|100%| S|CS|TAMS 0x00000000e5b00000| PB 0x00000000e5b00000| Complete 
|  92|0x00000000e5c00000, 0x00000000e5d00000, 0x00000000e5d00000|100%| S|CS|TAMS 0x00000000e5c00000| PB 0x00000000e5c00000| Complete 
|  93|0x00000000e5d00000, 0x00000000e5e00000, 0x00000000e5e00000|100%| S|CS|TAMS 0x00000000e5d00000| PB 0x00000000e5d00000| Complete 
|  94|0x00000000e5e00000, 0x00000000e5f00000, 0x00000000e5f00000|100%| S|CS|TAMS 0x00000000e5e00000| PB 0x00000000e5e00000| Complete 
|  95|0x00000000e5f00000, 0x00000000e6000000, 0x00000000e6000000|100%| S|CS|TAMS 0x00000000e5f00000| PB 0x00000000e5f00000| Complete 
|  96|0x00000000e6000000, 0x00000000e6100000, 0x00000000e6100000|100%| S|CS|TAMS 0x00000000e6000000| PB 0x00000000e6000000| Complete 
|  97|0x00000000e6100000, 0x00000000e6200000, 0x00000000e6200000|100%| S|CS|TAMS 0x00000000e6100000| PB 0x00000000e6100000| Complete 
|  98|0x00000000e6200000, 0x00000000e6300000, 0x00000000e6300000|100%| S|CS|TAMS 0x00000000e6200000| PB 0x00000000e6200000| Complete 
|  99|0x00000000e6300000, 0x00000000e6400000, 0x00000000e6400000|100%| S|CS|TAMS 0x00000000e6300000| PB 0x00000000e6300000| Complete 
| 100|0x00000000e6400000, 0x00000000e6500000, 0x00000000e6500000|100%| S|CS|TAMS 0x00000000e6400000| PB 0x00000000e6400000| Complete 
| 101|0x00000000e6500000, 0x00000000e6600000, 0x00000000e6600000|100%| S|CS|TAMS 0x00000000e6500000| PB 0x00000000e6500000| Complete 
| 102|0x00000000e6600000, 0x00000000e6700000, 0x00000000e6700000|100%| S|CS|TAMS 0x00000000e6600000| PB 0x00000000e6600000| Complete 
| 103|0x00000000e6700000, 0x00000000e6700000, 0x00000000e6800000|  0%| F|  |TAMS 0x00000000e6700000| PB 0x00000000e6700000| Untracked 
| 104|0x00000000e6800000, 0x00000000e6800000, 0x00000000e6900000|  0%| F|  |TAMS 0x00000000e6800000| PB 0x00000000e6800000| Untracked 
| 105|0x00000000e6900000, 0x00000000e6900000, 0x00000000e6a00000|  0%| F|  |TAMS 0x00000000e6900000| PB 0x00000000e6900000| Untracked 
| 106|0x00000000e6a00000, 0x00000000e6a00000, 0x00000000e6b00000|  0%| F|  |TAMS 0x00000000e6a00000| PB 0x00000000e6a00000| Untracked 
| 107|0x00000000e6b00000, 0x00000000e6b00000, 0x00000000e6c00000|  0%| F|  |TAMS 0x00000000e6b00000| PB 0x00000000e6b00000| Untracked 
| 108|0x00000000e6c00000, 0x00000000e6c00000, 0x00000000e6d00000|  0%| F|  |TAMS 0x00000000e6c00000| PB 0x00000000e6c00000| Untracked 
| 109|0x00000000e6d00000, 0x00000000e6d00000, 0x00000000e6e00000|  0%| F|  |TAMS 0x00000000e6d00000| PB 0x00000000e6d00000| Untracked 
| 110|0x00000000e6e00000, 0x00000000e6e00000, 0x00000000e6f00000|  0%| F|  |TAMS 0x00000000e6e00000| PB 0x00000000e6e00000| Untracked 
| 111|0x00000000e6f00000, 0x00000000e6f00000, 0x00000000e7000000|  0%| F|  |TAMS 0x00000000e6f00000| PB 0x00000000e6f00000| Untracked 
| 112|0x00000000e7000000, 0x00000000e7000000, 0x00000000e7100000|  0%| F|  |TAMS 0x00000000e7000000| PB 0x00000000e7000000| Untracked 
| 113|0x00000000e7100000, 0x00000000e7100000, 0x00000000e7200000|  0%| F|  |TAMS 0x00000000e7100000| PB 0x00000000e7100000| Untracked 
| 114|0x00000000e7200000, 0x00000000e7200000, 0x00000000e7300000|  0%| F|  |TAMS 0x00000000e7200000| PB 0x00000000e7200000| Untracked 
| 115|0x00000000e7300000, 0x00000000e7300000, 0x00000000e7400000|  0%| F|  |TAMS 0x00000000e7300000| PB 0x00000000e7300000| Untracked 
| 116|0x00000000e7400000, 0x00000000e7400000, 0x00000000e7500000|  0%| F|  |TAMS 0x00000000e7400000| PB 0x00000000e7400000| Untracked 
| 117|0x00000000e7500000, 0x00000000e7500000, 0x00000000e7600000|  0%| F|  |TAMS 0x00000000e7500000| PB 0x00000000e7500000| Untracked 
| 118|0x00000000e7600000, 0x00000000e7600000, 0x00000000e7700000|  0%| F|  |TAMS 0x00000000e7600000| PB 0x00000000e7600000| Untracked 
| 119|0x00000000e7700000, 0x00000000e7700000, 0x00000000e7800000|  0%| F|  |TAMS 0x00000000e7700000| PB 0x00000000e7700000| Untracked 
| 120|0x00000000e7800000, 0x00000000e7800000, 0x00000000e7900000|  0%| F|  |TAMS 0x00000000e7800000| PB 0x00000000e7800000| Untracked 
| 121|0x00000000e7900000, 0x00000000e7900000, 0x00000000e7a00000|  0%| F|  |TAMS 0x00000000e7900000| PB 0x00000000e7900000| Untracked 
| 122|0x00000000e7a00000, 0x00000000e7a00000, 0x00000000e7b00000|  0%| F|  |TAMS 0x00000000e7a00000| PB 0x00000000e7a00000| Untracked 
| 123|0x00000000e7b00000, 0x00000000e7b00000, 0x00000000e7c00000|  0%| F|  |TAMS 0x00000000e7b00000| PB 0x00000000e7b00000| Untracked 
| 124|0x00000000e7c00000, 0x00000000e7c00000, 0x00000000e7d00000|  0%| F|  |TAMS 0x00000000e7c00000| PB 0x00000000e7c00000| Untracked 
| 125|0x00000000e7d00000, 0x00000000e7d00000, 0x00000000e7e00000|  0%| F|  |TAMS 0x00000000e7d00000| PB 0x00000000e7d00000| Untracked 
| 126|0x00000000e7e00000, 0x00000000e7e00000, 0x00000000e7f00000|  0%| F|  |TAMS 0x00000000e7e00000| PB 0x00000000e7e00000| Untracked 
| 127|0x00000000e7f00000, 0x00000000e7f00000, 0x00000000e8000000|  0%| F|  |TAMS 0x00000000e7f00000| PB 0x00000000e7f00000| Untracked 
| 128|0x00000000e8000000, 0x00000000e8000000, 0x00000000e8100000|  0%| F|  |TAMS 0x00000000e8000000| PB 0x00000000e8000000| Untracked 
| 129|0x00000000e8100000, 0x00000000e8100000, 0x00000000e8200000|  0%| F|  |TAMS 0x00000000e8100000| PB 0x00000000e8100000| Untracked 
| 130|0x00000000e8200000, 0x00000000e8200000, 0x00000000e8300000|  0%| F|  |TAMS 0x00000000e8200000| PB 0x00000000e8200000| Untracked 
| 131|0x00000000e8300000, 0x00000000e8300000, 0x00000000e8400000|  0%| F|  |TAMS 0x00000000e8300000| PB 0x00000000e8300000| Untracked 
| 132|0x00000000e8400000, 0x00000000e8500000, 0x00000000e8500000|100%| E|  |TAMS 0x00000000e8400000| PB 0x00000000e8400000| Complete 
| 133|0x00000000e8500000, 0x00000000e8600000, 0x00000000e8600000|100%| E|CS|TAMS 0x00000000e8500000| PB 0x00000000e8500000| Complete 
| 134|0x00000000e8600000, 0x00000000e8700000, 0x00000000e8700000|100%| E|CS|TAMS 0x00000000e8600000| PB 0x00000000e8600000| Complete 
| 135|0x00000000e8700000, 0x00000000e8800000, 0x00000000e8800000|100%| E|CS|TAMS 0x00000000e8700000| PB 0x00000000e8700000| Complete 
| 136|0x00000000e8800000, 0x00000000e8900000, 0x00000000e8900000|100%| E|CS|TAMS 0x00000000e8800000| PB 0x00000000e8800000| Complete 
| 137|0x00000000e8900000, 0x00000000e8a00000, 0x00000000e8a00000|100%| E|CS|TAMS 0x00000000e8900000| PB 0x00000000e8900000| Complete 
| 138|0x00000000e8a00000, 0x00000000e8b00000, 0x00000000e8b00000|100%| E|CS|TAMS 0x00000000e8a00000| PB 0x00000000e8a00000| Complete 
| 139|0x00000000e8b00000, 0x00000000e8c00000, 0x00000000e8c00000|100%| E|CS|TAMS 0x00000000e8b00000| PB 0x00000000e8b00000| Complete 
| 140|0x00000000e8c00000, 0x00000000e8d00000, 0x00000000e8d00000|100%| E|CS|TAMS 0x00000000e8c00000| PB 0x00000000e8c00000| Complete 
| 141|0x00000000e8d00000, 0x00000000e8e00000, 0x00000000e8e00000|100%| E|CS|TAMS 0x00000000e8d00000| PB 0x00000000e8d00000| Complete 
| 142|0x00000000e8e00000, 0x00000000e8f00000, 0x00000000e8f00000|100%| E|CS|TAMS 0x00000000e8e00000| PB 0x00000000e8e00000| Complete 
| 143|0x00000000e8f00000, 0x00000000e9000000, 0x00000000e9000000|100%| E|CS|TAMS 0x00000000e8f00000| PB 0x00000000e8f00000| Complete 
| 144|0x00000000e9000000, 0x00000000e9100000, 0x00000000e9100000|100%| E|CS|TAMS 0x00000000e9000000| PB 0x00000000e9000000| Complete 
| 145|0x00000000e9100000, 0x00000000e9200000, 0x00000000e9200000|100%| E|CS|TAMS 0x00000000e9100000| PB 0x00000000e9100000| Complete 
| 146|0x00000000e9200000, 0x00000000e9300000, 0x00000000e9300000|100%| E|CS|TAMS 0x00000000e9200000| PB 0x00000000e9200000| Complete 
| 147|0x00000000e9300000, 0x00000000e9400000, 0x00000000e9400000|100%| E|CS|TAMS 0x00000000e9300000| PB 0x00000000e9300000| Complete 
| 148|0x00000000e9400000, 0x00000000e9500000, 0x00000000e9500000|100%| E|CS|TAMS 0x00000000e9400000| PB 0x00000000e9400000| Complete 
| 149|0x00000000e9500000, 0x00000000e9600000, 0x00000000e9600000|100%| E|CS|TAMS 0x00000000e9500000| PB 0x00000000e9500000| Complete 
| 150|0x00000000e9600000, 0x00000000e9700000, 0x00000000e9700000|100%| E|CS|TAMS 0x00000000e9600000| PB 0x00000000e9600000| Complete 
| 151|0x00000000e9700000, 0x00000000e9800000, 0x00000000e9800000|100%| E|CS|TAMS 0x00000000e9700000| PB 0x00000000e9700000| Complete 
| 152|0x00000000e9800000, 0x00000000e9900000, 0x00000000e9900000|100%| E|CS|TAMS 0x00000000e9800000| PB 0x00000000e9800000| Complete 
| 153|0x00000000e9900000, 0x00000000e9a00000, 0x00000000e9a00000|100%| E|CS|TAMS 0x00000000e9900000| PB 0x00000000e9900000| Complete 
| 154|0x00000000e9a00000, 0x00000000e9b00000, 0x00000000e9b00000|100%| E|CS|TAMS 0x00000000e9a00000| PB 0x00000000e9a00000| Complete 
| 155|0x00000000e9b00000, 0x00000000e9c00000, 0x00000000e9c00000|100%| E|CS|TAMS 0x00000000e9b00000| PB 0x00000000e9b00000| Complete 
| 156|0x00000000e9c00000, 0x00000000e9d00000, 0x00000000e9d00000|100%| E|CS|TAMS 0x00000000e9c00000| PB 0x00000000e9c00000| Complete 
| 157|0x00000000e9d00000, 0x00000000e9e00000, 0x00000000e9e00000|100%| E|CS|TAMS 0x00000000e9d00000| PB 0x00000000e9d00000| Complete 
| 158|0x00000000e9e00000, 0x00000000e9f00000, 0x00000000e9f00000|100%| E|CS|TAMS 0x00000000e9e00000| PB 0x00000000e9e00000| Complete 
| 159|0x00000000e9f00000, 0x00000000ea000000, 0x00000000ea000000|100%| E|CS|TAMS 0x00000000e9f00000| PB 0x00000000e9f00000| Complete 
| 160|0x00000000ea000000, 0x00000000ea100000, 0x00000000ea100000|100%| E|CS|TAMS 0x00000000ea000000| PB 0x00000000ea000000| Complete 
| 161|0x00000000ea100000, 0x00000000ea200000, 0x00000000ea200000|100%| E|CS|TAMS 0x00000000ea100000| PB 0x00000000ea100000| Complete 
| 162|0x00000000ea200000, 0x00000000ea300000, 0x00000000ea300000|100%| E|CS|TAMS 0x00000000ea200000| PB 0x00000000ea200000| Complete 
| 163|0x00000000ea300000, 0x00000000ea400000, 0x00000000ea400000|100%| E|CS|TAMS 0x00000000ea300000| PB 0x00000000ea300000| Complete 
| 164|0x00000000ea400000, 0x00000000ea500000, 0x00000000ea500000|100%| E|CS|TAMS 0x00000000ea400000| PB 0x00000000ea400000| Complete 
| 165|0x00000000ea500000, 0x00000000ea600000, 0x00000000ea600000|100%| E|CS|TAMS 0x00000000ea500000| PB 0x00000000ea500000| Complete 
| 166|0x00000000ea600000, 0x00000000ea700000, 0x00000000ea700000|100%| E|CS|TAMS 0x00000000ea600000| PB 0x00000000ea600000| Complete 
| 167|0x00000000ea700000, 0x00000000ea800000, 0x00000000ea800000|100%| E|CS|TAMS 0x00000000ea700000| PB 0x00000000ea700000| Complete 
| 168|0x00000000ea800000, 0x00000000ea900000, 0x00000000ea900000|100%| E|CS|TAMS 0x00000000ea800000| PB 0x00000000ea800000| Complete 
| 169|0x00000000ea900000, 0x00000000eaa00000, 0x00000000eaa00000|100%| E|CS|TAMS 0x00000000ea900000| PB 0x00000000ea900000| Complete 
| 170|0x00000000eaa00000, 0x00000000eab00000, 0x00000000eab00000|100%| E|CS|TAMS 0x00000000eaa00000| PB 0x00000000eaa00000| Complete 
| 171|0x00000000eab00000, 0x00000000eac00000, 0x00000000eac00000|100%| E|CS|TAMS 0x00000000eab00000| PB 0x00000000eab00000| Complete 
| 172|0x00000000eac00000, 0x00000000ead00000, 0x00000000ead00000|100%| E|CS|TAMS 0x00000000eac00000| PB 0x00000000eac00000| Complete 
| 173|0x00000000ead00000, 0x00000000eae00000, 0x00000000eae00000|100%| E|CS|TAMS 0x00000000ead00000| PB 0x00000000ead00000| Complete 
| 174|0x00000000eae00000, 0x00000000eaf00000, 0x00000000eaf00000|100%| E|CS|TAMS 0x00000000eae00000| PB 0x00000000eae00000| Complete 
| 175|0x00000000eaf00000, 0x00000000eb000000, 0x00000000eb000000|100%| E|CS|TAMS 0x00000000eaf00000| PB 0x00000000eaf00000| Complete 
| 176|0x00000000eb000000, 0x00000000eb100000, 0x00000000eb100000|100%| E|CS|TAMS 0x00000000eb000000| PB 0x00000000eb000000| Complete 
| 177|0x00000000eb100000, 0x00000000eb200000, 0x00000000eb200000|100%| E|CS|TAMS 0x00000000eb100000| PB 0x00000000eb100000| Complete 
| 178|0x00000000eb200000, 0x00000000eb300000, 0x00000000eb300000|100%| E|CS|TAMS 0x00000000eb200000| PB 0x00000000eb200000| Complete 
| 179|0x00000000eb300000, 0x00000000eb400000, 0x00000000eb400000|100%| E|CS|TAMS 0x00000000eb300000| PB 0x00000000eb300000| Complete 
| 180|0x00000000eb400000, 0x00000000eb500000, 0x00000000eb500000|100%| E|CS|TAMS 0x00000000eb400000| PB 0x00000000eb400000| Complete 
| 181|0x00000000eb500000, 0x00000000eb600000, 0x00000000eb600000|100%| E|CS|TAMS 0x00000000eb500000| PB 0x00000000eb500000| Complete 
| 182|0x00000000eb600000, 0x00000000eb700000, 0x00000000eb700000|100%| E|CS|TAMS 0x00000000eb600000| PB 0x00000000eb600000| Complete 
| 183|0x00000000eb700000, 0x00000000eb800000, 0x00000000eb800000|100%| E|CS|TAMS 0x00000000eb700000| PB 0x00000000eb700000| Complete 
| 184|0x00000000eb800000, 0x00000000eb900000, 0x00000000eb900000|100%| E|CS|TAMS 0x00000000eb800000| PB 0x00000000eb800000| Complete 
| 185|0x00000000eb900000, 0x00000000eba00000, 0x00000000eba00000|100%| E|CS|TAMS 0x00000000eb900000| PB 0x00000000eb900000| Complete 
| 186|0x00000000eba00000, 0x00000000ebb00000, 0x00000000ebb00000|100%| E|CS|TAMS 0x00000000eba00000| PB 0x00000000eba00000| Complete 
| 187|0x00000000ebb00000, 0x00000000ebc00000, 0x00000000ebc00000|100%| E|CS|TAMS 0x00000000ebb00000| PB 0x00000000ebb00000| Complete 
| 188|0x00000000ebc00000, 0x00000000ebd00000, 0x00000000ebd00000|100%| E|CS|TAMS 0x00000000ebc00000| PB 0x00000000ebc00000| Complete 
| 189|0x00000000ebd00000, 0x00000000ebe00000, 0x00000000ebe00000|100%| E|CS|TAMS 0x00000000ebd00000| PB 0x00000000ebd00000| Complete 
| 190|0x00000000ebe00000, 0x00000000ebf00000, 0x00000000ebf00000|100%| E|CS|TAMS 0x00000000ebe00000| PB 0x00000000ebe00000| Complete 
| 191|0x00000000ebf00000, 0x00000000ec000000, 0x00000000ec000000|100%| E|CS|TAMS 0x00000000ebf00000| PB 0x00000000ebf00000| Complete 
| 192|0x00000000ec000000, 0x00000000ec100000, 0x00000000ec100000|100%| E|CS|TAMS 0x00000000ec000000| PB 0x00000000ec000000| Complete 
| 193|0x00000000ec100000, 0x00000000ec200000, 0x00000000ec200000|100%| E|CS|TAMS 0x00000000ec100000| PB 0x00000000ec100000| Complete 
| 194|0x00000000ec200000, 0x00000000ec300000, 0x00000000ec300000|100%| E|CS|TAMS 0x00000000ec200000| PB 0x00000000ec200000| Complete 
| 195|0x00000000ec300000, 0x00000000ec400000, 0x00000000ec400000|100%| E|CS|TAMS 0x00000000ec300000| PB 0x00000000ec300000| Complete 
| 196|0x00000000ec400000, 0x00000000ec500000, 0x00000000ec500000|100%| E|CS|TAMS 0x00000000ec400000| PB 0x00000000ec400000| Complete 
| 197|0x00000000ec500000, 0x00000000ec600000, 0x00000000ec600000|100%| E|CS|TAMS 0x00000000ec500000| PB 0x00000000ec500000| Complete 
| 198|0x00000000ec600000, 0x00000000ec700000, 0x00000000ec700000|100%| E|CS|TAMS 0x00000000ec600000| PB 0x00000000ec600000| Complete 
| 199|0x00000000ec700000, 0x00000000ec800000, 0x00000000ec800000|100%| E|CS|TAMS 0x00000000ec700000| PB 0x00000000ec700000| Complete 
| 200|0x00000000ec800000, 0x00000000ec900000, 0x00000000ec900000|100%| E|CS|TAMS 0x00000000ec800000| PB 0x00000000ec800000| Complete 
| 201|0x00000000ec900000, 0x00000000eca00000, 0x00000000eca00000|100%| E|CS|TAMS 0x00000000ec900000| PB 0x00000000ec900000| Complete 
| 202|0x00000000eca00000, 0x00000000ecb00000, 0x00000000ecb00000|100%| E|CS|TAMS 0x00000000eca00000| PB 0x00000000eca00000| Complete 
| 203|0x00000000ecb00000, 0x00000000ecc00000, 0x00000000ecc00000|100%| E|CS|TAMS 0x00000000ecb00000| PB 0x00000000ecb00000| Complete 
| 204|0x00000000ecc00000, 0x00000000ecd00000, 0x00000000ecd00000|100%| E|CS|TAMS 0x00000000ecc00000| PB 0x00000000ecc00000| Complete 
| 205|0x00000000ecd00000, 0x00000000ece00000, 0x00000000ece00000|100%| E|CS|TAMS 0x00000000ecd00000| PB 0x00000000ecd00000| Complete 
| 206|0x00000000ece00000, 0x00000000ecf00000, 0x00000000ecf00000|100%| E|CS|TAMS 0x00000000ece00000| PB 0x00000000ece00000| Complete 
| 207|0x00000000ecf00000, 0x00000000ed000000, 0x00000000ed000000|100%| E|CS|TAMS 0x00000000ecf00000| PB 0x00000000ecf00000| Complete 
| 208|0x00000000ed000000, 0x00000000ed100000, 0x00000000ed100000|100%| E|CS|TAMS 0x00000000ed000000| PB 0x00000000ed000000| Complete 
| 209|0x00000000ed100000, 0x00000000ed200000, 0x00000000ed200000|100%| E|CS|TAMS 0x00000000ed100000| PB 0x00000000ed100000| Complete 
| 210|0x00000000ed200000, 0x00000000ed300000, 0x00000000ed300000|100%| E|CS|TAMS 0x00000000ed200000| PB 0x00000000ed200000| Complete 
| 211|0x00000000ed300000, 0x00000000ed400000, 0x00000000ed400000|100%| E|CS|TAMS 0x00000000ed300000| PB 0x00000000ed300000| Complete 
| 212|0x00000000ed400000, 0x00000000ed500000, 0x00000000ed500000|100%| E|CS|TAMS 0x00000000ed400000| PB 0x00000000ed400000| Complete 
| 213|0x00000000ed500000, 0x00000000ed600000, 0x00000000ed600000|100%| E|CS|TAMS 0x00000000ed500000| PB 0x00000000ed500000| Complete 
| 214|0x00000000ed600000, 0x00000000ed700000, 0x00000000ed700000|100%| E|CS|TAMS 0x00000000ed600000| PB 0x00000000ed600000| Complete 
| 215|0x00000000ed700000, 0x00000000ed800000, 0x00000000ed800000|100%| E|CS|TAMS 0x00000000ed700000| PB 0x00000000ed700000| Complete 
| 216|0x00000000ed800000, 0x00000000ed900000, 0x00000000ed900000|100%| E|CS|TAMS 0x00000000ed800000| PB 0x00000000ed800000| Complete 
| 217|0x00000000ed900000, 0x00000000eda00000, 0x00000000eda00000|100%| E|CS|TAMS 0x00000000ed900000| PB 0x00000000ed900000| Complete 
| 218|0x00000000eda00000, 0x00000000edb00000, 0x00000000edb00000|100%| E|CS|TAMS 0x00000000eda00000| PB 0x00000000eda00000| Complete 
| 219|0x00000000edb00000, 0x00000000edc00000, 0x00000000edc00000|100%| E|CS|TAMS 0x00000000edb00000| PB 0x00000000edb00000| Complete 
| 220|0x00000000edc00000, 0x00000000edd00000, 0x00000000edd00000|100%| E|CS|TAMS 0x00000000edc00000| PB 0x00000000edc00000| Complete 
| 221|0x00000000edd00000, 0x00000000ede00000, 0x00000000ede00000|100%| E|CS|TAMS 0x00000000edd00000| PB 0x00000000edd00000| Complete 
| 222|0x00000000ede00000, 0x00000000edf00000, 0x00000000edf00000|100%| E|CS|TAMS 0x00000000ede00000| PB 0x00000000ede00000| Complete 
| 223|0x00000000edf00000, 0x00000000ee000000, 0x00000000ee000000|100%| E|CS|TAMS 0x00000000edf00000| PB 0x00000000edf00000| Complete 
| 224|0x00000000ee000000, 0x00000000ee100000, 0x00000000ee100000|100%| E|CS|TAMS 0x00000000ee000000| PB 0x00000000ee000000| Complete 
| 225|0x00000000ee100000, 0x00000000ee200000, 0x00000000ee200000|100%| E|CS|TAMS 0x00000000ee100000| PB 0x00000000ee100000| Complete 
| 226|0x00000000ee200000, 0x00000000ee300000, 0x00000000ee300000|100%| E|CS|TAMS 0x00000000ee200000| PB 0x00000000ee200000| Complete 
| 227|0x00000000ee300000, 0x00000000ee400000, 0x00000000ee400000|100%| E|CS|TAMS 0x00000000ee300000| PB 0x00000000ee300000| Complete 
| 228|0x00000000ee400000, 0x00000000ee500000, 0x00000000ee500000|100%| E|CS|TAMS 0x00000000ee400000| PB 0x00000000ee400000| Complete 
| 229|0x00000000ee500000, 0x00000000ee600000, 0x00000000ee600000|100%| E|CS|TAMS 0x00000000ee500000| PB 0x00000000ee500000| Complete 
| 230|0x00000000ee600000, 0x00000000ee700000, 0x00000000ee700000|100%| E|CS|TAMS 0x00000000ee600000| PB 0x00000000ee600000| Complete 
| 231|0x00000000ee700000, 0x00000000ee800000, 0x00000000ee800000|100%| E|CS|TAMS 0x00000000ee700000| PB 0x00000000ee700000| Complete 
| 232|0x00000000ee800000, 0x00000000ee900000, 0x00000000ee900000|100%| E|CS|TAMS 0x00000000ee800000| PB 0x00000000ee800000| Complete 
| 233|0x00000000ee900000, 0x00000000eea00000, 0x00000000eea00000|100%| E|CS|TAMS 0x00000000ee900000| PB 0x00000000ee900000| Complete 
| 234|0x00000000eea00000, 0x00000000eeb00000, 0x00000000eeb00000|100%| E|CS|TAMS 0x00000000eea00000| PB 0x00000000eea00000| Complete 
| 235|0x00000000eeb00000, 0x00000000eec00000, 0x00000000eec00000|100%| E|CS|TAMS 0x00000000eeb00000| PB 0x00000000eeb00000| Complete 
| 236|0x00000000eec00000, 0x00000000eed00000, 0x00000000eed00000|100%| E|CS|TAMS 0x00000000eec00000| PB 0x00000000eec00000| Complete 
| 237|0x00000000eed00000, 0x00000000eee00000, 0x00000000eee00000|100%| E|CS|TAMS 0x00000000eed00000| PB 0x00000000eed00000| Complete 
| 238|0x00000000eee00000, 0x00000000eef00000, 0x00000000eef00000|100%| E|CS|TAMS 0x00000000eee00000| PB 0x00000000eee00000| Complete 
| 239|0x00000000eef00000, 0x00000000ef000000, 0x00000000ef000000|100%| E|CS|TAMS 0x00000000eef00000| PB 0x00000000eef00000| Complete 
| 240|0x00000000ef000000, 0x00000000ef100000, 0x00000000ef100000|100%| E|CS|TAMS 0x00000000ef000000| PB 0x00000000ef000000| Complete 
| 241|0x00000000ef100000, 0x00000000ef200000, 0x00000000ef200000|100%| E|CS|TAMS 0x00000000ef100000| PB 0x00000000ef100000| Complete 
| 242|0x00000000ef200000, 0x00000000ef300000, 0x00000000ef300000|100%| E|CS|TAMS 0x00000000ef200000| PB 0x00000000ef200000| Complete 
| 243|0x00000000ef300000, 0x00000000ef400000, 0x00000000ef400000|100%| E|CS|TAMS 0x00000000ef300000| PB 0x00000000ef300000| Complete 
| 244|0x00000000ef400000, 0x00000000ef500000, 0x00000000ef500000|100%| E|CS|TAMS 0x00000000ef400000| PB 0x00000000ef400000| Complete 
| 245|0x00000000ef500000, 0x00000000ef600000, 0x00000000ef600000|100%| E|CS|TAMS 0x00000000ef500000| PB 0x00000000ef500000| Complete 
| 246|0x00000000ef600000, 0x00000000ef700000, 0x00000000ef700000|100%| E|CS|TAMS 0x00000000ef600000| PB 0x00000000ef600000| Complete 
| 247|0x00000000ef700000, 0x00000000ef800000, 0x00000000ef800000|100%| E|CS|TAMS 0x00000000ef700000| PB 0x00000000ef700000| Complete 
| 248|0x00000000ef800000, 0x00000000ef900000, 0x00000000ef900000|100%| E|CS|TAMS 0x00000000ef800000| PB 0x00000000ef800000| Complete 
| 249|0x00000000ef900000, 0x00000000efa00000, 0x00000000efa00000|100%| E|CS|TAMS 0x00000000ef900000| PB 0x00000000ef900000| Complete 
| 250|0x00000000efa00000, 0x00000000efb00000, 0x00000000efb00000|100%| E|CS|TAMS 0x00000000efa00000| PB 0x00000000efa00000| Complete 
| 251|0x00000000efb00000, 0x00000000efc00000, 0x00000000efc00000|100%| E|CS|TAMS 0x00000000efb00000| PB 0x00000000efb00000| Complete 
| 252|0x00000000efc00000, 0x00000000efd00000, 0x00000000efd00000|100%| E|CS|TAMS 0x00000000efc00000| PB 0x00000000efc00000| Complete 
| 253|0x00000000efd00000, 0x00000000efe00000, 0x00000000efe00000|100%| E|CS|TAMS 0x00000000efd00000| PB 0x00000000efd00000| Complete 
| 254|0x00000000efe00000, 0x00000000eff00000, 0x00000000eff00000|100%| E|  |TAMS 0x00000000efe00000| PB 0x00000000efe00000| Complete 
| 255|0x00000000eff00000, 0x00000000f0000000, 0x00000000f0000000|100%| E|CS|TAMS 0x00000000eff00000| PB 0x00000000eff00000| Complete 

Card table byte_map: [0x000001ec3ba20000,0x000001ec3bb20000] _byte_map_base: 0x000001ec3b320000

Marking Bits: (CMBitMap*) 0x000001ec28ece120
 Bits: [0x000001ec3bb20000, 0x000001ec3c320000)

Polling page: 0x000001ec27140000

Metaspace:

Usage:
  Non-class:     47.01 MB used.
      Class:      8.17 MB used.
       Both:     55.17 MB used.

Virtual space:
  Non-class space:       64.00 MB reserved,      48.06 MB ( 75%) committed,  1 nodes.
      Class space:      320.00 MB reserved,       9.19 MB (  3%) committed,  1 nodes.
             Both:      384.00 MB reserved,      57.25 MB ( 15%) committed. 

Chunk freelists:
   Non-Class:  15.97 MB
       Class:  6.64 MB
        Both:  22.61 MB

MaxMetaspaceSize: 384.00 MB
CompressedClassSpaceSize: 320.00 MB
Initial GC threshold: 21.00 MB
Current GC threshold: 59.94 MB
CDS: on
 - commit_granule_bytes: 65536.
 - commit_granule_words: 8192.
 - virtual_space_node_default_size: 8388608.
 - enlarge_chunks_in_place: 1.
 - use_allocation_guard: 0.


Internal statistics:

num_allocs_failed_limit: 12.
num_arena_births: 3794.
num_arena_deaths: 0.
num_vsnodes_births: 2.
num_vsnodes_deaths: 0.
num_space_committed: 916.
num_space_uncommitted: 0.
num_chunks_returned_to_freelist: 12.
num_chunks_taken_from_freelist: 6646.
num_chunk_merges: 12.
num_chunk_splits: 4262.
num_chunks_enlarged: 2504.
num_inconsistent_stats: 0.

CodeHeap 'non-profiled nmethods': size=119168Kb used=4850Kb max_used=4850Kb free=114317Kb
 bounds [0x000001ec33c40000, 0x000001ec34100000, 0x000001ec3b0a0000]
CodeHeap 'profiled nmethods': size=119104Kb used=15973Kb max_used=15973Kb free=103130Kb
 bounds [0x000001ec2c0a0000, 0x000001ec2d040000, 0x000001ec334f0000]
CodeHeap 'non-nmethods': size=7488Kb used=1899Kb max_used=3590Kb free=5588Kb
 bounds [0x000001ec334f0000, 0x000001ec33900000, 0x000001ec33c40000]
CodeCache: size=245760Kb, used=22722Kb, max_used=24413Kb, free=223035Kb
 total_blobs=8980, nmethods=8210, adapters=674, full_count=0
Compilation: enabled, stopped_count=0, restarted_count=0

Compilation events (20 events):
Event: 1178.696 Thread 0x000001ec3f3551c0 8722       3       org.gradle.internal.serialize.DefaultSerializerRegistry$TaggedTypeSerializer::write (37 bytes)
Event: 1178.697 Thread 0x000001ec3f3551c0 nmethod 8722 0x000001ec2d029190 code [0x000001ec2d029380, 0x000001ec2d029828]
Event: 1178.697 Thread 0x000001ec3f3551c0 8723       3       org.gradle.internal.serialize.DefaultSerializerRegistry$TaggedTypeSerializer::map (110 bytes)
Event: 1178.699 Thread 0x000001ec3f3551c0 nmethod 8723 0x000001ec2d029a10 code [0x000001ec2d029d80, 0x000001ec2d02b490]
Event: 1178.700 Thread 0x000001ec3f3551c0 8724   !   3       org.gradle.cache.internal.DefaultCacheCoordinator::useCache (191 bytes)
Event: 1178.705 Thread 0x000001ec3f3551c0 nmethod 8724 0x000001ec2d02bb10 code [0x000001ec2d02c040, 0x000001ec2d02e778]
Event: 1178.706 Thread 0x000001ec3f3551c0 8725       3       org.gradle.api.internal.attributes.AbstractAttributeContainer::isValidAttributeRequest (37 bytes)
Event: 1178.708 Thread 0x000001ec3f3551c0 nmethod 8725 0x000001ec2d02fc10 code [0x000001ec2d02fe80, 0x000001ec2d030820]
Event: 1178.709 Thread 0x000001ec3f3551c0 8727       3       com.google.common.collect.Iterators$1::hasNext (10 bytes)
Event: 1178.709 Thread 0x000001ec3f3551c0 nmethod 8727 0x000001ec2d030b90 code [0x000001ec2d030d40, 0x000001ec2d030f18]
Event: 1178.709 Thread 0x000001ec3f3551c0 8726       3       java.util.ArrayList$SubList$1::hasNext (20 bytes)
Event: 1178.709 Thread 0x000001ec3f3551c0 nmethod 8726 0x000001ec2d031010 code [0x000001ec2d0311c0, 0x000001ec2d031330]
Event: 1178.710 Thread 0x000001ec3f3551c0 8728       3       org.gradle.api.internal.provider.ValueSupplier$Value::present (4 bytes)
Event: 1178.710 Thread 0x000001ec3f3551c0 nmethod 8728 0x000001ec2d031410 code [0x000001ec2d0315a0, 0x000001ec2d031698]
Event: 1178.787 Thread 0x000001ec3f3551c0 8729       1       org.gradle.internal.component.external.model.DefaultImmutableCapability::hashCode (5 bytes)
Event: 1178.787 Thread 0x000001ec3f3551c0 nmethod 8729 0x000001ec340f8990 code [0x000001ec340f8b20, 0x000001ec340f8be8]
Event: 1178.788 Thread 0x000001ec3f3551c0 8730       1       org.gradle.api.internal.artifacts.ivyservice.ResolvedArtifactCollectingVisitor::requireArtifactFiles (2 bytes)
Event: 1178.788 Thread 0x000001ec3f3551c0 nmethod 8730 0x000001ec340f8c90 code [0x000001ec340f8e20, 0x000001ec340f8ee8]
Event: 1178.789 Thread 0x000001ec3f3551c0 8731       1       org.gradle.api.internal.artifacts.result.DefaultResolvedArtifactResult::getFile (5 bytes)
Event: 1178.789 Thread 0x000001ec3f3551c0 nmethod 8731 0x000001ec340f8f90 code [0x000001ec340f9120, 0x000001ec340f91e8]

GC Heap History (14 events):
Event: 1.904 GC heap before
{Heap before GC invocations=0 (full 0):
 garbage-first heap   total 262144K, used 26624K [0x00000000e0000000, 0x0000000100000000)
  region size 1024K, 23 young (23552K), 0 survivors (0K)
 Metaspace       used 3105K, committed 3264K, reserved 393216K
  class space    used 372K, committed 448K, reserved 327680K
}
Event: 1.914 GC heap after
{Heap after GC invocations=1 (full 0):
 garbage-first heap   total 262144K, used 11049K [0x00000000e0000000, 0x0000000100000000)
  region size 1024K, 3 young (3072K), 3 survivors (3072K)
 Metaspace       used 3105K, committed 3264K, reserved 393216K
  class space    used 372K, committed 448K, reserved 327680K
}
Event: 23.770 GC heap before
{Heap before GC invocations=1 (full 0):
 garbage-first heap   total 262144K, used 40745K [0x00000000e0000000, 0x0000000100000000)
  region size 1024K, 31 young (31744K), 3 survivors (3072K)
 Metaspace       used 4748K, committed 4928K, reserved 393216K
  class space    used 594K, committed 704K, reserved 327680K
}
Event: 23.777 GC heap after
{Heap after GC invocations=2 (full 0):
 garbage-first heap   total 262144K, used 16114K [0x00000000e0000000, 0x0000000100000000)
  region size 1024K, 4 young (4096K), 4 survivors (4096K)
 Metaspace       used 4748K, committed 4928K, reserved 393216K
  class space    used 594K, committed 704K, reserved 327680K
}
Event: 217.305 GC heap before
{Heap before GC invocations=2 (full 0):
 garbage-first heap   total 262144K, used 134898K [0x00000000e0000000, 0x0000000100000000)
  region size 1024K, 121 young (123904K), 4 survivors (4096K)
 Metaspace       used 20914K, committed 21504K, reserved 393216K
  class space    used 2928K, committed 3200K, reserved 327680K
}
Event: 217.711 GC heap after
{Heap after GC invocations=3 (full 0):
 garbage-first heap   total 262144K, used 24276K [0x00000000e0000000, 0x0000000100000000)
  region size 1024K, 12 young (12288K), 12 survivors (12288K)
 Metaspace       used 20914K, committed 21504K, reserved 393216K
  class space    used 2928K, committed 3200K, reserved 327680K
}
Event: 382.626 GC heap before
{Heap before GC invocations=4 (full 0):
 garbage-first heap   total 262144K, used 130772K [0x00000000e0000000, 0x0000000100000000)
  region size 1024K, 116 young (118784K), 12 survivors (12288K)
 Metaspace       used 34764K, committed 36096K, reserved 393216K
  class space    used 4995K, committed 5696K, reserved 327680K
}
Event: 382.662 GC heap after
{Heap after GC invocations=5 (full 0):
 garbage-first heap   total 262144K, used 29852K [0x00000000e0000000, 0x0000000100000000)
  region size 1024K, 14 young (14336K), 14 survivors (14336K)
 Metaspace       used 34764K, committed 36096K, reserved 393216K
  class space    used 4995K, committed 5696K, reserved 327680K
}
Event: 386.474 GC heap before
{Heap before GC invocations=5 (full 0):
 garbage-first heap   total 262144K, used 31900K [0x00000000e0000000, 0x0000000100000000)
  region size 1024K, 17 young (17408K), 14 survivors (14336K)
 Metaspace       used 35112K, committed 36416K, reserved 393216K
  class space    used 5022K, committed 5696K, reserved 327680K
}
Event: 386.493 GC heap after
{Heap after GC invocations=6 (full 0):
 garbage-first heap   total 262144K, used 29910K [0x00000000e0000000, 0x0000000100000000)
  region size 1024K, 7 young (7168K), 7 survivors (7168K)
 Metaspace       used 35112K, committed 36416K, reserved 393216K
  class space    used 5022K, committed 5696K, reserved 327680K
}
Event: 392.054 GC heap before
{Heap before GC invocations=6 (full 0):
 garbage-first heap   total 262144K, used 31958K [0x00000000e0000000, 0x0000000100000000)
  region size 1024K, 10 young (10240K), 7 survivors (7168K)
 Metaspace       used 35383K, committed 36736K, reserved 393216K
  class space    used 5060K, committed 5760K, reserved 327680K
}
Event: 392.061 GC heap after
{Heap after GC invocations=7 (full 0):
 garbage-first heap   total 262144K, used 30056K [0x00000000e0000000, 0x0000000100000000)
  region size 1024K, 7 young (7168K), 7 survivors (7168K)
 Metaspace       used 35383K, committed 36736K, reserved 393216K
  class space    used 5060K, committed 5760K, reserved 327680K
}
Event: 895.400 GC heap before
{Heap before GC invocations=8 (full 0):
 garbage-first heap   total 262144K, used 178536K [0x00000000e0000000, 0x0000000100000000)
  region size 1024K, 153 young (156672K), 7 survivors (7168K)
 Metaspace       used 48412K, committed 50304K, reserved 393216K
  class space    used 7180K, committed 8128K, reserved 327680K
}
Event: 895.542 GC heap after
{Heap after GC invocations=9 (full 0):
 garbage-first heap   total 262144K, used 37278K [0x00000000e0000000, 0x0000000100000000)
  region size 1024K, 14 young (14336K), 14 survivors (14336K)
 Metaspace       used 48412K, committed 50304K, reserved 393216K
  class space    used 7180K, committed 8128K, reserved 327680K
}

Dll operation events (20 events):
Event: 0.270 Attempting to load shared library C:\Users\chae0\.vscode\extensions\redhat.java-1.56.0-win32-x64\jre\21.0.12.1-win32-x86_64\bin\nio.dll
Event: 0.271 Loaded shared library C:\Users\chae0\.vscode\extensions\redhat.java-1.56.0-win32-x64\jre\21.0.12.1-win32-x86_64\bin\nio.dll
Event: 0.276 Attempting to load shared library C:\Users\chae0\.vscode\extensions\redhat.java-1.56.0-win32-x64\jre\21.0.12.1-win32-x86_64\bin\zip.dll
Event: 0.276 Loaded shared library C:\Users\chae0\.vscode\extensions\redhat.java-1.56.0-win32-x64\jre\21.0.12.1-win32-x86_64\bin\zip.dll
Event: 1.108 Attempting to load shared library C:\Users\chae0\.vscode\extensions\redhat.java-1.56.0-win32-x64\jre\21.0.12.1-win32-x86_64\bin\jimage.dll
Event: 1.108 Loaded shared library C:\Users\chae0\.vscode\extensions\redhat.java-1.56.0-win32-x64\jre\21.0.12.1-win32-x86_64\bin\jimage.dll
Event: 1.682 Attempting to load shared library C:\Users\chae0\.vscode\extensions\redhat.java-1.56.0-win32-x64\jre\21.0.12.1-win32-x86_64\bin\verify.dll
Event: 1.683 Loaded shared library C:\Users\chae0\.vscode\extensions\redhat.java-1.56.0-win32-x64\jre\21.0.12.1-win32-x86_64\bin\verify.dll
Event: 1.743 Attempting to load shared library C:\Users\chae0\.gradle\native\660c5614fbf4a5f2a75b1949f50a0caf5cd603558e7d8a26e50b933a0cfb79d1\windows-amd64\native-platform.dll
Event: 1.744 Loaded shared library C:\Users\chae0\.gradle\native\660c5614fbf4a5f2a75b1949f50a0caf5cd603558e7d8a26e50b933a0cfb79d1\windows-amd64\native-platform.dll
Event: 1.761 Attempting to load shared library C:\Users\chae0\.gradle\native\0.2.8\x86_64-windows-gnu\gradle-fileevents.dll
Event: 1.762 Loaded shared library C:\Users\chae0\.gradle\native\0.2.8\x86_64-windows-gnu\gradle-fileevents.dll
Event: 47.075 Attempting to load shared library C:\Users\chae0\.vscode\extensions\redhat.java-1.56.0-win32-x64\jre\21.0.12.1-win32-x86_64\bin\management.dll
Event: 47.078 Loaded shared library C:\Users\chae0\.vscode\extensions\redhat.java-1.56.0-win32-x64\jre\21.0.12.1-win32-x86_64\bin\management.dll
Event: 47.398 Attempting to load shared library C:\Users\chae0\.vscode\extensions\redhat.java-1.56.0-win32-x64\jre\21.0.12.1-win32-x86_64\bin\management_ext.dll
Event: 47.401 Loaded shared library C:\Users\chae0\.vscode\extensions\redhat.java-1.56.0-win32-x64\jre\21.0.12.1-win32-x86_64\bin\management_ext.dll
Event: 73.491 Attempting to load shared library C:\Users\chae0\.vscode\extensions\redhat.java-1.56.0-win32-x64\jre\21.0.12.1-win32-x86_64\bin\extnet.dll
Event: 73.617 Loaded shared library C:\Users\chae0\.vscode\extensions\redhat.java-1.56.0-win32-x64\jre\21.0.12.1-win32-x86_64\bin\extnet.dll
Event: 95.297 Attempting to load shared library C:\Users\chae0\.vscode\extensions\redhat.java-1.56.0-win32-x64\jre\21.0.12.1-win32-x86_64\bin\sunmscapi.dll
Event: 95.388 Loaded shared library C:\Users\chae0\.vscode\extensions\redhat.java-1.56.0-win32-x64\jre\21.0.12.1-win32-x86_64\bin\sunmscapi.dll

Deoptimization events (20 events):
Event: 1137.532 Thread 0x000001ec3f3ba390 DEOPT PACKING pc=0x000001ec340a12ec sp=0x0000005d01cf6b40
Event: 1137.532 Thread 0x000001ec3f3ba390 DEOPT UNPACKING pc=0x000001ec33544422 sp=0x0000005d01cf6af8 mode 2
Event: 1137.751 Thread 0x000001ec3f3ba390 Uncommon trap: trap_request=0xffffffd6 fr.pc=0x000001ec340a12ec relative=0x00000000000003ac
Event: 1137.751 Thread 0x000001ec3f3ba390 Uncommon trap: reason=array_check action=maybe_recompile pc=0x000001ec340a12ec method=java.util.LinkedHashMap.keysToArray([Ljava/lang/Object;Z)[Ljava/lang/Object; @ 67 c2
Event: 1137.751 Thread 0x000001ec3f3ba390 DEOPT PACKING pc=0x000001ec340a12ec sp=0x0000005d01cf6b40
Event: 1137.751 Thread 0x000001ec3f3ba390 DEOPT UNPACKING pc=0x000001ec33544422 sp=0x0000005d01cf6af8 mode 2
Event: 1137.825 Thread 0x000001ec3f3ba390 DEOPT PACKING pc=0x000001ec2ca38e78 sp=0x0000005d01cf6aa0
Event: 1137.825 Thread 0x000001ec3f3ba390 DEOPT UNPACKING pc=0x000001ec33544bc2 sp=0x0000005d01cf5f88 mode 0
Event: 1138.698 Thread 0x000001ec3f3ba390 Uncommon trap: trap_request=0xffffffd6 fr.pc=0x000001ec340a12ec relative=0x00000000000003ac
Event: 1138.698 Thread 0x000001ec3f3ba390 Uncommon trap: reason=array_check action=maybe_recompile pc=0x000001ec340a12ec method=java.util.LinkedHashMap.keysToArray([Ljava/lang/Object;Z)[Ljava/lang/Object; @ 67 c2
Event: 1138.698 Thread 0x000001ec3f3ba390 DEOPT PACKING pc=0x000001ec340a12ec sp=0x0000005d01cf6b40
Event: 1138.698 Thread 0x000001ec3f3ba390 DEOPT UNPACKING pc=0x000001ec33544422 sp=0x0000005d01cf6af8 mode 2
Event: 1144.411 Thread 0x000001ec3f3ba390 Uncommon trap: trap_request=0xffffff45 fr.pc=0x000001ec33f3b3e4 relative=0x00000000000002a4
Event: 1144.411 Thread 0x000001ec3f3ba390 Uncommon trap: reason=unstable_if action=reinterpret pc=0x000001ec33f3b3e4 method=java.util.LinkedHashMap.get(Ljava/lang/Object;)Ljava/lang/Object; @ 16 c2
Event: 1144.411 Thread 0x000001ec3f3ba390 DEOPT PACKING pc=0x000001ec33f3b3e4 sp=0x0000005d01cf91c0
Event: 1144.411 Thread 0x000001ec3f3ba390 DEOPT UNPACKING pc=0x000001ec33544422 sp=0x0000005d01cf9168 mode 2
Event: 1149.444 Thread 0x000001ec3f3ba390 Uncommon trap: trap_request=0xffffffd6 fr.pc=0x000001ec340a12ec relative=0x00000000000003ac
Event: 1149.444 Thread 0x000001ec3f3ba390 Uncommon trap: reason=array_check action=maybe_recompile pc=0x000001ec340a12ec method=java.util.LinkedHashMap.keysToArray([Ljava/lang/Object;Z)[Ljava/lang/Object; @ 67 c2
Event: 1149.444 Thread 0x000001ec3f3ba390 DEOPT PACKING pc=0x000001ec340a12ec sp=0x0000005d01cf6a90
Event: 1149.444 Thread 0x000001ec3f3ba390 DEOPT UNPACKING pc=0x000001ec33544422 sp=0x0000005d01cf6a48 mode 2

Classes loaded (20 events):
Event: 1097.067 Loading class java/lang/Short$ShortCache
Event: 1097.067 Loading class java/lang/Short$ShortCache done
Event: 1097.680 Loading class java/util/AbstractList$ListItr
Event: 1097.680 Loading class java/util/AbstractList$ListItr done
Event: 1098.463 Loading class java/util/Collections$EmptyListIterator
Event: 1098.464 Loading class java/util/Collections$EmptyListIterator done
Event: 1098.840 Loading class java/io/CharArrayWriter
Event: 1098.840 Loading class java/io/CharArrayWriter done
Event: 1099.037 Loading class java/time/Instant$1
Event: 1099.038 Loading class java/time/Instant$1 done
Event: 1107.914 Loading class java/net/UrlDeserializedState
Event: 1107.914 Loading class java/net/UrlDeserializedState done
Event: 1108.055 Loading class java/net/Proxy
Event: 1108.055 Loading class java/net/Proxy done
Event: 1108.353 Loading class java/util/concurrent/CompletableFuture$AsyncRun
Event: 1108.377 Loading class java/util/concurrent/CompletableFuture$AsyncRun done
Event: 1126.697 Loading class sun/net/ConnectionResetException
Event: 1126.697 Loading class sun/net/ConnectionResetException done
Event: 1126.879 Loading class java/lang/Throwable$WrappedPrintWriter
Event: 1126.879 Loading class java/lang/Throwable$WrappedPrintWriter done

Classes unloaded (0 events):
No events

Classes redefined (0 events):
No events

Internal exceptions (20 events):
Event: 1078.198 Thread 0x000001ec3f3ba390 Exception <a 'java/lang/NoSuchMethodError'{0x00000000eaadc728}: 'int java.lang.invoke.DirectMethodHandle$Holder.invokeSpecial(java.lang.Object, java.lang.Object, java.lang.Object, java.lang.Object, java.lang.Object)'> (0x00000000eaadc728) 
thrown [s\src\hotspot\share\interpreter\linkResolver.cpp, line 773]
Event: 1078.518 Thread 0x000001ec3f3ba390 Exception <a 'java/lang/NoSuchMethodError'{0x00000000ea915220}: 'void java.lang.invoke.DirectMethodHandle$Holder.invokeInterface(java.lang.Object, java.lang.Object, java.lang.Object, java.lang.Object)'> (0x00000000ea915220) 
thrown [s\src\hotspot\share\interpreter\linkResolver.cpp, line 773]
Event: 1089.666 Thread 0x000001ec3f3ba390 Exception <a 'java/lang/NoSuchMethodError'{0x00000000ea291528}: 'void java.lang.invoke.DirectMethodHandle$Holder.invokeInterface(java.lang.Object, java.lang.Object, java.lang.Object, int)'> (0x00000000ea291528) 
thrown [s\src\hotspot\share\interpreter\linkResolver.cpp, line 773]
Event: 1089.667 Thread 0x000001ec3f3ba390 Exception <a 'java/lang/IncompatibleClassChangeError'{0x00000000ea295068}: Found class java.lang.Object, but interface was expected> (0x00000000ea295068) 
thrown [s\src\hotspot\share\interpreter\linkResolver.cpp, line 840]
Event: 1089.686 Thread 0x000001ec3f3ba390 Exception <a 'java/lang/NoSuchMethodError'{0x00000000ea299470}: 'void java.lang.invoke.DelegatingMethodHandle$Holder.reinvoke_L(java.lang.Object, java.lang.Object, java.lang.Object, int)'> (0x00000000ea299470) 
thrown [s\src\hotspot\share\interpreter\linkResolver.cpp, line 773]
Event: 1089.761 Thread 0x000001ec3f3ba390 Exception <a 'sun/nio/fs/WindowsException'{0x00000000ea2b6100}> (0x00000000ea2b6100) 
thrown [s\src\hotspot\share\prims\jni.cpp, line 520]
Event: 1093.752 Thread 0x000001ec3f3ba390 Exception <a 'java/lang/IncompatibleClassChangeError'{0x00000000e9f0c708}: Found class java.lang.Object, but interface was expected> (0x00000000e9f0c708) 
thrown [s\src\hotspot\share\interpreter\linkResolver.cpp, line 840]
Event: 1093.805 Thread 0x000001ec3f3ba390 Exception <a 'java/lang/IncompatibleClassChangeError'{0x00000000e9f0dbb8}: Found class java.lang.Object, but interface was expected> (0x00000000e9f0dbb8) 
thrown [s\src\hotspot\share\interpreter\linkResolver.cpp, line 840]
Event: 1095.158 Thread 0x000001ec3f3ba390 Exception <a 'java/lang/IncompatibleClassChangeError'{0x00000000e9f48600}: Found class java.lang.Object, but interface was expected> (0x00000000e9f48600) 
thrown [s\src\hotspot\share\interpreter\linkResolver.cpp, line 840]
Event: 1107.137 Thread 0x000001ec3f552430 Exception <a 'java/lang/NoSuchMethodError'{0x00000000e9ccbb70}: static Lorg/gradle/tooling/internal/provider/serialization/ClassLoaderDetails;.<clinit>()V> (0x00000000e9ccbb70) 
thrown [s\src\hotspot\share\prims\jni.cpp, line 1111]
Event: 1107.209 Thread 0x000001ec3f552430 Exception <a 'java/lang/NoSuchMethodError'{0x00000000e9b35b00}: static Lorg/gradle/tooling/internal/provider/serialization/WellKnownClassLoaderRegistry$KnownClassLoaderSpec;.<clinit>()V> (0x00000000e9b35b00) 
thrown [s\src\hotspot\share\prims\jni.cpp, line 1111]
Event: 1107.261 Thread 0x000001ec3f552430 Exception <a 'java/lang/NoSuchMethodError'{0x00000000e9b37348}: static Lorg/gradle/internal/classloader/ClassLoaderSpec;.<clinit>()V> (0x00000000e9b37348) 
thrown [s\src\hotspot\share\prims\jni.cpp, line 1111]
Event: 1107.801 Thread 0x000001ec3f552430 Exception <a 'java/lang/NoSuchMethodError'{0x00000000e9b4a258}: static Lorg/gradle/internal/classloader/ClassLoaderSpec;.<clinit>()V> (0x00000000e9b4a258) 
thrown [s\src\hotspot\share\prims\jni.cpp, line 1111]
Event: 1107.899 Thread 0x000001ec3f552430 Exception <a 'java/lang/NoSuchMethodError'{0x00000000e9b56648}: static Lorg/gradle/internal/classloader/VisitableURLClassLoader$Spec;.<clinit>()V> (0x00000000e9b56648) 
thrown [s\src\hotspot\share\prims\jni.cpp, line 1111]
Event: 1126.697 Thread 0x000001ec5ab90130 Exception <a 'java/io/IOException'{0x00000000e957a3d8}> (0x00000000e957a3d8) 
thrown [s\src\hotspot\share\prims\jni.cpp, line 520]
Event: 1126.736 Thread 0x000001ec5ab907c0 Exception <a 'java/io/IOException'{0x00000000e967b048}> (0x00000000e967b048) 
thrown [s\src\hotspot\share\prims\jni.cpp, line 520]
Event: 1144.089 Thread 0x000001ec3f3ba390 Exception <a 'sun/nio/fs/WindowsException'{0x00000000e8efacd8}> (0x00000000e8efacd8) 
thrown [s\src\hotspot\share\prims\jni.cpp, line 520]
Event: 1144.105 Thread 0x000001ec3f3ba390 Exception <a 'sun/nio/fs/WindowsException'{0x00000000e8efc468}> (0x00000000e8efc468) 
thrown [s\src\hotspot\share\prims\jni.cpp, line 520]
Event: 1144.118 Thread 0x000001ec3f3ba390 Exception <a 'sun/nio/fs/WindowsException'{0x00000000e8efdbe8}> (0x00000000e8efdbe8) 
thrown [s\src\hotspot\share\prims\jni.cpp, line 520]
Event: 1144.134 Thread 0x000001ec3f3ba390 Exception <a 'sun/nio/fs/WindowsException'{0x00000000e8eff348}> (0x00000000e8eff348) 
thrown [s\src\hotspot\share\prims\jni.cpp, line 520]

ZGC Phase Switch (0 events):
No events

VM Operations (20 events):
Event: 1153.949 Executing safepoint VM operation: Cleanup
Event: 1154.122 Executing safepoint VM operation: Cleanup done
Event: 1155.137 Executing safepoint VM operation: Cleanup
Event: 1155.168 Executing safepoint VM operation: Cleanup done
Event: 1156.192 Executing safepoint VM operation: Cleanup
Event: 1156.192 Executing safepoint VM operation: Cleanup done
Event: 1158.200 Executing safepoint VM operation: Cleanup
Event: 1158.487 Executing safepoint VM operation: Cleanup done
Event: 1159.490 Executing safepoint VM operation: Cleanup
Event: 1159.506 Executing safepoint VM operation: Cleanup done
Event: 1160.519 Executing safepoint VM operation: Cleanup
Event: 1160.535 Executing safepoint VM operation: Cleanup done
Event: 1161.539 Executing safepoint VM operation: Cleanup
Event: 1161.539 Executing safepoint VM operation: Cleanup done
Event: 1163.553 Executing safepoint VM operation: Cleanup
Event: 1163.553 Executing safepoint VM operation: Cleanup done
Event: 1177.711 Executing safepoint VM operation: Cleanup
Event: 1177.711 Executing safepoint VM operation: Cleanup done
Event: 1178.723 Executing safepoint VM operation: Cleanup
Event: 1178.787 Executing safepoint VM operation: Cleanup done

Memory protections (0 events):
No events

Nmethod flushes (20 events):
Event: 392.102 Thread 0x000001ec3f309c90 flushing  nmethod 0x000001ec2c485a90
Event: 392.102 Thread 0x000001ec3f309c90 flushing  nmethod 0x000001ec2c485e90
Event: 392.102 Thread 0x000001ec3f309c90 flushing  nmethod 0x000001ec2c486190
Event: 392.102 Thread 0x000001ec3f309c90 flushing  nmethod 0x000001ec2c487e90
Event: 392.102 Thread 0x000001ec3f309c90 flushing  nmethod 0x000001ec2c488b90
Event: 392.102 Thread 0x000001ec3f309c90 flushing  nmethod 0x000001ec2c678610
Event: 392.102 Thread 0x000001ec3f309c90 flushing  nmethod 0x000001ec2c687290
Event: 392.102 Thread 0x000001ec3f309c90 flushing  nmethod 0x000001ec2c69a690
Event: 392.102 Thread 0x000001ec3f309c90 flushing  nmethod 0x000001ec2c26eb10
Event: 392.102 Thread 0x000001ec3f309c90 flushing  nmethod 0x000001ec2c26fe10
Event: 392.102 Thread 0x000001ec3f309c90 flushing  nmethod 0x000001ec2c270110
Event: 392.102 Thread 0x000001ec3f309c90 flushing  nmethod 0x000001ec2c275890
Event: 392.102 Thread 0x000001ec3f309c90 flushing  nmethod 0x000001ec2c276810
Event: 392.102 Thread 0x000001ec3f309c90 flushing  nmethod 0x000001ec2c2a0110
Event: 392.102 Thread 0x000001ec3f309c90 flushing  nmethod 0x000001ec2c2b8010
Event: 392.102 Thread 0x000001ec3f309c90 flushing  nmethod 0x000001ec2c522610
Event: 392.102 Thread 0x000001ec3f309c90 flushing  nmethod 0x000001ec2c54f490
Event: 392.102 Thread 0x000001ec3f309c90 flushing  nmethod 0x000001ec2c54f810
Event: 392.102 Thread 0x000001ec3f309c90 flushing  nmethod 0x000001ec2c551690
Event: 392.102 Thread 0x000001ec3f309c90 flushing  nmethod 0x000001ec2c557710

Events (20 events):
Event: 1133.047 Thread 0x000001ec3f3ba390 Thread added: 0x000001ec5ab92890
Event: 1133.315 Thread 0x000001ec3f3ba390 Thread added: 0x000001ec5ab8faa0
Event: 1140.896 Thread 0x000001ec3f3ba390 Thread added: 0x000001ec5ab935b0
Event: 1143.424 Thread 0x000001ec3f3ba390 Thread added: 0x000001ec5ab94ff0
Event: 1143.713 Thread 0x000001ec3f3ba390 Thread added: 0x000001ec5ab95680
Event: 1177.356 Thread 0x000001ec3f3ba390 Thread added: 0x000001ec59b3a720
Event: 1177.397 Thread 0x000001ec3f3ba390 Thread added: 0x000001ec59b372a0
Event: 1177.422 Thread 0x000001ec3f3ba390 Thread added: 0x000001ec59b3a090
Event: 1177.426 Thread 0x000001ec3f3ba390 Thread added: 0x000001ec59b37930
Event: 1177.428 Thread 0x000001ec3f3ba390 Thread added: 0x000001ec59b38650
Event: 1177.429 Thread 0x000001ec3f3ba390 Thread added: 0x000001ec59b38ce0
Event: 1177.430 Thread 0x000001ec3f3ba390 Thread added: 0x000001ec59b39370
Event: 1177.458 Thread 0x000001ec3f3ba390 Thread added: 0x000001ec5a748340
Event: 1177.459 Thread 0x000001ec3f3ba390 Thread added: 0x000001ec5a745550
Event: 1177.460 Thread 0x000001ec3f3ba390 Thread added: 0x000001ec5a74aaa0
Event: 1177.460 Thread 0x000001ec3f3ba390 Thread added: 0x000001ec5a74a410
Event: 1177.499 Thread 0x000001ec3f3ba390 Thread added: 0x000001ec5a74b130
Event: 1177.500 Thread 0x000001ec3f3ba390 Thread added: 0x000001ec5a74cb70
Event: 1177.500 Thread 0x000001ec3f3ba390 Thread added: 0x000001ec5c1cf0b0
Event: 1177.530 Thread 0x000001ec3f3ba390 Thread added: 0x000001ec5c1cea20


Dynamic libraries:
0x00007ff6d5de0000 - 0x00007ff6d5dee000 	C:\Users\chae0\.vscode\extensions\redhat.java-1.56.0-win32-x64\jre\21.0.12.1-win32-x86_64\bin\java.exe
0x00007ffccae80000 - 0x00007ffccb0e6000 	C:\WINDOWS\SYSTEM32\ntdll.dll
0x00007ffcc9430000 - 0x00007ffcc94f9000 	C:\WINDOWS\System32\KERNEL32.DLL
0x00007ffcc82b0000 - 0x00007ffcc86af000 	C:\WINDOWS\System32\KERNELBASE.dll
0x00007ffcc86c0000 - 0x00007ffcc880c000 	C:\WINDOWS\System32\ucrtbase.dll
0x00007ffcb8400000 - 0x00007ffcb8418000 	C:\Users\chae0\.vscode\extensions\redhat.java-1.56.0-win32-x64\jre\21.0.12.1-win32-x86_64\bin\jli.dll
0x00007ffcb8420000 - 0x00007ffcb843e000 	C:\Users\chae0\.vscode\extensions\redhat.java-1.56.0-win32-x64\jre\21.0.12.1-win32-x86_64\bin\VCRUNTIME140.dll
0x00007ffccab20000 - 0x00007ffccace6000 	C:\WINDOWS\System32\USER32.dll
0x00007ffcc8a00000 - 0x00007ffcc8a27000 	C:\WINDOWS\System32\win32u.dll
0x00007ffcc9970000 - 0x00007ffcc999b000 	C:\WINDOWS\System32\GDI32.dll
0x00007ffcc8820000 - 0x00007ffcc8949000 	C:\WINDOWS\System32\gdi32full.dll
0x00007ffcc8950000 - 0x00007ffcc89f3000 	C:\WINDOWS\System32\msvcp_win.dll
0x00007ffcb02b0000 - 0x00007ffcb0541000 	C:\WINDOWS\WinSxS\amd64_microsoft.windows.common-controls_6595b64144ccf1df_6.0.26100.8972_none_3e0da176e32f9d4b\COMCTL32.dll
0x00007ffcc9600000 - 0x00007ffcc96a9000 	C:\WINDOWS\System32\msvcrt.dll
0x00007ffcc9be0000 - 0x00007ffcc9c12000 	C:\WINDOWS\System32\IMM32.DLL
0x00007ffcc4a80000 - 0x00007ffcc4a8c000 	C:\Users\chae0\.vscode\extensions\redhat.java-1.56.0-win32-x64\jre\21.0.12.1-win32-x86_64\bin\vcruntime140_1.dll
0x00007ffcb5180000 - 0x00007ffcb520d000 	C:\Users\chae0\.vscode\extensions\redhat.java-1.56.0-win32-x64\jre\21.0.12.1-win32-x86_64\bin\msvcp140.dll
0x00007ffc75e30000 - 0x00007ffc76bd2000 	C:\Users\chae0\.vscode\extensions\redhat.java-1.56.0-win32-x64\jre\21.0.12.1-win32-x86_64\bin\server\jvm.dll
0x00007ffcca930000 - 0x00007ffcca9ec000 	C:\WINDOWS\System32\ADVAPI32.dll
0x00007ffcc8bb0000 - 0x00007ffcc8c5a000 	C:\WINDOWS\System32\sechost.dll
0x00007ffcc9850000 - 0x00007ffcc9968000 	C:\WINDOWS\System32\RPCRT4.dll
0x00007ffcc90f0000 - 0x00007ffcc9172000 	C:\WINDOWS\System32\WS2_32.dll
0x00007ffcc7ef0000 - 0x00007ffcc7f4e000 	C:\WINDOWS\SYSTEM32\POWRPROF.dll
0x00007ffcbd260000 - 0x00007ffcbd296000 	C:\WINDOWS\SYSTEM32\WINMM.dll
0x00007ffcb5130000 - 0x00007ffcb513b000 	C:\WINDOWS\SYSTEM32\VERSION.dll
0x00007ffcc7ed0000 - 0x00007ffcc7ee5000 	C:\WINDOWS\SYSTEM32\UMPDC.dll
0x00007ffcc6d80000 - 0x00007ffcc6d9b000 	C:\WINDOWS\SYSTEM32\kernel.appcore.dll
0x00007ffcb83f0000 - 0x00007ffcb83fa000 	C:\Users\chae0\.vscode\extensions\redhat.java-1.56.0-win32-x64\jre\21.0.12.1-win32-x86_64\bin\jimage.dll
0x00007ffcc58b0000 - 0x00007ffcc5af2000 	C:\WINDOWS\SYSTEM32\DBGHELP.DLL
0x00007ffcc9c90000 - 0x00007ffcca015000 	C:\WINDOWS\System32\combase.dll
0x00007ffcc99a0000 - 0x00007ffcc9a79000 	C:\WINDOWS\System32\OLEAUT32.dll
0x00007ffcad7a0000 - 0x00007ffcad7db000 	C:\WINDOWS\SYSTEM32\dbgcore.DLL
0x00007ffcc8af0000 - 0x00007ffcc8b9c000 	C:\WINDOWS\System32\bcryptPrimitives.dll
0x00007ffcc06b0000 - 0x00007ffcc06bf000 	C:\Users\chae0\.vscode\extensions\redhat.java-1.56.0-win32-x64\jre\21.0.12.1-win32-x86_64\bin\instrument.dll
0x00007ffcb83d0000 - 0x00007ffcb83f0000 	C:\Users\chae0\.vscode\extensions\redhat.java-1.56.0-win32-x64\jre\21.0.12.1-win32-x86_64\bin\java.dll
0x00007ffcca020000 - 0x00007ffcca7a8000 	C:\WINDOWS\System32\SHELL32.dll
0x00007ffcc5b60000 - 0x00007ffcc63fb000 	C:\WINDOWS\SYSTEM32\windows.storage.dll
0x00007ffccaa10000 - 0x00007ffccab09000 	C:\WINDOWS\System32\SHCORE.dll
0x00007ffcc9c20000 - 0x00007ffcc9c86000 	C:\WINDOWS\System32\shlwapi.dll
0x00007ffcc7fb0000 - 0x00007ffcc7fd9000 	C:\WINDOWS\SYSTEM32\profapi.dll
0x00007ffcb8360000 - 0x00007ffcb8378000 	C:\Users\chae0\.vscode\extensions\redhat.java-1.56.0-win32-x64\jre\21.0.12.1-win32-x86_64\bin\zip.dll
0x00007ffcb8350000 - 0x00007ffcb8360000 	C:\Users\chae0\.vscode\extensions\redhat.java-1.56.0-win32-x64\jre\21.0.12.1-win32-x86_64\bin\net.dll
0x00007ffcc13e0000 - 0x00007ffcc1508000 	C:\WINDOWS\SYSTEM32\WINHTTP.dll
0x00007ffcc7330000 - 0x00007ffcc739c000 	C:\WINDOWS\system32\mswsock.dll
0x00007ffcb8330000 - 0x00007ffcb8346000 	C:\Users\chae0\.vscode\extensions\redhat.java-1.56.0-win32-x64\jre\21.0.12.1-win32-x86_64\bin\nio.dll
0x00007ffcc06a0000 - 0x00007ffcc06b0000 	C:\Users\chae0\.vscode\extensions\redhat.java-1.56.0-win32-x64\jre\21.0.12.1-win32-x86_64\bin\verify.dll
0x00007ffc26f10000 - 0x00007ffc26f37000 	C:\Users\chae0\.gradle\native\660c5614fbf4a5f2a75b1949f50a0caf5cd603558e7d8a26e50b933a0cfb79d1\windows-amd64\native-platform.dll
0x00007ffc444e0000 - 0x00007ffc44557000 	C:\Users\chae0\.gradle\native\0.2.8\x86_64-windows-gnu\gradle-fileevents.dll
0x00007ffc9d620000 - 0x00007ffc9d62a000 	C:\Users\chae0\.vscode\extensions\redhat.java-1.56.0-win32-x64\jre\21.0.12.1-win32-x86_64\bin\management.dll
0x00007ffc9abf0000 - 0x00007ffc9abfc000 	C:\Users\chae0\.vscode\extensions\redhat.java-1.56.0-win32-x64\jre\21.0.12.1-win32-x86_64\bin\management_ext.dll
0x00007ffccab10000 - 0x00007ffccab18000 	C:\WINDOWS\System32\PSAPI.DLL
0x00007ffcc67a0000 - 0x00007ffcc67d3000 	C:\WINDOWS\SYSTEM32\IPHLPAPI.DLL
0x00007ffcca7b0000 - 0x00007ffcca7ba000 	C:\WINDOWS\System32\NSI.dll
0x00007ffc85240000 - 0x00007ffc85249000 	C:\Users\chae0\.vscode\extensions\redhat.java-1.56.0-win32-x64\jre\21.0.12.1-win32-x86_64\bin\extnet.dll
0x00007ffcc7620000 - 0x00007ffcc763b000 	C:\WINDOWS\SYSTEM32\CRYPTSP.dll
0x00007ffcc6ce0000 - 0x00007ffcc6d19000 	C:\WINDOWS\system32\rsaenh.dll
0x00007ffcc73e0000 - 0x00007ffcc7412000 	C:\WINDOWS\SYSTEM32\USERENV.dll
0x00007ffcc7f80000 - 0x00007ffcc7faa000 	C:\WINDOWS\SYSTEM32\bcrypt.dll
0x00007ffcc7640000 - 0x00007ffcc764c000 	C:\WINDOWS\SYSTEM32\CRYPTBASE.dll
0x00007ffc93390000 - 0x00007ffc9339e000 	C:\Users\chae0\.vscode\extensions\redhat.java-1.56.0-win32-x64\jre\21.0.12.1-win32-x86_64\bin\sunmscapi.dll
0x00007ffcc8090000 - 0x00007ffcc820e000 	C:\WINDOWS\System32\CRYPT32.dll
0x00007ffcc7860000 - 0x00007ffcc7890000 	C:\WINDOWS\SYSTEM32\ncrypt.dll
0x00007ffcc7810000 - 0x00007ffcc784f000 	C:\WINDOWS\SYSTEM32\NTASN1.dll
0x00007ffc7e6d0000 - 0x00007ffc7e6d8000 	C:\WINDOWS\system32\wshunix.dll

JVMTI agents:
C:\Users\chae0\.gradle\wrapper\dists\gradle-9.4.1-bin\arn2x92ynaizyzdaamcbpbhtj\gradle-9.4.1\lib\agents\gradle-instrumentation-agent-9.4.1.jar path:C:\Users\chae0\.vscode\extensions\redhat.java-1.56.0-win32-x64\jre\21.0.12.1-win32-x86_64\bin\instrument.dll, loaded, initialized, instrumentlib options:none

dbghelp: loaded successfully - version: 4.0.5 - missing functions: none
symbol engine: initialized successfully - sym options: 0x614 - pdb path: .;C:\Users\chae0\.vscode\extensions\redhat.java-1.56.0-win32-x64\jre\21.0.12.1-win32-x86_64\bin;C:\WINDOWS\SYSTEM32;C:\WINDOWS\WinSxS\amd64_microsoft.windows.common-controls_6595b64144ccf1df_6.0.26100.8972_none_3e0da176e32f9d4b;C:\Users\chae0\.vscode\extensions\redhat.java-1.56.0-win32-x64\jre\21.0.12.1-win32-x86_64\bin\server;C:\Users\chae0\.gradle\native\660c5614fbf4a5f2a75b1949f50a0caf5cd603558e7d8a26e50b933a0cfb79d1\windows-amd64;C:\Users\chae0\.gradle\native\0.2.8\x86_64-windows-gnu

VM Arguments:
jvm_args: --add-opens=java.base/java.lang=ALL-UNNAMED --add-opens=java.base/java.lang.invoke=ALL-UNNAMED --add-opens=java.base/java.util=ALL-UNNAMED --add-opens=java.prefs/java.util.prefs=ALL-UNNAMED --add-exports=jdk.compiler/com.sun.tools.javac.api=ALL-UNNAMED --add-exports=jdk.compiler/com.sun.tools.javac.util=ALL-UNNAMED --add-opens=java.base/java.util=ALL-UNNAMED --add-opens=java.prefs/java.util.prefs=ALL-UNNAMED --add-opens=java.base/java.nio.charset=ALL-UNNAMED --add-opens=java.base/java.net=ALL-UNNAMED --add-opens=java.base/java.util.concurrent=ALL-UNNAMED --add-opens=java.base/java.util.concurrent.atomic=ALL-UNNAMED --add-opens=java.xml/javax.xml.namespace=ALL-UNNAMED --add-opens=java.base/java.time=ALL-UNNAMED -XX:MaxMetaspaceSize=384m -XX:+HeapDumpOnOutOfMemoryError -Xms256m -Xmx512m -Dfile.encoding=UTF-8 -Duser.country=KR -Duser.language=ko -Duser.variant -javaagent:C:\Users\chae0\.gradle\wrapper\dists\gradle-9.4.1-bin\arn2x92ynaizyzdaamcbpbhtj\gradle-9.4.1\lib\agents\gradle-instrumentation-agent-9.4.1.jar 
java_command: org.gradle.launcher.daemon.bootstrap.GradleDaemon 9.4.1
java_class_path (initial): C:\Users\chae0\.gradle\wrapper\dists\gradle-9.4.1-bin\arn2x92ynaizyzdaamcbpbhtj\gradle-9.4.1\lib\gradle-daemon-main-9.4.1.jar
Launcher Type: SUN_STANDARD

[Global flags]
     intx CICompilerCount                          = 12                                        {product} {ergonomic}
   size_t CompressedClassSpaceSize                 = 335544320                                 {product} {ergonomic}
     uint ConcGCThreads                            = 3                                         {product} {ergonomic}
     uint G1ConcRefinementThreads                  = 13                                        {product} {ergonomic}
   size_t G1HeapRegionSize                         = 1048576                                   {product} {ergonomic}
    uintx GCDrainStackTargetSize                   = 64                                        {product} {ergonomic}
     bool HeapDumpOnOutOfMemoryError               = true                                   {manageable} {command line}
   size_t InitialHeapSize                          = 268435456                                 {product} {command line}
   size_t MarkStackSize                            = 4194304                                   {product} {ergonomic}
   size_t MaxHeapSize                              = 536870912                                 {product} {command line}
   size_t MaxMetaspaceSize                         = 402653184                                 {product} {command line}
   size_t MaxNewSize                               = 321912832                                 {product} {ergonomic}
   size_t MinHeapDeltaBytes                        = 1048576                                   {product} {ergonomic}
   size_t MinHeapSize                              = 268435456                                 {product} {command line}
    uintx NonNMethodCodeHeapSize                   = 7602480                                {pd product} {ergonomic}
    uintx NonProfiledCodeHeapSize                  = 122027880                              {pd product} {ergonomic}
    uintx ProfiledCodeHeapSize                     = 122027880                              {pd product} {ergonomic}
    uintx ReservedCodeCacheSize                    = 251658240                              {pd product} {ergonomic}
     bool SegmentedCodeCache                       = true                                      {product} {ergonomic}
   size_t SoftMaxHeapSize                          = 536870912                              {manageable} {ergonomic}
     bool UseCompressedOops                        = true                           {product lp64_product} {ergonomic}
     bool UseG1GC                                  = true                                      {product} {ergonomic}
     bool UseLargePagesIndividualAllocation        = false                                  {pd product} {ergonomic}

Logging:
Log output configuration:
 #0: stdout all=warning uptime,level,tags foldmultilines=false
 #1: stderr all=off uptime,level,tags foldmultilines=false

Release file:
JAVA_VERSION="21.0.12.1" 
MODULES="java.base java.compiler java.datatransfer java.xml java.prefs java.desktop java.instrument java.logging java.management java.security.sasl java.naming java.rmi java.management.rmi java.net.http java.scripting java.security.jgss java.transaction.xa java.sql java.sql.rowset java.xml.crypto java.se java.smartcardio jdk.accessibility jdk.internal.jvmstat jdk.attach jdk.charsets jdk.internal.opt jdk.zipfs jdk.compiler jdk.crypto.ec jdk.crypto.cryptoki jdk.crypto.mscapi jdk.dynalink jdk.internal.ed jdk.editpad jdk.hotspot.agent jdk.httpserver jdk.internal.le jdk.internal.vm.ci jdk.internal.vm.compiler jdk.internal.vm.compiler.management jdk.jartool jdk.javadoc jdk.jcmd jdk.management jdk.management.agent jdk.jconsole jdk.jdeps jdk.jdwp.agent jdk.jdi jdk.jfr jdk.jshell jdk.jsobject jdk.jstatd jdk.localedata jdk.management.jfr jdk.naming.dns jdk.naming.rmi jdk.net jdk.nio.mapmode jdk.random jdk.sctp jdk.security.auth jdk.security.jgss jdk.unsupported jdk.unsupported.desktop jdk.xml.dom" 

Environment Variables:
JAVA_HOME=C:\Program Files\Java\jdk-21
PATH=C:\Python314\Scripts\;C:\Python314\;C:\Program Files (x86)\VMware\VMware Workstation\bin\;C:\Program Files\Common Files\Oracle\Java\javapath;C:\WINDOWS\system32;C:\WINDOWS;C:\WINDOWS\System32\Wbem;C:\WINDOWS\System32\WindowsPowerShell\v1.0\;C:\WINDOWS\System32\OpenSSH\;C:\Program Files\Java\jdk-21\bin\;C:\Program Files\Java\jdk-21bin;C:\Program Files\Microsoft SQL Server\Client SDK\ODBC\170\Tools\Binn\;C:\Program Files (x86)\Microsoft SQL Server\150\Tools\Binn\;C:\Program Files\Microsoft SQL Server\150\Tools\Binn\;C:\Program Files\Microsoft SQL Server\150\DTS\Binn\;C:\Program Files (x86)\Microsoft SQL Server\150\DTS\Binn\;C:\Program Files\Azure Data Studio\bin;C:\Program Files\Java\jdk-21BIN;C:\Users\chae0\Downloads\node-v22.13.1-win-x64\;D:\Git\cmd;C:\Users\chae0\AppData\Local\Android\Sdk\platform-tools;C:\Program Files\dotnet\;C:\Program Files (x86)\Windows Kits\10\Windows Performance Toolkit\;C:\Program Files\nodejs\;C:\ProgramData\chocolatey\bin;C:\Users\chae0\AppData\Local\Android\Sdk\platform-tools;C:\Program Files\MySQL\MySQL Server 8.0\bin;C:\Users\chae0\AppData\Local\Programs\Python\Launcher\;C:\Users\chae0\AppData\Local\Microsoft\WindowsApps;C:\Program Files\Java\jdk-21\bin;C:\Program Files\Azure Data Studio\bin;C:\Users\chae0\AppData\Local\Programs\Microsoft VS Code\bin;C:\Users\chae0\.dotnet\tools;D:\downloads\flutter_windows_3.35.5-stable\flutter\bin;C:\Users\chae0\AppData\Roaming\npm
USERNAME=chae0
OS=Windows_NT
PROCESSOR_IDENTIFIER=Intel64 Family 6 Model 154 Stepping 3, GenuineIntel
TMP=C:\Users\chae0\AppData\Local\Temp
TEMP=C:\Users\chae0\AppData\Local\Temp




Periodic native trim disabled

---------------  S Y S T E M  ---------------

OS:
 Windows 11 , 64 bit Build 26100 (10.0.26100.9168)
OS uptime: 0 days 0:43 hours

CPU: total 16 (initial active 16) (8 cores per cpu, 2 threads per core) family 6 model 154 stepping 3 microcode 0x421, cx8, cmov, fxsr, ht, mmx, 3dnowpref, sse, sse2, sse3, ssse3, sse4.1, sse4.2, popcnt, lzcnt, tsc, tscinvbit, avx, avx2, aes, erms, clmul, bmi1, bmi2, adx, sha, fma, vzeroupper, clflush, clflushopt, clwb, serialize, rdtscp, rdpid, fsrm, f16c, pku, cet_ibt, cet_ss
Processor Information for the first 16 processors :
  Max Mhz: 1700, Current Mhz: 1700, Mhz Limit: 1700

Memory: 4k page, system-wide physical 16066M (113M free)
TotalPageFile size 41286M (AvailPageFile size 17M)
current process WorkingSet (physical memory assigned to process): 206M, peak: 295M
current process commit charge ("private bytes"): 491M, peak: 497M

vm_info: OpenJDK 64-Bit Server VM (21.0.12.1+1-LTS) for windows-amd64 JRE (21.0.12.1+1-LTS), built on 2026-08-18T00:00:00Z by "admin" with MS VC++ 17.12 (VS2022)

END.
