#
# There is insufficient memory for the Java Runtime Environment to continue.
# Native memory allocation (malloc) failed to allocate 109776 bytes. Error detail: Chunk::new
# Possible reasons:
#   The system is out of physical RAM or swap space
#   This process is running with CompressedOops enabled, and the Java Heap may be blocking the growth of the native heap
# Possible solutions:
#   Reduce memory load on the system
#   Increase physical memory or swap space
#   Check if swap backing store is full
#   Decrease Java heap size (-Xmx/-Xms)
#   Decrease number of Java threads
#   Decrease Java thread stack sizes (-Xss)
#   Set larger code cache with -XX:ReservedCodeCacheSize=
#   JVM is running with Unscaled Compressed Oops mode in which the Java heap is
#     placed in the first 4GB address space. The Java Heap base address is the
#     maximum limit for the native heap growth. Please use -XX:HeapBaseMinAddress
#     to set the Java Heap base and to place the Java Heap above 4GB virtual address.
# This output file may be truncated or incomplete.
#
#  Out of Memory Error (arena.cpp:168), pid=30996, tid=30224
#
# JRE version: OpenJDK Runtime Environment Temurin-21.0.12.1+1 (21.0.12.1+1) (build 21.0.12.1+1-LTS)
# Java VM: OpenJDK 64-Bit Server VM Temurin-21.0.12.1+1 (21.0.12.1+1-LTS, mixed mode, sharing, tiered, compressed oops, compressed class ptrs, g1 gc, windows-amd64)
# No core dump will be written. Minidumps are not enabled by default on client versions of Windows
#

---------------  S U M M A R Y ------------

Command Line: --add-opens=java.base/java.lang=ALL-UNNAMED --add-opens=java.base/java.lang.invoke=ALL-UNNAMED --add-opens=java.base/java.util=ALL-UNNAMED --add-opens=java.prefs/java.util.prefs=ALL-UNNAMED --add-exports=jdk.compiler/com.sun.tools.javac.api=ALL-UNNAMED --add-exports=jdk.compiler/com.sun.tools.javac.util=ALL-UNNAMED --add-opens=java.base/java.util=ALL-UNNAMED --add-opens=java.prefs/java.util.prefs=ALL-UNNAMED --add-opens=java.base/java.nio.charset=ALL-UNNAMED --add-opens=java.base/java.net=ALL-UNNAMED --add-opens=java.base/java.util.concurrent=ALL-UNNAMED --add-opens=java.base/java.util.concurrent.atomic=ALL-UNNAMED --add-opens=java.xml/javax.xml.namespace=ALL-UNNAMED --add-opens=java.base/java.time=ALL-UNNAMED -XX:MaxMetaspaceSize=384m -XX:+HeapDumpOnOutOfMemoryError -Xms256m -Xmx512m -Dfile.encoding=UTF-8 -Duser.country=KR -Duser.language=ko -Duser.variant -javaagent:C:\Users\chae0\.gradle\wrapper\dists\gradle-9.4.1-bin\arn2x92ynaizyzdaamcbpbhtj\gradle-9.4.1\lib\agents\gradle-instrumentation-agent-9.4.1.jar org.gradle.launcher.daemon.bootstrap.GradleDaemon 9.4.1

Host: 12th Gen Intel(R) Core(TM) i5-1240P, 16 cores, 15G,  Windows 11 , 64 bit Build 26100 (10.0.26100.9168)
Time: Tue Sep  8 14:12:35 2026 elapsed time: 114.979993 seconds (0d 0h 1m 54s)

---------------  T H R E A D  ---------------

Current thread (0x000002192a87eea0):  JavaThread "C2 CompilerThread0" daemon [_thread_in_native, id=30224, stack(0x0000004b7a400000,0x0000004b7a500000) (1024K)]


Current CompileTask:
C2:114987 13683       4       org.gradle.internal.fingerprint.impl.DefaultFileCollectionSnapshotter$SnapshottingVisitor::visitCollection (64 bytes)

Stack: [0x0000004b7a400000,0x0000004b7a500000]
Native frames: (J=compiled Java code, j=interpreted, Vv=VM code, C=native code)
V  [jvm.dll+0x6d83e9]
V  [jvm.dll+0x8b5736]
V  [jvm.dll+0x8b7cee]
V  [jvm.dll+0x8b83d3]
V  [jvm.dll+0x284596]
V  [jvm.dll+0xc685d]
V  [jvm.dll+0xc6da1]
V  [jvm.dll+0x5df651]
V  [jvm.dll+0x38b701]
V  [jvm.dll+0x38ab1a]
V  [jvm.dll+0x24c700]
V  [jvm.dll+0x24bce0]
V  [jvm.dll+0x1cb4ae]
V  [jvm.dll+0x25baad]
V  [jvm.dll+0x25a03a]
V  [jvm.dll+0x3f8aae]
V  [jvm.dll+0x8600cd]
V  [jvm.dll+0x6d6c1d]
C  [ucrtbase.dll+0x2cd30]
C  [KERNEL32.DLL+0x2ccb7]
C  [ntdll.dll+0xaad6c]


---------------  P R O C E S S  ---------------

Threads class SMR info:
_java_thread_list=0x0000021947fc6950, length=73, elements={
0x00000219143e55e0, 0x000002192a85cd20, 0x000002192a8613b0, 0x000002192a864d70,
0x000002192a8653e0, 0x000002192a86de80, 0x000002192a86e4f0, 0x000002192a87eea0,
0x000002192a880560, 0x000002192ab5adb0, 0x000002192aba1710, 0x000002194615c1e0,
0x0000021945f63f90, 0x0000021945f86550, 0x00000219461fb250, 0x000002194621b770,
0x000002194621a3c0, 0x000002194621be00, 0x0000021949257150, 0x00000219492549f0,
0x0000021949256ac0, 0x00000219492577e0, 0x0000021949255080, 0x000002194afc55e0,
0x000002194afc48c0, 0x000002194afc4230, 0x000002194afc6990, 0x000002194afc7020,
0x0000021947e05b60, 0x0000021947e061f0, 0x0000021947e06880, 0x0000021947e08fe0,
0x0000021947e0b740, 0x0000021947e04120, 0x0000021947e047b0, 0x0000021947e09670,
0x000002194afc5c70, 0x000002194afc27f0, 0x0000021947e0b0b0, 0x0000021947e04e40,
0x000002194afc2e80, 0x000002194afc76b0, 0x000002194afc7d40, 0x000002194afc6300,
0x000002194afc9e10, 0x000002194afc9780, 0x000002194afc8a60, 0x0000021947e09d00,
0x0000021947e06f10, 0x0000021947e0aa20, 0x0000021947e0a390, 0x0000021947e07c30,
0x0000021947e075a0, 0x0000021947e082c0, 0x0000021949254360, 0x0000021949255710,
0x0000021949255da0, 0x0000021949256430, 0x000002194621aa50, 0x0000021946219010,
0x000002194621b0e0, 0x00000219496ee4d0, 0x00000219496ef1f0, 0x00000219496ed7b0,
0x00000219496ebd70, 0x00000219496ede40, 0x00000219496eeb60, 0x00000219496eca90,
0x00000219496ef880, 0x00000219496ec400, 0x00000219496f2d00, 0x00000219496f1950,
0x00000219496f05a0
}

Java Threads: ( => current thread )
  0x00000219143e55e0 JavaThread "main"                              [_thread_blocked, id=19356, stack(0x0000004b79600000,0x0000004b79700000) (1024K)]
  0x000002192a85cd20 JavaThread "Reference Handler"          daemon [_thread_blocked, id=23188, stack(0x0000004b79e00000,0x0000004b79f00000) (1024K)]
  0x000002192a8613b0 JavaThread "Finalizer"                  daemon [_thread_blocked, id=2704, stack(0x0000004b79f00000,0x0000004b7a000000) (1024K)]
  0x000002192a864d70 JavaThread "Signal Dispatcher"          daemon [_thread_blocked, id=7044, stack(0x0000004b7a000000,0x0000004b7a100000) (1024K)]
  0x000002192a8653e0 JavaThread "Attach Listener"            daemon [_thread_blocked, id=9148, stack(0x0000004b7a100000,0x0000004b7a200000) (1024K)]
  0x000002192a86de80 JavaThread "Service Thread"             daemon [_thread_blocked, id=24024, stack(0x0000004b7a200000,0x0000004b7a300000) (1024K)]
  0x000002192a86e4f0 JavaThread "Monitor Deflation Thread"   daemon [_thread_blocked, id=19032, stack(0x0000004b7a300000,0x0000004b7a400000) (1024K)]
=>0x000002192a87eea0 JavaThread "C2 CompilerThread0"         daemon [_thread_in_native, id=30224, stack(0x0000004b7a400000,0x0000004b7a500000) (1024K)]
  0x000002192a880560 JavaThread "C1 CompilerThread0"         daemon [_thread_blocked, id=21076, stack(0x0000004b7a500000,0x0000004b7a600000) (1024K)]
  0x000002192ab5adb0 JavaThread "Common-Cleaner"             daemon [_thread_blocked, id=6376, stack(0x0000004b7a900000,0x0000004b7aa00000) (1024K)]
  0x000002192aba1710 JavaThread "Notification Thread"        daemon [_thread_blocked, id=24324, stack(0x0000004b7aa00000,0x0000004b7ab00000) (1024K)]
  0x000002194615c1e0 JavaThread "Daemon health stats"               [_thread_blocked, id=20952, stack(0x0000004b7ac00000,0x0000004b7ad00000) (1024K)]
  0x0000021945f63f90 JavaThread "Incoming local TCP Connector on port 56597"        [_thread_in_native, id=25308, stack(0x0000004b7ab00000,0x0000004b7ac00000) (1024K)]
  0x0000021945f86550 JavaThread "Daemon periodic checks"            [_thread_blocked, id=23660, stack(0x0000004b7b400000,0x0000004b7b500000) (1024K)]
  0x00000219461fb250 JavaThread "Daemon worker"                     [_thread_blocked, id=18944, stack(0x0000004b7b800000,0x0000004b7b900000) (1024K)]
  0x000002194621b770 JavaThread "Cache worker for journal cache (C:\Users\chae0\.gradle\caches\journal-1)"        [_thread_blocked, id=32908, stack(0x0000004b7b200000,0x0000004b7b300000) (1024K)]
  0x000002194621a3c0 JavaThread "File lock request listener"        [_thread_in_native, id=18340, stack(0x0000004b7b300000,0x0000004b7b400000) (1024K)]
  0x000002194621be00 JavaThread "Cache worker for file hash cache (C:\Users\chae0\.gradle\caches\9.4.1\fileHashes)"        [_thread_blocked, id=31572, stack(0x0000004b7c300000,0x0000004b7c400000) (1024K)]
  0x0000021949257150 JavaThread "File watcher server"        daemon [_thread_in_native, id=15664, stack(0x0000004b7c500000,0x0000004b7c600000) (1024K)]
  0x00000219492549f0 JavaThread "File watcher consumer"      daemon [_thread_blocked, id=19316, stack(0x0000004b7c800000,0x0000004b7c900000) (1024K)]
  0x0000021949256ac0 JavaThread "jar transforms"                    [_thread_blocked, id=32172, stack(0x0000004b7cb00000,0x0000004b7cc00000) (1024K)]
  0x00000219492577e0 JavaThread "jar transforms Thread 2"           [_thread_blocked, id=8472, stack(0x0000004b7cc00000,0x0000004b7cd00000) (1024K)]
  0x0000021949255080 JavaThread "Cache worker for file content cache (C:\Users\chae0\.gradle\caches\9.4.1\fileContent)"        [_thread_blocked, id=17828, stack(0x0000004b7c400000,0x0000004b7c500000) (1024K)]
  0x000002194afc55e0 JavaThread "jar transforms Thread 3"           [_thread_blocked, id=3136, stack(0x0000004b7d100000,0x0000004b7d200000) (1024K)]
  0x000002194afc48c0 JavaThread "jar transforms Thread 4"           [_thread_blocked, id=14104, stack(0x0000004b7d400000,0x0000004b7d500000) (1024K)]
  0x000002194afc4230 JavaThread "jar transforms Thread 5"           [_thread_blocked, id=12672, stack(0x0000004b7d500000,0x0000004b7d600000) (1024K)]
  0x000002194afc6990 JavaThread "jar transforms Thread 6"           [_thread_blocked, id=19764, stack(0x0000004b7d300000,0x0000004b7d400000) (1024K)]
  0x000002194afc7020 JavaThread "jar transforms Thread 7"           [_thread_blocked, id=32820, stack(0x0000004b7d800000,0x0000004b7d900000) (1024K)]
  0x0000021947e05b60 JavaThread "Memory manager"                    [_thread_blocked, id=14036, stack(0x0000004b7e600000,0x0000004b7e700000) (1024K)]
  0x0000021947e061f0 JavaThread "jar transforms Thread 8"           [_thread_blocked, id=12428, stack(0x0000004b7e700000,0x0000004b7e800000) (1024K)]
  0x0000021947e06880 JavaThread "VFS cleanup"                       [_thread_blocked, id=11432, stack(0x0000004b7b900000,0x0000004b7ba00000) (1024K)]
  0x0000021947e08fe0 JavaThread "jar transforms Thread 9"           [_thread_blocked, id=4528, stack(0x0000004b7cf00000,0x0000004b7d000000) (1024K)]
  0x0000021947e0b740 JavaThread "jar transforms Thread 10"          [_thread_blocked, id=22532, stack(0x0000004b7d000000,0x0000004b7d100000) (1024K)]
  0x0000021947e04120 JavaThread "Daemon Thread 3"                   [_thread_blocked, id=37432, stack(0x0000004b7a800000,0x0000004b7a900000) (1024K)]
  0x0000021947e047b0 JavaThread "Daemon Thread 4"                   [_thread_blocked, id=37444, stack(0x0000004b7b700000,0x0000004b7b800000) (1024K)]
  0x0000021947e09670 JavaThread "Daemon Thread 5"                   [_thread_blocked, id=37532, stack(0x0000004b7cd00000,0x0000004b7ce00000) (1024K)]
  0x000002194afc5c70 JavaThread "Daemon Thread 6"                   [_thread_blocked, id=37588, stack(0x0000004b7d700000,0x0000004b7d800000) (1024K)]
  0x000002194afc27f0 JavaThread "VFS cleanup Thread 2"              [_thread_blocked, id=37620, stack(0x0000004b7d900000,0x0000004b7da00000) (1024K)]
  0x0000021947e0b0b0 JavaThread "jar transforms Thread 11"          [_thread_blocked, id=38736, stack(0x0000004b00300000,0x0000004b00400000) (1024K)]
  0x0000021947e04e40 JavaThread "jar transforms Thread 12"          [_thread_blocked, id=38784, stack(0x0000004b00100000,0x0000004b00200000) (1024K)]
  0x000002194afc2e80 JavaThread "Handler for socket connection from /127.0.0.1:56597 to /127.0.0.1:54260"        [_thread_in_native, id=41184, stack(0x0000004b00000000,0x0000004b00100000) (1024K)]
  0x000002194afc76b0 JavaThread "Cancel handler"                    [_thread_blocked, id=30904, stack(0x0000004b00200000,0x0000004b00300000) (1024K)]
  0x000002194afc7d40 JavaThread "Asynchronous log dispatcher for DefaultDaemonConnection: socket connection from /127.0.0.1:56597 to /127.0.0.1:54260"        [_thread_blocked, id=37580, stack(0x0000004b00400000,0x0000004b00500000) (1024K)]
  0x000002194afc6300 JavaThread "Stdin handler"                     [_thread_blocked, id=42880, stack(0x0000004b00500000,0x0000004b00600000) (1024K)]
  0x000002194afc9e10 JavaThread "Daemon client event forwarder"        [_thread_blocked, id=37372, stack(0x0000004b00600000,0x0000004b00700000) (1024K)]
  0x000002194afc9780 JavaThread "Cache worker for file hash cache (C:\qring-backend\.gradle\9.4.1\fileHashes)"        [_thread_blocked, id=37608, stack(0x0000004b00700000,0x0000004b00800000) (1024K)]
  0x000002194afc8a60 JavaThread "Cache worker for checksums cache (C:\qring-backend\.gradle\9.4.1\checksums)"        [_thread_blocked, id=36644, stack(0x0000004b00900000,0x0000004b00a00000) (1024K)]
  0x0000021947e09d00 JavaThread "Cache worker for cache directory md-rule (C:\Users\chae0\.gradle\caches\9.4.1\md-rule)"        [_thread_blocked, id=42808, stack(0x0000004b00b00000,0x0000004b00c00000) (1024K)]
  0x0000021947e06f10 JavaThread "Build operations"                  [_thread_blocked, id=34140, stack(0x0000004b00c00000,0x0000004b00d00000) (1024K)]
  0x0000021947e0aa20 JavaThread "Build operations Thread 2"         [_thread_blocked, id=32924, stack(0x0000004b00d00000,0x0000004b00e00000) (1024K)]
  0x0000021947e0a390 JavaThread "Build operations Thread 3"         [_thread_blocked, id=33220, stack(0x0000004b00e00000,0x0000004b00f00000) (1024K)]
  0x0000021947e07c30 JavaThread "Build operations Thread 4"         [_thread_blocked, id=42404, stack(0x0000004b00f00000,0x0000004b01000000) (1024K)]
  0x0000021947e075a0 JavaThread "Build operations Thread 5"         [_thread_blocked, id=32492, stack(0x0000004b01000000,0x0000004b01100000) (1024K)]
  0x0000021947e082c0 JavaThread "Build operations Thread 6"         [_thread_blocked, id=35904, stack(0x0000004b01100000,0x0000004b01200000) (1024K)]
  0x0000021949254360 JavaThread "Build operations Thread 7"         [_thread_blocked, id=9892, stack(0x0000004b01200000,0x0000004b01300000) (1024K)]
  0x0000021949255710 JavaThread "Build operations Thread 8"         [_thread_blocked, id=16476, stack(0x0000004b01300000,0x0000004b01400000) (1024K)]
  0x0000021949255da0 JavaThread "Build operations Thread 9"         [_thread_blocked, id=32920, stack(0x0000004b01400000,0x0000004b01500000) (1024K)]
  0x0000021949256430 JavaThread "Build operations Thread 10"        [_thread_blocked, id=17176, stack(0x0000004b01500000,0x0000004b01600000) (1024K)]
  0x000002194621aa50 JavaThread "Build operations Thread 11"        [_thread_blocked, id=20812, stack(0x0000004b01600000,0x0000004b01700000) (1024K)]
  0x0000021946219010 JavaThread "Build operations Thread 12"        [_thread_blocked, id=28424, stack(0x0000004b01700000,0x0000004b01800000) (1024K)]
  0x000002194621b0e0 JavaThread "Build operations Thread 13"        [_thread_blocked, id=42620, stack(0x0000004b01800000,0x0000004b01900000) (1024K)]
  0x00000219496ee4d0 JavaThread "Build operations Thread 14"        [_thread_blocked, id=34228, stack(0x0000004b01900000,0x0000004b01a00000) (1024K)]
  0x00000219496ef1f0 JavaThread "Build operations Thread 15"        [_thread_blocked, id=29544, stack(0x0000004b01a00000,0x0000004b01b00000) (1024K)]
  0x00000219496ed7b0 JavaThread "Build operations Thread 16"        [_thread_blocked, id=37880, stack(0x0000004b01b00000,0x0000004b01c00000) (1024K)]
  0x00000219496ebd70 JavaThread "Execution worker"                  [_thread_blocked, id=37772, stack(0x0000004b01d00000,0x0000004b01e00000) (1024K)]
  0x00000219496ede40 JavaThread "Execution worker Thread 2"         [_thread_blocked, id=34548, stack(0x0000004b01e00000,0x0000004b01f00000) (1024K)]
  0x00000219496eeb60 JavaThread "Execution worker Thread 3"         [_thread_blocked, id=34460, stack(0x0000004b01f00000,0x0000004b02000000) (1024K)]
  0x00000219496eca90 JavaThread "Execution worker Thread 4"         [_thread_blocked, id=26948, stack(0x0000004b02000000,0x0000004b02100000) (1024K)]
  0x00000219496ef880 JavaThread "Execution worker Thread 5"         [_thread_blocked, id=31276, stack(0x0000004b02100000,0x0000004b02200000) (1024K)]
  0x00000219496ec400 JavaThread "Execution worker Thread 6"         [_thread_blocked, id=25872, stack(0x0000004b02200000,0x0000004b02300000) (1024K)]
  0x00000219496f2d00 JavaThread "Execution worker Thread 7"         [_thread_blocked, id=42928, stack(0x0000004b02300000,0x0000004b02400000) (1024K)]
  0x00000219496f1950 JavaThread "Execution worker Thread 8"         [_thread_blocked, id=36868, stack(0x0000004b02400000,0x0000004b02500000) (1024K)]
  0x00000219496f05a0 JavaThread "Execution worker Thread 9"         [_thread_blocked, id=42152, stack(0x0000004b02500000,0x0000004b02600000) (1024K)]
Total: 73

Other Threads:
  0x000002192a83ca30 VMThread "VM Thread"                           [id=9044, stack(0x0000004b79d00000,0x0000004b79e00000) (1024K)]
  0x000002192a82e360 WatcherThread "VM Periodic Task Thread"        [id=24264, stack(0x0000004b79c00000,0x0000004b79d00000) (1024K)]
  0x0000021914410410 WorkerThread "GC Thread#0"                     [id=3460, stack(0x0000004b79700000,0x0000004b79800000) (1024K)]
  0x0000021944735410 WorkerThread "GC Thread#1"                     [id=24348, stack(0x0000004b7ad00000,0x0000004b7ae00000) (1024K)]
  0x00000219447357c0 WorkerThread "GC Thread#2"                     [id=26064, stack(0x0000004b7ae00000,0x0000004b7af00000) (1024K)]
  0x00000219447278a0 WorkerThread "GC Thread#3"                     [id=25660, stack(0x0000004b7af00000,0x0000004b7b000000) (1024K)]
  0x0000021944727c50 WorkerThread "GC Thread#4"                     [id=34076, stack(0x0000004b7b000000,0x0000004b7b100000) (1024K)]
  0x0000021944728000 WorkerThread "GC Thread#5"                     [id=29996, stack(0x0000004b7b100000,0x0000004b7b200000) (1024K)]
  0x000002194613c740 WorkerThread "GC Thread#6"                     [id=17428, stack(0x0000004b7bc00000,0x0000004b7bd00000) (1024K)]
  0x000002194613d600 WorkerThread "GC Thread#7"                     [id=22832, stack(0x0000004b7bd00000,0x0000004b7be00000) (1024K)]
  0x000002194613d9b0 WorkerThread "GC Thread#8"                     [id=25680, stack(0x0000004b7be00000,0x0000004b7bf00000) (1024K)]
  0x000002194613bfe0 WorkerThread "GC Thread#9"                     [id=10648, stack(0x0000004b7bf00000,0x0000004b7c000000) (1024K)]
  0x000002194613caf0 WorkerThread "GC Thread#10"                    [id=10568, stack(0x0000004b7c000000,0x0000004b7c100000) (1024K)]
  0x000002194613d250 WorkerThread "GC Thread#11"                    [id=34208, stack(0x0000004b7c100000,0x0000004b7c200000) (1024K)]
  0x000002194613cea0 WorkerThread "GC Thread#12"                    [id=31416, stack(0x0000004b7c200000,0x0000004b7c300000) (1024K)]
  0x0000021914416b30 ConcurrentGCThread "G1 Main Marker"            [id=11560, stack(0x0000004b79800000,0x0000004b79900000) (1024K)]
  0x00000219144183d0 WorkerThread "G1 Conc#0"                       [id=18572, stack(0x0000004b79900000,0x0000004b79a00000) (1024K)]
  0x0000021947aaaf20 WorkerThread "G1 Conc#1"                       [id=3276, stack(0x0000004b7c600000,0x0000004b7c700000) (1024K)]
  0x0000021947aa7420 WorkerThread "G1 Conc#2"                       [id=15632, stack(0x0000004b7c700000,0x0000004b7c800000) (1024K)]
  0x000002192a700670 ConcurrentGCThread "G1 Refine#0"               [id=14876, stack(0x0000004b79a00000,0x0000004b79b00000) (1024K)]
  0x000002192a700ab0 ConcurrentGCThread "G1 Service"                [id=12136, stack(0x0000004b79b00000,0x0000004b79c00000) (1024K)]
Total: 21

Threads with active compile tasks:
C2 CompilerThread0  115762 13683       4       org.gradle.internal.fingerprint.impl.DefaultFileCollectionSnapshotter$SnapshottingVisitor::visitCollection (64 bytes)
Total: 1

VM state: not at safepoint (normal execution)

VM Mutex/Monitor currently owned by a thread: None

OutOfMemory and StackOverflow Exception counts:
OutOfMemoryError java_heap_errors=2
LinkageErrors=323

Heap address: 0x00000000e0000000, size: 512 MB, Compressed Oops mode: 32-bit

CDS archive(s) mapped at: [0x000002192b000000-0x000002192bba0000-0x000002192bba0000), size 12189696, SharedBaseAddress: 0x000002192b000000, ArchiveRelocationMode: 1.
Compressed class space mapped at: 0x000002192c000000-0x0000021940000000, reserved size: 335544320
Narrow klass base: 0x000002192b000000, Narrow klass shift: 0, Narrow klass range: 0x100000000

GC Precious Log:
 CardTable entry size: 512
 Card Set container configuration: InlinePtr #cards 5 size 8 Array Of Cards #cards 12 size 40 Howl #buckets 4 coarsen threshold 1843 Howl Bitmap #cards 512 size 80 coarsen threshold 460 Card regions per heap region 1 cards per card region 2048
 CPUs: 16 total, 16 available
 Memory: 16066M
 Large Page Support: Disabled
 NUMA Support: Disabled
 Compressed Oops: Enabled (32-bit)
 Heap Region Size: 1M
 Heap Min Capacity: 256M
 Heap Initial Capacity: 256M
 Heap Max Capacity: 512M
 Pre-touch: Disabled
 Parallel Workers: 13
 Concurrent Workers: 3
 Concurrent Refinement Workers: 13
 Periodic GC: Disabled

Heap:
 garbage-first heap   total 262144K, used 89882K [0x00000000e0000000, 0x0000000100000000)
  region size 1024K, 38 young (38912K), 3 survivors (3072K)
 Metaspace       used 63266K, committed 65600K, reserved 393216K
  class space    used 9303K, committed 10496K, reserved 327680K

Heap Regions: E=young(eden), S=young(survivor), O=old, HS=humongous(starts), HC=humongous(continues), CS=collection set, F=free, TAMS=top-at-mark-start, PB=parsable bottom
|   0|0x00000000e0000000, 0x00000000e0100000, 0x00000000e0100000|100%|HS|  |TAMS 0x00000000e0000000| PB 0x00000000e0000000| Complete 
|   1|0x00000000e0100000, 0x00000000e0200000, 0x00000000e0200000|100%|HC|  |TAMS 0x00000000e0100000| PB 0x00000000e0100000| Complete 
|   2|0x00000000e0200000, 0x00000000e0300000, 0x00000000e0300000|100%|HC|  |TAMS 0x00000000e0200000| PB 0x00000000e0200000| Complete 
|   3|0x00000000e0300000, 0x00000000e0400000, 0x00000000e0400000|100%|HC|  |TAMS 0x00000000e0300000| PB 0x00000000e0300000| Complete 
|   4|0x00000000e0400000, 0x00000000e0500000, 0x00000000e0500000|100%| O|  |TAMS 0x00000000e0400000| PB 0x00000000e0400000| Untracked 
|   5|0x00000000e0500000, 0x00000000e0600000, 0x00000000e0600000|100%| O|  |TAMS 0x00000000e0500000| PB 0x00000000e0500000| Untracked 
|   6|0x00000000e0600000, 0x00000000e0700000, 0x00000000e0700000|100%| O|  |TAMS 0x00000000e0600000| PB 0x00000000e0600000| Untracked 
|   7|0x00000000e0700000, 0x00000000e0800000, 0x00000000e0800000|100%| O|  |TAMS 0x00000000e0700000| PB 0x00000000e0700000| Untracked 
|   8|0x00000000e0800000, 0x00000000e0900000, 0x00000000e0900000|100%|HS|  |TAMS 0x00000000e0800000| PB 0x00000000e0800000| Complete 
|   9|0x00000000e0900000, 0x00000000e0a00000, 0x00000000e0a00000|100%| O|  |TAMS 0x00000000e0900000| PB 0x00000000e0900000| Untracked 
|  10|0x00000000e0a00000, 0x00000000e0b00000, 0x00000000e0b00000|100%| O|  |TAMS 0x00000000e0a00000| PB 0x00000000e0a00000| Untracked 
|  11|0x00000000e0b00000, 0x00000000e0c00000, 0x00000000e0c00000|100%| O|  |TAMS 0x00000000e0b00000| PB 0x00000000e0b00000| Untracked 
|  12|0x00000000e0c00000, 0x00000000e0d00000, 0x00000000e0d00000|100%| O|  |TAMS 0x00000000e0c00000| PB 0x00000000e0c00000| Untracked 
|  13|0x00000000e0d00000, 0x00000000e0e00000, 0x00000000e0e00000|100%| O|  |TAMS 0x00000000e0d00000| PB 0x00000000e0d00000| Untracked 
|  14|0x00000000e0e00000, 0x00000000e0f00000, 0x00000000e0f00000|100%| O|  |TAMS 0x00000000e0e00000| PB 0x00000000e0e00000| Untracked 
|  15|0x00000000e0f00000, 0x00000000e1000000, 0x00000000e1000000|100%| O|  |TAMS 0x00000000e0f00000| PB 0x00000000e0f00000| Untracked 
|  16|0x00000000e1000000, 0x00000000e1100000, 0x00000000e1100000|100%| O|  |TAMS 0x00000000e1000000| PB 0x00000000e1000000| Untracked 
|  17|0x00000000e1100000, 0x00000000e1200000, 0x00000000e1200000|100%| O|  |TAMS 0x00000000e1100000| PB 0x00000000e1100000| Untracked 
|  18|0x00000000e1200000, 0x00000000e1300000, 0x00000000e1300000|100%| O|  |TAMS 0x00000000e1200000| PB 0x00000000e1200000| Untracked 
|  19|0x00000000e1300000, 0x00000000e1400000, 0x00000000e1400000|100%| O|  |TAMS 0x00000000e1300000| PB 0x00000000e1300000| Untracked 
|  20|0x00000000e1400000, 0x00000000e1500000, 0x00000000e1500000|100%| O|  |TAMS 0x00000000e1400000| PB 0x00000000e1400000| Untracked 
|  21|0x00000000e1500000, 0x00000000e1600000, 0x00000000e1600000|100%| O|  |TAMS 0x00000000e1500000| PB 0x00000000e1500000| Untracked 
|  22|0x00000000e1600000, 0x00000000e1600000, 0x00000000e1700000|  0%| F|  |TAMS 0x00000000e1600000| PB 0x00000000e1600000| Untracked 
|  23|0x00000000e1700000, 0x00000000e1800000, 0x00000000e1800000|100%| O|  |TAMS 0x00000000e1700000| PB 0x00000000e1700000| Untracked 
|  24|0x00000000e1800000, 0x00000000e1900000, 0x00000000e1900000|100%| O|  |TAMS 0x00000000e1800000| PB 0x00000000e1800000| Untracked 
|  25|0x00000000e1900000, 0x00000000e1a00000, 0x00000000e1a00000|100%| O|  |TAMS 0x00000000e1900000| PB 0x00000000e1900000| Untracked 
|  26|0x00000000e1a00000, 0x00000000e1b00000, 0x00000000e1b00000|100%| O|  |TAMS 0x00000000e1a00000| PB 0x00000000e1a00000| Untracked 
|  27|0x00000000e1b00000, 0x00000000e1c00000, 0x00000000e1c00000|100%| O|  |TAMS 0x00000000e1b00000| PB 0x00000000e1b00000| Untracked 
|  28|0x00000000e1c00000, 0x00000000e1d00000, 0x00000000e1d00000|100%| O|  |TAMS 0x00000000e1c00000| PB 0x00000000e1c00000| Untracked 
|  29|0x00000000e1d00000, 0x00000000e1e00000, 0x00000000e1e00000|100%| O|  |TAMS 0x00000000e1d00000| PB 0x00000000e1d00000| Untracked 
|  30|0x00000000e1e00000, 0x00000000e1f00000, 0x00000000e1f00000|100%| O|  |TAMS 0x00000000e1e00000| PB 0x00000000e1e00000| Untracked 
|  31|0x00000000e1f00000, 0x00000000e2000000, 0x00000000e2000000|100%| O|  |TAMS 0x00000000e1f00000| PB 0x00000000e1f00000| Untracked 
|  32|0x00000000e2000000, 0x00000000e2100000, 0x00000000e2100000|100%| O|  |TAMS 0x00000000e2000000| PB 0x00000000e2000000| Untracked 
|  33|0x00000000e2100000, 0x00000000e2200000, 0x00000000e2200000|100%| O|  |TAMS 0x00000000e2100000| PB 0x00000000e2100000| Untracked 
|  34|0x00000000e2200000, 0x00000000e2300000, 0x00000000e2300000|100%| O|  |TAMS 0x00000000e2200000| PB 0x00000000e2200000| Untracked 
|  35|0x00000000e2300000, 0x00000000e2400000, 0x00000000e2400000|100%| O|  |TAMS 0x00000000e2300000| PB 0x00000000e2300000| Untracked 
|  36|0x00000000e2400000, 0x00000000e2500000, 0x00000000e2500000|100%| O|  |TAMS 0x00000000e2400000| PB 0x00000000e2400000| Untracked 
|  37|0x00000000e2500000, 0x00000000e2600000, 0x00000000e2600000|100%| O|  |TAMS 0x00000000e2500000| PB 0x00000000e2500000| Untracked 
|  38|0x00000000e2600000, 0x00000000e2700000, 0x00000000e2700000|100%| O|  |TAMS 0x00000000e2600000| PB 0x00000000e2600000| Untracked 
|  39|0x00000000e2700000, 0x00000000e2800000, 0x00000000e2800000|100%| O|  |TAMS 0x00000000e2700000| PB 0x00000000e2700000| Untracked 
|  40|0x00000000e2800000, 0x00000000e2900000, 0x00000000e2900000|100%| O|  |TAMS 0x00000000e2800000| PB 0x00000000e2800000| Untracked 
|  41|0x00000000e2900000, 0x00000000e2a00000, 0x00000000e2a00000|100%| O|  |TAMS 0x00000000e2900000| PB 0x00000000e2900000| Untracked 
|  42|0x00000000e2a00000, 0x00000000e2b00000, 0x00000000e2b00000|100%| O|  |TAMS 0x00000000e2a00000| PB 0x00000000e2a00000| Untracked 
|  43|0x00000000e2b00000, 0x00000000e2c00000, 0x00000000e2c00000|100%| O|  |TAMS 0x00000000e2b00000| PB 0x00000000e2b00000| Untracked 
|  44|0x00000000e2c00000, 0x00000000e2d00000, 0x00000000e2d00000|100%| O|  |TAMS 0x00000000e2c00000| PB 0x00000000e2c00000| Untracked 
|  45|0x00000000e2d00000, 0x00000000e2e00000, 0x00000000e2e00000|100%| O|  |TAMS 0x00000000e2d00000| PB 0x00000000e2d00000| Untracked 
|  46|0x00000000e2e00000, 0x00000000e2f00000, 0x00000000e2f00000|100%| O|  |TAMS 0x00000000e2e00000| PB 0x00000000e2e00000| Untracked 
|  47|0x00000000e2f00000, 0x00000000e3000000, 0x00000000e3000000|100%| O|  |TAMS 0x00000000e2f00000| PB 0x00000000e2f00000| Untracked 
|  48|0x00000000e3000000, 0x00000000e3100000, 0x00000000e3100000|100%| O|  |TAMS 0x00000000e3000000| PB 0x00000000e3000000| Untracked 
|  49|0x00000000e3100000, 0x00000000e3200000, 0x00000000e3200000|100%| O|  |TAMS 0x00000000e3100000| PB 0x00000000e3100000| Untracked 
|  50|0x00000000e3200000, 0x00000000e3300000, 0x00000000e3300000|100%| O|  |TAMS 0x00000000e3200000| PB 0x00000000e3200000| Untracked 
|  51|0x00000000e3300000, 0x00000000e33e8f50, 0x00000000e3400000| 90%| O|  |TAMS 0x00000000e3300000| PB 0x00000000e3300000| Untracked 
|  52|0x00000000e3400000, 0x00000000e3400000, 0x00000000e3500000|  0%| F|  |TAMS 0x00000000e3400000| PB 0x00000000e3400000| Untracked 
|  53|0x00000000e3500000, 0x00000000e3500000, 0x00000000e3600000|  0%| F|  |TAMS 0x00000000e3500000| PB 0x00000000e3500000| Untracked 
|  54|0x00000000e3600000, 0x00000000e3600000, 0x00000000e3700000|  0%| F|  |TAMS 0x00000000e3600000| PB 0x00000000e3600000| Untracked 
|  55|0x00000000e3700000, 0x00000000e3700000, 0x00000000e3800000|  0%| F|  |TAMS 0x00000000e3700000| PB 0x00000000e3700000| Untracked 
|  56|0x00000000e3800000, 0x00000000e3800000, 0x00000000e3900000|  0%| F|  |TAMS 0x00000000e3800000| PB 0x00000000e3800000| Untracked 
|  57|0x00000000e3900000, 0x00000000e3900000, 0x00000000e3a00000|  0%| F|  |TAMS 0x00000000e3900000| PB 0x00000000e3900000| Untracked 
|  58|0x00000000e3a00000, 0x00000000e3a00000, 0x00000000e3b00000|  0%| F|  |TAMS 0x00000000e3a00000| PB 0x00000000e3a00000| Untracked 
|  59|0x00000000e3b00000, 0x00000000e3b00000, 0x00000000e3c00000|  0%| F|  |TAMS 0x00000000e3b00000| PB 0x00000000e3b00000| Untracked 
|  60|0x00000000e3c00000, 0x00000000e3c00000, 0x00000000e3d00000|  0%| F|  |TAMS 0x00000000e3c00000| PB 0x00000000e3c00000| Untracked 
|  61|0x00000000e3d00000, 0x00000000e3d00000, 0x00000000e3e00000|  0%| F|  |TAMS 0x00000000e3d00000| PB 0x00000000e3d00000| Untracked 
|  62|0x00000000e3e00000, 0x00000000e3e00000, 0x00000000e3f00000|  0%| F|  |TAMS 0x00000000e3e00000| PB 0x00000000e3e00000| Untracked 
|  63|0x00000000e3f00000, 0x00000000e3f00000, 0x00000000e4000000|  0%| F|  |TAMS 0x00000000e3f00000| PB 0x00000000e3f00000| Untracked 
|  64|0x00000000e4000000, 0x00000000e4000000, 0x00000000e4100000|  0%| F|  |TAMS 0x00000000e4000000| PB 0x00000000e4000000| Untracked 
|  65|0x00000000e4100000, 0x00000000e4100000, 0x00000000e4200000|  0%| F|  |TAMS 0x00000000e4100000| PB 0x00000000e4100000| Untracked 
|  66|0x00000000e4200000, 0x00000000e4200000, 0x00000000e4300000|  0%| F|  |TAMS 0x00000000e4200000| PB 0x00000000e4200000| Untracked 
|  67|0x00000000e4300000, 0x00000000e4300000, 0x00000000e4400000|  0%| F|  |TAMS 0x00000000e4300000| PB 0x00000000e4300000| Untracked 
|  68|0x00000000e4400000, 0x00000000e4400000, 0x00000000e4500000|  0%| F|  |TAMS 0x00000000e4400000| PB 0x00000000e4400000| Untracked 
|  69|0x00000000e4500000, 0x00000000e4500000, 0x00000000e4600000|  0%| F|  |TAMS 0x00000000e4500000| PB 0x00000000e4500000| Untracked 
|  70|0x00000000e4600000, 0x00000000e4600000, 0x00000000e4700000|  0%| F|  |TAMS 0x00000000e4600000| PB 0x00000000e4600000| Untracked 
|  71|0x00000000e4700000, 0x00000000e4700000, 0x00000000e4800000|  0%| F|  |TAMS 0x00000000e4700000| PB 0x00000000e4700000| Untracked 
|  72|0x00000000e4800000, 0x00000000e4800000, 0x00000000e4900000|  0%| F|  |TAMS 0x00000000e4800000| PB 0x00000000e4800000| Untracked 
|  73|0x00000000e4900000, 0x00000000e4900000, 0x00000000e4a00000|  0%| F|  |TAMS 0x00000000e4900000| PB 0x00000000e4900000| Untracked 
|  74|0x00000000e4a00000, 0x00000000e4a00000, 0x00000000e4b00000|  0%| F|  |TAMS 0x00000000e4a00000| PB 0x00000000e4a00000| Untracked 
|  75|0x00000000e4b00000, 0x00000000e4b00000, 0x00000000e4c00000|  0%| F|  |TAMS 0x00000000e4b00000| PB 0x00000000e4b00000| Untracked 
|  76|0x00000000e4c00000, 0x00000000e4c00000, 0x00000000e4d00000|  0%| F|  |TAMS 0x00000000e4c00000| PB 0x00000000e4c00000| Untracked 
|  77|0x00000000e4d00000, 0x00000000e4d00000, 0x00000000e4e00000|  0%| F|  |TAMS 0x00000000e4d00000| PB 0x00000000e4d00000| Untracked 
|  78|0x00000000e4e00000, 0x00000000e4e00000, 0x00000000e4f00000|  0%| F|  |TAMS 0x00000000e4e00000| PB 0x00000000e4e00000| Untracked 
|  79|0x00000000e4f00000, 0x00000000e4f00000, 0x00000000e5000000|  0%| F|  |TAMS 0x00000000e4f00000| PB 0x00000000e4f00000| Untracked 
|  80|0x00000000e5000000, 0x00000000e5000000, 0x00000000e5100000|  0%| F|  |TAMS 0x00000000e5000000| PB 0x00000000e5000000| Untracked 
|  81|0x00000000e5100000, 0x00000000e5100000, 0x00000000e5200000|  0%| F|  |TAMS 0x00000000e5100000| PB 0x00000000e5100000| Untracked 
|  82|0x00000000e5200000, 0x00000000e5200000, 0x00000000e5300000|  0%| F|  |TAMS 0x00000000e5200000| PB 0x00000000e5200000| Untracked 
|  83|0x00000000e5300000, 0x00000000e5300000, 0x00000000e5400000|  0%| F|  |TAMS 0x00000000e5300000| PB 0x00000000e5300000| Untracked 
|  84|0x00000000e5400000, 0x00000000e5400000, 0x00000000e5500000|  0%| F|  |TAMS 0x00000000e5400000| PB 0x00000000e5400000| Untracked 
|  85|0x00000000e5500000, 0x00000000e5500000, 0x00000000e5600000|  0%| F|  |TAMS 0x00000000e5500000| PB 0x00000000e5500000| Untracked 
|  86|0x00000000e5600000, 0x00000000e5600000, 0x00000000e5700000|  0%| F|  |TAMS 0x00000000e5600000| PB 0x00000000e5600000| Untracked 
|  87|0x00000000e5700000, 0x00000000e5700000, 0x00000000e5800000|  0%| F|  |TAMS 0x00000000e5700000| PB 0x00000000e5700000| Untracked 
|  88|0x00000000e5800000, 0x00000000e5800000, 0x00000000e5900000|  0%| F|  |TAMS 0x00000000e5800000| PB 0x00000000e5800000| Untracked 
|  89|0x00000000e5900000, 0x00000000e5900000, 0x00000000e5a00000|  0%| F|  |TAMS 0x00000000e5900000| PB 0x00000000e5900000| Untracked 
|  90|0x00000000e5a00000, 0x00000000e5a00000, 0x00000000e5b00000|  0%| F|  |TAMS 0x00000000e5a00000| PB 0x00000000e5a00000| Untracked 
|  91|0x00000000e5b00000, 0x00000000e5b00000, 0x00000000e5c00000|  0%| F|  |TAMS 0x00000000e5b00000| PB 0x00000000e5b00000| Untracked 
|  92|0x00000000e5c00000, 0x00000000e5c00000, 0x00000000e5d00000|  0%| F|  |TAMS 0x00000000e5c00000| PB 0x00000000e5c00000| Untracked 
|  93|0x00000000e5d00000, 0x00000000e5d00000, 0x00000000e5e00000|  0%| F|  |TAMS 0x00000000e5d00000| PB 0x00000000e5d00000| Untracked 
|  94|0x00000000e5e00000, 0x00000000e5e00000, 0x00000000e5f00000|  0%| F|  |TAMS 0x00000000e5e00000| PB 0x00000000e5e00000| Untracked 
|  95|0x00000000e5f00000, 0x00000000e5f00000, 0x00000000e6000000|  0%| F|  |TAMS 0x00000000e5f00000| PB 0x00000000e5f00000| Untracked 
|  96|0x00000000e6000000, 0x00000000e6000000, 0x00000000e6100000|  0%| F|  |TAMS 0x00000000e6000000| PB 0x00000000e6000000| Untracked 
|  97|0x00000000e6100000, 0x00000000e6100000, 0x00000000e6200000|  0%| F|  |TAMS 0x00000000e6100000| PB 0x00000000e6100000| Untracked 
|  98|0x00000000e6200000, 0x00000000e6200000, 0x00000000e6300000|  0%| F|  |TAMS 0x00000000e6200000| PB 0x00000000e6200000| Untracked 
|  99|0x00000000e6300000, 0x00000000e6300000, 0x00000000e6400000|  0%| F|  |TAMS 0x00000000e6300000| PB 0x00000000e6300000| Untracked 
| 100|0x00000000e6400000, 0x00000000e6400000, 0x00000000e6500000|  0%| F|  |TAMS 0x00000000e6400000| PB 0x00000000e6400000| Untracked 
| 101|0x00000000e6500000, 0x00000000e6500000, 0x00000000e6600000|  0%| F|  |TAMS 0x00000000e6500000| PB 0x00000000e6500000| Untracked 
| 102|0x00000000e6600000, 0x00000000e6600000, 0x00000000e6700000|  0%| F|  |TAMS 0x00000000e6600000| PB 0x00000000e6600000| Untracked 
| 103|0x00000000e6700000, 0x00000000e6700000, 0x00000000e6800000|  0%| F|  |TAMS 0x00000000e6700000| PB 0x00000000e6700000| Untracked 
| 104|0x00000000e6800000, 0x00000000e68ddca8, 0x00000000e6900000| 86%| S|CS|TAMS 0x00000000e6800000| PB 0x00000000e6800000| Complete 
| 105|0x00000000e6900000, 0x00000000e6a00000, 0x00000000e6a00000|100%| S|CS|TAMS 0x00000000e6900000| PB 0x00000000e6900000| Complete 
| 106|0x00000000e6a00000, 0x00000000e6b00000, 0x00000000e6b00000|100%| S|CS|TAMS 0x00000000e6a00000| PB 0x00000000e6a00000| Complete 
| 107|0x00000000e6b00000, 0x00000000e6b00000, 0x00000000e6c00000|  0%| F|  |TAMS 0x00000000e6b00000| PB 0x00000000e6b00000| Untracked 
| 108|0x00000000e6c00000, 0x00000000e6c00000, 0x00000000e6d00000|  0%| F|  |TAMS 0x00000000e6c00000| PB 0x00000000e6c00000| Untracked 
| 109|0x00000000e6d00000, 0x00000000e6d00000, 0x00000000e6e00000|  0%| F|  |TAMS 0x00000000e6d00000| PB 0x00000000e6d00000| Untracked 
| 110|0x00000000e6e00000, 0x00000000e6e00000, 0x00000000e6f00000|  0%| F|  |TAMS 0x00000000e6e00000| PB 0x00000000e6e00000| Untracked 
| 111|0x00000000e6f00000, 0x00000000e6f00000, 0x00000000e7000000|  0%| F|  |TAMS 0x00000000e6f00000| PB 0x00000000e6f00000| Untracked 
| 112|0x00000000e7000000, 0x00000000e7000000, 0x00000000e7100000|  0%| F|  |TAMS 0x00000000e7000000| PB 0x00000000e7000000| Untracked 
| 113|0x00000000e7100000, 0x00000000e7100000, 0x00000000e7200000|  0%| F|  |TAMS 0x00000000e7100000| PB 0x00000000e7100000| Untracked 
| 114|0x00000000e7200000, 0x00000000e7200000, 0x00000000e7300000|  0%| F|  |TAMS 0x00000000e7200000| PB 0x00000000e7200000| Untracked 
| 115|0x00000000e7300000, 0x00000000e7300000, 0x00000000e7400000|  0%| F|  |TAMS 0x00000000e7300000| PB 0x00000000e7300000| Untracked 
| 116|0x00000000e7400000, 0x00000000e7400000, 0x00000000e7500000|  0%| F|  |TAMS 0x00000000e7400000| PB 0x00000000e7400000| Untracked 
| 117|0x00000000e7500000, 0x00000000e7500000, 0x00000000e7600000|  0%| F|  |TAMS 0x00000000e7500000| PB 0x00000000e7500000| Untracked 
| 118|0x00000000e7600000, 0x00000000e7600000, 0x00000000e7700000|  0%| F|  |TAMS 0x00000000e7600000| PB 0x00000000e7600000| Untracked 
| 119|0x00000000e7700000, 0x00000000e7700000, 0x00000000e7800000|  0%| F|  |TAMS 0x00000000e7700000| PB 0x00000000e7700000| Untracked 
| 120|0x00000000e7800000, 0x00000000e7800000, 0x00000000e7900000|  0%| F|  |TAMS 0x00000000e7800000| PB 0x00000000e7800000| Untracked 
| 121|0x00000000e7900000, 0x00000000e7900000, 0x00000000e7a00000|  0%| F|  |TAMS 0x00000000e7900000| PB 0x00000000e7900000| Untracked 
| 122|0x00000000e7a00000, 0x00000000e7a00000, 0x00000000e7b00000|  0%| F|  |TAMS 0x00000000e7a00000| PB 0x00000000e7a00000| Untracked 
| 123|0x00000000e7b00000, 0x00000000e7b00000, 0x00000000e7c00000|  0%| F|  |TAMS 0x00000000e7b00000| PB 0x00000000e7b00000| Untracked 
| 124|0x00000000e7c00000, 0x00000000e7c00000, 0x00000000e7d00000|  0%| F|  |TAMS 0x00000000e7c00000| PB 0x00000000e7c00000| Untracked 
| 125|0x00000000e7d00000, 0x00000000e7d00000, 0x00000000e7e00000|  0%| F|  |TAMS 0x00000000e7d00000| PB 0x00000000e7d00000| Untracked 
| 126|0x00000000e7e00000, 0x00000000e7e00000, 0x00000000e7f00000|  0%| F|  |TAMS 0x00000000e7e00000| PB 0x00000000e7e00000| Untracked 
| 127|0x00000000e7f00000, 0x00000000e7f00000, 0x00000000e8000000|  0%| F|  |TAMS 0x00000000e7f00000| PB 0x00000000e7f00000| Untracked 
| 128|0x00000000e8000000, 0x00000000e8000000, 0x00000000e8100000|  0%| F|  |TAMS 0x00000000e8000000| PB 0x00000000e8000000| Untracked 
| 129|0x00000000e8100000, 0x00000000e8100000, 0x00000000e8200000|  0%| F|  |TAMS 0x00000000e8100000| PB 0x00000000e8100000| Untracked 
| 130|0x00000000e8200000, 0x00000000e8200000, 0x00000000e8300000|  0%| F|  |TAMS 0x00000000e8200000| PB 0x00000000e8200000| Untracked 
| 131|0x00000000e8300000, 0x00000000e8300000, 0x00000000e8400000|  0%| F|  |TAMS 0x00000000e8300000| PB 0x00000000e8300000| Untracked 
| 132|0x00000000e8400000, 0x00000000e8400000, 0x00000000e8500000|  0%| F|  |TAMS 0x00000000e8400000| PB 0x00000000e8400000| Untracked 
| 133|0x00000000e8500000, 0x00000000e8500000, 0x00000000e8600000|  0%| F|  |TAMS 0x00000000e8500000| PB 0x00000000e8500000| Untracked 
| 134|0x00000000e8600000, 0x00000000e8600000, 0x00000000e8700000|  0%| F|  |TAMS 0x00000000e8600000| PB 0x00000000e8600000| Untracked 
| 135|0x00000000e8700000, 0x00000000e8700000, 0x00000000e8800000|  0%| F|  |TAMS 0x00000000e8700000| PB 0x00000000e8700000| Untracked 
| 136|0x00000000e8800000, 0x00000000e8800000, 0x00000000e8900000|  0%| F|  |TAMS 0x00000000e8800000| PB 0x00000000e8800000| Untracked 
| 137|0x00000000e8900000, 0x00000000e8900000, 0x00000000e8a00000|  0%| F|  |TAMS 0x00000000e8900000| PB 0x00000000e8900000| Untracked 
| 138|0x00000000e8a00000, 0x00000000e8a00000, 0x00000000e8b00000|  0%| F|  |TAMS 0x00000000e8a00000| PB 0x00000000e8a00000| Untracked 
| 139|0x00000000e8b00000, 0x00000000e8b00000, 0x00000000e8c00000|  0%| F|  |TAMS 0x00000000e8b00000| PB 0x00000000e8b00000| Untracked 
| 140|0x00000000e8c00000, 0x00000000e8c00000, 0x00000000e8d00000|  0%| F|  |TAMS 0x00000000e8c00000| PB 0x00000000e8c00000| Untracked 
| 141|0x00000000e8d00000, 0x00000000e8d00000, 0x00000000e8e00000|  0%| F|  |TAMS 0x00000000e8d00000| PB 0x00000000e8d00000| Untracked 
| 142|0x00000000e8e00000, 0x00000000e8e00000, 0x00000000e8f00000|  0%| F|  |TAMS 0x00000000e8e00000| PB 0x00000000e8e00000| Untracked 
| 143|0x00000000e8f00000, 0x00000000e8f00000, 0x00000000e9000000|  0%| F|  |TAMS 0x00000000e8f00000| PB 0x00000000e8f00000| Untracked 
| 144|0x00000000e9000000, 0x00000000e9000000, 0x00000000e9100000|  0%| F|  |TAMS 0x00000000e9000000| PB 0x00000000e9000000| Untracked 
| 145|0x00000000e9100000, 0x00000000e9100000, 0x00000000e9200000|  0%| F|  |TAMS 0x00000000e9100000| PB 0x00000000e9100000| Untracked 
| 146|0x00000000e9200000, 0x00000000e9200000, 0x00000000e9300000|  0%| F|  |TAMS 0x00000000e9200000| PB 0x00000000e9200000| Untracked 
| 147|0x00000000e9300000, 0x00000000e9300000, 0x00000000e9400000|  0%| F|  |TAMS 0x00000000e9300000| PB 0x00000000e9300000| Untracked 
| 148|0x00000000e9400000, 0x00000000e9400000, 0x00000000e9500000|  0%| F|  |TAMS 0x00000000e9400000| PB 0x00000000e9400000| Untracked 
| 149|0x00000000e9500000, 0x00000000e9500000, 0x00000000e9600000|  0%| F|  |TAMS 0x00000000e9500000| PB 0x00000000e9500000| Untracked 
| 150|0x00000000e9600000, 0x00000000e9600000, 0x00000000e9700000|  0%| F|  |TAMS 0x00000000e9600000| PB 0x00000000e9600000| Untracked 
| 151|0x00000000e9700000, 0x00000000e9700000, 0x00000000e9800000|  0%| F|  |TAMS 0x00000000e9700000| PB 0x00000000e9700000| Untracked 
| 152|0x00000000e9800000, 0x00000000e9800000, 0x00000000e9900000|  0%| F|  |TAMS 0x00000000e9800000| PB 0x00000000e9800000| Untracked 
| 153|0x00000000e9900000, 0x00000000e9900000, 0x00000000e9a00000|  0%| F|  |TAMS 0x00000000e9900000| PB 0x00000000e9900000| Untracked 
| 154|0x00000000e9a00000, 0x00000000e9a00000, 0x00000000e9b00000|  0%| F|  |TAMS 0x00000000e9a00000| PB 0x00000000e9a00000| Untracked 
| 155|0x00000000e9b00000, 0x00000000e9b00000, 0x00000000e9c00000|  0%| F|  |TAMS 0x00000000e9b00000| PB 0x00000000e9b00000| Untracked 
| 156|0x00000000e9c00000, 0x00000000e9c00000, 0x00000000e9d00000|  0%| F|  |TAMS 0x00000000e9c00000| PB 0x00000000e9c00000| Untracked 
| 157|0x00000000e9d00000, 0x00000000e9d00000, 0x00000000e9e00000|  0%| F|  |TAMS 0x00000000e9d00000| PB 0x00000000e9d00000| Untracked 
| 158|0x00000000e9e00000, 0x00000000e9e00000, 0x00000000e9f00000|  0%| F|  |TAMS 0x00000000e9e00000| PB 0x00000000e9e00000| Untracked 
| 159|0x00000000e9f00000, 0x00000000e9f00000, 0x00000000ea000000|  0%| F|  |TAMS 0x00000000e9f00000| PB 0x00000000e9f00000| Untracked 
| 160|0x00000000ea000000, 0x00000000ea000000, 0x00000000ea100000|  0%| F|  |TAMS 0x00000000ea000000| PB 0x00000000ea000000| Untracked 
| 161|0x00000000ea100000, 0x00000000ea100000, 0x00000000ea200000|  0%| F|  |TAMS 0x00000000ea100000| PB 0x00000000ea100000| Untracked 
| 162|0x00000000ea200000, 0x00000000ea200000, 0x00000000ea300000|  0%| F|  |TAMS 0x00000000ea200000| PB 0x00000000ea200000| Untracked 
| 163|0x00000000ea300000, 0x00000000ea300000, 0x00000000ea400000|  0%| F|  |TAMS 0x00000000ea300000| PB 0x00000000ea300000| Untracked 
| 164|0x00000000ea400000, 0x00000000ea400000, 0x00000000ea500000|  0%| F|  |TAMS 0x00000000ea400000| PB 0x00000000ea400000| Untracked 
| 165|0x00000000ea500000, 0x00000000ea500000, 0x00000000ea600000|  0%| F|  |TAMS 0x00000000ea500000| PB 0x00000000ea500000| Untracked 
| 166|0x00000000ea600000, 0x00000000ea600000, 0x00000000ea700000|  0%| F|  |TAMS 0x00000000ea600000| PB 0x00000000ea600000| Untracked 
| 167|0x00000000ea700000, 0x00000000ea700000, 0x00000000ea800000|  0%| F|  |TAMS 0x00000000ea700000| PB 0x00000000ea700000| Untracked 
| 168|0x00000000ea800000, 0x00000000ea800000, 0x00000000ea900000|  0%| F|  |TAMS 0x00000000ea800000| PB 0x00000000ea800000| Untracked 
| 169|0x00000000ea900000, 0x00000000ea900000, 0x00000000eaa00000|  0%| F|  |TAMS 0x00000000ea900000| PB 0x00000000ea900000| Untracked 
| 170|0x00000000eaa00000, 0x00000000eaa00000, 0x00000000eab00000|  0%| F|  |TAMS 0x00000000eaa00000| PB 0x00000000eaa00000| Untracked 
| 171|0x00000000eab00000, 0x00000000eab00000, 0x00000000eac00000|  0%| F|  |TAMS 0x00000000eab00000| PB 0x00000000eab00000| Untracked 
| 172|0x00000000eac00000, 0x00000000eac00000, 0x00000000ead00000|  0%| F|  |TAMS 0x00000000eac00000| PB 0x00000000eac00000| Untracked 
| 173|0x00000000ead00000, 0x00000000ead00000, 0x00000000eae00000|  0%| F|  |TAMS 0x00000000ead00000| PB 0x00000000ead00000| Untracked 
| 174|0x00000000eae00000, 0x00000000eae00000, 0x00000000eaf00000|  0%| F|  |TAMS 0x00000000eae00000| PB 0x00000000eae00000| Untracked 
| 175|0x00000000eaf00000, 0x00000000eaf00000, 0x00000000eb000000|  0%| F|  |TAMS 0x00000000eaf00000| PB 0x00000000eaf00000| Untracked 
| 176|0x00000000eb000000, 0x00000000eb000000, 0x00000000eb100000|  0%| F|  |TAMS 0x00000000eb000000| PB 0x00000000eb000000| Untracked 
| 177|0x00000000eb100000, 0x00000000eb100000, 0x00000000eb200000|  0%| F|  |TAMS 0x00000000eb100000| PB 0x00000000eb100000| Untracked 
| 178|0x00000000eb200000, 0x00000000eb200000, 0x00000000eb300000|  0%| F|  |TAMS 0x00000000eb200000| PB 0x00000000eb200000| Untracked 
| 179|0x00000000eb300000, 0x00000000eb300000, 0x00000000eb400000|  0%| F|  |TAMS 0x00000000eb300000| PB 0x00000000eb300000| Untracked 
| 180|0x00000000eb400000, 0x00000000eb400000, 0x00000000eb500000|  0%| F|  |TAMS 0x00000000eb400000| PB 0x00000000eb400000| Untracked 
| 181|0x00000000eb500000, 0x00000000eb500000, 0x00000000eb600000|  0%| F|  |TAMS 0x00000000eb500000| PB 0x00000000eb500000| Untracked 
| 182|0x00000000eb600000, 0x00000000eb600000, 0x00000000eb700000|  0%| F|  |TAMS 0x00000000eb600000| PB 0x00000000eb600000| Untracked 
| 183|0x00000000eb700000, 0x00000000eb700000, 0x00000000eb800000|  0%| F|  |TAMS 0x00000000eb700000| PB 0x00000000eb700000| Untracked 
| 184|0x00000000eb800000, 0x00000000eb800000, 0x00000000eb900000|  0%| F|  |TAMS 0x00000000eb800000| PB 0x00000000eb800000| Untracked 
| 185|0x00000000eb900000, 0x00000000eb900000, 0x00000000eba00000|  0%| F|  |TAMS 0x00000000eb900000| PB 0x00000000eb900000| Untracked 
| 186|0x00000000eba00000, 0x00000000eba00000, 0x00000000ebb00000|  0%| F|  |TAMS 0x00000000eba00000| PB 0x00000000eba00000| Untracked 
| 187|0x00000000ebb00000, 0x00000000ebb00000, 0x00000000ebc00000|  0%| F|  |TAMS 0x00000000ebb00000| PB 0x00000000ebb00000| Untracked 
| 188|0x00000000ebc00000, 0x00000000ebc00000, 0x00000000ebd00000|  0%| F|  |TAMS 0x00000000ebc00000| PB 0x00000000ebc00000| Untracked 
| 189|0x00000000ebd00000, 0x00000000ebd00000, 0x00000000ebe00000|  0%| F|  |TAMS 0x00000000ebd00000| PB 0x00000000ebd00000| Untracked 
| 190|0x00000000ebe00000, 0x00000000ebe00000, 0x00000000ebf00000|  0%| F|  |TAMS 0x00000000ebe00000| PB 0x00000000ebe00000| Untracked 
| 191|0x00000000ebf00000, 0x00000000ebf00000, 0x00000000ec000000|  0%| F|  |TAMS 0x00000000ebf00000| PB 0x00000000ebf00000| Untracked 
| 192|0x00000000ec000000, 0x00000000ec000000, 0x00000000ec100000|  0%| F|  |TAMS 0x00000000ec000000| PB 0x00000000ec000000| Untracked 
| 193|0x00000000ec100000, 0x00000000ec100000, 0x00000000ec200000|  0%| F|  |TAMS 0x00000000ec100000| PB 0x00000000ec100000| Untracked 
| 194|0x00000000ec200000, 0x00000000ec200000, 0x00000000ec300000|  0%| F|  |TAMS 0x00000000ec200000| PB 0x00000000ec200000| Untracked 
| 195|0x00000000ec300000, 0x00000000ec300000, 0x00000000ec400000|  0%| F|  |TAMS 0x00000000ec300000| PB 0x00000000ec300000| Untracked 
| 196|0x00000000ec400000, 0x00000000ec400000, 0x00000000ec500000|  0%| F|  |TAMS 0x00000000ec400000| PB 0x00000000ec400000| Untracked 
| 197|0x00000000ec500000, 0x00000000ec500000, 0x00000000ec600000|  0%| F|  |TAMS 0x00000000ec500000| PB 0x00000000ec500000| Untracked 
| 198|0x00000000ec600000, 0x00000000ec600000, 0x00000000ec700000|  0%| F|  |TAMS 0x00000000ec600000| PB 0x00000000ec600000| Untracked 
| 199|0x00000000ec700000, 0x00000000ec700000, 0x00000000ec800000|  0%| F|  |TAMS 0x00000000ec700000| PB 0x00000000ec700000| Untracked 
| 200|0x00000000ec800000, 0x00000000ec800000, 0x00000000ec900000|  0%| F|  |TAMS 0x00000000ec800000| PB 0x00000000ec800000| Untracked 
| 201|0x00000000ec900000, 0x00000000ec900000, 0x00000000eca00000|  0%| F|  |TAMS 0x00000000ec900000| PB 0x00000000ec900000| Untracked 
| 202|0x00000000eca00000, 0x00000000eca00000, 0x00000000ecb00000|  0%| F|  |TAMS 0x00000000eca00000| PB 0x00000000eca00000| Untracked 
| 203|0x00000000ecb00000, 0x00000000ecb00000, 0x00000000ecc00000|  0%| F|  |TAMS 0x00000000ecb00000| PB 0x00000000ecb00000| Untracked 
| 204|0x00000000ecc00000, 0x00000000ecc00000, 0x00000000ecd00000|  0%| F|  |TAMS 0x00000000ecc00000| PB 0x00000000ecc00000| Untracked 
| 205|0x00000000ecd00000, 0x00000000ecd00000, 0x00000000ece00000|  0%| F|  |TAMS 0x00000000ecd00000| PB 0x00000000ecd00000| Untracked 
| 206|0x00000000ece00000, 0x00000000ece00000, 0x00000000ecf00000|  0%| F|  |TAMS 0x00000000ece00000| PB 0x00000000ece00000| Untracked 
| 207|0x00000000ecf00000, 0x00000000ecf00000, 0x00000000ed000000|  0%| F|  |TAMS 0x00000000ecf00000| PB 0x00000000ecf00000| Untracked 
| 208|0x00000000ed000000, 0x00000000ed000000, 0x00000000ed100000|  0%| F|  |TAMS 0x00000000ed000000| PB 0x00000000ed000000| Untracked 
| 209|0x00000000ed100000, 0x00000000ed100000, 0x00000000ed200000|  0%| F|  |TAMS 0x00000000ed100000| PB 0x00000000ed100000| Untracked 
| 210|0x00000000ed200000, 0x00000000ed200000, 0x00000000ed300000|  0%| F|  |TAMS 0x00000000ed200000| PB 0x00000000ed200000| Untracked 
| 211|0x00000000ed300000, 0x00000000ed300000, 0x00000000ed400000|  0%| F|  |TAMS 0x00000000ed300000| PB 0x00000000ed300000| Untracked 
| 212|0x00000000ed400000, 0x00000000ed400000, 0x00000000ed500000|  0%| F|  |TAMS 0x00000000ed400000| PB 0x00000000ed400000| Untracked 
| 213|0x00000000ed500000, 0x00000000ed500000, 0x00000000ed600000|  0%| F|  |TAMS 0x00000000ed500000| PB 0x00000000ed500000| Untracked 
| 214|0x00000000ed600000, 0x00000000ed600000, 0x00000000ed700000|  0%| F|  |TAMS 0x00000000ed600000| PB 0x00000000ed600000| Untracked 
| 215|0x00000000ed700000, 0x00000000ed700000, 0x00000000ed800000|  0%| F|  |TAMS 0x00000000ed700000| PB 0x00000000ed700000| Untracked 
| 216|0x00000000ed800000, 0x00000000ed800000, 0x00000000ed900000|  0%| F|  |TAMS 0x00000000ed800000| PB 0x00000000ed800000| Untracked 
| 217|0x00000000ed900000, 0x00000000ed900000, 0x00000000eda00000|  0%| F|  |TAMS 0x00000000ed900000| PB 0x00000000ed900000| Untracked 
| 218|0x00000000eda00000, 0x00000000eda00000, 0x00000000edb00000|  0%| F|  |TAMS 0x00000000eda00000| PB 0x00000000eda00000| Untracked 
| 219|0x00000000edb00000, 0x00000000edb00000, 0x00000000edc00000|  0%| F|  |TAMS 0x00000000edb00000| PB 0x00000000edb00000| Untracked 
| 220|0x00000000edc00000, 0x00000000edc00000, 0x00000000edd00000|  0%| F|  |TAMS 0x00000000edc00000| PB 0x00000000edc00000| Untracked 
| 221|0x00000000edd00000, 0x00000000edd80000, 0x00000000ede00000| 50%| E|  |TAMS 0x00000000edd00000| PB 0x00000000edd00000| Complete 
| 222|0x00000000ede00000, 0x00000000edf00000, 0x00000000edf00000|100%| E|CS|TAMS 0x00000000ede00000| PB 0x00000000ede00000| Complete 
| 223|0x00000000edf00000, 0x00000000ee000000, 0x00000000ee000000|100%| E|CS|TAMS 0x00000000edf00000| PB 0x00000000edf00000| Complete 
| 224|0x00000000ee000000, 0x00000000ee100000, 0x00000000ee100000|100%| E|CS|TAMS 0x00000000ee000000| PB 0x00000000ee000000| Complete 
| 225|0x00000000ee100000, 0x00000000ee200000, 0x00000000ee200000|100%| E|CS|TAMS 0x00000000ee100000| PB 0x00000000ee100000| Complete 
| 226|0x00000000ee200000, 0x00000000ee300000, 0x00000000ee300000|100%| E|CS|TAMS 0x00000000ee200000| PB 0x00000000ee200000| Complete 
| 227|0x00000000ee300000, 0x00000000ee400000, 0x00000000ee400000|100%| E|CS|TAMS 0x00000000ee300000| PB 0x00000000ee300000| Complete 
| 228|0x00000000ee400000, 0x00000000ee500000, 0x00000000ee500000|100%| E|CS|TAMS 0x00000000ee400000| PB 0x00000000ee400000| Complete 
| 229|0x00000000ee500000, 0x00000000ee600000, 0x00000000ee600000|100%| E|CS|TAMS 0x00000000ee500000| PB 0x00000000ee500000| Complete 
| 230|0x00000000ee600000, 0x00000000ee700000, 0x00000000ee700000|100%| E|CS|TAMS 0x00000000ee600000| PB 0x00000000ee600000| Complete 
| 231|0x00000000ee700000, 0x00000000ee800000, 0x00000000ee800000|100%| E|CS|TAMS 0x00000000ee700000| PB 0x00000000ee700000| Complete 
| 232|0x00000000ee800000, 0x00000000ee900000, 0x00000000ee900000|100%| E|CS|TAMS 0x00000000ee800000| PB 0x00000000ee800000| Complete 
| 233|0x00000000ee900000, 0x00000000eea00000, 0x00000000eea00000|100%| E|CS|TAMS 0x00000000ee900000| PB 0x00000000ee900000| Complete 
| 234|0x00000000eea00000, 0x00000000eeb00000, 0x00000000eeb00000|100%| E|CS|TAMS 0x00000000eea00000| PB 0x00000000eea00000| Complete 
| 235|0x00000000eeb00000, 0x00000000eec00000, 0x00000000eec00000|100%| E|CS|TAMS 0x00000000eeb00000| PB 0x00000000eeb00000| Complete 
| 236|0x00000000eec00000, 0x00000000eed00000, 0x00000000eed00000|100%| E|CS|TAMS 0x00000000eec00000| PB 0x00000000eec00000| Complete 
| 237|0x00000000eed00000, 0x00000000eee00000, 0x00000000eee00000|100%| E|CS|TAMS 0x00000000eed00000| PB 0x00000000eed00000| Complete 
| 238|0x00000000eee00000, 0x00000000eef00000, 0x00000000eef00000|100%| E|CS|TAMS 0x00000000eee00000| PB 0x00000000eee00000| Complete 
| 239|0x00000000eef00000, 0x00000000ef000000, 0x00000000ef000000|100%| E|CS|TAMS 0x00000000eef00000| PB 0x00000000eef00000| Complete 
| 240|0x00000000ef000000, 0x00000000ef100000, 0x00000000ef100000|100%| E|CS|TAMS 0x00000000ef000000| PB 0x00000000ef000000| Complete 
| 241|0x00000000ef100000, 0x00000000ef200000, 0x00000000ef200000|100%| E|CS|TAMS 0x00000000ef100000| PB 0x00000000ef100000| Complete 
| 242|0x00000000ef200000, 0x00000000ef300000, 0x00000000ef300000|100%| E|CS|TAMS 0x00000000ef200000| PB 0x00000000ef200000| Complete 
| 243|0x00000000ef300000, 0x00000000ef400000, 0x00000000ef400000|100%| E|CS|TAMS 0x00000000ef300000| PB 0x00000000ef300000| Complete 
| 244|0x00000000ef400000, 0x00000000ef500000, 0x00000000ef500000|100%| E|CS|TAMS 0x00000000ef400000| PB 0x00000000ef400000| Complete 
| 245|0x00000000ef500000, 0x00000000ef600000, 0x00000000ef600000|100%| E|CS|TAMS 0x00000000ef500000| PB 0x00000000ef500000| Complete 
| 246|0x00000000ef600000, 0x00000000ef700000, 0x00000000ef700000|100%| E|CS|TAMS 0x00000000ef600000| PB 0x00000000ef600000| Complete 
| 247|0x00000000ef700000, 0x00000000ef800000, 0x00000000ef800000|100%| E|CS|TAMS 0x00000000ef700000| PB 0x00000000ef700000| Complete 
| 248|0x00000000ef800000, 0x00000000ef900000, 0x00000000ef900000|100%| E|CS|TAMS 0x00000000ef800000| PB 0x00000000ef800000| Complete 
| 249|0x00000000ef900000, 0x00000000efa00000, 0x00000000efa00000|100%| E|CS|TAMS 0x00000000ef900000| PB 0x00000000ef900000| Complete 
| 250|0x00000000efa00000, 0x00000000efb00000, 0x00000000efb00000|100%| E|CS|TAMS 0x00000000efa00000| PB 0x00000000efa00000| Complete 
| 251|0x00000000efb00000, 0x00000000efc00000, 0x00000000efc00000|100%| E|CS|TAMS 0x00000000efb00000| PB 0x00000000efb00000| Complete 
| 252|0x00000000efc00000, 0x00000000efd00000, 0x00000000efd00000|100%| E|CS|TAMS 0x00000000efc00000| PB 0x00000000efc00000| Complete 
| 253|0x00000000efd00000, 0x00000000efe00000, 0x00000000efe00000|100%| E|CS|TAMS 0x00000000efd00000| PB 0x00000000efd00000| Complete 
| 254|0x00000000efe00000, 0x00000000eff00000, 0x00000000eff00000|100%| E|CS|TAMS 0x00000000efe00000| PB 0x00000000efe00000| Complete 
| 255|0x00000000eff00000, 0x00000000f0000000, 0x00000000f0000000|100%| E|CS|TAMS 0x00000000eff00000| PB 0x00000000eff00000| Complete 

Card table byte_map: [0x0000021926f60000,0x0000021927060000] _byte_map_base: 0x0000021926860000

Marking Bits: (CMBitMap*) 0x0000021914410a30
 Bits: [0x0000021927060000, 0x0000021927860000)

Polling page: 0x0000021913ba0000

Metaspace:

Usage:
  Non-class:     52.70 MB used.
      Class:      9.09 MB used.
       Both:     61.78 MB used.

Virtual space:
  Non-class space:       64.00 MB reserved,      53.81 MB ( 84%) committed,  1 nodes.
      Class space:      320.00 MB reserved,      10.25 MB (  3%) committed,  1 nodes.
             Both:      384.00 MB reserved,      64.06 MB ( 17%) committed. 

Chunk freelists:
   Non-Class:  9.13 MB
       Class:  5.71 MB
        Both:  14.83 MB

MaxMetaspaceSize: 384.00 MB
CompressedClassSpaceSize: 320.00 MB
Initial GC threshold: 21.00 MB
Current GC threshold: 100.00 MB
CDS: on
 - commit_granule_bytes: 65536.
 - commit_granule_words: 8192.
 - virtual_space_node_default_size: 8388608.
 - enlarge_chunks_in_place: 1.
 - use_allocation_guard: 0.


Internal statistics:

num_allocs_failed_limit: 15.
num_arena_births: 4322.
num_arena_deaths: 0.
num_vsnodes_births: 2.
num_vsnodes_deaths: 0.
num_space_committed: 1025.
num_space_uncommitted: 0.
num_chunks_returned_to_freelist: 15.
num_chunks_taken_from_freelist: 7846.
num_chunk_merges: 15.
num_chunk_splits: 4901.
num_chunks_enlarged: 2729.
num_inconsistent_stats: 0.

CodeHeap 'non-profiled nmethods': size=119168Kb used=7749Kb max_used=7749Kb free=111419Kb
 bounds [0x000002191f180000, 0x000002191f920000, 0x00000219265e0000]
CodeHeap 'profiled nmethods': size=119104Kb used=25218Kb max_used=25218Kb free=93885Kb
 bounds [0x00000219175e0000, 0x0000021918e90000, 0x000002191ea30000]
CodeHeap 'non-nmethods': size=7488Kb used=1902Kb max_used=3650Kb free=5585Kb
 bounds [0x000002191ea30000, 0x000002191edd0000, 0x000002191f180000]
CodeCache: size=245760Kb, used=34869Kb, max_used=36617Kb, free=210889Kb
 total_blobs=13825, nmethods=13054, adapters=674, full_count=0
Compilation: enabled, stopped_count=0, restarted_count=0

Compilation events (20 events):
Event: 114.887 Thread 0x000002192a880560 13702       3       org.gradle.api.internal.artifacts.configurations.DefaultLegacyConfiguration_Decorated::getDomainObjectContext (40 bytes)
Event: 114.888 Thread 0x000002192a880560 nmethod 13702 0x0000021918e76f90 code [0x0000021918e771a0, 0x0000021918e77830]
Event: 114.888 Thread 0x000002192a880560 13698       3       org.gradle.api.internal.DefaultNamedDomainObjectCollection$FilteredIndex::<init> (20 bytes)
Event: 114.888 Thread 0x000002192a880560 nmethod 13698 0x0000021918e77a90 code [0x0000021918e77c40, 0x0000021918e77ec0]
Event: 114.888 Thread 0x000002192a880560 13699       3       org.gradle.api.internal.DefaultNamedDomainObjectCollection::<init> (68 bytes)
Event: 114.890 Thread 0x000002192a880560 nmethod 13699 0x0000021918e77f90 code [0x0000021918e78200, 0x0000021918e78ee0]
Event: 114.890 Thread 0x000002192a880560 13695       3       org.gradle.api.internal.file.DefaultFilePropertyFactory$DefaultDirectoryVar::dir (19 bytes)
Event: 114.890 Thread 0x000002192a880560 nmethod 13695 0x0000021918e79310 code [0x0000021918e79500, 0x0000021918e79a88]
Event: 114.890 Thread 0x000002192a880560 13696       3       org.gradle.api.internal.file.DefaultFilePropertyFactory$PathToDirectoryTransformer::<init> (10 bytes)
Event: 114.891 Thread 0x000002192a880560 nmethod 13696 0x0000021918e79c90 code [0x0000021918e79e40, 0x0000021918e79ff8]
Event: 114.899 Thread 0x000002192a880560 13704       3       org.gradle.api.internal.artifacts.dsl.dependencies.DefaultDependencyHandler::doAdd (173 bytes)
Event: 114.901 Thread 0x000002192a880560 nmethod 13704 0x0000021918e7a090 code [0x0000021918e7a4c0, 0x0000021918e7c560]
Event: 114.901 Thread 0x000002192a880560 13706       3       java.lang.invoke.LambdaForm$MH/0x000002192c63bc00::collector (44 bytes)
Event: 114.902 Thread 0x000002192a880560 nmethod 13706 0x0000021918e7cd10 code [0x0000021918e7cf20, 0x0000021918e7d960]
Event: 114.902 Thread 0x000002192a880560 13705       3       org.gradle.internal.metaobject.DynamicInvokeResult::notFound (4 bytes)
Event: 114.902 Thread 0x000002192a880560 nmethod 13705 0x0000021918e7db90 code [0x0000021918e7dd20, 0x0000021918e7de18]
Event: 114.902 Thread 0x000002192a880560 13707       3       java.util.ArrayDeque::circularClear (43 bytes)
Event: 114.903 Thread 0x000002192a880560 nmethod 13707 0x0000021918e7de90 code [0x0000021918e7e060, 0x0000021918e7e4a0]
Event: 114.903 Thread 0x000002192a880560 13708       3       org.gradle.api.internal.artifacts.DefaultBuildIdentifier::hashCode (8 bytes)
Event: 114.903 Thread 0x000002192a880560 nmethod 13708 0x0000021918e7e610 code [0x0000021918e7e7c0, 0x0000021918e7e900]

GC Heap History (20 events):
Event: 5.074 GC heap before
{Heap before GC invocations=2 (full 0):
 garbage-first heap   total 262144K, used 86155K [0x00000000e0000000, 0x0000000100000000)
  region size 1024K, 73 young (74752K), 4 survivors (4096K)
 Metaspace       used 16337K, committed 16768K, reserved 393216K
  class space    used 2219K, committed 2432K, reserved 327680K
}
Event: 5.083 GC heap after
{Heap after GC invocations=3 (full 0):
 garbage-first heap   total 262144K, used 22518K [0x00000000e0000000, 0x0000000100000000)
  region size 1024K, 10 young (10240K), 10 survivors (10240K)
 Metaspace       used 16337K, committed 16768K, reserved 393216K
  class space    used 2219K, committed 2432K, reserved 327680K
}
Event: 6.100 GC heap before
{Heap before GC invocations=3 (full 0):
 garbage-first heap   total 262144K, used 55286K [0x00000000e0000000, 0x0000000100000000)
  region size 1024K, 43 young (44032K), 10 survivors (10240K)
 Metaspace       used 20906K, committed 21504K, reserved 393216K
  class space    used 2982K, committed 3264K, reserved 327680K
}
Event: 6.106 GC heap after
{Heap after GC invocations=4 (full 0):
 garbage-first heap   total 262144K, used 24852K [0x00000000e0000000, 0x0000000100000000)
  region size 1024K, 3 young (3072K), 3 survivors (3072K)
 Metaspace       used 20906K, committed 21504K, reserved 393216K
  class space    used 2982K, committed 3264K, reserved 327680K
}
Event: 9.193 GC heap before
{Heap before GC invocations=5 (full 0):
 garbage-first heap   total 262144K, used 126228K [0x00000000e0000000, 0x0000000100000000)
  region size 1024K, 102 young (104448K), 3 survivors (3072K)
 Metaspace       used 34632K, committed 35968K, reserved 393216K
  class space    used 5186K, committed 5824K, reserved 327680K
}
Event: 9.199 GC heap after
{Heap after GC invocations=6 (full 0):
 garbage-first heap   total 262144K, used 30203K [0x00000000e0000000, 0x0000000100000000)
  region size 1024K, 8 young (8192K), 8 survivors (8192K)
 Metaspace       used 34632K, committed 35968K, reserved 393216K
  class space    used 5186K, committed 5824K, reserved 327680K
}
Event: 9.254 GC heap before
{Heap before GC invocations=6 (full 0):
 garbage-first heap   total 262144K, used 31227K [0x00000000e0000000, 0x0000000100000000)
  region size 1024K, 10 young (10240K), 8 survivors (8192K)
 Metaspace       used 34975K, committed 36288K, reserved 393216K
  class space    used 5229K, committed 5888K, reserved 327680K
}
Event: 9.260 GC heap after
{Heap after GC invocations=7 (full 0):
 garbage-first heap   total 262144K, used 30938K [0x00000000e0000000, 0x0000000100000000)
  region size 1024K, 9 young (9216K), 9 survivors (9216K)
 Metaspace       used 34975K, committed 36288K, reserved 393216K
  class space    used 5229K, committed 5888K, reserved 327680K
}
Event: 9.336 GC heap before
{Heap before GC invocations=7 (full 0):
 garbage-first heap   total 262144K, used 32986K [0x00000000e0000000, 0x0000000100000000)
  region size 1024K, 13 young (13312K), 9 survivors (9216K)
 Metaspace       used 35277K, committed 36608K, reserved 393216K
  class space    used 5273K, committed 5952K, reserved 327680K
}
Event: 9.342 GC heap after
{Heap after GC invocations=8 (full 0):
 garbage-first heap   total 262144K, used 31353K [0x00000000e0000000, 0x0000000100000000)
  region size 1024K, 9 young (9216K), 9 survivors (9216K)
 Metaspace       used 35277K, committed 36608K, reserved 393216K
  class space    used 5273K, committed 5952K, reserved 327680K
}
Event: 13.897 GC heap before
{Heap before GC invocations=9 (full 0):
 garbage-first heap   total 262144K, used 177785K [0x00000000e0000000, 0x0000000100000000)
  region size 1024K, 153 young (156672K), 9 survivors (9216K)
 Metaspace       used 50200K, committed 52096K, reserved 393216K
  class space    used 7480K, committed 8384K, reserved 327680K
}
Event: 13.910 GC heap after
{Heap after GC invocations=10 (full 0):
 garbage-first heap   total 262144K, used 41883K [0x00000000e0000000, 0x0000000100000000)
  region size 1024K, 20 young (20480K), 20 survivors (20480K)
 Metaspace       used 50200K, committed 52096K, reserved 393216K
  class space    used 7480K, committed 8384K, reserved 327680K
}
Event: 43.225 GC heap before
{Heap before GC invocations=10 (full 0):
 garbage-first heap   total 262144K, used 178075K [0x00000000e0000000, 0x0000000100000000)
  region size 1024K, 153 young (156672K), 20 survivors (20480K)
 Metaspace       used 59111K, committed 61312K, reserved 393216K
  class space    used 8954K, committed 10048K, reserved 327680K
}
Event: 43.251 GC heap after
{Heap after GC invocations=11 (full 0):
 garbage-first heap   total 262144K, used 52524K [0x00000000e0000000, 0x0000000100000000)
  region size 1024K, 13 young (13312K), 13 survivors (13312K)
 Metaspace       used 59111K, committed 61312K, reserved 393216K
  class space    used 8954K, committed 10048K, reserved 327680K
}
Event: 43.306 GC heap before
{Heap before GC invocations=11 (full 0):
 garbage-first heap   total 262144K, used 52524K [0x00000000e0000000, 0x0000000100000000)
  region size 1024K, 14 young (14336K), 13 survivors (13312K)
 Metaspace       used 59140K, committed 61376K, reserved 393216K
  class space    used 8959K, committed 10048K, reserved 327680K
}
Event: 43.318 GC heap after
{Heap after GC invocations=12 (full 0):
 garbage-first heap   total 262144K, used 54391K [0x00000000e0000000, 0x0000000100000000)
  region size 1024K, 3 young (3072K), 3 survivors (3072K)
 Metaspace       used 59140K, committed 61376K, reserved 393216K
  class space    used 8959K, committed 10048K, reserved 327680K
}
Event: 66.352 GC heap before
{Heap before GC invocations=13 (full 0):
 garbage-first heap   total 262144K, used 207991K [0x00000000e0000000, 0x0000000100000000)
  region size 1024K, 153 young (156672K), 3 survivors (3072K)
 Metaspace       used 62061K, committed 64384K, reserved 393216K
  class space    used 9259K, committed 10432K, reserved 327680K
}
Event: 66.358 GC heap after
{Heap after GC invocations=14 (full 0):
 garbage-first heap   total 262144K, used 55822K [0x00000000e0000000, 0x0000000100000000)
  region size 1024K, 4 young (4096K), 4 survivors (4096K)
 Metaspace       used 62061K, committed 64384K, reserved 393216K
  class space    used 9259K, committed 10432K, reserved 327680K
}
Event: 106.487 GC heap before
{Heap before GC invocations=14 (full 0):
 garbage-first heap   total 262144K, used 207374K [0x00000000e0000000, 0x0000000100000000)
  region size 1024K, 153 young (156672K), 4 survivors (4096K)
 Metaspace       used 63137K, committed 65536K, reserved 393216K
  class space    used 9299K, committed 10496K, reserved 327680K
}
Event: 106.497 GC heap after
{Heap after GC invocations=15 (full 0):
 garbage-first heap   total 262144K, used 55066K [0x00000000e0000000, 0x0000000100000000)
  region size 1024K, 3 young (3072K), 3 survivors (3072K)
 Metaspace       used 63137K, committed 65536K, reserved 393216K
  class space    used 9299K, committed 10496K, reserved 327680K
}

Dll operation events (20 events):
Event: 0.180 Attempting to load shared library C:\Users\chae0\.vscode\extensions\redhat.java-1.56.0-win32-x64\jre\21.0.12.1-win32-x86_64\bin\nio.dll
Event: 0.181 Loaded shared library C:\Users\chae0\.vscode\extensions\redhat.java-1.56.0-win32-x64\jre\21.0.12.1-win32-x86_64\bin\nio.dll
Event: 0.187 Attempting to load shared library C:\Users\chae0\.vscode\extensions\redhat.java-1.56.0-win32-x64\jre\21.0.12.1-win32-x86_64\bin\zip.dll
Event: 0.187 Loaded shared library C:\Users\chae0\.vscode\extensions\redhat.java-1.56.0-win32-x64\jre\21.0.12.1-win32-x86_64\bin\zip.dll
Event: 0.756 Attempting to load shared library C:\Users\chae0\.vscode\extensions\redhat.java-1.56.0-win32-x64\jre\21.0.12.1-win32-x86_64\bin\jimage.dll
Event: 0.756 Loaded shared library C:\Users\chae0\.vscode\extensions\redhat.java-1.56.0-win32-x64\jre\21.0.12.1-win32-x86_64\bin\jimage.dll
Event: 1.388 Attempting to load shared library C:\Users\chae0\.vscode\extensions\redhat.java-1.56.0-win32-x64\jre\21.0.12.1-win32-x86_64\bin\verify.dll
Event: 1.389 Loaded shared library C:\Users\chae0\.vscode\extensions\redhat.java-1.56.0-win32-x64\jre\21.0.12.1-win32-x86_64\bin\verify.dll
Event: 1.441 Attempting to load shared library C:\Users\chae0\.gradle\native\660c5614fbf4a5f2a75b1949f50a0caf5cd603558e7d8a26e50b933a0cfb79d1\windows-amd64\native-platform.dll
Event: 1.442 Loaded shared library C:\Users\chae0\.gradle\native\660c5614fbf4a5f2a75b1949f50a0caf5cd603558e7d8a26e50b933a0cfb79d1\windows-amd64\native-platform.dll
Event: 1.466 Attempting to load shared library C:\Users\chae0\.gradle\native\0.2.8\x86_64-windows-gnu\gradle-fileevents.dll
Event: 1.466 Loaded shared library C:\Users\chae0\.gradle\native\0.2.8\x86_64-windows-gnu\gradle-fileevents.dll
Event: 3.154 Attempting to load shared library C:\Users\chae0\.vscode\extensions\redhat.java-1.56.0-win32-x64\jre\21.0.12.1-win32-x86_64\bin\management.dll
Event: 3.156 Loaded shared library C:\Users\chae0\.vscode\extensions\redhat.java-1.56.0-win32-x64\jre\21.0.12.1-win32-x86_64\bin\management.dll
Event: 3.161 Attempting to load shared library C:\Users\chae0\.vscode\extensions\redhat.java-1.56.0-win32-x64\jre\21.0.12.1-win32-x86_64\bin\management_ext.dll
Event: 3.163 Loaded shared library C:\Users\chae0\.vscode\extensions\redhat.java-1.56.0-win32-x64\jre\21.0.12.1-win32-x86_64\bin\management_ext.dll
Event: 3.533 Attempting to load shared library C:\Users\chae0\.vscode\extensions\redhat.java-1.56.0-win32-x64\jre\21.0.12.1-win32-x86_64\bin\extnet.dll
Event: 3.534 Loaded shared library C:\Users\chae0\.vscode\extensions\redhat.java-1.56.0-win32-x64\jre\21.0.12.1-win32-x86_64\bin\extnet.dll
Event: 3.964 Attempting to load shared library C:\Users\chae0\.vscode\extensions\redhat.java-1.56.0-win32-x64\jre\21.0.12.1-win32-x86_64\bin\sunmscapi.dll
Event: 3.977 Loaded shared library C:\Users\chae0\.vscode\extensions\redhat.java-1.56.0-win32-x64\jre\21.0.12.1-win32-x86_64\bin\sunmscapi.dll

Deoptimization events (20 events):
Event: 97.326 Thread 0x00000219461fb250 DEOPT PACKING pc=0x000002191f892bac sp=0x0000004b7b8fb960
Event: 97.326 Thread 0x00000219461fb250 DEOPT UNPACKING pc=0x000002191ea84422 sp=0x0000004b7b8fb900 mode 2
Event: 97.326 Thread 0x00000219461fb250 Uncommon trap: trap_request=0xffffffbe fr.pc=0x000002191f892bac relative=0x00000000000003cc
Event: 97.326 Thread 0x00000219461fb250 Uncommon trap: reason=profile_predicate action=maybe_recompile pc=0x000002191f892bac method=java.util.concurrent.CopyOnWriteArrayList.indexOfRange(Ljava/lang/Object;[Ljava/lang/Object;II)I @ 38 c2
Event: 97.326 Thread 0x00000219461fb250 DEOPT PACKING pc=0x000002191f892bac sp=0x0000004b7b8fb680
Event: 97.326 Thread 0x00000219461fb250 DEOPT UNPACKING pc=0x000002191ea84422 sp=0x0000004b7b8fb620 mode 2
Event: 97.326 Thread 0x00000219461fb250 Uncommon trap: trap_request=0xffffffbe fr.pc=0x000002191f892bac relative=0x00000000000003cc
Event: 97.326 Thread 0x00000219461fb250 Uncommon trap: reason=profile_predicate action=maybe_recompile pc=0x000002191f892bac method=java.util.concurrent.CopyOnWriteArrayList.indexOfRange(Ljava/lang/Object;[Ljava/lang/Object;II)I @ 38 c2
Event: 97.326 Thread 0x00000219461fb250 DEOPT PACKING pc=0x000002191f892bac sp=0x0000004b7b8fb730
Event: 97.326 Thread 0x00000219461fb250 DEOPT UNPACKING pc=0x000002191ea84422 sp=0x0000004b7b8fb6d0 mode 2
Event: 106.657 Thread 0x00000219461fb250 Uncommon trap: trap_request=0xffffff45 fr.pc=0x000002191f7d6170 relative=0x0000000000001530
Event: 106.657 Thread 0x00000219461fb250 Uncommon trap: reason=unstable_if action=reinterpret pc=0x000002191f7d6170 method=java.util.concurrent.locks.AbstractQueuedSynchronizer.acquire(Ljava/util/concurrent/locks/AbstractQueuedSynchronizer$Node;IZZZJ)I @ 83 c2
Event: 106.657 Thread 0x00000219461fb250 DEOPT PACKING pc=0x000002191f7d6170 sp=0x0000004b7b8f7370
Event: 106.657 Thread 0x00000219461fb250 DEOPT UNPACKING pc=0x000002191ea84422 sp=0x0000004b7b8f7328 mode 2
Event: 109.739 Thread 0x00000219461fb250 Uncommon trap: trap_request=0xffffffdc fr.pc=0x000002191f8e4fe4 relative=0x0000000000000384
Event: 109.739 Thread 0x00000219461fb250 Uncommon trap: reason=class_check action=make_not_entrant pc=0x000002191f8e4fe4 method=com.google.common.collect.Platform.copy([Ljava/lang/Object;II[Ljava/lang/Object;)[Ljava/lang/Object; @ 7 c2
Event: 109.739 Thread 0x00000219461fb250 DEOPT PACKING pc=0x000002191f8e4fe4 sp=0x0000004b7b8fb5e0
Event: 109.739 Thread 0x00000219461fb250 DEOPT UNPACKING pc=0x000002191ea84422 sp=0x0000004b7b8fb510 mode 2
Event: 110.339 Thread 0x00000219461fb250 DEOPT PACKING pc=0x000002191884626a sp=0x0000004b7b8fa180
Event: 110.339 Thread 0x00000219461fb250 DEOPT UNPACKING pc=0x000002191ea84bc2 sp=0x0000004b7b8f9640 mode 0

Classes loaded (20 events):
Event: 44.149 Loading class java/lang/BooleanBeanInfo
Event: 44.149 Loading class java/lang/BooleanBeanInfo done
Event: 44.149 Loading class java/lang/BooleanCustomizer
Event: 44.149 Loading class java/lang/BooleanCustomizer done
Event: 44.150 Loading class java/lang/BooleanCustomizer
Event: 44.150 Loading class java/lang/BooleanCustomizer done
Event: 44.150 Loading class jdk/internal/ValueBased
Event: 44.150 Loading class jdk/internal/ValueBased done
Event: 50.048 Loading class sun/net/ConnectionResetException
Event: 50.049 Loading class sun/net/ConnectionResetException done
Event: 50.055 Loading class java/lang/Throwable$WrappedPrintWriter
Event: 50.055 Loading class java/lang/Throwable$PrintStreamOrWriter
Event: 50.055 Loading class java/lang/Throwable$PrintStreamOrWriter done
Event: 50.055 Loading class java/lang/Throwable$WrappedPrintWriter done
Event: 50.056 Loading class java/lang/StackTraceElement$HashedModules
Event: 50.056 Loading class java/lang/StackTraceElement$HashedModules done
Event: 50.197 Loading class java/util/concurrent/CompletableFuture$Signaller
Event: 50.197 Loading class java/util/concurrent/CompletableFuture$Signaller done
Event: 50.204 Loading class java/util/logging/LogRecord
Event: 50.205 Loading class java/util/logging/LogRecord done

Classes unloaded (0 events):
No events

Classes redefined (0 events):
No events

Internal exceptions (20 events):
Event: 106.251 Thread 0x00000219461fb250 Exception <a 'sun/nio/fs/WindowsException'{0x00000000e6eec658}> (0x00000000e6eec658) 
thrown [s\src\hotspot\share\prims\jni.cpp, line 520]
Event: 106.673 Thread 0x00000219461fb250 Exception <a 'java/lang/NoClassDefFoundError'{0x00000000ef901708}: org/jetbrains/kotlin/gradle/plugin/KotlinPluginWrapper> (0x00000000ef901708) 
thrown [s\src\hotspot\share\oops\constantPool.cpp, line 873]
Event: 106.673 Thread 0x00000219461fb250 Exception <a 'java/lang/NoClassDefFoundError'{0x00000000ef903dc0}: org/graalvm/buildtools/gradle/NativeImagePlugin> (0x00000000ef903dc0) 
thrown [s\src\hotspot\share\oops\constantPool.cpp, line 873]
Event: 106.673 Thread 0x00000219461fb250 Exception <a 'java/lang/NoClassDefFoundError'{0x00000000ef906468}: org/cyclonedx/gradle/CyclonedxPlugin> (0x00000000ef906468) 
thrown [s\src\hotspot\share\oops\constantPool.cpp, line 873]
Event: 106.698 Thread 0x00000219461fb250 Exception <a 'sun/nio/fs/WindowsException'{0x00000000ef9e63f8}> (0x00000000ef9e63f8) 
thrown [s\src\hotspot\share\prims\jni.cpp, line 520]
Event: 109.980 Thread 0x00000219461fb250 Exception <a 'sun/nio/fs/WindowsException'{0x00000000ef47d880}> (0x00000000ef47d880) 
thrown [s\src\hotspot\share\prims\jni.cpp, line 520]
Event: 109.985 Thread 0x00000219461fb250 Exception <a 'sun/nio/fs/WindowsException'{0x00000000ef47efe8}> (0x00000000ef47efe8) 
thrown [s\src\hotspot\share\prims\jni.cpp, line 520]
Event: 109.993 Thread 0x00000219461fb250 Exception <a 'sun/nio/fs/WindowsException'{0x00000000ef480740}> (0x00000000ef480740) 
thrown [s\src\hotspot\share\prims\jni.cpp, line 520]
Event: 109.996 Thread 0x00000219461fb250 Exception <a 'sun/nio/fs/WindowsException'{0x00000000ef481e78}> (0x00000000ef481e78) 
thrown [s\src\hotspot\share\prims\jni.cpp, line 520]
Event: 110.310 Thread 0x00000219461fb250 Exception <a 'java/lang/NoClassDefFoundError'{0x00000000eedbe878}: org/jetbrains/kotlin/gradle/plugin/KotlinPluginWrapper> (0x00000000eedbe878) 
thrown [s\src\hotspot\share\oops\constantPool.cpp, line 873]
Event: 110.310 Thread 0x00000219461fb250 Exception <a 'java/lang/NoClassDefFoundError'{0x00000000eedc0f30}: org/graalvm/buildtools/gradle/NativeImagePlugin> (0x00000000eedc0f30) 
thrown [s\src\hotspot\share\oops\constantPool.cpp, line 873]
Event: 110.311 Thread 0x00000219461fb250 Exception <a 'java/lang/NoClassDefFoundError'{0x00000000eedc35d8}: org/cyclonedx/gradle/CyclonedxPlugin> (0x00000000eedc35d8) 
thrown [s\src\hotspot\share\oops\constantPool.cpp, line 873]
Event: 110.343 Thread 0x00000219461fb250 Exception <a 'sun/nio/fs/WindowsException'{0x00000000eeca3420}> (0x00000000eeca3420) 
thrown [s\src\hotspot\share\prims\jni.cpp, line 520]
Event: 114.413 Thread 0x00000219461fb250 Exception <a 'sun/nio/fs/WindowsException'{0x00000000ee6a0998}> (0x00000000ee6a0998) 
thrown [s\src\hotspot\share\prims\jni.cpp, line 520]
Event: 114.422 Thread 0x00000219461fb250 Exception <a 'sun/nio/fs/WindowsException'{0x00000000ee6a1e50}> (0x00000000ee6a1e50) 
thrown [s\src\hotspot\share\prims\jni.cpp, line 520]
Event: 114.428 Thread 0x00000219461fb250 Exception <a 'sun/nio/fs/WindowsException'{0x00000000ee6a32f8}> (0x00000000ee6a32f8) 
thrown [s\src\hotspot\share\prims\jni.cpp, line 520]
Event: 114.432 Thread 0x00000219461fb250 Exception <a 'sun/nio/fs/WindowsException'{0x00000000ee6a4780}> (0x00000000ee6a4780) 
thrown [s\src\hotspot\share\prims\jni.cpp, line 520]
Event: 114.887 Thread 0x00000219461fb250 Exception <a 'java/lang/NoClassDefFoundError'{0x00000000edf797b8}: org/jetbrains/kotlin/gradle/plugin/KotlinPluginWrapper> (0x00000000edf797b8) 
thrown [s\src\hotspot\share\oops\constantPool.cpp, line 873]
Event: 114.887 Thread 0x00000219461fb250 Exception <a 'java/lang/NoClassDefFoundError'{0x00000000edf7be70}: org/graalvm/buildtools/gradle/NativeImagePlugin> (0x00000000edf7be70) 
thrown [s\src\hotspot\share\oops\constantPool.cpp, line 873]
Event: 114.887 Thread 0x00000219461fb250 Exception <a 'java/lang/NoClassDefFoundError'{0x00000000edf7e518}: org/cyclonedx/gradle/CyclonedxPlugin> (0x00000000edf7e518) 
thrown [s\src\hotspot\share\oops\constantPool.cpp, line 873]

ZGC Phase Switch (0 events):
No events

VM Operations (20 events):
Event: 101.840 Executing safepoint VM operation: Cleanup
Event: 101.902 Executing safepoint VM operation: Cleanup done
Event: 102.916 Executing safepoint VM operation: Cleanup
Event: 102.916 Executing safepoint VM operation: Cleanup done
Event: 103.927 Executing safepoint VM operation: Cleanup
Event: 103.927 Executing safepoint VM operation: Cleanup done
Event: 104.936 Executing safepoint VM operation: Cleanup
Event: 105.063 Executing safepoint VM operation: Cleanup done
Event: 106.073 Executing safepoint VM operation: Cleanup
Event: 106.073 Executing safepoint VM operation: Cleanup done
Event: 106.487 Executing safepoint VM operation: G1CollectForAllocation (G1 Evacuation Pause)
Event: 106.497 Executing safepoint VM operation: G1CollectForAllocation (G1 Evacuation Pause) done
Event: 107.507 Executing safepoint VM operation: Cleanup
Event: 107.507 Executing safepoint VM operation: Cleanup done
Event: 110.528 Executing safepoint VM operation: Cleanup
Event: 110.528 Executing safepoint VM operation: Cleanup done
Event: 112.537 Executing safepoint VM operation: Cleanup
Event: 112.537 Executing safepoint VM operation: Cleanup done
Event: 114.549 Executing safepoint VM operation: Cleanup
Event: 114.549 Executing safepoint VM operation: Cleanup done

Memory protections (0 events):
No events

Nmethod flushes (20 events):
Event: 43.380 Thread 0x000002192a83ca30 flushing  nmethod 0x0000021917b29e90
Event: 43.380 Thread 0x000002192a83ca30 flushing  nmethod 0x0000021917b2b010
Event: 43.380 Thread 0x000002192a83ca30 flushing  nmethod 0x0000021917b2b510
Event: 43.380 Thread 0x000002192a83ca30 flushing  nmethod 0x0000021917b2d010
Event: 43.380 Thread 0x000002192a83ca30 flushing  nmethod 0x0000021917b3b410
Event: 43.380 Thread 0x000002192a83ca30 flushing  nmethod 0x0000021917b3cc10
Event: 43.380 Thread 0x000002192a83ca30 flushing  nmethod 0x0000021917caf710
Event: 43.380 Thread 0x000002192a83ca30 flushing  nmethod 0x0000021917cb0890
Event: 43.380 Thread 0x000002192a83ca30 flushing  nmethod 0x0000021917d16890
Event: 43.380 Thread 0x000002192a83ca30 flushing  nmethod 0x000002191f330310
Event: 43.380 Thread 0x000002192a83ca30 flushing  nmethod 0x000002191f334d90
Event: 43.380 Thread 0x000002192a83ca30 flushing  nmethod 0x000002191f348590
Event: 43.380 Thread 0x000002192a83ca30 flushing  nmethod 0x00000219177bd290
Event: 43.380 Thread 0x000002192a83ca30 flushing  nmethod 0x00000219177bff10
Event: 43.380 Thread 0x000002192a83ca30 flushing  nmethod 0x0000021917876990
Event: 43.380 Thread 0x000002192a83ca30 flushing  nmethod 0x0000021917ab9490
Event: 43.380 Thread 0x000002192a83ca30 flushing  nmethod 0x0000021917aba290
Event: 43.380 Thread 0x000002192a83ca30 flushing  nmethod 0x0000021917aba590
Event: 43.380 Thread 0x000002192a83ca30 flushing  nmethod 0x0000021917abb210
Event: 43.380 Thread 0x000002192a83ca30 flushing  nmethod 0x0000021917abca90

Events (20 events):
Event: 114.275 Thread 0x00000219461fb250 Thread added: 0x000002194afc8a60
Event: 114.310 Thread 0x00000219461fb250 Thread added: 0x000002194afc90f0
Event: 114.352 Thread 0x00000219461fb250 Thread added: 0x0000021947e09d00
Event: 114.716 Thread 0x00000219461fb250 Thread added: 0x0000021947e06f10
Event: 114.716 Thread 0x00000219461fb250 Thread added: 0x0000021947e0aa20
Event: 114.716 Thread 0x00000219461fb250 Thread added: 0x0000021947e0a390
Event: 114.716 Thread 0x00000219461fb250 Thread added: 0x0000021947e07c30
Event: 114.717 Thread 0x00000219461fb250 Thread added: 0x0000021947e075a0
Event: 114.717 Thread 0x00000219461fb250 Thread added: 0x0000021947e082c0
Event: 114.717 Thread 0x00000219461fb250 Thread added: 0x0000021949254360
Event: 114.718 Thread 0x00000219461fb250 Thread added: 0x0000021949255710
Event: 114.718 Thread 0x00000219461fb250 Thread added: 0x0000021949255da0
Event: 114.718 Thread 0x00000219461fb250 Thread added: 0x0000021949256430
Event: 114.718 Thread 0x00000219461fb250 Thread added: 0x000002194621aa50
Event: 114.718 Thread 0x00000219461fb250 Thread added: 0x0000021946219010
Event: 114.719 Thread 0x00000219461fb250 Thread added: 0x000002194621b0e0
Event: 114.719 Thread 0x00000219461fb250 Thread added: 0x00000219496ee4d0
Event: 114.719 Thread 0x00000219461fb250 Thread added: 0x00000219496ef1f0
Event: 114.865 Thread 0x00000219461fb250 Thread added: 0x00000219496ed7b0
Event: 114.904 Thread 0x00000219461fb250 Thread added: 0x00000219496ed120


Dynamic libraries:
0x00007ff647690000 - 0x00007ff64769e000 	C:\Users\chae0\.vscode\extensions\redhat.java-1.56.0-win32-x64\jre\21.0.12.1-win32-x86_64\bin\java.exe
0x00007ffe482c0000 - 0x00007ffe48526000 	C:\WINDOWS\SYSTEM32\ntdll.dll
0x00007ffe45ff0000 - 0x00007ffe460b9000 	C:\WINDOWS\System32\KERNEL32.DLL
0x00007ffe454d0000 - 0x00007ffe458cf000 	C:\WINDOWS\System32\KERNELBASE.dll
0x00007ffe458e0000 - 0x00007ffe45a2c000 	C:\WINDOWS\System32\ucrtbase.dll
0x00007ffe31810000 - 0x00007ffe31828000 	C:\Users\chae0\.vscode\extensions\redhat.java-1.56.0-win32-x64\jre\21.0.12.1-win32-x86_64\bin\jli.dll
0x00007ffe31ce0000 - 0x00007ffe31cfe000 	C:\Users\chae0\.vscode\extensions\redhat.java-1.56.0-win32-x64\jre\21.0.12.1-win32-x86_64\bin\VCRUNTIME140.dll
0x00007ffe47bd0000 - 0x00007ffe47d96000 	C:\WINDOWS\System32\USER32.dll
0x00007ffe45b70000 - 0x00007ffe45b97000 	C:\WINDOWS\System32\win32u.dll
0x00007ffe47da0000 - 0x00007ffe47dcb000 	C:\WINDOWS\System32\GDI32.dll
0x00007ffe45a40000 - 0x00007ffe45b69000 	C:\WINDOWS\System32\gdi32full.dll
0x00007ffe45ba0000 - 0x00007ffe45c43000 	C:\WINDOWS\System32\msvcp_win.dll
0x00007ffe2bf00000 - 0x00007ffe2c191000 	C:\WINDOWS\WinSxS\amd64_microsoft.windows.common-controls_6595b64144ccf1df_6.0.26100.8972_none_3e0da176e32f9d4b\COMCTL32.dll
0x00007ffe48030000 - 0x00007ffe480d9000 	C:\WINDOWS\System32\msvcrt.dll
0x00007ffe47220000 - 0x00007ffe47252000 	C:\WINDOWS\System32\IMM32.DLL
0x00007ffe31cd0000 - 0x00007ffe31cdc000 	C:\Users\chae0\.vscode\extensions\redhat.java-1.56.0-win32-x64\jre\21.0.12.1-win32-x86_64\bin\vcruntime140_1.dll
0x00007ffdae500000 - 0x00007ffdae58d000 	C:\Users\chae0\.vscode\extensions\redhat.java-1.56.0-win32-x64\jre\21.0.12.1-win32-x86_64\bin\msvcp140.dll
0x00007ffd7eae0000 - 0x00007ffd7f882000 	C:\Users\chae0\.vscode\extensions\redhat.java-1.56.0-win32-x64\jre\21.0.12.1-win32-x86_64\bin\server\jvm.dll
0x00007ffe47f60000 - 0x00007ffe4801c000 	C:\WINDOWS\System32\ADVAPI32.dll
0x00007ffe46390000 - 0x00007ffe4643a000 	C:\WINDOWS\System32\sechost.dll
0x00007ffe47dd0000 - 0x00007ffe47ee8000 	C:\WINDOWS\System32\RPCRT4.dll
0x00007ffe46550000 - 0x00007ffe465d2000 	C:\WINDOWS\System32\WS2_32.dll
0x00007ffe45330000 - 0x00007ffe4538e000 	C:\WINDOWS\SYSTEM32\POWRPROF.dll
0x00007ffe3a380000 - 0x00007ffe3a3b6000 	C:\WINDOWS\SYSTEM32\WINMM.dll
0x00007ffe2df10000 - 0x00007ffe2df1b000 	C:\WINDOWS\SYSTEM32\VERSION.dll
0x00007ffe45310000 - 0x00007ffe45325000 	C:\WINDOWS\SYSTEM32\UMPDC.dll
0x00007ffe441c0000 - 0x00007ffe441db000 	C:\WINDOWS\SYSTEM32\kernel.appcore.dll
0x00007ffe313e0000 - 0x00007ffe313ea000 	C:\Users\chae0\.vscode\extensions\redhat.java-1.56.0-win32-x64\jre\21.0.12.1-win32-x86_64\bin\jimage.dll
0x00007ffe42a50000 - 0x00007ffe42c92000 	C:\WINDOWS\SYSTEM32\DBGHELP.DLL
0x00007ffe46b70000 - 0x00007ffe46ef5000 	C:\WINDOWS\System32\combase.dll
0x00007ffe46f80000 - 0x00007ffe47059000 	C:\WINDOWS\System32\OLEAUT32.dll
0x00007ffe2c280000 - 0x00007ffe2c2bb000 	C:\WINDOWS\SYSTEM32\dbgcore.DLL
0x00007ffe45c50000 - 0x00007ffe45cfc000 	C:\WINDOWS\System32\bcryptPrimitives.dll
0x00007ffe322d0000 - 0x00007ffe322df000 	C:\Users\chae0\.vscode\extensions\redhat.java-1.56.0-win32-x64\jre\21.0.12.1-win32-x86_64\bin\instrument.dll
0x00007ffe32190000 - 0x00007ffe321b0000 	C:\Users\chae0\.vscode\extensions\redhat.java-1.56.0-win32-x64\jre\21.0.12.1-win32-x86_64\bin\java.dll
0x00007ffe473a0000 - 0x00007ffe47b28000 	C:\WINDOWS\System32\SHELL32.dll
0x00007ffe42e20000 - 0x00007ffe436bb000 	C:\WINDOWS\SYSTEM32\windows.storage.dll
0x00007ffe47260000 - 0x00007ffe47359000 	C:\WINDOWS\System32\SHCORE.dll
0x00007ffe47ef0000 - 0x00007ffe47f56000 	C:\WINDOWS\System32\shlwapi.dll
0x00007ffe453f0000 - 0x00007ffe45419000 	C:\WINDOWS\SYSTEM32\profapi.dll
0x00007ffe31d20000 - 0x00007ffe31d38000 	C:\Users\chae0\.vscode\extensions\redhat.java-1.56.0-win32-x64\jre\21.0.12.1-win32-x86_64\bin\zip.dll
0x00007ffe327e0000 - 0x00007ffe327f0000 	C:\Users\chae0\.vscode\extensions\redhat.java-1.56.0-win32-x64\jre\21.0.12.1-win32-x86_64\bin\net.dll
0x00007ffe3e400000 - 0x00007ffe3e528000 	C:\WINDOWS\SYSTEM32\WINHTTP.dll
0x00007ffe44770000 - 0x00007ffe447dc000 	C:\WINDOWS\system32\mswsock.dll
0x00007ffe30f40000 - 0x00007ffe30f56000 	C:\Users\chae0\.vscode\extensions\redhat.java-1.56.0-win32-x64\jre\21.0.12.1-win32-x86_64\bin\nio.dll
0x00007ffe322c0000 - 0x00007ffe322d0000 	C:\Users\chae0\.vscode\extensions\redhat.java-1.56.0-win32-x64\jre\21.0.12.1-win32-x86_64\bin\verify.dll
0x00007ffe00a50000 - 0x00007ffe00a77000 	C:\Users\chae0\.gradle\native\660c5614fbf4a5f2a75b1949f50a0caf5cd603558e7d8a26e50b933a0cfb79d1\windows-amd64\native-platform.dll
0x00007ffe32940000 - 0x00007ffe329b7000 	C:\Users\chae0\.gradle\native\0.2.8\x86_64-windows-gnu\gradle-fileevents.dll
0x00007ffe32080000 - 0x00007ffe3208a000 	C:\Users\chae0\.vscode\extensions\redhat.java-1.56.0-win32-x64\jre\21.0.12.1-win32-x86_64\bin\management.dll
0x00007ffe32070000 - 0x00007ffe3207c000 	C:\Users\chae0\.vscode\extensions\redhat.java-1.56.0-win32-x64\jre\21.0.12.1-win32-x86_64\bin\management_ext.dll
0x00007ffe47bc0000 - 0x00007ffe47bc8000 	C:\WINDOWS\System32\PSAPI.DLL
0x00007ffe43c40000 - 0x00007ffe43c73000 	C:\WINDOWS\SYSTEM32\IPHLPAPI.DLL
0x00007ffe47390000 - 0x00007ffe4739a000 	C:\WINDOWS\System32\NSI.dll
0x00007ffe11b60000 - 0x00007ffe11b69000 	C:\Users\chae0\.vscode\extensions\redhat.java-1.56.0-win32-x64\jre\21.0.12.1-win32-x86_64\bin\extnet.dll
0x00007ffe44a60000 - 0x00007ffe44a7b000 	C:\WINDOWS\SYSTEM32\CRYPTSP.dll
0x00007ffe44120000 - 0x00007ffe44159000 	C:\WINDOWS\system32\rsaenh.dll
0x00007ffe44820000 - 0x00007ffe44852000 	C:\WINDOWS\SYSTEM32\USERENV.dll
0x00007ffe453c0000 - 0x00007ffe453ea000 	C:\WINDOWS\SYSTEM32\bcrypt.dll
0x00007ffe44a80000 - 0x00007ffe44a8c000 	C:\WINDOWS\SYSTEM32\CRYPTBASE.dll
0x00007ffe321c0000 - 0x00007ffe321ce000 	C:\Users\chae0\.vscode\extensions\redhat.java-1.56.0-win32-x64\jre\21.0.12.1-win32-x86_64\bin\sunmscapi.dll
0x00007ffe45d10000 - 0x00007ffe45e8e000 	C:\WINDOWS\System32\CRYPT32.dll
0x00007ffe44ca0000 - 0x00007ffe44cd0000 	C:\WINDOWS\SYSTEM32\ncrypt.dll
0x00007ffe44c50000 - 0x00007ffe44c8f000 	C:\WINDOWS\SYSTEM32\NTASN1.dll
0x00007ffdfc1b0000 - 0x00007ffdfc1b8000 	C:\WINDOWS\system32\wshunix.dll

JVMTI agents:
C:\Users\chae0\.gradle\wrapper\dists\gradle-9.4.1-bin\arn2x92ynaizyzdaamcbpbhtj\gradle-9.4.1\lib\agents\gradle-instrumentation-agent-9.4.1.jar path:C:\Users\chae0\.vscode\extensions\redhat.java-1.56.0-win32-x64\jre\21.0.12.1-win32-x86_64\bin\instrument.dll, loaded, initialized, instrumentlib options:none

dbghelp: loaded successfully - version: 4.0.5 - missing functions: none
symbol engine: initialized successfully - sym options: 0x614 - pdb path: .;C:\Users\chae0\.vscode\extensions\redhat.java-1.56.0-win32-x64\jre\21.0.12.1-win32-x86_64\bin;C:\WINDOWS\SYSTEM32;C:\WINDOWS\WinSxS\amd64_microsoft.windows.common-controls_6595b64144ccf1df_6.0.26100.8972_none_3e0da176e32f9d4b;C:\Users\chae0\.vscode\extensions\redhat.java-1.56.0-win32-x64\jre\21.0.12.1-win32-x86_64\bin\server;C:\Users\chae0\.gradle\native\660c5614fbf4a5f2a75b1949f50a0caf5cd603558e7d8a26e50b933a0cfb79d1\windows-amd64;C:\Users\chae0\.gradle\native\0.2.8\x86_64-windows-gnu

VM Arguments:
jvm_args: --add-opens=java.base/java.lang=ALL-UNNAMED --add-opens=java.base/java.lang.invoke=ALL-UNNAMED --add-opens=java.base/java.util=ALL-UNNAMED --add-opens=java.prefs/java.util.prefs=ALL-UNNAMED --add-exports=jdk.compiler/com.sun.tools.javac.api=ALL-UNNAMED --add-exports=jdk.compiler/com.sun.tools.javac.util=ALL-UNNAMED --add-opens=java.base/java.util=ALL-UNNAMED --add-opens=java.prefs/java.util.prefs=ALL-UNNAMED --add-opens=java.base/java.nio.charset=ALL-UNNAMED --add-opens=java.base/java.net=ALL-UNNAMED --add-opens=java.base/java.util.concurrent=ALL-UNNAMED --add-opens=java.base/java.util.concurrent.atomic=ALL-UNNAMED --add-opens=java.xml/javax.xml.namespace=ALL-UNNAMED --add-opens=java.base/java.time=ALL-UNNAMED -XX:MaxMetaspaceSize=384m -XX:+HeapDumpOnOutOfMemoryError -Xms256m -Xmx512m -Dfile.encoding=UTF-8 -Duser.country=KR -Duser.language=ko -Duser.variant -javaagent:C:\Users\chae0\.gradle\wrapper\dists\gradle-9.4.1-bin\arn2x92ynaizyzdaamcbpbhtj\gradle-9.4.1\lib\agents\gradle-instrumentation-agent-9.4.1.jar 
java_command: org.gradle.launcher.daemon.bootstrap.GradleDaemon 9.4.1
java_class_path (initial): C:\Users\chae0\.gradle\wrapper\dists\gradle-9.4.1-bin\arn2x92ynaizyzdaamcbpbhtj\gradle-9.4.1\lib\gradle-daemon-main-9.4.1.jar
Launcher Type: SUN_STANDARD

[Global flags]
     intx CICompilerCount                          = 12                                        {product} {ergonomic}
   size_t CompressedClassSpaceSize                 = 335544320                                 {product} {ergonomic}
     uint ConcGCThreads                            = 3                                         {product} {ergonomic}
     uint G1ConcRefinementThreads                  = 13                                        {product} {ergonomic}
   size_t G1HeapRegionSize                         = 1048576                                   {product} {ergonomic}
    uintx GCDrainStackTargetSize                   = 64                                        {product} {ergonomic}
     bool HeapDumpOnOutOfMemoryError               = true                                   {manageable} {command line}
   size_t InitialHeapSize                          = 268435456                                 {product} {command line}
   size_t MarkStackSize                            = 4194304                                   {product} {ergonomic}
   size_t MaxHeapSize                              = 536870912                                 {product} {command line}
   size_t MaxMetaspaceSize                         = 402653184                                 {product} {command line}
   size_t MaxNewSize                               = 321912832                                 {product} {ergonomic}
   size_t MinHeapDeltaBytes                        = 1048576                                   {product} {ergonomic}
   size_t MinHeapSize                              = 268435456                                 {product} {command line}
    uintx NonNMethodCodeHeapSize                   = 7602480                                {pd product} {ergonomic}
    uintx NonProfiledCodeHeapSize                  = 122027880                              {pd product} {ergonomic}
    uintx ProfiledCodeHeapSize                     = 122027880                              {pd product} {ergonomic}
    uintx ReservedCodeCacheSize                    = 251658240                              {pd product} {ergonomic}
     bool SegmentedCodeCache                       = true                                      {product} {ergonomic}
   size_t SoftMaxHeapSize                          = 536870912                              {manageable} {ergonomic}
     bool UseCompressedOops                        = true                           {product lp64_product} {ergonomic}
     bool UseG1GC                                  = true                                      {product} {ergonomic}
     bool UseLargePagesIndividualAllocation        = false                                  {pd product} {ergonomic}

Logging:
Log output configuration:
 #0: stdout all=warning uptime,level,tags foldmultilines=false
 #1: stderr all=off uptime,level,tags foldmultilines=false

Release file:
JAVA_VERSION="21.0.12.1" 
MODULES="java.base java.compiler java.datatransfer java.xml java.prefs java.desktop java.instrument java.logging java.management java.security.sasl java.naming java.rmi java.management.rmi java.net.http java.scripting java.security.jgss java.transaction.xa java.sql java.sql.rowset java.xml.crypto java.se java.smartcardio jdk.accessibility jdk.internal.jvmstat jdk.attach jdk.charsets jdk.internal.opt jdk.zipfs jdk.compiler jdk.crypto.ec jdk.crypto.cryptoki jdk.crypto.mscapi jdk.dynalink jdk.internal.ed jdk.editpad jdk.hotspot.agent jdk.httpserver jdk.internal.le jdk.internal.vm.ci jdk.internal.vm.compiler jdk.internal.vm.compiler.management jdk.jartool jdk.javadoc jdk.jcmd jdk.management jdk.management.agent jdk.jconsole jdk.jdeps jdk.jdwp.agent jdk.jdi jdk.jfr jdk.jshell jdk.jsobject jdk.jstatd jdk.localedata jdk.management.jfr jdk.naming.dns jdk.naming.rmi jdk.net jdk.nio.mapmode jdk.random jdk.sctp jdk.security.auth jdk.security.jgss jdk.unsupported jdk.unsupported.desktop jdk.xml.dom" 

Environment Variables:
JAVA_HOME=C:\Program Files\Java\jdk-21
CLASSPATH=c:\Users\chae0\.vscode\extensions\vscjava.vscode-gradle-3.18.0\lib\gradle-server.jar
PATH=C:\Python314\Scripts\;C:\Python314\;C:\Program Files (x86)\VMware\VMware Workstation\bin\;C:\Program Files\Common Files\Oracle\Java\javapath;C:\WINDOWS\system32;C:\WINDOWS;C:\WINDOWS\System32\Wbem;C:\WINDOWS\System32\WindowsPowerShell\v1.0\;C:\WINDOWS\System32\OpenSSH\;C:\Program Files\Java\jdk-21\bin\;C:\Program Files\Java\jdk-21bin;C:\Program Files\Microsoft SQL Server\Client SDK\ODBC\170\Tools\Binn\;C:\Program Files (x86)\Microsoft SQL Server\150\Tools\Binn\;C:\Program Files\Microsoft SQL Server\150\Tools\Binn\;C:\Program Files\Microsoft SQL Server\150\DTS\Binn\;C:\Program Files (x86)\Microsoft SQL Server\150\DTS\Binn\;C:\Program Files\Azure Data Studio\bin;C:\Program Files\Java\jdk-21BIN;C:\Users\chae0\Downloads\node-v22.13.1-win-x64\;D:\Git\cmd;C:\Users\chae0\AppData\Local\Android\Sdk\platform-tools;C:\Program Files\dotnet\;C:\Program Files (x86)\Windows Kits\10\Windows Performance Toolkit\;C:\Program Files\nodejs\;C:\ProgramData\chocolatey\bin;C:\Users\chae0\AppData\Local\Android\Sdk\platform-tools;C:\Program Files\MySQL\MySQL Server 8.0\bin;C:\Users\chae0\AppData\Local\Programs\Python\Launcher\;C:\Users\chae0\AppData\Local\Microsoft\WindowsApps;C:\Program Files\Java\jdk-21\bin;C:\Program Files\Azure Data Studio\bin;C:\Users\chae0\AppData\Local\Programs\Microsoft VS Code\bin;C:\Users\chae0\.dotnet\tools;D:\downloads\flutter_windows_3.35.5-stable\flutter\bin;C:\Users\chae0\AppData\Roaming\npm
USERNAME=chae0
OS=Windows_NT
PROCESSOR_IDENTIFIER=Intel64 Family 6 Model 154 Stepping 3, GenuineIntel
TMP=C:\Users\chae0\AppData\Local\Temp
TEMP=C:\Users\chae0\AppData\Local\Temp




Periodic native trim disabled

---------------  S Y S T E M  ---------------

OS:
 Windows 11 , 64 bit Build 26100 (10.0.26100.9168)
OS uptime: 0 days 1:07 hours

CPU: total 16 (initial active 16) (8 cores per cpu, 2 threads per core) family 6 model 154 stepping 3 microcode 0x421, cx8, cmov, fxsr, ht, mmx, 3dnowpref, sse, sse2, sse3, ssse3, sse4.1, sse4.2, popcnt, lzcnt, tsc, tscinvbit, avx, avx2, aes, erms, clmul, bmi1, bmi2, adx, sha, fma, vzeroupper, clflush, clflushopt, clwb, serialize, rdtscp, rdpid, fsrm, f16c, pku, cet_ibt, cet_ss
Processor Information for the first 16 processors :
  Max Mhz: 1700, Current Mhz: 1700, Mhz Limit: 1700

Memory: 4k page, system-wide physical 16066M (557M free)
TotalPageFile size 39653M (AvailPageFile size 366M)
current process WorkingSet (physical memory assigned to process): 448M, peak: 465M
current process commit charge ("private bytes"): 532M, peak: 553M

vm_info: OpenJDK 64-Bit Server VM (21.0.12.1+1-LTS) for windows-amd64 JRE (21.0.12.1+1-LTS), built on 2026-08-18T00:00:00Z by "admin" with MS VC++ 17.12 (VS2022)

END.
