#
# There is insufficient memory for the Java Runtime Environment to continue.
# Native memory allocation (malloc) failed to allocate 855200 bytes. Error detail: Chunk::new
# Possible reasons:
#   The system is out of physical RAM or swap space
#   This process is running with CompressedOops enabled, and the Java Heap may be blocking the growth of the native heap
# Possible solutions:
#   Reduce memory load on the system
#   Increase physical memory or swap space
#   Check if swap backing store is full
#   Decrease Java heap size (-Xmx/-Xms)
#   Decrease number of Java threads
#   Decrease Java thread stack sizes (-Xss)
#   Set larger code cache with -XX:ReservedCodeCacheSize=
#   JVM is running with Unscaled Compressed Oops mode in which the Java heap is
#     placed in the first 4GB address space. The Java Heap base address is the
#     maximum limit for the native heap growth. Please use -XX:HeapBaseMinAddress
#     to set the Java Heap base and to place the Java Heap above 4GB virtual address.
# This output file may be truncated or incomplete.
#
#  Out of Memory Error (arena.cpp:168), pid=31428, tid=21512
#
# JRE version: OpenJDK Runtime Environment Temurin-21.0.12.1+1 (21.0.12.1+1) (build 21.0.12.1+1-LTS)
# Java VM: OpenJDK 64-Bit Server VM Temurin-21.0.12.1+1 (21.0.12.1+1-LTS, mixed mode, sharing, tiered, compressed oops, compressed class ptrs, g1 gc, windows-amd64)
# No core dump will be written. Minidumps are not enabled by default on client versions of Windows
#

---------------  S U M M A R Y ------------

Command Line: --add-opens=java.base/java.lang=ALL-UNNAMED --add-opens=java.base/java.lang.invoke=ALL-UNNAMED --add-opens=java.base/java.util=ALL-UNNAMED --add-opens=java.prefs/java.util.prefs=ALL-UNNAMED --add-exports=jdk.compiler/com.sun.tools.javac.api=ALL-UNNAMED --add-exports=jdk.compiler/com.sun.tools.javac.util=ALL-UNNAMED --add-opens=java.base/java.util=ALL-UNNAMED --add-opens=java.prefs/java.util.prefs=ALL-UNNAMED --add-opens=java.base/java.nio.charset=ALL-UNNAMED --add-opens=java.base/java.net=ALL-UNNAMED --add-opens=java.base/java.util.concurrent=ALL-UNNAMED --add-opens=java.base/java.util.concurrent.atomic=ALL-UNNAMED --add-opens=java.xml/javax.xml.namespace=ALL-UNNAMED --add-opens=java.base/java.time=ALL-UNNAMED -XX:MaxMetaspaceSize=384m -XX:+HeapDumpOnOutOfMemoryError -Xms256m -Xmx512m -Dfile.encoding=UTF-8 -Duser.country=KR -Duser.language=ko -Duser.variant -javaagent:C:\Users\chae0\.gradle\wrapper\dists\gradle-9.4.1-bin\arn2x92ynaizyzdaamcbpbhtj\gradle-9.4.1\lib\agents\gradle-instrumentation-agent-9.4.1.jar org.gradle.launcher.daemon.bootstrap.GradleDaemon 9.4.1

Host: 12th Gen Intel(R) Core(TM) i5-1240P, 16 cores, 15G,  Windows 11 , 64 bit Build 26100 (10.0.26100.9168)
Time: Thu Sep 10 16:42:25 2026 elapsed time: 114.778769 seconds (0d 0h 1m 54s)

---------------  T H R E A D  ---------------

Current thread (0x000001f55faa9970):  JavaThread "C2 CompilerThread0" daemon [_thread_in_native, id=21512, stack(0x000000b59cf00000,0x000000b59d000000) (1024K)]


Current CompileTask:
C2:114784 11192  s!   4       org.gradle.internal.service.DefaultServiceRegistry$ManagedObjectServiceProvider::stop (58 bytes)

Stack: [0x000000b59cf00000,0x000000b59d000000]
Native frames: (J=compiled Java code, j=interpreted, Vv=VM code, C=native code)
V  [jvm.dll+0x6d83e9]
V  [jvm.dll+0x8b5736]
V  [jvm.dll+0x8b7cee]
V  [jvm.dll+0x8b83d3]
V  [jvm.dll+0x284596]
V  [jvm.dll+0xc685d]
V  [jvm.dll+0xc6da1]
V  [jvm.dll+0x3bf18b]
V  [jvm.dll+0x38b6d2]
V  [jvm.dll+0x38ab1a]
V  [jvm.dll+0x24c700]
V  [jvm.dll+0x24bce0]
V  [jvm.dll+0x1cb4ae]
V  [jvm.dll+0x25baad]
V  [jvm.dll+0x25a03a]
V  [jvm.dll+0x3f8aae]
V  [jvm.dll+0x8600cd]
V  [jvm.dll+0x6d6c1d]
C  [ucrtbase.dll+0x2cd30]
C  [KERNEL32.DLL+0x2ccb7]
C  [ntdll.dll+0xaad6c]


---------------  P R O C E S S  ---------------

Threads class SMR info:
_java_thread_list=0x000001f57d41e850, length=47, elements={
0x000001f549627eb0, 0x000001f55fa9fab0, 0x000001f55faa3240, 0x000001f55faa5cb0,
0x000001f55faa6710, 0x000001f55faa7170, 0x000001f55faa7bd0, 0x000001f55faa9970,
0x000001f55fad0ff0, 0x000001f55fd10620, 0x000001f55fe066a0, 0x000001f57a85e4f0,
0x000001f579ce96a0, 0x000001f57ad712c0, 0x000001f57ae87680, 0x000001f579651550,
0x000001f57964edf0, 0x000001f5796501a0, 0x000001f57964f480, 0x000001f57e650cf0,
0x000001f57e654800, 0x000001f57e654170, 0x000001f57e651380, 0x000001f57e654e90,
0x000001f57e6575f0, 0x000001f57db611e0, 0x000001f57db62c20, 0x000001f57db61f00,
0x000001f57db604c0, 0x000001f57d5e2be0, 0x000001f57d5df760, 0x000001f57d5e1ec0,
0x000001f57d5e3f90, 0x000001f57d5e5340, 0x000001f57db63940, 0x000001f57db60b50,
0x000001f57db660a0, 0x000001f57d5e0480, 0x000001f57d5e1830, 0x000001f57d5e66f0,
0x000001f57db64660, 0x000001f57db61870, 0x000001f57db62590, 0x000001f57e655520,
0x000001f57d5e4620, 0x000001f57d5e3900, 0x000001f57d5e11a0
}

Java Threads: ( => current thread )
  0x000001f549627eb0 JavaThread "main"                              [_thread_blocked, id=23056, stack(0x000000b59c100000,0x000000b59c200000) (1024K)]
  0x000001f55fa9fab0 JavaThread "Reference Handler"          daemon [_thread_blocked, id=8188, stack(0x000000b59c900000,0x000000b59ca00000) (1024K)]
  0x000001f55faa3240 JavaThread "Finalizer"                  daemon [_thread_blocked, id=16444, stack(0x000000b59ca00000,0x000000b59cb00000) (1024K)]
  0x000001f55faa5cb0 JavaThread "Signal Dispatcher"          daemon [_thread_blocked, id=21708, stack(0x000000b59cb00000,0x000000b59cc00000) (1024K)]
  0x000001f55faa6710 JavaThread "Attach Listener"            daemon [_thread_blocked, id=30684, stack(0x000000b59cc00000,0x000000b59cd00000) (1024K)]
  0x000001f55faa7170 JavaThread "Service Thread"             daemon [_thread_blocked, id=30672, stack(0x000000b59cd00000,0x000000b59ce00000) (1024K)]
  0x000001f55faa7bd0 JavaThread "Monitor Deflation Thread"   daemon [_thread_blocked, id=7520, stack(0x000000b59ce00000,0x000000b59cf00000) (1024K)]
=>0x000001f55faa9970 JavaThread "C2 CompilerThread0"         daemon [_thread_in_native, id=21512, stack(0x000000b59cf00000,0x000000b59d000000) (1024K)]
  0x000001f55fad0ff0 JavaThread "C1 CompilerThread0"         daemon [_thread_blocked, id=28956, stack(0x000000b59d000000,0x000000b59d100000) (1024K)]
  0x000001f55fd10620 JavaThread "Common-Cleaner"             daemon [_thread_blocked, id=31196, stack(0x000000b59d400000,0x000000b59d500000) (1024K)]
  0x000001f55fe066a0 JavaThread "Notification Thread"        daemon [_thread_blocked, id=27656, stack(0x000000b59d500000,0x000000b59d600000) (1024K)]
  0x000001f57a85e4f0 JavaThread "Daemon health stats"               [_thread_blocked, id=16972, stack(0x000000b59dc00000,0x000000b59dd00000) (1024K)]
  0x000001f579ce96a0 JavaThread "Incoming local TCP Connector on port 60223"        [_thread_in_native, id=13216, stack(0x000000b59db00000,0x000000b59dc00000) (1024K)]
  0x000001f57ad712c0 JavaThread "Daemon periodic checks"            [_thread_blocked, id=29980, stack(0x000000b59df00000,0x000000b59e000000) (1024K)]
  0x000001f57ae87680 JavaThread "Daemon"                            [_thread_blocked, id=31548, stack(0x000000b59e000000,0x000000b59e100000) (1024K)]
  0x000001f579651550 JavaThread "Daemon worker"                     [_thread_blocked, id=25208, stack(0x000000b59de00000,0x000000b59df00000) (1024K)]
  0x000001f57964edf0 JavaThread "Cache worker for journal cache (C:\Users\chae0\.gradle\caches\journal-1)"        [_thread_blocked, id=516, stack(0x000000b59e500000,0x000000b59e600000) (1024K)]
  0x000001f5796501a0 JavaThread "File lock request listener"        [_thread_in_native, id=23540, stack(0x000000b59e600000,0x000000b59e700000) (1024K)]
  0x000001f57964f480 JavaThread "Cache worker for file hash cache (C:\Users\chae0\.gradle\caches\9.4.1\fileHashes)"        [_thread_blocked, id=31272, stack(0x000000b59ee00000,0x000000b59ef00000) (1024K)]
  0x000001f57e650cf0 JavaThread "File watcher server"        daemon [_thread_in_native, id=12940, stack(0x000000b59f300000,0x000000b59f400000) (1024K)]
  0x000001f57e654800 JavaThread "File watcher consumer"      daemon [_thread_blocked, id=12172, stack(0x000000b59f400000,0x000000b59f500000) (1024K)]
  0x000001f57e654170 JavaThread "jar transforms"                    [_thread_blocked, id=17440, stack(0x000000b59f600000,0x000000b59f700000) (1024K)]
  0x000001f57e651380 JavaThread "jar transforms Thread 2"           [_thread_blocked, id=31580, stack(0x000000b59f700000,0x000000b59f800000) (1024K)]
  0x000001f57e654e90 JavaThread "Cache worker for file content cache (C:\Users\chae0\.gradle\caches\9.4.1\fileContent)"        [_thread_blocked, id=29480, stack(0x000000b59f500000,0x000000b59f600000) (1024K)]
  0x000001f57e6575f0 JavaThread "jar transforms Thread 3"           [_thread_blocked, id=31140, stack(0x000000b59f800000,0x000000b59f900000) (1024K)]
  0x000001f57db611e0 JavaThread "jar transforms Thread 4"           [_thread_blocked, id=31232, stack(0x000000b59fd00000,0x000000b59fe00000) (1024K)]
  0x000001f57db62c20 JavaThread "jar transforms Thread 5"           [_thread_blocked, id=30864, stack(0x000000b59d300000,0x000000b59d400000) (1024K)]
  0x000001f57db61f00 JavaThread "jar transforms Thread 6"           [_thread_blocked, id=25164, stack(0x000000b59ff00000,0x000000b5a0000000) (1024K)]
  0x000001f57db604c0 JavaThread "jar transforms Thread 7"           [_thread_blocked, id=9100, stack(0x000000b5a0100000,0x000000b5a0200000) (1024K)]
  0x000001f57d5e2be0 JavaThread "Memory manager"                    [_thread_blocked, id=23008, stack(0x000000b5a1300000,0x000000b5a1400000) (1024K)]
  0x000001f57d5df760 JavaThread "jar transforms Thread 8"           [_thread_blocked, id=3504, stack(0x000000b5a1100000,0x000000b5a1200000) (1024K)]
  0x000001f57d5e1ec0 JavaThread "VFS cleanup"                       [_thread_blocked, id=30040, stack(0x000000b59e300000,0x000000b59e400000) (1024K)]
  0x000001f57d5e3f90 JavaThread "jar transforms Thread 9"           [_thread_blocked, id=31724, stack(0x000000b59fb00000,0x000000b59fc00000) (1024K)]
  0x000001f57d5e5340 JavaThread "jar transforms Thread 10"          [_thread_blocked, id=10660, stack(0x000000b5a0000000,0x000000b5a0100000) (1024K)]
  0x000001f57db63940 JavaThread "Daemon Thread 2"                   [_thread_blocked, id=31872, stack(0x000000b59dd00000,0x000000b59de00000) (1024K)]
  0x000001f57db60b50 JavaThread "Daemon Thread 3"                   [_thread_blocked, id=31852, stack(0x000000b59e200000,0x000000b59e300000) (1024K)]
  0x000001f57db660a0 JavaThread "VFS cleanup Thread 2"              [_thread_blocked, id=28312, stack(0x000000b59e100000,0x000000b59e200000) (1024K)]
  0x000001f57d5e0480 JavaThread "Daemon Thread 4"                   [_thread_blocked, id=36148, stack(0x000000b59f200000,0x000000b59f300000) (1024K)]
  0x000001f57d5e1830 JavaThread "Daemon Thread 5"                   [_thread_blocked, id=36084, stack(0x000000b59d100000,0x000000b59d200000) (1024K)]
  0x000001f57d5e66f0 JavaThread "Daemon Thread 6"                   [_thread_blocked, id=35016, stack(0x000000b5a0200000,0x000000b5a0300000) (1024K)]
  0x000001f57db64660 JavaThread "Daemon Thread 7"                   [_thread_blocked, id=25684, stack(0x000000b5a0600000,0x000000b5a0700000) (1024K)]
  0x000001f57db61870 JavaThread "Daemon Thread 8"                   [_thread_blocked, id=29812, stack(0x000000b59c000000,0x000000b59c100000) (1024K)]
  0x000001f57db62590 JavaThread "Daemon Thread 9"                   [_thread_blocked, id=3552, stack(0x000000b59fa00000,0x000000b59fb00000) (1024K)]
  0x000001f57e655520 JavaThread "VFS cleanup Thread 3"              [_thread_blocked, id=8704, stack(0x000000b5a0f00000,0x000000b5a1000000) (1024K)]
  0x000001f57d5e4620 JavaThread "VFS cleanup Thread 4"              [_thread_blocked, id=36880, stack(0x000000b5a0800000,0x000000b5a0900000) (1024K)]
  0x000001f57d5e3900 JavaThread "VFS cleanup Thread 5"              [_thread_in_native, id=36884, stack(0x000000b5a1000000,0x000000b5a1100000) (1024K)]
  0x000001f57d5e11a0 JavaThread "VFS cleanup Thread 6"              [_thread_blocked, id=36888, stack(0x000000b59be00000,0x000000b59bf00000) (1024K)]
Total: 47

Other Threads:
  0x000001f55fa7f260 VMThread "VM Thread"                           [id=26652, stack(0x000000b59c800000,0x000000b59c900000) (1024K)]
  0x000001f55fa73030 WatcherThread "VM Periodic Task Thread"        [id=15784, stack(0x000000b59c700000,0x000000b59c800000) (1024K)]
  0x000001f5496519c0 WorkerThread "GC Thread#0"                     [id=31256, stack(0x000000b59c200000,0x000000b59c300000) (1024K)]
  0x000001f579618520 WorkerThread "GC Thread#1"                     [id=4636, stack(0x000000b59d600000,0x000000b59d700000) (1024K)]
  0x000001f5796188d0 WorkerThread "GC Thread#2"                     [id=30784, stack(0x000000b59d700000,0x000000b59d800000) (1024K)]
  0x000001f579619030 WorkerThread "GC Thread#3"                     [id=28148, stack(0x000000b59d800000,0x000000b59d900000) (1024K)]
  0x000001f579618c80 WorkerThread "GC Thread#4"                     [id=31344, stack(0x000000b59d900000,0x000000b59da00000) (1024K)]
  0x000001f5796193e0 WorkerThread "GC Thread#5"                     [id=31408, stack(0x000000b59da00000,0x000000b59db00000) (1024K)]
  0x000001f579d2a120 WorkerThread "GC Thread#6"                     [id=29128, stack(0x000000b59e700000,0x000000b59e800000) (1024K)]
  0x000001f579d2c9b0 WorkerThread "GC Thread#7"                     [id=27576, stack(0x000000b59e800000,0x000000b59e900000) (1024K)]
  0x000001f579d2a4d0 WorkerThread "GC Thread#8"                     [id=31296, stack(0x000000b59e900000,0x000000b59ea00000) (1024K)]
  0x000001f579d2afe0 WorkerThread "GC Thread#9"                     [id=29356, stack(0x000000b59ea00000,0x000000b59eb00000) (1024K)]
  0x000001f579d2cd60 WorkerThread "GC Thread#10"                    [id=28604, stack(0x000000b59eb00000,0x000000b59ec00000) (1024K)]
  0x000001f579d2b390 WorkerThread "GC Thread#11"                    [id=25064, stack(0x000000b59ec00000,0x000000b59ed00000) (1024K)]
  0x000001f579d2b740 WorkerThread "GC Thread#12"                    [id=27752, stack(0x000000b59ed00000,0x000000b59ee00000) (1024K)]
  0x000001f5496580e0 ConcurrentGCThread "G1 Main Marker"            [id=24456, stack(0x000000b59c300000,0x000000b59c400000) (1024K)]
  0x000001f549659980 WorkerThread "G1 Conc#0"                       [id=29580, stack(0x000000b59c400000,0x000000b59c500000) (1024K)]
  0x000001f579d2d4c0 WorkerThread "G1 Conc#1"                       [id=836, stack(0x000000b59ef00000,0x000000b59f000000) (1024K)]
  0x000001f57b4dc960 WorkerThread "G1 Conc#2"                       [id=25060, stack(0x000000b59f000000,0x000000b59f100000) (1024K)]
  0x000001f55f941660 ConcurrentGCThread "G1 Refine#0"               [id=29172, stack(0x000000b59c500000,0x000000b59c600000) (1024K)]
  0x000001f55f941ff0 ConcurrentGCThread "G1 Service"                [id=14268, stack(0x000000b59c600000,0x000000b59c700000) (1024K)]
Total: 21

Threads with active compile tasks:
C2 CompilerThread0  119337 11192  s!   4       org.gradle.internal.service.DefaultServiceRegistry$ManagedObjectServiceProvider::stop (58 bytes)
Total: 1

VM state: not at safepoint (normal execution)

VM Mutex/Monitor currently owned by a thread: None

Heap address: 0x00000000e0000000, size: 512 MB, Compressed Oops mode: 32-bit

CDS archive(s) mapped at: [0x000001f560000000-0x000001f560ba0000-0x000001f560ba0000), size 12189696, SharedBaseAddress: 0x000001f560000000, ArchiveRelocationMode: 1.
Compressed class space mapped at: 0x000001f561000000-0x000001f575000000, reserved size: 335544320
Narrow klass base: 0x000001f560000000, Narrow klass shift: 0, Narrow klass range: 0x100000000

GC Precious Log:
 CardTable entry size: 512
 Card Set container configuration: InlinePtr #cards 5 size 8 Array Of Cards #cards 12 size 40 Howl #buckets 4 coarsen threshold 1843 Howl Bitmap #cards 512 size 80 coarsen threshold 460 Card regions per heap region 1 cards per card region 2048
 CPUs: 16 total, 16 available
 Memory: 16066M
 Large Page Support: Disabled
 NUMA Support: Disabled
 Compressed Oops: Enabled (32-bit)
 Heap Region Size: 1M
 Heap Min Capacity: 256M
 Heap Initial Capacity: 256M
 Heap Max Capacity: 512M
 Pre-touch: Disabled
 Parallel Workers: 13
 Concurrent Workers: 3
 Concurrent Refinement Workers: 13
 Periodic GC: Disabled

Heap:
 garbage-first heap   total 262144K, used 116749K [0x00000000e0000000, 0x0000000100000000)
  region size 1024K, 75 young (76800K), 16 survivors (16384K)
 Metaspace       used 67954K, committed 70336K, reserved 393216K
  class space    used 10043K, committed 11200K, reserved 327680K

Heap Regions: E=young(eden), S=young(survivor), O=old, HS=humongous(starts), HC=humongous(continues), CS=collection set, F=free, TAMS=top-at-mark-start, PB=parsable bottom
|   0|0x00000000e0000000, 0x00000000e0100000, 0x00000000e0100000|100%|HS|  |TAMS 0x00000000e0000000| PB 0x00000000e0000000| Complete 
|   1|0x00000000e0100000, 0x00000000e0200000, 0x00000000e0200000|100%|HC|  |TAMS 0x00000000e0100000| PB 0x00000000e0100000| Complete 
|   2|0x00000000e0200000, 0x00000000e0300000, 0x00000000e0300000|100%|HC|  |TAMS 0x00000000e0200000| PB 0x00000000e0200000| Complete 
|   3|0x00000000e0300000, 0x00000000e0400000, 0x00000000e0400000|100%|HC|  |TAMS 0x00000000e0300000| PB 0x00000000e0300000| Complete 
|   4|0x00000000e0400000, 0x00000000e0500000, 0x00000000e0500000|100%| O|  |TAMS 0x00000000e0400000| PB 0x00000000e0400000| Untracked 
|   5|0x00000000e0500000, 0x00000000e0600000, 0x00000000e0600000|100%| O|  |TAMS 0x00000000e0500000| PB 0x00000000e0500000| Untracked 
|   6|0x00000000e0600000, 0x00000000e0700000, 0x00000000e0700000|100%| O|  |TAMS 0x00000000e0600000| PB 0x00000000e0600000| Untracked 
|   7|0x00000000e0700000, 0x00000000e0800000, 0x00000000e0800000|100%| O|  |TAMS 0x00000000e0700000| PB 0x00000000e0700000| Untracked 
|   8|0x00000000e0800000, 0x00000000e0900000, 0x00000000e0900000|100%|HS|  |TAMS 0x00000000e0800000| PB 0x00000000e0800000| Complete 
|   9|0x00000000e0900000, 0x00000000e0a00000, 0x00000000e0a00000|100%| O|  |TAMS 0x00000000e0900000| PB 0x00000000e0900000| Untracked 
|  10|0x00000000e0a00000, 0x00000000e0b00000, 0x00000000e0b00000|100%| O|  |TAMS 0x00000000e0a00000| PB 0x00000000e0a00000| Untracked 
|  11|0x00000000e0b00000, 0x00000000e0c00000, 0x00000000e0c00000|100%| O|  |TAMS 0x00000000e0b00000| PB 0x00000000e0b00000| Untracked 
|  12|0x00000000e0c00000, 0x00000000e0d00000, 0x00000000e0d00000|100%| O|  |TAMS 0x00000000e0c00000| PB 0x00000000e0c00000| Untracked 
|  13|0x00000000e0d00000, 0x00000000e0e00000, 0x00000000e0e00000|100%| O|  |TAMS 0x00000000e0d00000| PB 0x00000000e0d00000| Untracked 
|  14|0x00000000e0e00000, 0x00000000e0f00000, 0x00000000e0f00000|100%| O|  |TAMS 0x00000000e0e00000| PB 0x00000000e0e00000| Untracked 
|  15|0x00000000e0f00000, 0x00000000e1000000, 0x00000000e1000000|100%| O|  |TAMS 0x00000000e0f00000| PB 0x00000000e0f00000| Untracked 
|  16|0x00000000e1000000, 0x00000000e1100000, 0x00000000e1100000|100%| O|  |TAMS 0x00000000e1000000| PB 0x00000000e1000000| Untracked 
|  17|0x00000000e1100000, 0x00000000e1200000, 0x00000000e1200000|100%| O|  |TAMS 0x00000000e1100000| PB 0x00000000e1100000| Untracked 
|  18|0x00000000e1200000, 0x00000000e1300000, 0x00000000e1300000|100%| O|  |TAMS 0x00000000e1200000| PB 0x00000000e1200000| Untracked 
|  19|0x00000000e1300000, 0x00000000e1400000, 0x00000000e1400000|100%| O|  |TAMS 0x00000000e1300000| PB 0x00000000e1300000| Untracked 
|  20|0x00000000e1400000, 0x00000000e1500000, 0x00000000e1500000|100%| O|  |TAMS 0x00000000e1400000| PB 0x00000000e1400000| Untracked 
|  21|0x00000000e1500000, 0x00000000e1500000, 0x00000000e1600000|  0%| F|  |TAMS 0x00000000e1500000| PB 0x00000000e1500000| Untracked 
|  22|0x00000000e1600000, 0x00000000e1700000, 0x00000000e1700000|100%| O|  |TAMS 0x00000000e1600000| PB 0x00000000e1600000| Untracked 
|  23|0x00000000e1700000, 0x00000000e1800000, 0x00000000e1800000|100%| O|  |TAMS 0x00000000e1700000| PB 0x00000000e1700000| Untracked 
|  24|0x00000000e1800000, 0x00000000e1900000, 0x00000000e1900000|100%| O|  |TAMS 0x00000000e1800000| PB 0x00000000e1800000| Untracked 
|  25|0x00000000e1900000, 0x00000000e1a00000, 0x00000000e1a00000|100%| O|  |TAMS 0x00000000e1900000| PB 0x00000000e1900000| Untracked 
|  26|0x00000000e1a00000, 0x00000000e1b00000, 0x00000000e1b00000|100%| O|  |TAMS 0x00000000e1a00000| PB 0x00000000e1a00000| Untracked 
|  27|0x00000000e1b00000, 0x00000000e1c00000, 0x00000000e1c00000|100%| O|  |TAMS 0x00000000e1b00000| PB 0x00000000e1b00000| Untracked 
|  28|0x00000000e1c00000, 0x00000000e1d00000, 0x00000000e1d00000|100%| O|  |TAMS 0x00000000e1c00000| PB 0x00000000e1c00000| Untracked 
|  29|0x00000000e1d00000, 0x00000000e1e00000, 0x00000000e1e00000|100%| O|  |TAMS 0x00000000e1d00000| PB 0x00000000e1d00000| Untracked 
|  30|0x00000000e1e00000, 0x00000000e1f00000, 0x00000000e1f00000|100%| O|  |TAMS 0x00000000e1e00000| PB 0x00000000e1e00000| Untracked 
|  31|0x00000000e1f00000, 0x00000000e2000000, 0x00000000e2000000|100%| O|  |TAMS 0x00000000e1f00000| PB 0x00000000e1f00000| Untracked 
|  32|0x00000000e2000000, 0x00000000e2100000, 0x00000000e2100000|100%| O|  |TAMS 0x00000000e2000000| PB 0x00000000e2000000| Untracked 
|  33|0x00000000e2100000, 0x00000000e2200000, 0x00000000e2200000|100%| O|  |TAMS 0x00000000e2100000| PB 0x00000000e2100000| Untracked 
|  34|0x00000000e2200000, 0x00000000e2300000, 0x00000000e2300000|100%| O|  |TAMS 0x00000000e2200000| PB 0x00000000e2200000| Untracked 
|  35|0x00000000e2300000, 0x00000000e2400000, 0x00000000e2400000|100%| O|  |TAMS 0x00000000e2300000| PB 0x00000000e2300000| Untracked 
|  36|0x00000000e2400000, 0x00000000e2500000, 0x00000000e2500000|100%| O|  |TAMS 0x00000000e2400000| PB 0x00000000e2400000| Untracked 
|  37|0x00000000e2500000, 0x00000000e2600000, 0x00000000e2600000|100%| O|  |TAMS 0x00000000e2500000| PB 0x00000000e2500000| Untracked 
|  38|0x00000000e2600000, 0x00000000e2700000, 0x00000000e2700000|100%| O|  |TAMS 0x00000000e2600000| PB 0x00000000e2600000| Untracked 
|  39|0x00000000e2700000, 0x00000000e2800000, 0x00000000e2800000|100%| O|  |TAMS 0x00000000e2700000| PB 0x00000000e2700000| Untracked 
|  40|0x00000000e2800000, 0x00000000e2900000, 0x00000000e2900000|100%| O|Cm|TAMS 0x00000000e2800000| PB 0x00000000e2800000| Complete 
|  41|0x00000000e2900000, 0x00000000e29c1800, 0x00000000e2a00000| 75%| O|  |TAMS 0x00000000e2900000| PB 0x00000000e2900000| Untracked 
|  42|0x00000000e2a00000, 0x00000000e2a00000, 0x00000000e2b00000|  0%| F|  |TAMS 0x00000000e2a00000| PB 0x00000000e2a00000| Untracked 
|  43|0x00000000e2b00000, 0x00000000e2b00000, 0x00000000e2c00000|  0%| F|  |TAMS 0x00000000e2b00000| PB 0x00000000e2b00000| Untracked 
|  44|0x00000000e2c00000, 0x00000000e2c00000, 0x00000000e2d00000|  0%| F|  |TAMS 0x00000000e2c00000| PB 0x00000000e2c00000| Untracked 
|  45|0x00000000e2d00000, 0x00000000e2d00000, 0x00000000e2e00000|  0%| F|  |TAMS 0x00000000e2d00000| PB 0x00000000e2d00000| Untracked 
|  46|0x00000000e2e00000, 0x00000000e2e00000, 0x00000000e2f00000|  0%| F|  |TAMS 0x00000000e2e00000| PB 0x00000000e2e00000| Untracked 
|  47|0x00000000e2f00000, 0x00000000e2f00000, 0x00000000e3000000|  0%| F|  |TAMS 0x00000000e2f00000| PB 0x00000000e2f00000| Untracked 
|  48|0x00000000e3000000, 0x00000000e3000000, 0x00000000e3100000|  0%| F|  |TAMS 0x00000000e3000000| PB 0x00000000e3000000| Untracked 
|  49|0x00000000e3100000, 0x00000000e3100000, 0x00000000e3200000|  0%| F|  |TAMS 0x00000000e3100000| PB 0x00000000e3100000| Untracked 
|  50|0x00000000e3200000, 0x00000000e3200000, 0x00000000e3300000|  0%| F|  |TAMS 0x00000000e3200000| PB 0x00000000e3200000| Untracked 
|  51|0x00000000e3300000, 0x00000000e3300000, 0x00000000e3400000|  0%| F|  |TAMS 0x00000000e3300000| PB 0x00000000e3300000| Untracked 
|  52|0x00000000e3400000, 0x00000000e3400000, 0x00000000e3500000|  0%| F|  |TAMS 0x00000000e3400000| PB 0x00000000e3400000| Untracked 
|  53|0x00000000e3500000, 0x00000000e3500000, 0x00000000e3600000|  0%| F|  |TAMS 0x00000000e3500000| PB 0x00000000e3500000| Untracked 
|  54|0x00000000e3600000, 0x00000000e3600000, 0x00000000e3700000|  0%| F|  |TAMS 0x00000000e3600000| PB 0x00000000e3600000| Untracked 
|  55|0x00000000e3700000, 0x00000000e3700000, 0x00000000e3800000|  0%| F|  |TAMS 0x00000000e3700000| PB 0x00000000e3700000| Untracked 
|  56|0x00000000e3800000, 0x00000000e3800000, 0x00000000e3900000|  0%| F|  |TAMS 0x00000000e3800000| PB 0x00000000e3800000| Untracked 
|  57|0x00000000e3900000, 0x00000000e3900000, 0x00000000e3a00000|  0%| F|  |TAMS 0x00000000e3900000| PB 0x00000000e3900000| Untracked 
|  58|0x00000000e3a00000, 0x00000000e3a00000, 0x00000000e3b00000|  0%| F|  |TAMS 0x00000000e3a00000| PB 0x00000000e3a00000| Untracked 
|  59|0x00000000e3b00000, 0x00000000e3b00000, 0x00000000e3c00000|  0%| F|  |TAMS 0x00000000e3b00000| PB 0x00000000e3b00000| Untracked 
|  60|0x00000000e3c00000, 0x00000000e3c00000, 0x00000000e3d00000|  0%| F|  |TAMS 0x00000000e3c00000| PB 0x00000000e3c00000| Untracked 
|  61|0x00000000e3d00000, 0x00000000e3d00000, 0x00000000e3e00000|  0%| F|  |TAMS 0x00000000e3d00000| PB 0x00000000e3d00000| Untracked 
|  62|0x00000000e3e00000, 0x00000000e3e00000, 0x00000000e3f00000|  0%| F|  |TAMS 0x00000000e3e00000| PB 0x00000000e3e00000| Untracked 
|  63|0x00000000e3f00000, 0x00000000e3f00000, 0x00000000e4000000|  0%| F|  |TAMS 0x00000000e3f00000| PB 0x00000000e3f00000| Untracked 
|  64|0x00000000e4000000, 0x00000000e4000000, 0x00000000e4100000|  0%| F|  |TAMS 0x00000000e4000000| PB 0x00000000e4000000| Untracked 
|  65|0x00000000e4100000, 0x00000000e4100000, 0x00000000e4200000|  0%| F|  |TAMS 0x00000000e4100000| PB 0x00000000e4100000| Untracked 
|  66|0x00000000e4200000, 0x00000000e4200000, 0x00000000e4300000|  0%| F|  |TAMS 0x00000000e4200000| PB 0x00000000e4200000| Untracked 
|  67|0x00000000e4300000, 0x00000000e4300000, 0x00000000e4400000|  0%| F|  |TAMS 0x00000000e4300000| PB 0x00000000e4300000| Untracked 
|  68|0x00000000e4400000, 0x00000000e4400000, 0x00000000e4500000|  0%| F|  |TAMS 0x00000000e4400000| PB 0x00000000e4400000| Untracked 
|  69|0x00000000e4500000, 0x00000000e4500000, 0x00000000e4600000|  0%| F|  |TAMS 0x00000000e4500000| PB 0x00000000e4500000| Untracked 
|  70|0x00000000e4600000, 0x00000000e4600000, 0x00000000e4700000|  0%| F|  |TAMS 0x00000000e4600000| PB 0x00000000e4600000| Untracked 
|  71|0x00000000e4700000, 0x00000000e4700000, 0x00000000e4800000|  0%| F|  |TAMS 0x00000000e4700000| PB 0x00000000e4700000| Untracked 
|  72|0x00000000e4800000, 0x00000000e4800000, 0x00000000e4900000|  0%| F|  |TAMS 0x00000000e4800000| PB 0x00000000e4800000| Untracked 
|  73|0x00000000e4900000, 0x00000000e4900000, 0x00000000e4a00000|  0%| F|  |TAMS 0x00000000e4900000| PB 0x00000000e4900000| Untracked 
|  74|0x00000000e4a00000, 0x00000000e4a00000, 0x00000000e4b00000|  0%| F|  |TAMS 0x00000000e4a00000| PB 0x00000000e4a00000| Untracked 
|  75|0x00000000e4b00000, 0x00000000e4b00000, 0x00000000e4c00000|  0%| F|  |TAMS 0x00000000e4b00000| PB 0x00000000e4b00000| Untracked 
|  76|0x00000000e4c00000, 0x00000000e4c00000, 0x00000000e4d00000|  0%| F|  |TAMS 0x00000000e4c00000| PB 0x00000000e4c00000| Untracked 
|  77|0x00000000e4d00000, 0x00000000e4d00000, 0x00000000e4e00000|  0%| F|  |TAMS 0x00000000e4d00000| PB 0x00000000e4d00000| Untracked 
|  78|0x00000000e4e00000, 0x00000000e4e00000, 0x00000000e4f00000|  0%| F|  |TAMS 0x00000000e4e00000| PB 0x00000000e4e00000| Untracked 
|  79|0x00000000e4f00000, 0x00000000e4f00000, 0x00000000e5000000|  0%| F|  |TAMS 0x00000000e4f00000| PB 0x00000000e4f00000| Untracked 
|  80|0x00000000e5000000, 0x00000000e5000000, 0x00000000e5100000|  0%| F|  |TAMS 0x00000000e5000000| PB 0x00000000e5000000| Untracked 
|  81|0x00000000e5100000, 0x00000000e5100000, 0x00000000e5200000|  0%| F|  |TAMS 0x00000000e5100000| PB 0x00000000e5100000| Untracked 
|  82|0x00000000e5200000, 0x00000000e5200000, 0x00000000e5300000|  0%| F|  |TAMS 0x00000000e5200000| PB 0x00000000e5200000| Untracked 
|  83|0x00000000e5300000, 0x00000000e5300000, 0x00000000e5400000|  0%| F|  |TAMS 0x00000000e5300000| PB 0x00000000e5300000| Untracked 
|  84|0x00000000e5400000, 0x00000000e5400000, 0x00000000e5500000|  0%| F|  |TAMS 0x00000000e5400000| PB 0x00000000e5400000| Untracked 
|  85|0x00000000e5500000, 0x00000000e5500000, 0x00000000e5600000|  0%| F|  |TAMS 0x00000000e5500000| PB 0x00000000e5500000| Untracked 
|  86|0x00000000e5600000, 0x00000000e5600000, 0x00000000e5700000|  0%| F|  |TAMS 0x00000000e5600000| PB 0x00000000e5600000| Untracked 
|  87|0x00000000e5700000, 0x00000000e5741c00, 0x00000000e5800000| 25%| S|CS|TAMS 0x00000000e5700000| PB 0x00000000e5700000| Complete 
|  88|0x00000000e5800000, 0x00000000e5900000, 0x00000000e5900000|100%| S|CS|TAMS 0x00000000e5800000| PB 0x00000000e5800000| Complete 
|  89|0x00000000e5900000, 0x00000000e5a00000, 0x00000000e5a00000|100%| S|CS|TAMS 0x00000000e5900000| PB 0x00000000e5900000| Complete 
|  90|0x00000000e5a00000, 0x00000000e5b00000, 0x00000000e5b00000|100%| S|CS|TAMS 0x00000000e5a00000| PB 0x00000000e5a00000| Complete 
|  91|0x00000000e5b00000, 0x00000000e5c00000, 0x00000000e5c00000|100%| S|CS|TAMS 0x00000000e5b00000| PB 0x00000000e5b00000| Complete 
|  92|0x00000000e5c00000, 0x00000000e5d00000, 0x00000000e5d00000|100%| S|CS|TAMS 0x00000000e5c00000| PB 0x00000000e5c00000| Complete 
|  93|0x00000000e5d00000, 0x00000000e5e00000, 0x00000000e5e00000|100%| S|CS|TAMS 0x00000000e5d00000| PB 0x00000000e5d00000| Complete 
|  94|0x00000000e5e00000, 0x00000000e5f00000, 0x00000000e5f00000|100%| S|CS|TAMS 0x00000000e5e00000| PB 0x00000000e5e00000| Complete 
|  95|0x00000000e5f00000, 0x00000000e6000000, 0x00000000e6000000|100%| S|CS|TAMS 0x00000000e5f00000| PB 0x00000000e5f00000| Complete 
|  96|0x00000000e6000000, 0x00000000e6100000, 0x00000000e6100000|100%| S|CS|TAMS 0x00000000e6000000| PB 0x00000000e6000000| Complete 
|  97|0x00000000e6100000, 0x00000000e6200000, 0x00000000e6200000|100%| S|CS|TAMS 0x00000000e6100000| PB 0x00000000e6100000| Complete 
|  98|0x00000000e6200000, 0x00000000e6300000, 0x00000000e6300000|100%| S|CS|TAMS 0x00000000e6200000| PB 0x00000000e6200000| Complete 
|  99|0x00000000e6300000, 0x00000000e6400000, 0x00000000e6400000|100%| S|CS|TAMS 0x00000000e6300000| PB 0x00000000e6300000| Complete 
| 100|0x00000000e6400000, 0x00000000e6500000, 0x00000000e6500000|100%| S|CS|TAMS 0x00000000e6400000| PB 0x00000000e6400000| Complete 
| 101|0x00000000e6500000, 0x00000000e6600000, 0x00000000e6600000|100%| S|CS|TAMS 0x00000000e6500000| PB 0x00000000e6500000| Complete 
| 102|0x00000000e6600000, 0x00000000e6700000, 0x00000000e6700000|100%| S|CS|TAMS 0x00000000e6600000| PB 0x00000000e6600000| Complete 
| 103|0x00000000e6700000, 0x00000000e6700000, 0x00000000e6800000|  0%| F|  |TAMS 0x00000000e6700000| PB 0x00000000e6700000| Untracked 
| 104|0x00000000e6800000, 0x00000000e6800000, 0x00000000e6900000|  0%| F|  |TAMS 0x00000000e6800000| PB 0x00000000e6800000| Untracked 
| 105|0x00000000e6900000, 0x00000000e6900000, 0x00000000e6a00000|  0%| F|  |TAMS 0x00000000e6900000| PB 0x00000000e6900000| Untracked 
| 106|0x00000000e6a00000, 0x00000000e6a00000, 0x00000000e6b00000|  0%| F|  |TAMS 0x00000000e6a00000| PB 0x00000000e6a00000| Untracked 
| 107|0x00000000e6b00000, 0x00000000e6b00000, 0x00000000e6c00000|  0%| F|  |TAMS 0x00000000e6b00000| PB 0x00000000e6b00000| Untracked 
| 108|0x00000000e6c00000, 0x00000000e6c00000, 0x00000000e6d00000|  0%| F|  |TAMS 0x00000000e6c00000| PB 0x00000000e6c00000| Untracked 
| 109|0x00000000e6d00000, 0x00000000e6d00000, 0x00000000e6e00000|  0%| F|  |TAMS 0x00000000e6d00000| PB 0x00000000e6d00000| Untracked 
| 110|0x00000000e6e00000, 0x00000000e6e00000, 0x00000000e6f00000|  0%| F|  |TAMS 0x00000000e6e00000| PB 0x00000000e6e00000| Untracked 
| 111|0x00000000e6f00000, 0x00000000e6f00000, 0x00000000e7000000|  0%| F|  |TAMS 0x00000000e6f00000| PB 0x00000000e6f00000| Untracked 
| 112|0x00000000e7000000, 0x00000000e7000000, 0x00000000e7100000|  0%| F|  |TAMS 0x00000000e7000000| PB 0x00000000e7000000| Untracked 
| 113|0x00000000e7100000, 0x00000000e7100000, 0x00000000e7200000|  0%| F|  |TAMS 0x00000000e7100000| PB 0x00000000e7100000| Untracked 
| 114|0x00000000e7200000, 0x00000000e7200000, 0x00000000e7300000|  0%| F|  |TAMS 0x00000000e7200000| PB 0x00000000e7200000| Untracked 
| 115|0x00000000e7300000, 0x00000000e7300000, 0x00000000e7400000|  0%| F|  |TAMS 0x00000000e7300000| PB 0x00000000e7300000| Untracked 
| 116|0x00000000e7400000, 0x00000000e7400000, 0x00000000e7500000|  0%| F|  |TAMS 0x00000000e7400000| PB 0x00000000e7400000| Untracked 
| 117|0x00000000e7500000, 0x00000000e7500000, 0x00000000e7600000|  0%| F|  |TAMS 0x00000000e7500000| PB 0x00000000e7500000| Untracked 
| 118|0x00000000e7600000, 0x00000000e7600000, 0x00000000e7700000|  0%| F|  |TAMS 0x00000000e7600000| PB 0x00000000e7600000| Untracked 
| 119|0x00000000e7700000, 0x00000000e7700000, 0x00000000e7800000|  0%| F|  |TAMS 0x00000000e7700000| PB 0x00000000e7700000| Untracked 
| 120|0x00000000e7800000, 0x00000000e7800000, 0x00000000e7900000|  0%| F|  |TAMS 0x00000000e7800000| PB 0x00000000e7800000| Untracked 
| 121|0x00000000e7900000, 0x00000000e7900000, 0x00000000e7a00000|  0%| F|  |TAMS 0x00000000e7900000| PB 0x00000000e7900000| Untracked 
| 122|0x00000000e7a00000, 0x00000000e7a00000, 0x00000000e7b00000|  0%| F|  |TAMS 0x00000000e7a00000| PB 0x00000000e7a00000| Untracked 
| 123|0x00000000e7b00000, 0x00000000e7b00000, 0x00000000e7c00000|  0%| F|  |TAMS 0x00000000e7b00000| PB 0x00000000e7b00000| Untracked 
| 124|0x00000000e7c00000, 0x00000000e7c00000, 0x00000000e7d00000|  0%| F|  |TAMS 0x00000000e7c00000| PB 0x00000000e7c00000| Untracked 
| 125|0x00000000e7d00000, 0x00000000e7d00000, 0x00000000e7e00000|  0%| F|  |TAMS 0x00000000e7d00000| PB 0x00000000e7d00000| Untracked 
| 126|0x00000000e7e00000, 0x00000000e7e00000, 0x00000000e7f00000|  0%| F|  |TAMS 0x00000000e7e00000| PB 0x00000000e7e00000| Untracked 
| 127|0x00000000e7f00000, 0x00000000e7f00000, 0x00000000e8000000|  0%| F|  |TAMS 0x00000000e7f00000| PB 0x00000000e7f00000| Untracked 
| 128|0x00000000e8000000, 0x00000000e8000000, 0x00000000e8100000|  0%| F|  |TAMS 0x00000000e8000000| PB 0x00000000e8000000| Untracked 
| 129|0x00000000e8100000, 0x00000000e8100000, 0x00000000e8200000|  0%| F|  |TAMS 0x00000000e8100000| PB 0x00000000e8100000| Untracked 
| 130|0x00000000e8200000, 0x00000000e8200000, 0x00000000e8300000|  0%| F|  |TAMS 0x00000000e8200000| PB 0x00000000e8200000| Untracked 
| 131|0x00000000e8300000, 0x00000000e8300000, 0x00000000e8400000|  0%| F|  |TAMS 0x00000000e8300000| PB 0x00000000e8300000| Untracked 
| 132|0x00000000e8400000, 0x00000000e8400000, 0x00000000e8500000|  0%| F|  |TAMS 0x00000000e8400000| PB 0x00000000e8400000| Untracked 
| 133|0x00000000e8500000, 0x00000000e8500000, 0x00000000e8600000|  0%| F|  |TAMS 0x00000000e8500000| PB 0x00000000e8500000| Untracked 
| 134|0x00000000e8600000, 0x00000000e8600000, 0x00000000e8700000|  0%| F|  |TAMS 0x00000000e8600000| PB 0x00000000e8600000| Untracked 
| 135|0x00000000e8700000, 0x00000000e8700000, 0x00000000e8800000|  0%| F|  |TAMS 0x00000000e8700000| PB 0x00000000e8700000| Untracked 
| 136|0x00000000e8800000, 0x00000000e8800000, 0x00000000e8900000|  0%| F|  |TAMS 0x00000000e8800000| PB 0x00000000e8800000| Untracked 
| 137|0x00000000e8900000, 0x00000000e8900000, 0x00000000e8a00000|  0%| F|  |TAMS 0x00000000e8900000| PB 0x00000000e8900000| Untracked 
| 138|0x00000000e8a00000, 0x00000000e8a00000, 0x00000000e8b00000|  0%| F|  |TAMS 0x00000000e8a00000| PB 0x00000000e8a00000| Untracked 
| 139|0x00000000e8b00000, 0x00000000e8b00000, 0x00000000e8c00000|  0%| F|  |TAMS 0x00000000e8b00000| PB 0x00000000e8b00000| Untracked 
| 140|0x00000000e8c00000, 0x00000000e8c00000, 0x00000000e8d00000|  0%| F|  |TAMS 0x00000000e8c00000| PB 0x00000000e8c00000| Untracked 
| 141|0x00000000e8d00000, 0x00000000e8d00000, 0x00000000e8e00000|  0%| F|  |TAMS 0x00000000e8d00000| PB 0x00000000e8d00000| Untracked 
| 142|0x00000000e8e00000, 0x00000000e8e00000, 0x00000000e8f00000|  0%| F|  |TAMS 0x00000000e8e00000| PB 0x00000000e8e00000| Untracked 
| 143|0x00000000e8f00000, 0x00000000e8f00000, 0x00000000e9000000|  0%| F|  |TAMS 0x00000000e8f00000| PB 0x00000000e8f00000| Untracked 
| 144|0x00000000e9000000, 0x00000000e9000000, 0x00000000e9100000|  0%| F|  |TAMS 0x00000000e9000000| PB 0x00000000e9000000| Untracked 
| 145|0x00000000e9100000, 0x00000000e9100000, 0x00000000e9200000|  0%| F|  |TAMS 0x00000000e9100000| PB 0x00000000e9100000| Untracked 
| 146|0x00000000e9200000, 0x00000000e9200000, 0x00000000e9300000|  0%| F|  |TAMS 0x00000000e9200000| PB 0x00000000e9200000| Untracked 
| 147|0x00000000e9300000, 0x00000000e9300000, 0x00000000e9400000|  0%| F|  |TAMS 0x00000000e9300000| PB 0x00000000e9300000| Untracked 
| 148|0x00000000e9400000, 0x00000000e9400000, 0x00000000e9500000|  0%| F|  |TAMS 0x00000000e9400000| PB 0x00000000e9400000| Untracked 
| 149|0x00000000e9500000, 0x00000000e9500000, 0x00000000e9600000|  0%| F|  |TAMS 0x00000000e9500000| PB 0x00000000e9500000| Untracked 
| 150|0x00000000e9600000, 0x00000000e9600000, 0x00000000e9700000|  0%| F|  |TAMS 0x00000000e9600000| PB 0x00000000e9600000| Untracked 
| 151|0x00000000e9700000, 0x00000000e9700000, 0x00000000e9800000|  0%| F|  |TAMS 0x00000000e9700000| PB 0x00000000e9700000| Untracked 
| 152|0x00000000e9800000, 0x00000000e9800000, 0x00000000e9900000|  0%| F|  |TAMS 0x00000000e9800000| PB 0x00000000e9800000| Untracked 
| 153|0x00000000e9900000, 0x00000000e9900000, 0x00000000e9a00000|  0%| F|  |TAMS 0x00000000e9900000| PB 0x00000000e9900000| Untracked 
| 154|0x00000000e9a00000, 0x00000000e9a00000, 0x00000000e9b00000|  0%| F|  |TAMS 0x00000000e9a00000| PB 0x00000000e9a00000| Untracked 
| 155|0x00000000e9b00000, 0x00000000e9b00000, 0x00000000e9c00000|  0%| F|  |TAMS 0x00000000e9b00000| PB 0x00000000e9b00000| Untracked 
| 156|0x00000000e9c00000, 0x00000000e9c00000, 0x00000000e9d00000|  0%| F|  |TAMS 0x00000000e9c00000| PB 0x00000000e9c00000| Untracked 
| 157|0x00000000e9d00000, 0x00000000e9d00000, 0x00000000e9e00000|  0%| F|  |TAMS 0x00000000e9d00000| PB 0x00000000e9d00000| Untracked 
| 158|0x00000000e9e00000, 0x00000000e9e00000, 0x00000000e9f00000|  0%| F|  |TAMS 0x00000000e9e00000| PB 0x00000000e9e00000| Untracked 
| 159|0x00000000e9f00000, 0x00000000e9f00000, 0x00000000ea000000|  0%| F|  |TAMS 0x00000000e9f00000| PB 0x00000000e9f00000| Untracked 
| 160|0x00000000ea000000, 0x00000000ea000000, 0x00000000ea100000|  0%| F|  |TAMS 0x00000000ea000000| PB 0x00000000ea000000| Untracked 
| 161|0x00000000ea100000, 0x00000000ea100000, 0x00000000ea200000|  0%| F|  |TAMS 0x00000000ea100000| PB 0x00000000ea100000| Untracked 
| 162|0x00000000ea200000, 0x00000000ea200000, 0x00000000ea300000|  0%| F|  |TAMS 0x00000000ea200000| PB 0x00000000ea200000| Untracked 
| 163|0x00000000ea300000, 0x00000000ea300000, 0x00000000ea400000|  0%| F|  |TAMS 0x00000000ea300000| PB 0x00000000ea300000| Untracked 
| 164|0x00000000ea400000, 0x00000000ea400000, 0x00000000ea500000|  0%| F|  |TAMS 0x00000000ea400000| PB 0x00000000ea400000| Untracked 
| 165|0x00000000ea500000, 0x00000000ea500000, 0x00000000ea600000|  0%| F|  |TAMS 0x00000000ea500000| PB 0x00000000ea500000| Untracked 
| 166|0x00000000ea600000, 0x00000000ea600000, 0x00000000ea700000|  0%| F|  |TAMS 0x00000000ea600000| PB 0x00000000ea600000| Untracked 
| 167|0x00000000ea700000, 0x00000000ea700000, 0x00000000ea800000|  0%| F|  |TAMS 0x00000000ea700000| PB 0x00000000ea700000| Untracked 
| 168|0x00000000ea800000, 0x00000000ea800000, 0x00000000ea900000|  0%| F|  |TAMS 0x00000000ea800000| PB 0x00000000ea800000| Untracked 
| 169|0x00000000ea900000, 0x00000000ea900000, 0x00000000eaa00000|  0%| F|  |TAMS 0x00000000ea900000| PB 0x00000000ea900000| Untracked 
| 170|0x00000000eaa00000, 0x00000000eaa00000, 0x00000000eab00000|  0%| F|  |TAMS 0x00000000eaa00000| PB 0x00000000eaa00000| Untracked 
| 171|0x00000000eab00000, 0x00000000eab00000, 0x00000000eac00000|  0%| F|  |TAMS 0x00000000eab00000| PB 0x00000000eab00000| Untracked 
| 172|0x00000000eac00000, 0x00000000eac00000, 0x00000000ead00000|  0%| F|  |TAMS 0x00000000eac00000| PB 0x00000000eac00000| Untracked 
| 173|0x00000000ead00000, 0x00000000ead00000, 0x00000000eae00000|  0%| F|  |TAMS 0x00000000ead00000| PB 0x00000000ead00000| Untracked 
| 174|0x00000000eae00000, 0x00000000eae00000, 0x00000000eaf00000|  0%| F|  |TAMS 0x00000000eae00000| PB 0x00000000eae00000| Untracked 
| 175|0x00000000eaf00000, 0x00000000eaf00000, 0x00000000eb000000|  0%| F|  |TAMS 0x00000000eaf00000| PB 0x00000000eaf00000| Untracked 
| 176|0x00000000eb000000, 0x00000000eb000000, 0x00000000eb100000|  0%| F|  |TAMS 0x00000000eb000000| PB 0x00000000eb000000| Untracked 
| 177|0x00000000eb100000, 0x00000000eb100000, 0x00000000eb200000|  0%| F|  |TAMS 0x00000000eb100000| PB 0x00000000eb100000| Untracked 
| 178|0x00000000eb200000, 0x00000000eb200000, 0x00000000eb300000|  0%| F|  |TAMS 0x00000000eb200000| PB 0x00000000eb200000| Untracked 
| 179|0x00000000eb300000, 0x00000000eb300000, 0x00000000eb400000|  0%| F|  |TAMS 0x00000000eb300000| PB 0x00000000eb300000| Untracked 
| 180|0x00000000eb400000, 0x00000000eb400000, 0x00000000eb500000|  0%| F|  |TAMS 0x00000000eb400000| PB 0x00000000eb400000| Untracked 
| 181|0x00000000eb500000, 0x00000000eb500000, 0x00000000eb600000|  0%| F|  |TAMS 0x00000000eb500000| PB 0x00000000eb500000| Untracked 
| 182|0x00000000eb600000, 0x00000000eb600000, 0x00000000eb700000|  0%| F|  |TAMS 0x00000000eb600000| PB 0x00000000eb600000| Untracked 
| 183|0x00000000eb700000, 0x00000000eb700000, 0x00000000eb800000|  0%| F|  |TAMS 0x00000000eb700000| PB 0x00000000eb700000| Untracked 
| 184|0x00000000eb800000, 0x00000000eb800000, 0x00000000eb900000|  0%| F|  |TAMS 0x00000000eb800000| PB 0x00000000eb800000| Untracked 
| 185|0x00000000eb900000, 0x00000000eb900000, 0x00000000eba00000|  0%| F|  |TAMS 0x00000000eb900000| PB 0x00000000eb900000| Untracked 
| 186|0x00000000eba00000, 0x00000000eba00000, 0x00000000ebb00000|  0%| F|  |TAMS 0x00000000eba00000| PB 0x00000000eba00000| Untracked 
| 187|0x00000000ebb00000, 0x00000000ebb00000, 0x00000000ebc00000|  0%| F|  |TAMS 0x00000000ebb00000| PB 0x00000000ebb00000| Untracked 
| 188|0x00000000ebc00000, 0x00000000ebc00000, 0x00000000ebd00000|  0%| F|  |TAMS 0x00000000ebc00000| PB 0x00000000ebc00000| Untracked 
| 189|0x00000000ebd00000, 0x00000000ebd00000, 0x00000000ebe00000|  0%| F|  |TAMS 0x00000000ebd00000| PB 0x00000000ebd00000| Untracked 
| 190|0x00000000ebe00000, 0x00000000ebe00000, 0x00000000ebf00000|  0%| F|  |TAMS 0x00000000ebe00000| PB 0x00000000ebe00000| Untracked 
| 191|0x00000000ebf00000, 0x00000000ebf00000, 0x00000000ec000000|  0%| F|  |TAMS 0x00000000ebf00000| PB 0x00000000ebf00000| Untracked 
| 192|0x00000000ec000000, 0x00000000ec000000, 0x00000000ec100000|  0%| F|  |TAMS 0x00000000ec000000| PB 0x00000000ec000000| Untracked 
| 193|0x00000000ec100000, 0x00000000ec100000, 0x00000000ec200000|  0%| F|  |TAMS 0x00000000ec100000| PB 0x00000000ec100000| Untracked 
| 194|0x00000000ec200000, 0x00000000ec200000, 0x00000000ec300000|  0%| F|  |TAMS 0x00000000ec200000| PB 0x00000000ec200000| Untracked 
| 195|0x00000000ec300000, 0x00000000ec300000, 0x00000000ec400000|  0%| F|  |TAMS 0x00000000ec300000| PB 0x00000000ec300000| Untracked 
| 196|0x00000000ec400000, 0x00000000ec44a7c8, 0x00000000ec500000| 29%| E|  |TAMS 0x00000000ec400000| PB 0x00000000ec400000| Complete 
| 197|0x00000000ec500000, 0x00000000ec600000, 0x00000000ec600000|100%| E|CS|TAMS 0x00000000ec500000| PB 0x00000000ec500000| Complete 
| 198|0x00000000ec600000, 0x00000000ec700000, 0x00000000ec700000|100%| E|CS|TAMS 0x00000000ec600000| PB 0x00000000ec600000| Complete 
| 199|0x00000000ec700000, 0x00000000ec800000, 0x00000000ec800000|100%| E|CS|TAMS 0x00000000ec700000| PB 0x00000000ec700000| Complete 
| 200|0x00000000ec800000, 0x00000000ec900000, 0x00000000ec900000|100%| E|CS|TAMS 0x00000000ec800000| PB 0x00000000ec800000| Complete 
| 201|0x00000000ec900000, 0x00000000eca00000, 0x00000000eca00000|100%| E|CS|TAMS 0x00000000ec900000| PB 0x00000000ec900000| Complete 
| 202|0x00000000eca00000, 0x00000000ecb00000, 0x00000000ecb00000|100%| E|CS|TAMS 0x00000000eca00000| PB 0x00000000eca00000| Complete 
| 203|0x00000000ecb00000, 0x00000000ecc00000, 0x00000000ecc00000|100%| E|CS|TAMS 0x00000000ecb00000| PB 0x00000000ecb00000| Complete 
| 204|0x00000000ecc00000, 0x00000000ecd00000, 0x00000000ecd00000|100%| E|CS|TAMS 0x00000000ecc00000| PB 0x00000000ecc00000| Complete 
| 205|0x00000000ecd00000, 0x00000000ece00000, 0x00000000ece00000|100%| E|CS|TAMS 0x00000000ecd00000| PB 0x00000000ecd00000| Complete 
| 206|0x00000000ece00000, 0x00000000ecf00000, 0x00000000ecf00000|100%| E|CS|TAMS 0x00000000ece00000| PB 0x00000000ece00000| Complete 
| 207|0x00000000ecf00000, 0x00000000ed000000, 0x00000000ed000000|100%| E|CS|TAMS 0x00000000ecf00000| PB 0x00000000ecf00000| Complete 
| 208|0x00000000ed000000, 0x00000000ed100000, 0x00000000ed100000|100%| E|CS|TAMS 0x00000000ed000000| PB 0x00000000ed000000| Complete 
| 209|0x00000000ed100000, 0x00000000ed200000, 0x00000000ed200000|100%| E|CS|TAMS 0x00000000ed100000| PB 0x00000000ed100000| Complete 
| 210|0x00000000ed200000, 0x00000000ed300000, 0x00000000ed300000|100%| E|CS|TAMS 0x00000000ed200000| PB 0x00000000ed200000| Complete 
| 211|0x00000000ed300000, 0x00000000ed400000, 0x00000000ed400000|100%| E|CS|TAMS 0x00000000ed300000| PB 0x00000000ed300000| Complete 
| 212|0x00000000ed400000, 0x00000000ed500000, 0x00000000ed500000|100%| E|CS|TAMS 0x00000000ed400000| PB 0x00000000ed400000| Complete 
| 213|0x00000000ed500000, 0x00000000ed600000, 0x00000000ed600000|100%| E|CS|TAMS 0x00000000ed500000| PB 0x00000000ed500000| Complete 
| 214|0x00000000ed600000, 0x00000000ed700000, 0x00000000ed700000|100%| E|CS|TAMS 0x00000000ed600000| PB 0x00000000ed600000| Complete 
| 215|0x00000000ed700000, 0x00000000ed800000, 0x00000000ed800000|100%| E|CS|TAMS 0x00000000ed700000| PB 0x00000000ed700000| Complete 
| 216|0x00000000ed800000, 0x00000000ed900000, 0x00000000ed900000|100%| E|CS|TAMS 0x00000000ed800000| PB 0x00000000ed800000| Complete 
| 217|0x00000000ed900000, 0x00000000eda00000, 0x00000000eda00000|100%| E|CS|TAMS 0x00000000ed900000| PB 0x00000000ed900000| Complete 
| 218|0x00000000eda00000, 0x00000000edb00000, 0x00000000edb00000|100%| E|CS|TAMS 0x00000000eda00000| PB 0x00000000eda00000| Complete 
| 219|0x00000000edb00000, 0x00000000edc00000, 0x00000000edc00000|100%| E|CS|TAMS 0x00000000edb00000| PB 0x00000000edb00000| Complete 
| 220|0x00000000edc00000, 0x00000000edd00000, 0x00000000edd00000|100%| E|CS|TAMS 0x00000000edc00000| PB 0x00000000edc00000| Complete 
| 221|0x00000000edd00000, 0x00000000ede00000, 0x00000000ede00000|100%| E|CS|TAMS 0x00000000edd00000| PB 0x00000000edd00000| Complete 
| 222|0x00000000ede00000, 0x00000000edf00000, 0x00000000edf00000|100%| E|CS|TAMS 0x00000000ede00000| PB 0x00000000ede00000| Complete 
| 223|0x00000000edf00000, 0x00000000ee000000, 0x00000000ee000000|100%| E|CS|TAMS 0x00000000edf00000| PB 0x00000000edf00000| Complete 
| 224|0x00000000ee000000, 0x00000000ee100000, 0x00000000ee100000|100%| E|CS|TAMS 0x00000000ee000000| PB 0x00000000ee000000| Complete 
| 225|0x00000000ee100000, 0x00000000ee200000, 0x00000000ee200000|100%| E|CS|TAMS 0x00000000ee100000| PB 0x00000000ee100000| Complete 
| 226|0x00000000ee200000, 0x00000000ee300000, 0x00000000ee300000|100%| E|CS|TAMS 0x00000000ee200000| PB 0x00000000ee200000| Complete 
| 227|0x00000000ee300000, 0x00000000ee400000, 0x00000000ee400000|100%| E|CS|TAMS 0x00000000ee300000| PB 0x00000000ee300000| Complete 
| 228|0x00000000ee400000, 0x00000000ee500000, 0x00000000ee500000|100%| E|CS|TAMS 0x00000000ee400000| PB 0x00000000ee400000| Complete 
| 229|0x00000000ee500000, 0x00000000ee600000, 0x00000000ee600000|100%| E|CS|TAMS 0x00000000ee500000| PB 0x00000000ee500000| Complete 
| 230|0x00000000ee600000, 0x00000000ee700000, 0x00000000ee700000|100%| E|CS|TAMS 0x00000000ee600000| PB 0x00000000ee600000| Complete 
| 231|0x00000000ee700000, 0x00000000ee800000, 0x00000000ee800000|100%| E|CS|TAMS 0x00000000ee700000| PB 0x00000000ee700000| Complete 
| 232|0x00000000ee800000, 0x00000000ee900000, 0x00000000ee900000|100%| E|CS|TAMS 0x00000000ee800000| PB 0x00000000ee800000| Complete 
| 233|0x00000000ee900000, 0x00000000eea00000, 0x00000000eea00000|100%| E|CS|TAMS 0x00000000ee900000| PB 0x00000000ee900000| Complete 
| 234|0x00000000eea00000, 0x00000000eeb00000, 0x00000000eeb00000|100%| E|CS|TAMS 0x00000000eea00000| PB 0x00000000eea00000| Complete 
| 235|0x00000000eeb00000, 0x00000000eec00000, 0x00000000eec00000|100%| E|CS|TAMS 0x00000000eeb00000| PB 0x00000000eeb00000| Complete 
| 236|0x00000000eec00000, 0x00000000eed00000, 0x00000000eed00000|100%| E|CS|TAMS 0x00000000eec00000| PB 0x00000000eec00000| Complete 
| 237|0x00000000eed00000, 0x00000000eee00000, 0x00000000eee00000|100%| E|CS|TAMS 0x00000000eed00000| PB 0x00000000eed00000| Complete 
| 238|0x00000000eee00000, 0x00000000eef00000, 0x00000000eef00000|100%| E|CS|TAMS 0x00000000eee00000| PB 0x00000000eee00000| Complete 
| 239|0x00000000eef00000, 0x00000000ef000000, 0x00000000ef000000|100%| E|CS|TAMS 0x00000000eef00000| PB 0x00000000eef00000| Complete 
| 240|0x00000000ef000000, 0x00000000ef100000, 0x00000000ef100000|100%| E|CS|TAMS 0x00000000ef000000| PB 0x00000000ef000000| Complete 
| 241|0x00000000ef100000, 0x00000000ef200000, 0x00000000ef200000|100%| E|CS|TAMS 0x00000000ef100000| PB 0x00000000ef100000| Complete 
| 242|0x00000000ef200000, 0x00000000ef300000, 0x00000000ef300000|100%| E|CS|TAMS 0x00000000ef200000| PB 0x00000000ef200000| Complete 
| 243|0x00000000ef300000, 0x00000000ef400000, 0x00000000ef400000|100%| E|CS|TAMS 0x00000000ef300000| PB 0x00000000ef300000| Complete 
| 244|0x00000000ef400000, 0x00000000ef500000, 0x00000000ef500000|100%| E|CS|TAMS 0x00000000ef400000| PB 0x00000000ef400000| Complete 
| 245|0x00000000ef500000, 0x00000000ef600000, 0x00000000ef600000|100%| E|CS|TAMS 0x00000000ef500000| PB 0x00000000ef500000| Complete 
| 246|0x00000000ef600000, 0x00000000ef700000, 0x00000000ef700000|100%| E|CS|TAMS 0x00000000ef600000| PB 0x00000000ef600000| Complete 
| 247|0x00000000ef700000, 0x00000000ef800000, 0x00000000ef800000|100%| E|CS|TAMS 0x00000000ef700000| PB 0x00000000ef700000| Complete 
| 248|0x00000000ef800000, 0x00000000ef900000, 0x00000000ef900000|100%| E|CS|TAMS 0x00000000ef800000| PB 0x00000000ef800000| Complete 
| 249|0x00000000ef900000, 0x00000000efa00000, 0x00000000efa00000|100%| E|CS|TAMS 0x00000000ef900000| PB 0x00000000ef900000| Complete 
| 250|0x00000000efa00000, 0x00000000efb00000, 0x00000000efb00000|100%| E|CS|TAMS 0x00000000efa00000| PB 0x00000000efa00000| Complete 
| 251|0x00000000efb00000, 0x00000000efc00000, 0x00000000efc00000|100%| E|CS|TAMS 0x00000000efb00000| PB 0x00000000efb00000| Complete 
| 252|0x00000000efc00000, 0x00000000efd00000, 0x00000000efd00000|100%| E|CS|TAMS 0x00000000efc00000| PB 0x00000000efc00000| Complete 
| 253|0x00000000efd00000, 0x00000000efe00000, 0x00000000efe00000|100%| E|CS|TAMS 0x00000000efd00000| PB 0x00000000efd00000| Complete 
| 254|0x00000000efe00000, 0x00000000eff00000, 0x00000000eff00000|100%| E|CS|TAMS 0x00000000efe00000| PB 0x00000000efe00000| Complete 
| 255|0x00000000eff00000, 0x00000000f0000000, 0x00000000f0000000|100%| E|CS|TAMS 0x00000000eff00000| PB 0x00000000eff00000| Complete 

Card table byte_map: [0x000001f55c1a0000,0x000001f55c2a0000] _byte_map_base: 0x000001f55baa0000

Marking Bits: (CMBitMap*) 0x000001f549651fe0
 Bits: [0x000001f55c2a0000, 0x000001f55caa0000)

Polling page: 0x000001f548de0000

Metaspace:

Usage:
  Non-class:     56.55 MB used.
      Class:      9.81 MB used.
       Both:     66.36 MB used.

Virtual space:
  Non-class space:       64.00 MB reserved,      57.75 MB ( 90%) committed,  1 nodes.
      Class space:      320.00 MB reserved,      10.94 MB (  3%) committed,  1 nodes.
             Both:      384.00 MB reserved,      68.69 MB ( 18%) committed. 

Chunk freelists:
   Non-Class:  5.92 MB
       Class:  5.06 MB
        Both:  10.99 MB

MaxMetaspaceSize: 384.00 MB
CompressedClassSpaceSize: 320.00 MB
Initial GC threshold: 21.00 MB
Current GC threshold: 100.75 MB
CDS: on
 - commit_granule_bytes: 65536.
 - commit_granule_words: 8192.
 - virtual_space_node_default_size: 8388608.
 - enlarge_chunks_in_place: 1.
 - use_allocation_guard: 0.


Internal statistics:

num_allocs_failed_limit: 18.
num_arena_births: 4172.
num_arena_deaths: 0.
num_vsnodes_births: 2.
num_vsnodes_deaths: 0.
num_space_committed: 1099.
num_space_uncommitted: 0.
num_chunks_returned_to_freelist: 18.
num_chunks_taken_from_freelist: 7524.
num_chunk_merges: 15.
num_chunk_splits: 4750.
num_chunks_enlarged: 2772.
num_inconsistent_stats: 0.

CodeHeap 'non-profiled nmethods': size=119168Kb used=6202Kb max_used=6202Kb free=112965Kb
 bounds [0x000001f5543c0000, 0x000001f5549d0000, 0x000001f55b820000]
CodeHeap 'profiled nmethods': size=119104Kb used=19883Kb max_used=19883Kb free=99220Kb
 bounds [0x000001f54c820000, 0x000001f54db90000, 0x000001f553c70000]
CodeHeap 'non-nmethods': size=7488Kb used=1966Kb max_used=3714Kb free=5521Kb
 bounds [0x000001f553c70000, 0x000001f554120000, 0x000001f5543c0000]
CodeCache: size=245760Kb, used=28051Kb, max_used=29799Kb, free=217706Kb
 total_blobs=11377, nmethods=10552, adapters=729, full_count=0
Compilation: enabled, stopped_count=0, restarted_count=0

Compilation events (20 events):
Event: 114.271 Thread 0x000001f57bdae620 nmethod 11184 0x000001f54db82f90 code [0x000001f54db83140, 0x000001f54db832f8]
Event: 114.271 Thread 0x000001f57bdac410 11186       3       java.util.IdentityHashMap::isEmpty (13 bytes)
Event: 114.272 Thread 0x000001f57bdac410 nmethod 11186 0x000001f54db83390 code [0x000001f54db83520, 0x000001f54db83680]
Event: 114.444 Thread 0x000001f55faa9970 11187       4       org.gradle.internal.logging.slf4j.OutputEventListenerBackedLogger::debug (7 bytes)
Event: 114.449 Thread 0x000001f55faa9970 nmethod 11187 0x000001f5549c3c90 code [0x000001f5549c3e40, 0x000001f5549c4028]
Event: 114.470 Thread 0x000001f55fad0ff0 11189       3       jdk.internal.vm.SharedThreadContainer::onExit (19 bytes)
Event: 114.470 Thread 0x000001f57bdac410 11190       3       java.lang.ThreadLocal::isPresent (26 bytes)
Event: 114.471 Thread 0x000001f55fad0ff0 nmethod 11189 0x000001f54db83710 code [0x000001f54db838e0, 0x000001f54db83c40]
Event: 114.471 Thread 0x000001f57bdac410 nmethod 11190 0x000001f54db83d90 code [0x000001f54db83f60, 0x000001f54db84230]
Event: 114.614 Thread 0x000001f55faa9970 11191       4       java.util.concurrent.ConcurrentLinkedQueue$Itr::hasNext (13 bytes)
Event: 114.615 Thread 0x000001f55faa9970 nmethod 11191 0x000001f5549c4290 code [0x000001f5549c4420, 0x000001f5549c44b0]
Event: 114.615 Thread 0x000001f55faa9970 11192  s!   4       org.gradle.internal.service.DefaultServiceRegistry$ManagedObjectServiceProvider::stop (58 bytes)
Event: 114.625 Thread 0x000001f55fad0ff0 11194       3       java.util.concurrent.CopyOnWriteArraySet::remove (9 bytes)
Event: 114.625 Thread 0x000001f57bdae620 11195       3       java.util.concurrent.CopyOnWriteArrayList::remove (34 bytes)
Event: 114.625 Thread 0x000001f57bdac410 11196       3       sun.nio.ch.FileDispatcherImpl::lock (11 bytes)
Event: 114.625 Thread 0x000001f55fad0ff0 nmethod 11194 0x000001f54db84310 code [0x000001f54db844c0, 0x000001f54db84620]
Event: 114.626 Thread 0x000001f57bdac410 nmethod 11196 0x000001f54db84710 code [0x000001f54db848c0, 0x000001f54db84a08]
Event: 114.626 Thread 0x000001f57bdae620 nmethod 11195 0x000001f54db84b10 code [0x000001f54db84ce0, 0x000001f54db84f20]
Event: 114.715 Thread 0x000001f57bdae620 11197   !   3       java.util.logging.Logger$ConfigurationData::setLevelValue (43 bytes)
Event: 114.716 Thread 0x000001f57bdae620 nmethod 11197 0x000001f54db85010 code [0x000001f54db851c0, 0x000001f54db85410]

GC Heap History (20 events):
Event: 6.007 GC heap before
{Heap before GC invocations=1 (full 0):
 garbage-first heap   total 262144K, used 39595K [0x00000000e0000000, 0x0000000100000000)
  region size 1024K, 30 young (30720K), 3 survivors (3072K)
 Metaspace       used 4714K, committed 4928K, reserved 393216K
  class space    used 594K, committed 704K, reserved 327680K
}
Event: 6.013 GC heap after
{Heap after GC invocations=2 (full 0):
 garbage-first heap   total 262144K, used 15119K [0x00000000e0000000, 0x0000000100000000)
  region size 1024K, 3 young (3072K), 3 survivors (3072K)
 Metaspace       used 4714K, committed 4928K, reserved 393216K
  class space    used 594K, committed 704K, reserved 327680K
}
Event: 12.165 GC heap before
{Heap before GC invocations=2 (full 0):
 garbage-first heap   total 262144K, used 84751K [0x00000000e0000000, 0x0000000100000000)
  region size 1024K, 72 young (73728K), 3 survivors (3072K)
 Metaspace       used 16069K, committed 16576K, reserved 393216K
  class space    used 2197K, committed 2432K, reserved 327680K
}
Event: 12.203 GC heap after
{Heap after GC invocations=3 (full 0):
 garbage-first heap   total 262144K, used 22012K [0x00000000e0000000, 0x0000000100000000)
  region size 1024K, 9 young (9216K), 9 survivors (9216K)
 Metaspace       used 16069K, committed 16576K, reserved 393216K
  class space    used 2197K, committed 2432K, reserved 327680K
}
Event: 14.894 GC heap before
{Heap before GC invocations=3 (full 0):
 garbage-first heap   total 262144K, used 54780K [0x00000000e0000000, 0x0000000100000000)
  region size 1024K, 42 young (43008K), 9 survivors (9216K)
 Metaspace       used 20901K, committed 21504K, reserved 393216K
  class space    used 2976K, committed 3264K, reserved 327680K
}
Event: 14.909 GC heap after
{Heap after GC invocations=4 (full 0):
 garbage-first heap   total 262144K, used 25187K [0x00000000e0000000, 0x0000000100000000)
  region size 1024K, 3 young (3072K), 3 survivors (3072K)
 Metaspace       used 20901K, committed 21504K, reserved 393216K
  class space    used 2976K, committed 3264K, reserved 327680K
}
Event: 21.662 GC heap before
{Heap before GC invocations=5 (full 0):
 garbage-first heap   total 262144K, used 128611K [0x00000000e0000000, 0x0000000100000000)
  region size 1024K, 104 young (106496K), 3 survivors (3072K)
 Metaspace       used 34588K, committed 35968K, reserved 393216K
  class space    used 5172K, committed 5824K, reserved 327680K
}
Event: 21.680 GC heap after
{Heap after GC invocations=6 (full 0):
 garbage-first heap   total 262144K, used 30333K [0x00000000e0000000, 0x0000000100000000)
  region size 1024K, 8 young (8192K), 8 survivors (8192K)
 Metaspace       used 34588K, committed 35968K, reserved 393216K
  class space    used 5172K, committed 5824K, reserved 327680K
}
Event: 21.886 GC heap before
{Heap before GC invocations=6 (full 0):
 garbage-first heap   total 262144K, used 32381K [0x00000000e0000000, 0x0000000100000000)
  region size 1024K, 11 young (11264K), 8 survivors (8192K)
 Metaspace       used 34938K, committed 36288K, reserved 393216K
  class space    used 5225K, committed 5888K, reserved 327680K
}
Event: 21.897 GC heap after
{Heap after GC invocations=7 (full 0):
 garbage-first heap   total 262144K, used 30422K [0x00000000e0000000, 0x0000000100000000)
  region size 1024K, 8 young (8192K), 8 survivors (8192K)
 Metaspace       used 34938K, committed 36288K, reserved 393216K
  class space    used 5225K, committed 5888K, reserved 327680K
}
Event: 22.078 GC heap before
{Heap before GC invocations=7 (full 0):
 garbage-first heap   total 262144K, used 32470K [0x00000000e0000000, 0x0000000100000000)
  region size 1024K, 12 young (12288K), 8 survivors (8192K)
 Metaspace       used 35267K, committed 36608K, reserved 393216K
  class space    used 5275K, committed 5952K, reserved 327680K
}
Event: 22.089 GC heap after
{Heap after GC invocations=8 (full 0):
 garbage-first heap   total 262144K, used 31973K [0x00000000e0000000, 0x0000000100000000)
  region size 1024K, 10 young (10240K), 10 survivors (10240K)
 Metaspace       used 35267K, committed 36608K, reserved 393216K
  class space    used 5275K, committed 5952K, reserved 327680K
}
Event: 36.381 GC heap before
{Heap before GC invocations=9 (full 0):
 garbage-first heap   total 262144K, used 177381K [0x00000000e0000000, 0x0000000100000000)
  region size 1024K, 153 young (156672K), 10 survivors (10240K)
 Metaspace       used 54626K, committed 56576K, reserved 393216K
  class space    used 8096K, committed 9024K, reserved 327680K
}
Event: 36.427 GC heap after
{Heap after GC invocations=10 (full 0):
 garbage-first heap   total 262144K, used 42667K [0x00000000e0000000, 0x0000000100000000)
  region size 1024K, 20 young (20480K), 20 survivors (20480K)
 Metaspace       used 54626K, committed 56576K, reserved 393216K
  class space    used 8096K, committed 9024K, reserved 327680K
}
Event: 43.745 GC heap before
{Heap before GC invocations=10 (full 0):
 garbage-first heap   total 262144K, used 96939K [0x00000000e0000000, 0x0000000100000000)
  region size 1024K, 75 young (76800K), 20 survivors (20480K)
 Metaspace       used 59382K, committed 61440K, reserved 393216K
  class space    used 8765K, committed 9792K, reserved 327680K
}
Event: 43.780 GC heap after
{Heap after GC invocations=11 (full 0):
 garbage-first heap   total 262144K, used 46854K [0x00000000e0000000, 0x0000000100000000)
  region size 1024K, 5 young (5120K), 5 survivors (5120K)
 Metaspace       used 59382K, committed 61440K, reserved 393216K
  class space    used 8765K, committed 9792K, reserved 327680K
}
Event: 48.590 GC heap before
{Heap before GC invocations=11 (full 0):
 garbage-first heap   total 262144K, used 51974K [0x00000000e0000000, 0x0000000100000000)
  region size 1024K, 11 young (11264K), 5 survivors (5120K)
 Metaspace       used 59717K, committed 61760K, reserved 393216K
  class space    used 8825K, committed 9856K, reserved 327680K
}
Event: 48.595 GC heap after
{Heap after GC invocations=12 (full 0):
 garbage-first heap   total 262144K, used 46951K [0x00000000e0000000, 0x0000000100000000)
  region size 1024K, 6 young (6144K), 6 survivors (6144K)
 Metaspace       used 59717K, committed 61760K, reserved 393216K
  class space    used 8825K, committed 9856K, reserved 327680K
}
Event: 75.430 GC heap before
{Heap before GC invocations=13 (full 0):
 garbage-first heap   total 262144K, used 197479K [0x00000000e0000000, 0x0000000100000000)
  region size 1024K, 153 young (156672K), 6 survivors (6144K)
 Metaspace       used 67304K, committed 69696K, reserved 393216K
  class space    used 10025K, committed 11200K, reserved 327680K
}
Event: 75.443 GC heap after
{Heap after GC invocations=14 (full 0):
 garbage-first heap   total 262144K, used 57357K [0x00000000e0000000, 0x0000000100000000)
  region size 1024K, 16 young (16384K), 16 survivors (16384K)
 Metaspace       used 67304K, committed 69696K, reserved 393216K
  class space    used 10025K, committed 11200K, reserved 327680K
}

Dll operation events (20 events):
Event: 0.862 Attempting to load shared library C:\Users\chae0\.vscode\extensions\redhat.java-1.56.0-win32-x64\jre\21.0.12.1-win32-x86_64\bin\nio.dll
Event: 0.864 Loaded shared library C:\Users\chae0\.vscode\extensions\redhat.java-1.56.0-win32-x64\jre\21.0.12.1-win32-x86_64\bin\nio.dll
Event: 0.874 Attempting to load shared library C:\Users\chae0\.vscode\extensions\redhat.java-1.56.0-win32-x64\jre\21.0.12.1-win32-x86_64\bin\zip.dll
Event: 0.874 Loaded shared library C:\Users\chae0\.vscode\extensions\redhat.java-1.56.0-win32-x64\jre\21.0.12.1-win32-x86_64\bin\zip.dll
Event: 1.715 Attempting to load shared library C:\Users\chae0\.vscode\extensions\redhat.java-1.56.0-win32-x64\jre\21.0.12.1-win32-x86_64\bin\jimage.dll
Event: 1.715 Loaded shared library C:\Users\chae0\.vscode\extensions\redhat.java-1.56.0-win32-x64\jre\21.0.12.1-win32-x86_64\bin\jimage.dll
Event: 2.858 Attempting to load shared library C:\Users\chae0\.vscode\extensions\redhat.java-1.56.0-win32-x64\jre\21.0.12.1-win32-x86_64\bin\verify.dll
Event: 2.859 Loaded shared library C:\Users\chae0\.vscode\extensions\redhat.java-1.56.0-win32-x64\jre\21.0.12.1-win32-x86_64\bin\verify.dll
Event: 3.063 Attempting to load shared library C:\Users\chae0\.gradle\native\660c5614fbf4a5f2a75b1949f50a0caf5cd603558e7d8a26e50b933a0cfb79d1\windows-amd64\native-platform.dll
Event: 3.065 Loaded shared library C:\Users\chae0\.gradle\native\660c5614fbf4a5f2a75b1949f50a0caf5cd603558e7d8a26e50b933a0cfb79d1\windows-amd64\native-platform.dll
Event: 3.118 Attempting to load shared library C:\Users\chae0\.gradle\native\0.2.8\x86_64-windows-gnu\gradle-fileevents.dll
Event: 3.262 Loaded shared library C:\Users\chae0\.gradle\native\0.2.8\x86_64-windows-gnu\gradle-fileevents.dll
Event: 7.446 Attempting to load shared library C:\Users\chae0\.vscode\extensions\redhat.java-1.56.0-win32-x64\jre\21.0.12.1-win32-x86_64\bin\management.dll
Event: 7.448 Loaded shared library C:\Users\chae0\.vscode\extensions\redhat.java-1.56.0-win32-x64\jre\21.0.12.1-win32-x86_64\bin\management.dll
Event: 7.458 Attempting to load shared library C:\Users\chae0\.vscode\extensions\redhat.java-1.56.0-win32-x64\jre\21.0.12.1-win32-x86_64\bin\management_ext.dll
Event: 7.461 Loaded shared library C:\Users\chae0\.vscode\extensions\redhat.java-1.56.0-win32-x64\jre\21.0.12.1-win32-x86_64\bin\management_ext.dll
Event: 8.660 Attempting to load shared library C:\Users\chae0\.vscode\extensions\redhat.java-1.56.0-win32-x64\jre\21.0.12.1-win32-x86_64\bin\extnet.dll
Event: 8.669 Loaded shared library C:\Users\chae0\.vscode\extensions\redhat.java-1.56.0-win32-x64\jre\21.0.12.1-win32-x86_64\bin\extnet.dll
Event: 9.756 Attempting to load shared library C:\Users\chae0\.vscode\extensions\redhat.java-1.56.0-win32-x64\jre\21.0.12.1-win32-x86_64\bin\sunmscapi.dll
Event: 9.765 Loaded shared library C:\Users\chae0\.vscode\extensions\redhat.java-1.56.0-win32-x64\jre\21.0.12.1-win32-x86_64\bin\sunmscapi.dll

Deoptimization events (20 events):
Event: 101.300 Thread 0x000001f579651550 DEOPT PACKING pc=0x000001f54d0d58cb sp=0x000000b59def7bb0
Event: 101.300 Thread 0x000001f579651550 DEOPT UNPACKING pc=0x000001f553cc4bc2 sp=0x000000b59def7048 mode 0
Event: 101.604 Thread 0x000001f579651550 Uncommon trap: trap_request=0xffffffd6 fr.pc=0x000001f554956298 relative=0x0000000000000d58
Event: 101.604 Thread 0x000001f579651550 Uncommon trap: reason=array_check action=maybe_recompile pc=0x000001f554956298 method=java.util.ComparableTimSort.binarySort([Ljava/lang/Object;III)V @ 215 c2
Event: 101.604 Thread 0x000001f579651550 DEOPT PACKING pc=0x000001f554956298 sp=0x000000b59def7360
Event: 101.604 Thread 0x000001f579651550 DEOPT UNPACKING pc=0x000001f553cc4422 sp=0x000000b59def7340 mode 2
Event: 101.610 Thread 0x000001f57e651a10 Uncommon trap: trap_request=0xffffff45 fr.pc=0x000001f5549645a8 relative=0x00000000000002a8
Event: 101.610 Thread 0x000001f57e651a10 Uncommon trap: reason=unstable_if action=reinterpret pc=0x000001f5549645a8 method=java.util.concurrent.ConcurrentHashMap.addCount(JI)V @ 68 c2
Event: 101.610 Thread 0x000001f57e651a10 DEOPT PACKING pc=0x000001f5549645a8 sp=0x000000b5a18fd950
Event: 101.610 Thread 0x000001f57e651a10 DEOPT UNPACKING pc=0x000001f553cc4422 sp=0x000000b5a18fd890 mode 2
Event: 110.469 Thread 0x000001f579651550 DEOPT PACKING pc=0x000001f54d2b8562 sp=0x000000b59def8ff0
Event: 110.469 Thread 0x000001f579651550 DEOPT UNPACKING pc=0x000001f553cc4bc2 sp=0x000000b59def84b0 mode 0
Event: 113.969 Thread 0x000001f579651550 DEOPT PACKING pc=0x000001f54d754cb6 sp=0x000000b59def6310
Event: 113.969 Thread 0x000001f579651550 DEOPT UNPACKING pc=0x000001f553cc4bc2 sp=0x000000b59def5848 mode 0
Event: 113.970 Thread 0x000001f579651550 DEOPT PACKING pc=0x000001f54d754cb6 sp=0x000000b59def6310
Event: 113.970 Thread 0x000001f579651550 DEOPT UNPACKING pc=0x000001f553cc4bc2 sp=0x000000b59def5848 mode 0
Event: 113.970 Thread 0x000001f579651550 Uncommon trap: trap_request=0xffffffd6 fr.pc=0x000001f554956298 relative=0x0000000000000d58
Event: 113.970 Thread 0x000001f579651550 Uncommon trap: reason=array_check action=maybe_recompile pc=0x000001f554956298 method=java.util.ComparableTimSort.binarySort([Ljava/lang/Object;III)V @ 215 c2
Event: 113.971 Thread 0x000001f579651550 DEOPT PACKING pc=0x000001f554956298 sp=0x000000b59def7360
Event: 113.971 Thread 0x000001f579651550 DEOPT UNPACKING pc=0x000001f553cc4422 sp=0x000000b59def7340 mode 2

Classes loaded (20 events):
Event: 66.947 Loading class java/lang/BooleanCustomizer
Event: 66.947 Loading class java/lang/BooleanCustomizer done
Event: 66.947 Loading class java/lang/BooleanCustomizer
Event: 66.947 Loading class java/lang/BooleanCustomizer done
Event: 66.948 Loading class jdk/internal/ValueBased
Event: 66.948 Loading class jdk/internal/ValueBased done
Event: 67.818 Loading class sun/net/ConnectionResetException
Event: 67.818 Loading class sun/net/ConnectionResetException done
Event: 67.841 Loading class java/lang/Throwable$WrappedPrintWriter
Event: 67.841 Loading class java/lang/Throwable$PrintStreamOrWriter
Event: 67.841 Loading class java/lang/Throwable$PrintStreamOrWriter done
Event: 67.841 Loading class java/lang/Throwable$WrappedPrintWriter done
Event: 67.842 Loading class java/lang/StackTraceElement$HashedModules
Event: 67.842 Loading class java/lang/StackTraceElement$HashedModules done
Event: 67.941 Loading class java/util/logging/LogRecord
Event: 67.941 Loading class java/util/logging/LogRecord done
Event: 68.455 Loading class java/util/concurrent/CompletableFuture$Signaller
Event: 68.456 Loading class java/util/concurrent/CompletableFuture$Signaller done
Event: 93.462 Loading class java/util/Collections$EmptyListIterator
Event: 93.521 Loading class java/util/Collections$EmptyListIterator done

Classes unloaded (0 events):
No events

Classes redefined (0 events):
No events

Internal exceptions (20 events):
Event: 93.527 Thread 0x000001f57db65380 Exception <a 'java/lang/NoSuchMethodError'{0x00000000ee2c0c20}: static [B.<clinit>()V> (0x00000000ee2c0c20) 
thrown [s\src\hotspot\share\prims\jni.cpp, line 1111]
Event: 94.202 Thread 0x000001f57db66730 Exception <a 'sun/net/ConnectionResetException'{0x00000000ee3b9f20}: Connection reset> (0x00000000ee3b9f20) 
thrown [s\src\hotspot\share\prims\jni.cpp, line 539]
Event: 94.205 Thread 0x000001f57db632b0 Exception <a 'sun/net/ConnectionResetException'{0x00000000ee420858}: Connection reset> (0x00000000ee420858) 
thrown [s\src\hotspot\share\prims\jni.cpp, line 539]
Event: 99.888 Thread 0x000001f579651550 Exception <a 'sun/nio/fs/WindowsException'{0x00000000edeedbc0}> (0x00000000edeedbc0) 
thrown [s\src\hotspot\share\prims\jni.cpp, line 520]
Event: 99.913 Thread 0x000001f579651550 Exception <a 'sun/nio/fs/WindowsException'{0x00000000edeef0a0}> (0x00000000edeef0a0) 
thrown [s\src\hotspot\share\prims\jni.cpp, line 520]
Event: 99.940 Thread 0x000001f579651550 Exception <a 'sun/nio/fs/WindowsException'{0x00000000edef0570}> (0x00000000edef0570) 
thrown [s\src\hotspot\share\prims\jni.cpp, line 520]
Event: 99.971 Thread 0x000001f579651550 Exception <a 'sun/nio/fs/WindowsException'{0x00000000edef1a20}> (0x00000000edef1a20) 
thrown [s\src\hotspot\share\prims\jni.cpp, line 520]
Event: 101.610 Thread 0x000001f57e651a10 Implicit null exception at 0x000001f5549643b3 to 0x000001f554964590
Event: 101.665 Thread 0x000001f579651550 Exception <a 'java/lang/NoClassDefFoundError'{0x00000000ed7d0ef0}: org/jetbrains/kotlin/gradle/plugin/KotlinPluginWrapper> (0x00000000ed7d0ef0) 
thrown [s\src\hotspot\share\oops\constantPool.cpp, line 873]
Event: 101.665 Thread 0x000001f579651550 Exception <a 'java/lang/NoClassDefFoundError'{0x00000000ed7d35a8}: org/graalvm/buildtools/gradle/NativeImagePlugin> (0x00000000ed7d35a8) 
thrown [s\src\hotspot\share\oops\constantPool.cpp, line 873]
Event: 101.665 Thread 0x000001f579651550 Exception <a 'java/lang/NoClassDefFoundError'{0x00000000ed7d5c50}: org/cyclonedx/gradle/CyclonedxPlugin> (0x00000000ed7d5c50) 
thrown [s\src\hotspot\share\oops\constantPool.cpp, line 873]
Event: 101.887 Thread 0x000001f579651550 Exception <a 'sun/nio/fs/WindowsException'{0x00000000ed6329d8}> (0x00000000ed6329d8) 
thrown [s\src\hotspot\share\prims\jni.cpp, line 520]
Event: 111.288 Thread 0x000001f579651550 Exception <a 'sun/nio/fs/WindowsException'{0x00000000ed076fb8}> (0x00000000ed076fb8) 
thrown [s\src\hotspot\share\prims\jni.cpp, line 520]
Event: 111.338 Thread 0x000001f579651550 Exception <a 'sun/nio/fs/WindowsException'{0x00000000ed078498}> (0x00000000ed078498) 
thrown [s\src\hotspot\share\prims\jni.cpp, line 520]
Event: 111.400 Thread 0x000001f579651550 Exception <a 'sun/nio/fs/WindowsException'{0x00000000ed079968}> (0x00000000ed079968) 
thrown [s\src\hotspot\share\prims\jni.cpp, line 520]
Event: 111.442 Thread 0x000001f579651550 Exception <a 'sun/nio/fs/WindowsException'{0x00000000ed07ae18}> (0x00000000ed07ae18) 
thrown [s\src\hotspot\share\prims\jni.cpp, line 520]
Event: 114.020 Thread 0x000001f579651550 Exception <a 'java/lang/NoClassDefFoundError'{0x00000000ec9697c8}: org/jetbrains/kotlin/gradle/plugin/KotlinPluginWrapper> (0x00000000ec9697c8) 
thrown [s\src\hotspot\share\oops\constantPool.cpp, line 873]
Event: 114.021 Thread 0x000001f579651550 Exception <a 'java/lang/NoClassDefFoundError'{0x00000000ec96be80}: org/graalvm/buildtools/gradle/NativeImagePlugin> (0x00000000ec96be80) 
thrown [s\src\hotspot\share\oops\constantPool.cpp, line 873]
Event: 114.021 Thread 0x000001f579651550 Exception <a 'java/lang/NoClassDefFoundError'{0x00000000ec96e528}: org/cyclonedx/gradle/CyclonedxPlugin> (0x00000000ec96e528) 
thrown [s\src\hotspot\share\oops\constantPool.cpp, line 873]
Event: 114.279 Thread 0x000001f579651550 Exception <a 'sun/nio/fs/WindowsException'{0x00000000ec9ce8f0}> (0x00000000ec9ce8f0) 
thrown [s\src\hotspot\share\prims\jni.cpp, line 520]

ZGC Phase Switch (0 events):
No events

VM Operations (20 events):
Event: 100.710 Executing safepoint VM operation: Cleanup
Event: 100.710 Executing safepoint VM operation: Cleanup done
Event: 101.725 Executing safepoint VM operation: Cleanup
Event: 101.725 Executing safepoint VM operation: Cleanup done
Event: 102.726 Executing safepoint VM operation: Cleanup
Event: 102.726 Executing safepoint VM operation: Cleanup done
Event: 103.741 Executing safepoint VM operation: Cleanup
Event: 103.741 Executing safepoint VM operation: Cleanup done
Event: 104.744 Executing safepoint VM operation: Cleanup
Event: 104.744 Executing safepoint VM operation: Cleanup done
Event: 109.805 Executing safepoint VM operation: Cleanup
Event: 109.805 Executing safepoint VM operation: Cleanup done
Event: 110.817 Executing safepoint VM operation: Cleanup
Event: 110.817 Executing safepoint VM operation: Cleanup done
Event: 111.828 Executing safepoint VM operation: Cleanup
Event: 111.828 Executing safepoint VM operation: Cleanup done
Event: 112.844 Executing safepoint VM operation: Cleanup
Event: 112.844 Executing safepoint VM operation: Cleanup done
Event: 113.856 Executing safepoint VM operation: Cleanup
Event: 113.856 Executing safepoint VM operation: Cleanup done

Memory protections (0 events):
No events

Nmethod flushes (20 events):
Event: 48.665 Thread 0x000001f55fa7f260 flushing  nmethod 0x000001f54cd60f90
Event: 48.665 Thread 0x000001f55fa7f260 flushing  nmethod 0x000001f54cde5e90
Event: 48.665 Thread 0x000001f55fa7f260 flushing  nmethod 0x000001f54ce11610
Event: 48.665 Thread 0x000001f55fa7f260 flushing  nmethod 0x000001f54c8f2690
Event: 48.665 Thread 0x000001f55fa7f260 flushing  nmethod 0x000001f54c9f5090
Event: 48.665 Thread 0x000001f55fa7f260 flushing  nmethod 0x000001f54ca71c90
Event: 48.665 Thread 0x000001f55fa7f260 flushing  nmethod 0x000001f54cb00b90
Event: 48.665 Thread 0x000001f55fa7f260 flushing  nmethod 0x000001f54cb02990
Event: 48.665 Thread 0x000001f55fa7f260 flushing  nmethod 0x000001f54cb04f90
Event: 48.665 Thread 0x000001f55fa7f260 flushing  nmethod 0x000001f54cb50b90
Event: 48.665 Thread 0x000001f55fa7f260 flushing  nmethod 0x000001f54cb52010
Event: 48.665 Thread 0x000001f55fa7f260 flushing  nmethod 0x000001f54cb54610
Event: 48.665 Thread 0x000001f55fa7f260 flushing  nmethod 0x000001f54cb54d10
Event: 48.665 Thread 0x000001f55fa7f260 flushing  nmethod 0x000001f54cb82590
Event: 48.665 Thread 0x000001f55fa7f260 flushing  nmethod 0x000001f54cbf9e10
Event: 48.665 Thread 0x000001f55fa7f260 flushing  nmethod 0x000001f54cc00b10
Event: 48.665 Thread 0x000001f55fa7f260 flushing  nmethod 0x000001f5545e1310
Event: 48.665 Thread 0x000001f55fa7f260 flushing  nmethod 0x000001f5545e6b90
Event: 48.665 Thread 0x000001f55fa7f260 flushing  nmethod 0x000001f54c895610
Event: 48.665 Thread 0x000001f55fa7f260 flushing  nmethod 0x000001f54cdcdd90

Events (20 events):
Event: 114.471 Thread 0x000001f57be82fb0 Thread exited: 0x000001f57be82fb0
Event: 114.616 Thread 0x000001f57d5e6d80 Thread exited: 0x000001f57d5e6d80
Event: 114.625 Thread 0x000001f57e650660 Thread exited: 0x000001f57e650660
Event: 114.714 Thread 0x000001f57964e760 Thread exited: 0x000001f57964e760
Event: 114.714 Thread 0x000001f57db66730 Thread exited: 0x000001f57db66730
Event: 114.714 Thread 0x000001f57db63fd0 Thread exited: 0x000001f57db63fd0
Event: 114.714 Thread 0x000001f57be82290 Thread exited: 0x000001f57be82290
Event: 114.714 Thread 0x000001f57e657c80 Thread exited: 0x000001f57e657c80
Event: 114.715 Thread 0x000001f57db65380 Thread exited: 0x000001f57db65380
Event: 114.715 Thread 0x000001f579650830 Thread exited: 0x000001f579650830
Event: 114.715 Thread 0x000001f57e653450 Thread exited: 0x000001f57e653450
Event: 114.715 Thread 0x000001f57db632b0 Thread exited: 0x000001f57db632b0
Event: 114.715 Thread 0x000001f57db64cf0 Thread exited: 0x000001f57db64cf0
Event: 114.715 Thread 0x000001f57db66dc0 Thread exited: 0x000001f57db66dc0
Event: 114.715 Thread 0x000001f57be81c00 Thread exited: 0x000001f57be81c00
Event: 114.715 Thread 0x000001f57be81570 Thread exited: 0x000001f57be81570
Event: 114.715 Thread 0x000001f57be80850 Thread exited: 0x000001f57be80850
Event: 114.715 Thread 0x000001f579651be0 Thread exited: 0x000001f579651be0
Event: 114.715 Thread 0x000001f57be83cd0 Thread exited: 0x000001f57be83cd0
Event: 114.729 Thread 0x000001f57d5e6060 Thread exited: 0x000001f57d5e6060


Dynamic libraries:
0x00007ff72abc0000 - 0x00007ff72abce000 	C:\Users\chae0\.vscode\extensions\redhat.java-1.56.0-win32-x64\jre\21.0.12.1-win32-x86_64\bin\java.exe
0x00007ffad4800000 - 0x00007ffad4a66000 	C:\WINDOWS\SYSTEM32\ntdll.dll
0x00007ffad31a0000 - 0x00007ffad3269000 	C:\WINDOWS\System32\KERNEL32.DLL
0x00007ffad2030000 - 0x00007ffad242f000 	C:\WINDOWS\System32\KERNELBASE.dll
0x00007ffad1e40000 - 0x00007ffad1f8c000 	C:\WINDOWS\System32\ucrtbase.dll
0x00007ffa98610000 - 0x00007ffa9862e000 	C:\Users\chae0\.vscode\extensions\redhat.java-1.56.0-win32-x64\jre\21.0.12.1-win32-x86_64\bin\VCRUNTIME140.dll
0x00007ffa98630000 - 0x00007ffa98648000 	C:\Users\chae0\.vscode\extensions\redhat.java-1.56.0-win32-x64\jre\21.0.12.1-win32-x86_64\bin\jli.dll
0x00007ffad45f0000 - 0x00007ffad47b6000 	C:\WINDOWS\System32\USER32.dll
0x00007ffad2440000 - 0x00007ffad2467000 	C:\WINDOWS\System32\win32u.dll
0x00007ffad27d0000 - 0x00007ffad27fb000 	C:\WINDOWS\System32\GDI32.dll
0x00007ffad1b80000 - 0x00007ffad1ca9000 	C:\WINDOWS\System32\gdi32full.dll
0x00007ffaba140000 - 0x00007ffaba3d1000 	C:\WINDOWS\WinSxS\amd64_microsoft.windows.common-controls_6595b64144ccf1df_6.0.26100.8972_none_3e0da176e32f9d4b\COMCTL32.dll
0x00007ffad1ad0000 - 0x00007ffad1b73000 	C:\WINDOWS\System32\msvcp_win.dll
0x00007ffad2cc0000 - 0x00007ffad2d69000 	C:\WINDOWS\System32\msvcrt.dll
0x00007ffad2d70000 - 0x00007ffad2da2000 	C:\WINDOWS\System32\IMM32.DLL
0x00007ffacb160000 - 0x00007ffacb16c000 	C:\Users\chae0\.vscode\extensions\redhat.java-1.56.0-win32-x64\jre\21.0.12.1-win32-x86_64\bin\vcruntime140_1.dll
0x00007ffa5d7a0000 - 0x00007ffa5d82d000 	C:\Users\chae0\.vscode\extensions\redhat.java-1.56.0-win32-x64\jre\21.0.12.1-win32-x86_64\bin\msvcp140.dll
0x00007ffa002f0000 - 0x00007ffa01092000 	C:\Users\chae0\.vscode\extensions\redhat.java-1.56.0-win32-x64\jre\21.0.12.1-win32-x86_64\bin\server\jvm.dll
0x00007ffad2dc0000 - 0x00007ffad2e7c000 	C:\WINDOWS\System32\ADVAPI32.dll
0x00007ffad2530000 - 0x00007ffad25da000 	C:\WINDOWS\System32\sechost.dll
0x00007ffad36f0000 - 0x00007ffad3808000 	C:\WINDOWS\System32\RPCRT4.dll
0x00007ffad4560000 - 0x00007ffad45e2000 	C:\WINDOWS\System32\WS2_32.dll
0x00007ffad1870000 - 0x00007ffad18ce000 	C:\WINDOWS\SYSTEM32\POWRPROF.dll
0x00007ffac6c70000 - 0x00007ffac6ca6000 	C:\WINDOWS\SYSTEM32\WINMM.dll
0x00007ffabfd70000 - 0x00007ffabfd7b000 	C:\WINDOWS\SYSTEM32\VERSION.dll
0x00007ffad1850000 - 0x00007ffad1865000 	C:\WINDOWS\SYSTEM32\UMPDC.dll
0x00007ffad0700000 - 0x00007ffad071b000 	C:\WINDOWS\SYSTEM32\kernel.appcore.dll
0x00007ffa9c830000 - 0x00007ffa9c83a000 	C:\Users\chae0\.vscode\extensions\redhat.java-1.56.0-win32-x64\jre\21.0.12.1-win32-x86_64\bin\jimage.dll
0x00007ffacf080000 - 0x00007ffacf2c2000 	C:\WINDOWS\SYSTEM32\DBGHELP.DLL
0x00007ffad28e0000 - 0x00007ffad2c65000 	C:\WINDOWS\System32\combase.dll
0x00007ffad2800000 - 0x00007ffad28d9000 	C:\WINDOWS\System32\OLEAUT32.dll
0x00007ffab73f0000 - 0x00007ffab742b000 	C:\WINDOWS\SYSTEM32\dbgcore.DLL
0x00007ffad1a10000 - 0x00007ffad1abc000 	C:\WINDOWS\System32\bcryptPrimitives.dll
0x00007ffaa7e70000 - 0x00007ffaa7e7f000 	C:\Users\chae0\.vscode\extensions\redhat.java-1.56.0-win32-x64\jre\21.0.12.1-win32-x86_64\bin\instrument.dll
0x00007ffa97df0000 - 0x00007ffa97e10000 	C:\Users\chae0\.vscode\extensions\redhat.java-1.56.0-win32-x64\jre\21.0.12.1-win32-x86_64\bin\java.dll
0x00007ffad3ca0000 - 0x00007ffad4428000 	C:\WINDOWS\System32\SHELL32.dll
0x00007ffacf4e0000 - 0x00007ffacfd7b000 	C:\WINDOWS\SYSTEM32\windows.storage.dll
0x00007ffad2e90000 - 0x00007ffad2f89000 	C:\WINDOWS\System32\SHCORE.dll
0x00007ffad2760000 - 0x00007ffad27c6000 	C:\WINDOWS\System32\shlwapi.dll
0x00007ffad1930000 - 0x00007ffad1959000 	C:\WINDOWS\SYSTEM32\profapi.dll
0x00007ffa56a20000 - 0x00007ffa56a38000 	C:\Users\chae0\.vscode\extensions\redhat.java-1.56.0-win32-x64\jre\21.0.12.1-win32-x86_64\bin\zip.dll
0x00007ffa9c4c0000 - 0x00007ffa9c4d0000 	C:\Users\chae0\.vscode\extensions\redhat.java-1.56.0-win32-x64\jre\21.0.12.1-win32-x86_64\bin\net.dll
0x00007ffaca820000 - 0x00007ffaca948000 	C:\WINDOWS\SYSTEM32\WINHTTP.dll
0x00007ffad0cb0000 - 0x00007ffad0d1c000 	C:\WINDOWS\system32\mswsock.dll
0x00007ffa56a00000 - 0x00007ffa56a16000 	C:\Users\chae0\.vscode\extensions\redhat.java-1.56.0-win32-x64\jre\21.0.12.1-win32-x86_64\bin\nio.dll
0x00007ffaa7a80000 - 0x00007ffaa7a90000 	C:\Users\chae0\.vscode\extensions\redhat.java-1.56.0-win32-x64\jre\21.0.12.1-win32-x86_64\bin\verify.dll
0x00007ffa9bc00000 - 0x00007ffa9bc27000 	C:\Users\chae0\.gradle\native\660c5614fbf4a5f2a75b1949f50a0caf5cd603558e7d8a26e50b933a0cfb79d1\windows-amd64\native-platform.dll
0x00007ffa81b10000 - 0x00007ffa81b87000 	C:\Users\chae0\.gradle\native\0.2.8\x86_64-windows-gnu\gradle-fileevents.dll
0x00007ffaa4ac0000 - 0x00007ffaa4aca000 	C:\Users\chae0\.vscode\extensions\redhat.java-1.56.0-win32-x64\jre\21.0.12.1-win32-x86_64\bin\management.dll
0x00007ffaa3520000 - 0x00007ffaa352c000 	C:\Users\chae0\.vscode\extensions\redhat.java-1.56.0-win32-x64\jre\21.0.12.1-win32-x86_64\bin\management_ext.dll
0x00007ffad2750000 - 0x00007ffad2758000 	C:\WINDOWS\System32\PSAPI.DLL
0x00007ffad0120000 - 0x00007ffad0153000 	C:\WINDOWS\SYSTEM32\IPHLPAPI.DLL
0x00007ffad3450000 - 0x00007ffad345a000 	C:\WINDOWS\System32\NSI.dll
0x00007ffacd950000 - 0x00007ffacd959000 	C:\Users\chae0\.vscode\extensions\redhat.java-1.56.0-win32-x64\jre\21.0.12.1-win32-x86_64\bin\extnet.dll
0x00007ffad0fa0000 - 0x00007ffad0fbb000 	C:\WINDOWS\SYSTEM32\CRYPTSP.dll
0x00007ffad0660000 - 0x00007ffad0699000 	C:\WINDOWS\system32\rsaenh.dll
0x00007ffad0d60000 - 0x00007ffad0d92000 	C:\WINDOWS\SYSTEM32\USERENV.dll
0x00007ffad1900000 - 0x00007ffad192a000 	C:\WINDOWS\SYSTEM32\bcrypt.dll
0x00007ffad0fc0000 - 0x00007ffad0fcc000 	C:\WINDOWS\SYSTEM32\CRYPTBASE.dll
0x00007ffacd960000 - 0x00007ffacd96e000 	C:\Users\chae0\.vscode\extensions\redhat.java-1.56.0-win32-x64\jre\21.0.12.1-win32-x86_64\bin\sunmscapi.dll
0x00007ffad1cb0000 - 0x00007ffad1e2e000 	C:\WINDOWS\System32\CRYPT32.dll
0x00007ffad11e0000 - 0x00007ffad1210000 	C:\WINDOWS\SYSTEM32\ncrypt.dll
0x00007ffad1190000 - 0x00007ffad11cf000 	C:\WINDOWS\SYSTEM32\NTASN1.dll
0x00007ffa885b0000 - 0x00007ffa885b8000 	C:\WINDOWS\system32\wshunix.dll
0x00007ffad01c0000 - 0x00007ffad0318000 	C:\WINDOWS\SYSTEM32\DNSAPI.dll
0x00007ffad0a90000 - 0x00007ffad0a9d000 	C:\WINDOWS\SYSTEM32\DSPARSE.dll
0x00007ffac6200000 - 0x00007ffac620b000 	C:\Windows\System32\rasadhlp.dll
0x00007ffacac00000 - 0x00007ffacac86000 	C:\WINDOWS\System32\fwpuclnt.dll

JVMTI agents:
C:\Users\chae0\.gradle\wrapper\dists\gradle-9.4.1-bin\arn2x92ynaizyzdaamcbpbhtj\gradle-9.4.1\lib\agents\gradle-instrumentation-agent-9.4.1.jar path:C:\Users\chae0\.vscode\extensions\redhat.java-1.56.0-win32-x64\jre\21.0.12.1-win32-x86_64\bin\instrument.dll, loaded, initialized, instrumentlib options:none

dbghelp: loaded successfully - version: 4.0.5 - missing functions: none
symbol engine: initialized successfully - sym options: 0x614 - pdb path: .;C:\Users\chae0\.vscode\extensions\redhat.java-1.56.0-win32-x64\jre\21.0.12.1-win32-x86_64\bin;C:\WINDOWS\SYSTEM32;C:\WINDOWS\WinSxS\amd64_microsoft.windows.common-controls_6595b64144ccf1df_6.0.26100.8972_none_3e0da176e32f9d4b;C:\Users\chae0\.vscode\extensions\redhat.java-1.56.0-win32-x64\jre\21.0.12.1-win32-x86_64\bin\server;C:\Users\chae0\.gradle\native\660c5614fbf4a5f2a75b1949f50a0caf5cd603558e7d8a26e50b933a0cfb79d1\windows-amd64;C:\Users\chae0\.gradle\native\0.2.8\x86_64-windows-gnu

VM Arguments:
jvm_args: --add-opens=java.base/java.lang=ALL-UNNAMED --add-opens=java.base/java.lang.invoke=ALL-UNNAMED --add-opens=java.base/java.util=ALL-UNNAMED --add-opens=java.prefs/java.util.prefs=ALL-UNNAMED --add-exports=jdk.compiler/com.sun.tools.javac.api=ALL-UNNAMED --add-exports=jdk.compiler/com.sun.tools.javac.util=ALL-UNNAMED --add-opens=java.base/java.util=ALL-UNNAMED --add-opens=java.prefs/java.util.prefs=ALL-UNNAMED --add-opens=java.base/java.nio.charset=ALL-UNNAMED --add-opens=java.base/java.net=ALL-UNNAMED --add-opens=java.base/java.util.concurrent=ALL-UNNAMED --add-opens=java.base/java.util.concurrent.atomic=ALL-UNNAMED --add-opens=java.xml/javax.xml.namespace=ALL-UNNAMED --add-opens=java.base/java.time=ALL-UNNAMED -XX:MaxMetaspaceSize=384m -XX:+HeapDumpOnOutOfMemoryError -Xms256m -Xmx512m -Dfile.encoding=UTF-8 -Duser.country=KR -Duser.language=ko -Duser.variant -javaagent:C:\Users\chae0\.gradle\wrapper\dists\gradle-9.4.1-bin\arn2x92ynaizyzdaamcbpbhtj\gradle-9.4.1\lib\agents\gradle-instrumentation-agent-9.4.1.jar 
java_command: org.gradle.launcher.daemon.bootstrap.GradleDaemon 9.4.1
java_class_path (initial): C:\Users\chae0\.gradle\wrapper\dists\gradle-9.4.1-bin\arn2x92ynaizyzdaamcbpbhtj\gradle-9.4.1\lib\gradle-daemon-main-9.4.1.jar
Launcher Type: SUN_STANDARD

[Global flags]
     intx CICompilerCount                          = 12                                        {product} {ergonomic}
   size_t CompressedClassSpaceSize                 = 335544320                                 {product} {ergonomic}
     uint ConcGCThreads                            = 3                                         {product} {ergonomic}
     uint G1ConcRefinementThreads                  = 13                                        {product} {ergonomic}
   size_t G1HeapRegionSize                         = 1048576                                   {product} {ergonomic}
    uintx GCDrainStackTargetSize                   = 64                                        {product} {ergonomic}
     bool HeapDumpOnOutOfMemoryError               = true                                   {manageable} {command line}
   size_t InitialHeapSize                          = 268435456                                 {product} {command line}
   size_t MarkStackSize                            = 4194304                                   {product} {ergonomic}
   size_t MaxHeapSize                              = 536870912                                 {product} {command line}
   size_t MaxMetaspaceSize                         = 402653184                                 {product} {command line}
   size_t MaxNewSize                               = 321912832                                 {product} {ergonomic}
   size_t MinHeapDeltaBytes                        = 1048576                                   {product} {ergonomic}
   size_t MinHeapSize                              = 268435456                                 {product} {command line}
    uintx NonNMethodCodeHeapSize                   = 7602480                                {pd product} {ergonomic}
    uintx NonProfiledCodeHeapSize                  = 122027880                              {pd product} {ergonomic}
    uintx ProfiledCodeHeapSize                     = 122027880                              {pd product} {ergonomic}
    uintx ReservedCodeCacheSize                    = 251658240                              {pd product} {ergonomic}
     bool SegmentedCodeCache                       = true                                      {product} {ergonomic}
   size_t SoftMaxHeapSize                          = 536870912                              {manageable} {ergonomic}
     bool UseCompressedOops                        = true                           {product lp64_product} {ergonomic}
     bool UseG1GC                                  = true                                      {product} {ergonomic}
     bool UseLargePagesIndividualAllocation        = false                                  {pd product} {ergonomic}

Logging:
Log output configuration:
 #0: stdout all=warning uptime,level,tags foldmultilines=false
 #1: stderr all=off uptime,level,tags foldmultilines=false

Release file:
JAVA_VERSION="21.0.12.1" 
MODULES="java.base java.compiler java.datatransfer java.xml java.prefs java.desktop java.instrument java.logging java.management java.security.sasl java.naming java.rmi java.management.rmi java.net.http java.scripting java.security.jgss java.transaction.xa java.sql java.sql.rowset java.xml.crypto java.se java.smartcardio jdk.accessibility jdk.internal.jvmstat jdk.attach jdk.charsets jdk.internal.opt jdk.zipfs jdk.compiler jdk.crypto.ec jdk.crypto.cryptoki jdk.crypto.mscapi jdk.dynalink jdk.internal.ed jdk.editpad jdk.hotspot.agent jdk.httpserver jdk.internal.le jdk.internal.vm.ci jdk.internal.vm.compiler jdk.internal.vm.compiler.management jdk.jartool jdk.javadoc jdk.jcmd jdk.management jdk.management.agent jdk.jconsole jdk.jdeps jdk.jdwp.agent jdk.jdi jdk.jfr jdk.jshell jdk.jsobject jdk.jstatd jdk.localedata jdk.management.jfr jdk.naming.dns jdk.naming.rmi jdk.net jdk.nio.mapmode jdk.random jdk.sctp jdk.security.auth jdk.security.jgss jdk.unsupported jdk.unsupported.desktop jdk.xml.dom" 

Environment Variables:
JAVA_HOME=C:\Program Files\Java\jdk-21
CLASSPATH=c:\Users\chae0\.vscode\extensions\vscjava.vscode-gradle-3.18.0\lib\gradle-server.jar
PATH=C:\Python314\Scripts\;C:\Python314\;C:\Program Files (x86)\VMware\VMware Workstation\bin\;C:\Program Files\Common Files\Oracle\Java\javapath;C:\WINDOWS\system32;C:\WINDOWS;C:\WINDOWS\System32\Wbem;C:\WINDOWS\System32\WindowsPowerShell\v1.0\;C:\WINDOWS\System32\OpenSSH\;C:\Program Files\Java\jdk-21\bin\;C:\Program Files\Java\jdk-21bin;C:\Program Files\Microsoft SQL Server\Client SDK\ODBC\170\Tools\Binn\;C:\Program Files (x86)\Microsoft SQL Server\150\Tools\Binn\;C:\Program Files\Microsoft SQL Server\150\Tools\Binn\;C:\Program Files\Microsoft SQL Server\150\DTS\Binn\;C:\Program Files (x86)\Microsoft SQL Server\150\DTS\Binn\;C:\Program Files\Azure Data Studio\bin;C:\Program Files\Java\jdk-21BIN;C:\Users\chae0\Downloads\node-v22.13.1-win-x64\;D:\Git\cmd;C:\Users\chae0\AppData\Local\Android\Sdk\platform-tools;C:\Program Files\dotnet\;C:\Program Files (x86)\Windows Kits\10\Windows Performance Toolkit\;C:\Program Files\nodejs\;C:\ProgramData\chocolatey\bin;C:\Users\chae0\AppData\Local\Android\Sdk\platform-tools;C:\Program Files\MySQL\MySQL Server 8.0\bin;C:\Users\chae0\AppData\Local\Programs\Python\Launcher\;C:\Users\chae0\AppData\Local\Microsoft\WindowsApps;C:\Program Files\Java\jdk-21\bin;C:\Program Files\Azure Data Studio\bin;C:\Users\chae0\AppData\Local\Programs\Microsoft VS Code\bin;C:\Users\chae0\.dotnet\tools;D:\downloads\flutter_windows_3.35.5-stable\flutter\bin;C:\Users\chae0\AppData\Roaming\npm
USERNAME=chae0
OS=Windows_NT
PROCESSOR_IDENTIFIER=Intel64 Family 6 Model 154 Stepping 3, GenuineIntel
TMP=C:\Users\chae0\AppData\Local\Temp
TEMP=C:\Users\chae0\AppData\Local\Temp




Periodic native trim disabled

---------------  S Y S T E M  ---------------

OS:
 Windows 11 , 64 bit Build 26100 (10.0.26100.9168)
OS uptime: 0 days 3:43 hours

CPU: total 16 (initial active 16) (16 cores per cpu, 1 threads per core) family 6 model 154 stepping 3 microcode 0x421, cx8, cmov, fxsr, mmx, 3dnowpref, sse, sse2, sse3, ssse3, sse4.1, sse4.2, popcnt, lzcnt, tsc, tscinvbit, avx, avx2, aes, erms, clmul, bmi1, bmi2, adx, sha, fma, vzeroupper, clflush, clflushopt, clwb, serialize, rdtscp, rdpid, fsrm, f16c, pku, cet_ibt, cet_ss
Processor Information for processor 0
  Max Mhz: 1700, Current Mhz: 1457, Mhz Limit: 1700
Processor Information for processor 1
  Max Mhz: 1700, Current Mhz: 1457, Mhz Limit: 1700
Processor Information for processor 2
  Max Mhz: 1700, Current Mhz: 1457, Mhz Limit: 1700
Processor Information for processor 3
  Max Mhz: 1700, Current Mhz: 1700, Mhz Limit: 1700
Processor Information for processor 4
  Max Mhz: 1700, Current Mhz: 1457, Mhz Limit: 1700
Processor Information for processor 5
  Max Mhz: 1700, Current Mhz: 1700, Mhz Limit: 1700
Processor Information for processor 6
  Max Mhz: 1700, Current Mhz: 1457, Mhz Limit: 1700
Processor Information for processor 7
  Max Mhz: 1700, Current Mhz: 1700, Mhz Limit: 1700
Processor Information for processor 8
  Max Mhz: 1700, Current Mhz: 1558, Mhz Limit: 1700
Processor Information for processor 9
  Max Mhz: 1700, Current Mhz: 1558, Mhz Limit: 1700
Processor Information for processor 10
  Max Mhz: 1700, Current Mhz: 1700, Mhz Limit: 1700
Processor Information for processor 11
  Max Mhz: 1700, Current Mhz: 1558, Mhz Limit: 1700
Processor Information for processor 12
  Max Mhz: 1700, Current Mhz: 1558, Mhz Limit: 1700
Processor Information for processor 13
  Max Mhz: 1700, Current Mhz: 1558, Mhz Limit: 1700
Processor Information for processor 14
  Max Mhz: 1700, Current Mhz: 1558, Mhz Limit: 1700
Processor Information for processor 15
  Max Mhz: 1700, Current Mhz: 1558, Mhz Limit: 1700

Memory: 4k page, system-wide physical 16066M (904M free)
TotalPageFile size 39023M (AvailPageFile size 0M)
current process WorkingSet (physical memory assigned to process): 431M, peak: 442M
current process commit charge ("private bytes"): 523M, peak: 535M

vm_info: OpenJDK 64-Bit Server VM (21.0.12.1+1-LTS) for windows-amd64 JRE (21.0.12.1+1-LTS), built on 2026-08-18T00:00:00Z by "admin" with MS VC++ 17.12 (VS2022)

END.
