#
# There is insufficient memory for the Java Runtime Environment to continue.
# Native memory allocation (malloc) failed to allocate 1967056 bytes. Error detail: Chunk::new
# Possible reasons:
#   The system is out of physical RAM or swap space
#   This process is running with CompressedOops enabled, and the Java Heap may be blocking the growth of the native heap
# Possible solutions:
#   Reduce memory load on the system
#   Increase physical memory or swap space
#   Check if swap backing store is full
#   Decrease Java heap size (-Xmx/-Xms)
#   Decrease number of Java threads
#   Decrease Java thread stack sizes (-Xss)
#   Set larger code cache with -XX:ReservedCodeCacheSize=
#   JVM is running with Unscaled Compressed Oops mode in which the Java heap is
#     placed in the first 4GB address space. The Java Heap base address is the
#     maximum limit for the native heap growth. Please use -XX:HeapBaseMinAddress
#     to set the Java Heap base and to place the Java Heap above 4GB virtual address.
# This output file may be truncated or incomplete.
#
#  Out of Memory Error (arena.cpp:168), pid=35932, tid=37468
#
# JRE version: OpenJDK Runtime Environment Temurin-21.0.12.1+1 (21.0.12.1+1) (build 21.0.12.1+1-LTS)
# Java VM: OpenJDK 64-Bit Server VM Temurin-21.0.12.1+1 (21.0.12.1+1-LTS, mixed mode, sharing, tiered, compressed oops, compressed class ptrs, g1 gc, windows-amd64)
# No core dump will be written. Minidumps are not enabled by default on client versions of Windows
#

---------------  S U M M A R Y ------------

Command Line: --add-opens=java.base/java.lang=ALL-UNNAMED --add-opens=java.base/java.lang.invoke=ALL-UNNAMED --add-opens=java.base/java.util=ALL-UNNAMED --add-opens=java.prefs/java.util.prefs=ALL-UNNAMED --add-exports=jdk.compiler/com.sun.tools.javac.api=ALL-UNNAMED --add-exports=jdk.compiler/com.sun.tools.javac.util=ALL-UNNAMED --add-opens=java.base/java.util=ALL-UNNAMED --add-opens=java.prefs/java.util.prefs=ALL-UNNAMED --add-opens=java.base/java.nio.charset=ALL-UNNAMED --add-opens=java.base/java.net=ALL-UNNAMED --add-opens=java.base/java.util.concurrent=ALL-UNNAMED --add-opens=java.base/java.util.concurrent.atomic=ALL-UNNAMED --add-opens=java.xml/javax.xml.namespace=ALL-UNNAMED --add-opens=java.base/java.time=ALL-UNNAMED -XX:MaxMetaspaceSize=384m -XX:+HeapDumpOnOutOfMemoryError -Xms256m -Xmx512m -Dfile.encoding=UTF-8 -Duser.country=KR -Duser.language=ko -Duser.variant -javaagent:C:\Users\chae0\.gradle\wrapper\dists\gradle-9.4.1-bin\arn2x92ynaizyzdaamcbpbhtj\gradle-9.4.1\lib\agents\gradle-instrumentation-agent-9.4.1.jar org.gradle.launcher.daemon.bootstrap.GradleDaemon 9.4.1

Host: 12th Gen Intel(R) Core(TM) i5-1240P, 16 cores, 15G,  Windows 11 , 64 bit Build 26100 (10.0.26100.9168)
Time: Sat Sep 12 15:21:42 2026 elapsed time: 373.448646 seconds (0d 0h 6m 13s)

---------------  T H R E A D  ---------------

Current thread (0x000001c8bd33d5c0):  JavaThread "C2 CompilerThread0" daemon [_thread_in_native, id=37468, stack(0x00000089f6700000,0x00000089f6800000) (1024K)]


Current CompileTask:
C2:373449 9476       4       java.beans.Introspector::addMethod (241 bytes)

Stack: [0x00000089f6700000,0x00000089f6800000]
Native frames: (J=compiled Java code, j=interpreted, Vv=VM code, C=native code)
V  [jvm.dll+0x6d83e9]
V  [jvm.dll+0x8b5736]
V  [jvm.dll+0x8b7cee]
V  [jvm.dll+0x8b83d3]
V  [jvm.dll+0x284596]
V  [jvm.dll+0xc685d]
V  [jvm.dll+0xc6da1]
V  [jvm.dll+0x3bf151]
V  [jvm.dll+0x38b6d2]
V  [jvm.dll+0x38ab1a]
V  [jvm.dll+0x24c700]
V  [jvm.dll+0x24bce0]
V  [jvm.dll+0x1cb4ae]
V  [jvm.dll+0x25baad]
V  [jvm.dll+0x25a03a]
V  [jvm.dll+0x3f8aae]
V  [jvm.dll+0x8600cd]
V  [jvm.dll+0x6d6c1d]
C  [ucrtbase.dll+0x2cd30]
C  [KERNEL32.DLL+0x2ccb7]
C  [ntdll.dll+0xaad6c]


---------------  P R O C E S S  ---------------

Threads class SMR info:
_java_thread_list=0x000001c8d9cc8c30, length=56, elements={
0x000001c8a6eb3340, 0x000001c8bd32f760, 0x000001c8bd330370, 0x000001c8bd333990,
0x000001c8bd3343f0, 0x000001c8bd3378e0, 0x000001c8bd33c830, 0x000001c8bd33d5c0,
0x000001c8bd33f3d0, 0x000001c8bd524360, 0x000001c8bd5f2230, 0x000001c8d7392060,
0x000001c8d711cde0, 0x000001c8d70ccba0, 0x000001c8d822d720, 0x000001c8d7976a30,
0x000001c8d8266450, 0x000001c8d8264a10, 0x000001c8d8263cf0, 0x000001c8d8485b80,
0x000001c8d8483420, 0x000001c8d84847d0, 0x000001c8d84875c0, 0x000001c8d8487c50,
0x000001c8d84882e0, 0x000001c8d8484e60, 0x000001c8d8488970, 0x000001c8d9c7a0f0,
0x000001c8d9c7a780, 0x000001c8d9c737f0, 0x000001c8d9c758c0, 0x000001c8d9c78020,
0x000001c8d9c76c70, 0x000001c8d9c74ba0, 0x000001c8d9c77300, 0x000001c8d9c77990,
0x000001c8d9c786b0, 0x000001c8d9c75f50, 0x000001c8d9c75230, 0x000001c8d9c78d40,
0x000001c8d9c793d0, 0x000001c8d9c79a60, 0x000001c8d9c765e0, 0x000001c8d9c7ae10,
0x000001c8d8486f30, 0x000001c8d8486210, 0x000001c8d84868a0, 0x000001c8d8484140,
0x000001c8d8483ab0, 0x000001c8d8489690, 0x000001c8d848a3b0, 0x000001c8d8266ae0,
0x000001c8d8264380, 0x000001c8d82650a0, 0x000001c8da1f1c60, 0x000001c8d97a7ef0
}

Java Threads: ( => current thread )
  0x000001c8a6eb3340 JavaThread "main"                              [_thread_blocked, id=26172, stack(0x00000089f5900000,0x00000089f5a00000) (1024K)]
  0x000001c8bd32f760 JavaThread "Reference Handler"          daemon [_thread_blocked, id=35388, stack(0x00000089f6100000,0x00000089f6200000) (1024K)]
  0x000001c8bd330370 JavaThread "Finalizer"                  daemon [_thread_blocked, id=39360, stack(0x00000089f6200000,0x00000089f6300000) (1024K)]
  0x000001c8bd333990 JavaThread "Signal Dispatcher"          daemon [_thread_blocked, id=30324, stack(0x00000089f6300000,0x00000089f6400000) (1024K)]
  0x000001c8bd3343f0 JavaThread "Attach Listener"            daemon [_thread_blocked, id=31292, stack(0x00000089f6400000,0x00000089f6500000) (1024K)]
  0x000001c8bd3378e0 JavaThread "Service Thread"             daemon [_thread_blocked, id=1144, stack(0x00000089f6500000,0x00000089f6600000) (1024K)]
  0x000001c8bd33c830 JavaThread "Monitor Deflation Thread"   daemon [_thread_blocked, id=25872, stack(0x00000089f6600000,0x00000089f6700000) (1024K)]
=>0x000001c8bd33d5c0 JavaThread "C2 CompilerThread0"         daemon [_thread_in_native, id=37468, stack(0x00000089f6700000,0x00000089f6800000) (1024K)]
  0x000001c8bd33f3d0 JavaThread "C1 CompilerThread0"         daemon [_thread_blocked, id=6680, stack(0x00000089f6800000,0x00000089f6900000) (1024K)]
  0x000001c8bd524360 JavaThread "Common-Cleaner"             daemon [_thread_blocked, id=32948, stack(0x00000089f6a00000,0x00000089f6b00000) (1024K)]
  0x000001c8bd5f2230 JavaThread "Notification Thread"        daemon [_thread_blocked, id=29240, stack(0x00000089f6b00000,0x00000089f6c00000) (1024K)]
  0x000001c8d7392060 JavaThread "Daemon health stats"               [_thread_blocked, id=22944, stack(0x00000089f7300000,0x00000089f7400000) (1024K)]
  0x000001c8d711cde0 JavaThread "Incoming local TCP Connector on port 61879"        [_thread_in_native, id=26016, stack(0x00000089f5800000,0x00000089f5900000) (1024K)]
  0x000001c8d70ccba0 JavaThread "Daemon periodic checks"            [_thread_blocked, id=30264, stack(0x00000089f6900000,0x00000089f6a00000) (1024K)]
  0x000001c8d822d720 JavaThread "Daemon"                            [_thread_blocked, id=16544, stack(0x00000089f5700000,0x00000089f5800000) (1024K)]
  0x000001c8d7976a30 JavaThread "Daemon worker"                     [_thread_in_Java, id=20372, stack(0x00000089f7600000,0x00000089f7700000) (1024K)]
  0x000001c8d8266450 JavaThread "Cache worker for journal cache (C:\Users\chae0\.gradle\caches\journal-1)"        [_thread_blocked, id=16548, stack(0x00000089f7b00000,0x00000089f7c00000) (1024K)]
  0x000001c8d8264a10 JavaThread "File lock request listener"        [_thread_in_native, id=38608, stack(0x00000089f7c00000,0x00000089f7d00000) (1024K)]
  0x000001c8d8263cf0 JavaThread "Cache worker for file hash cache (C:\Users\chae0\.gradle\caches\9.4.1\fileHashes)"        [_thread_blocked, id=31796, stack(0x00000089f7f00000,0x00000089f8000000) (1024K)]
  0x000001c8d8485b80 JavaThread "File watcher server"        daemon [_thread_in_native, id=37772, stack(0x00000089f8800000,0x00000089f8900000) (1024K)]
  0x000001c8d8483420 JavaThread "File watcher consumer"      daemon [_thread_blocked, id=31004, stack(0x00000089f8b00000,0x00000089f8c00000) (1024K)]
  0x000001c8d84847d0 JavaThread "Cache worker for file content cache (C:\Users\chae0\.gradle\caches\9.4.1\fileContent)"        [_thread_blocked, id=7944, stack(0x00000089f8c00000,0x00000089f8d00000) (1024K)]
  0x000001c8d84875c0 JavaThread "jar transforms"                    [_thread_blocked, id=16352, stack(0x00000089f7a00000,0x00000089f7b00000) (1024K)]
  0x000001c8d8487c50 JavaThread "jar transforms Thread 2"           [_thread_blocked, id=29628, stack(0x00000089f9100000,0x00000089f9200000) (1024K)]
  0x000001c8d84882e0 JavaThread "jar transforms Thread 3"           [_thread_blocked, id=14348, stack(0x00000089f5600000,0x00000089f5700000) (1024K)]
  0x000001c8d8484e60 JavaThread "jar transforms Thread 4"           [_thread_blocked, id=39136, stack(0x00000089f7100000,0x00000089f7200000) (1024K)]
  0x000001c8d8488970 JavaThread "jar transforms Thread 5"           [_thread_blocked, id=31064, stack(0x00000089f7200000,0x00000089f7300000) (1024K)]
  0x000001c8d9c7a0f0 JavaThread "Memory manager"                    [_thread_blocked, id=31824, stack(0x00000089fa700000,0x00000089fa800000) (1024K)]
  0x000001c8d9c7a780 JavaThread "jar transforms Thread 6"           [_thread_blocked, id=31020, stack(0x00000089fa400000,0x00000089fa500000) (1024K)]
  0x000001c8d9c737f0 JavaThread "Handler for socket connection from /127.0.0.1:61879 to /127.0.0.1:51806"        [_thread_in_native, id=38188, stack(0x00000089f7400000,0x00000089f7500000) (1024K)]
  0x000001c8d9c758c0 JavaThread "Cancel handler"                    [_thread_blocked, id=40400, stack(0x00000089f7500000,0x00000089f7600000) (1024K)]
  0x000001c8d9c78020 JavaThread "Asynchronous log dispatcher for DefaultDaemonConnection: socket connection from /127.0.0.1:61879 to /127.0.0.1:51806"        [_thread_blocked, id=40056, stack(0x00000089f7900000,0x00000089f7a00000) (1024K)]
  0x000001c8d9c76c70 JavaThread "Stdin handler"                     [_thread_blocked, id=39364, stack(0x00000089f8900000,0x00000089f8a00000) (1024K)]
  0x000001c8d9c74ba0 JavaThread "Daemon client event forwarder"        [_thread_blocked, id=22892, stack(0x00000089f8a00000,0x00000089f8b00000) (1024K)]
  0x000001c8d9c77300 JavaThread "Cache worker for file hash cache (C:\qring-backend\.gradle\9.4.1\fileHashes)"        [_thread_blocked, id=6808, stack(0x00000089f8d00000,0x00000089f8e00000) (1024K)]
  0x000001c8d9c77990 JavaThread "Cache worker for Build Output Cleanup Cache (C:\qring-backend\.gradle\buildOutputCleanup)"        [_thread_blocked, id=32968, stack(0x00000089f8e00000,0x00000089f8f00000) (1024K)]
  0x000001c8d9c786b0 JavaThread "Cache worker for checksums cache (C:\qring-backend\.gradle\9.4.1\checksums)"        [_thread_blocked, id=31044, stack(0x00000089f8f00000,0x00000089f9000000) (1024K)]
  0x000001c8d9c75f50 JavaThread "Cache worker for cache directory md-supplier (C:\Users\chae0\.gradle\caches\9.4.1\md-supplier)"        [_thread_blocked, id=9596, stack(0x00000089f9000000,0x00000089f9100000) (1024K)]
  0x000001c8d9c75230 JavaThread "Cache worker for cache directory md-rule (C:\Users\chae0\.gradle\caches\9.4.1\md-rule)"        [_thread_blocked, id=25156, stack(0x00000089f9200000,0x00000089f9300000) (1024K)]
  0x000001c8d9c78d40 JavaThread "Build operations"                  [_thread_blocked, id=26140, stack(0x00000089f9300000,0x00000089f9400000) (1024K)]
  0x000001c8d9c793d0 JavaThread "Build operations Thread 2"         [_thread_blocked, id=5316, stack(0x00000089f9400000,0x00000089f9500000) (1024K)]
  0x000001c8d9c79a60 JavaThread "Build operations Thread 3"         [_thread_blocked, id=24376, stack(0x00000089f9500000,0x00000089f9600000) (1024K)]
  0x000001c8d9c765e0 JavaThread "Build operations Thread 4"         [_thread_blocked, id=27880, stack(0x00000089f9600000,0x00000089f9700000) (1024K)]
  0x000001c8d9c7ae10 JavaThread "Build operations Thread 5"         [_thread_blocked, id=37140, stack(0x00000089f9700000,0x00000089f9800000) (1024K)]
  0x000001c8d8486f30 JavaThread "Build operations Thread 6"         [_thread_blocked, id=10772, stack(0x00000089f9800000,0x00000089f9900000) (1024K)]
  0x000001c8d8486210 JavaThread "Build operations Thread 7"         [_thread_blocked, id=2940, stack(0x00000089f9900000,0x00000089f9a00000) (1024K)]
  0x000001c8d84868a0 JavaThread "Build operations Thread 8"         [_thread_blocked, id=13980, stack(0x00000089f9a00000,0x00000089f9b00000) (1024K)]
  0x000001c8d8484140 JavaThread "Build operations Thread 9"         [_thread_blocked, id=30680, stack(0x00000089f9b00000,0x00000089f9c00000) (1024K)]
  0x000001c8d8483ab0 JavaThread "Build operations Thread 10"        [_thread_blocked, id=31468, stack(0x00000089f9c00000,0x00000089f9d00000) (1024K)]
  0x000001c8d8489690 JavaThread "Build operations Thread 11"        [_thread_blocked, id=35896, stack(0x00000089f9d00000,0x00000089f9e00000) (1024K)]
  0x000001c8d848a3b0 JavaThread "Build operations Thread 12"        [_thread_blocked, id=39928, stack(0x00000089f9e00000,0x00000089f9f00000) (1024K)]
  0x000001c8d8266ae0 JavaThread "Build operations Thread 13"        [_thread_blocked, id=32756, stack(0x00000089f9f00000,0x00000089fa000000) (1024K)]
  0x000001c8d8264380 JavaThread "Build operations Thread 14"        [_thread_blocked, id=33876, stack(0x00000089fa100000,0x00000089fa200000) (1024K)]
  0x000001c8d82650a0 JavaThread "Build operations Thread 15"        [_thread_blocked, id=31696, stack(0x00000089fa300000,0x00000089fa400000) (1024K)]
  0x000001c8da1f1c60 JavaThread "Build operations Thread 16"        [_thread_blocked, id=28824, stack(0x00000089fa500000,0x00000089fa600000) (1024K)]
  0x000001c8d97a7ef0 JavaThread "C2 CompilerThread1"         daemon [_thread_in_native, id=41212, stack(0x00000089f7700000,0x00000089f7800000) (1024K)]
Total: 56

Other Threads:
  0x000001c8bd313710 VMThread "VM Thread"                           [id=3516, stack(0x00000089f6000000,0x00000089f6100000) (1024K)]
  0x000001c8bd3041f0 WatcherThread "VM Periodic Task Thread"        [id=28860, stack(0x00000089f5f00000,0x00000089f6000000) (1024K)]
  0x000001c8a6edf260 WorkerThread "GC Thread#0"                     [id=31296, stack(0x00000089f5a00000,0x00000089f5b00000) (1024K)]
  0x000001c8d727e7a0 WorkerThread "GC Thread#1"                     [id=32148, stack(0x00000089f6c00000,0x00000089f6d00000) (1024K)]
  0x000001c8d727eb50 WorkerThread "GC Thread#2"                     [id=11428, stack(0x00000089f6d00000,0x00000089f6e00000) (1024K)]
  0x000001c8d709c170 WorkerThread "GC Thread#3"                     [id=38372, stack(0x00000089f6e00000,0x00000089f6f00000) (1024K)]
  0x000001c8d709c520 WorkerThread "GC Thread#4"                     [id=21424, stack(0x00000089f6f00000,0x00000089f7000000) (1024K)]
  0x000001c8d709c8d0 WorkerThread "GC Thread#5"                     [id=39680, stack(0x00000089f7000000,0x00000089f7100000) (1024K)]
  0x000001c8bd6ab1d0 WorkerThread "GC Thread#6"                     [id=3420, stack(0x00000089f7d00000,0x00000089f7e00000) (1024K)]
  0x000001c8d72c5000 WorkerThread "GC Thread#7"                     [id=36752, stack(0x00000089f8000000,0x00000089f8100000) (1024K)]
  0x000001c8d72c5ec0 WorkerThread "GC Thread#8"                     [id=4296, stack(0x00000089f8100000,0x00000089f8200000) (1024K)]
  0x000001c8d72c8b00 WorkerThread "GC Thread#9"                     [id=15552, stack(0x00000089f8200000,0x00000089f8300000) (1024K)]
  0x000001c8d72c6620 WorkerThread "GC Thread#10"                    [id=29252, stack(0x00000089f8300000,0x00000089f8400000) (1024K)]
  0x000001c8d72c5760 WorkerThread "GC Thread#11"                    [id=33288, stack(0x00000089f8400000,0x00000089f8500000) (1024K)]
  0x000001c8d72c7c40 WorkerThread "GC Thread#12"                    [id=10396, stack(0x00000089f8500000,0x00000089f8600000) (1024K)]
  0x000001c8a6ee4970 ConcurrentGCThread "G1 Main Marker"            [id=22208, stack(0x00000089f5b00000,0x00000089f5c00000) (1024K)]
  0x000001c8a6ee63a0 WorkerThread "G1 Conc#0"                       [id=8008, stack(0x00000089f5c00000,0x00000089f5d00000) (1024K)]
  0x000001c8d72c83a0 WorkerThread "G1 Conc#1"                       [id=35476, stack(0x00000089f8600000,0x00000089f8700000) (1024K)]
  0x000001c8d72c8750 WorkerThread "G1 Conc#2"                       [id=16580, stack(0x00000089f8700000,0x00000089f8800000) (1024K)]
  0x000001c8bd1cb630 ConcurrentGCThread "G1 Refine#0"               [id=38928, stack(0x00000089f5d00000,0x00000089f5e00000) (1024K)]
  0x000001c8bd1ccf70 ConcurrentGCThread "G1 Service"                [id=29864, stack(0x00000089f5e00000,0x00000089f5f00000) (1024K)]
Total: 21

Threads with active compile tasks:
C2 CompilerThread0  374007 9476       4       java.beans.Introspector::addMethod (241 bytes)
C2 CompilerThread1  374008 9483   !   4       java.lang.reflect.Executable::sharedToGenericString (255 bytes)
Total: 2

VM state: not at safepoint (normal execution)

VM Mutex/Monitor currently owned by a thread: None

Heap address: 0x00000000e0000000, size: 512 MB, Compressed Oops mode: 32-bit

CDS archive(s) mapped at: [0x000001c8be000000-0x000001c8beba0000-0x000001c8beba0000), size 12189696, SharedBaseAddress: 0x000001c8be000000, ArchiveRelocationMode: 1.
Compressed class space mapped at: 0x000001c8bf000000-0x000001c8d3000000, reserved size: 335544320
Narrow klass base: 0x000001c8be000000, Narrow klass shift: 0, Narrow klass range: 0x100000000

GC Precious Log:
 CardTable entry size: 512
 Card Set container configuration: InlinePtr #cards 5 size 8 Array Of Cards #cards 12 size 40 Howl #buckets 4 coarsen threshold 1843 Howl Bitmap #cards 512 size 80 coarsen threshold 460 Card regions per heap region 1 cards per card region 2048
 CPUs: 16 total, 16 available
 Memory: 16066M
 Large Page Support: Disabled
 NUMA Support: Disabled
 Compressed Oops: Enabled (32-bit)
 Heap Region Size: 1M
 Heap Min Capacity: 256M
 Heap Initial Capacity: 256M
 Heap Max Capacity: 512M
 Pre-touch: Disabled
 Parallel Workers: 13
 Concurrent Workers: 3
 Concurrent Refinement Workers: 13
 Periodic GC: Disabled

Heap:
 garbage-first heap   total 262144K, used 84500K [0x00000000e0000000, 0x0000000100000000)
  region size 1024K, 55 young (56320K), 20 survivors (20480K)
 Metaspace       used 59289K, committed 61504K, reserved 393216K
  class space    used 8907K, committed 9984K, reserved 327680K

Heap Regions: E=young(eden), S=young(survivor), O=old, HS=humongous(starts), HC=humongous(continues), CS=collection set, F=free, TAMS=top-at-mark-start, PB=parsable bottom
|   0|0x00000000e0000000, 0x00000000e0100000, 0x00000000e0100000|100%|HS|  |TAMS 0x00000000e0000000| PB 0x00000000e0000000| Complete 
|   1|0x00000000e0100000, 0x00000000e0200000, 0x00000000e0200000|100%|HC|  |TAMS 0x00000000e0100000| PB 0x00000000e0100000| Complete 
|   2|0x00000000e0200000, 0x00000000e0300000, 0x00000000e0300000|100%|HC|  |TAMS 0x00000000e0200000| PB 0x00000000e0200000| Complete 
|   3|0x00000000e0300000, 0x00000000e0400000, 0x00000000e0400000|100%|HC|  |TAMS 0x00000000e0300000| PB 0x00000000e0300000| Complete 
|   4|0x00000000e0400000, 0x00000000e0500000, 0x00000000e0500000|100%| O|  |TAMS 0x00000000e0400000| PB 0x00000000e0400000| Untracked 
|   5|0x00000000e0500000, 0x00000000e0600000, 0x00000000e0600000|100%| O|  |TAMS 0x00000000e0500000| PB 0x00000000e0500000| Untracked 
|   6|0x00000000e0600000, 0x00000000e0700000, 0x00000000e0700000|100%| O|  |TAMS 0x00000000e0600000| PB 0x00000000e0600000| Untracked 
|   7|0x00000000e0700000, 0x00000000e0800000, 0x00000000e0800000|100%| O|  |TAMS 0x00000000e0700000| PB 0x00000000e0700000| Untracked 
|   8|0x00000000e0800000, 0x00000000e0900000, 0x00000000e0900000|100%|HS|  |TAMS 0x00000000e0800000| PB 0x00000000e0800000| Complete 
|   9|0x00000000e0900000, 0x00000000e0a00000, 0x00000000e0a00000|100%| O|  |TAMS 0x00000000e0900000| PB 0x00000000e0900000| Untracked 
|  10|0x00000000e0a00000, 0x00000000e0b00000, 0x00000000e0b00000|100%| O|  |TAMS 0x00000000e0a00000| PB 0x00000000e0a00000| Untracked 
|  11|0x00000000e0b00000, 0x00000000e0c00000, 0x00000000e0c00000|100%| O|  |TAMS 0x00000000e0b00000| PB 0x00000000e0b00000| Untracked 
|  12|0x00000000e0c00000, 0x00000000e0d00000, 0x00000000e0d00000|100%| O|  |TAMS 0x00000000e0c00000| PB 0x00000000e0c00000| Untracked 
|  13|0x00000000e0d00000, 0x00000000e0e00000, 0x00000000e0e00000|100%| O|  |TAMS 0x00000000e0d00000| PB 0x00000000e0d00000| Untracked 
|  14|0x00000000e0e00000, 0x00000000e0f00000, 0x00000000e0f00000|100%| O|  |TAMS 0x00000000e0e00000| PB 0x00000000e0e00000| Untracked 
|  15|0x00000000e0f00000, 0x00000000e1000000, 0x00000000e1000000|100%| O|  |TAMS 0x00000000e0f00000| PB 0x00000000e0f00000| Untracked 
|  16|0x00000000e1000000, 0x00000000e1100000, 0x00000000e1100000|100%| O|  |TAMS 0x00000000e1000000| PB 0x00000000e1000000| Untracked 
|  17|0x00000000e1100000, 0x00000000e1200000, 0x00000000e1200000|100%| O|  |TAMS 0x00000000e1100000| PB 0x00000000e1100000| Untracked 
|  18|0x00000000e1200000, 0x00000000e1300000, 0x00000000e1300000|100%| O|  |TAMS 0x00000000e1200000| PB 0x00000000e1200000| Untracked 
|  19|0x00000000e1300000, 0x00000000e1400000, 0x00000000e1400000|100%| O|  |TAMS 0x00000000e1300000| PB 0x00000000e1300000| Untracked 
|  20|0x00000000e1400000, 0x00000000e1500000, 0x00000000e1500000|100%| O|  |TAMS 0x00000000e1400000| PB 0x00000000e1400000| Untracked 
|  21|0x00000000e1500000, 0x00000000e1600000, 0x00000000e1600000|100%| O|  |TAMS 0x00000000e1500000| PB 0x00000000e1500000| Untracked 
|  22|0x00000000e1600000, 0x00000000e1700000, 0x00000000e1700000|100%| O|  |TAMS 0x00000000e1600000| PB 0x00000000e1600000| Untracked 
|  23|0x00000000e1700000, 0x00000000e1800000, 0x00000000e1800000|100%| O|  |TAMS 0x00000000e1700000| PB 0x00000000e1700000| Untracked 
|  24|0x00000000e1800000, 0x00000000e1800000, 0x00000000e1900000|  0%| F|  |TAMS 0x00000000e1800000| PB 0x00000000e1800000| Untracked 
|  25|0x00000000e1900000, 0x00000000e1a00000, 0x00000000e1a00000|100%| O|  |TAMS 0x00000000e1900000| PB 0x00000000e1900000| Untracked 
|  26|0x00000000e1a00000, 0x00000000e1b00000, 0x00000000e1b00000|100%| O|  |TAMS 0x00000000e1a00000| PB 0x00000000e1a00000| Untracked 
|  27|0x00000000e1b00000, 0x00000000e1c00000, 0x00000000e1c00000|100%| O|  |TAMS 0x00000000e1b00000| PB 0x00000000e1b00000| Untracked 
|  28|0x00000000e1c00000, 0x00000000e1d00000, 0x00000000e1d00000|100%| O|  |TAMS 0x00000000e1c00000| PB 0x00000000e1c00000| Untracked 
|  29|0x00000000e1d00000, 0x00000000e1d85080, 0x00000000e1e00000| 51%| O|  |TAMS 0x00000000e1d00000| PB 0x00000000e1d00000| Untracked 
|  30|0x00000000e1e00000, 0x00000000e1e00000, 0x00000000e1f00000|  0%| F|  |TAMS 0x00000000e1e00000| PB 0x00000000e1e00000| Untracked 
|  31|0x00000000e1f00000, 0x00000000e1f00000, 0x00000000e2000000|  0%| F|  |TAMS 0x00000000e1f00000| PB 0x00000000e1f00000| Untracked 
|  32|0x00000000e2000000, 0x00000000e2000000, 0x00000000e2100000|  0%| F|  |TAMS 0x00000000e2000000| PB 0x00000000e2000000| Untracked 
|  33|0x00000000e2100000, 0x00000000e2100000, 0x00000000e2200000|  0%| F|  |TAMS 0x00000000e2100000| PB 0x00000000e2100000| Untracked 
|  34|0x00000000e2200000, 0x00000000e2200000, 0x00000000e2300000|  0%| F|  |TAMS 0x00000000e2200000| PB 0x00000000e2200000| Untracked 
|  35|0x00000000e2300000, 0x00000000e2300000, 0x00000000e2400000|  0%| F|  |TAMS 0x00000000e2300000| PB 0x00000000e2300000| Untracked 
|  36|0x00000000e2400000, 0x00000000e2400000, 0x00000000e2500000|  0%| F|  |TAMS 0x00000000e2400000| PB 0x00000000e2400000| Untracked 
|  37|0x00000000e2500000, 0x00000000e2500000, 0x00000000e2600000|  0%| F|  |TAMS 0x00000000e2500000| PB 0x00000000e2500000| Untracked 
|  38|0x00000000e2600000, 0x00000000e2600000, 0x00000000e2700000|  0%| F|  |TAMS 0x00000000e2600000| PB 0x00000000e2600000| Untracked 
|  39|0x00000000e2700000, 0x00000000e2700000, 0x00000000e2800000|  0%| F|  |TAMS 0x00000000e2700000| PB 0x00000000e2700000| Untracked 
|  40|0x00000000e2800000, 0x00000000e2800000, 0x00000000e2900000|  0%| F|  |TAMS 0x00000000e2800000| PB 0x00000000e2800000| Untracked 
|  41|0x00000000e2900000, 0x00000000e2900000, 0x00000000e2a00000|  0%| F|  |TAMS 0x00000000e2900000| PB 0x00000000e2900000| Untracked 
|  42|0x00000000e2a00000, 0x00000000e2a00000, 0x00000000e2b00000|  0%| F|  |TAMS 0x00000000e2a00000| PB 0x00000000e2a00000| Untracked 
|  43|0x00000000e2b00000, 0x00000000e2b00000, 0x00000000e2c00000|  0%| F|  |TAMS 0x00000000e2b00000| PB 0x00000000e2b00000| Untracked 
|  44|0x00000000e2c00000, 0x00000000e2c00000, 0x00000000e2d00000|  0%| F|  |TAMS 0x00000000e2c00000| PB 0x00000000e2c00000| Untracked 
|  45|0x00000000e2d00000, 0x00000000e2d00000, 0x00000000e2e00000|  0%| F|  |TAMS 0x00000000e2d00000| PB 0x00000000e2d00000| Untracked 
|  46|0x00000000e2e00000, 0x00000000e2e00000, 0x00000000e2f00000|  0%| F|  |TAMS 0x00000000e2e00000| PB 0x00000000e2e00000| Untracked 
|  47|0x00000000e2f00000, 0x00000000e2f00000, 0x00000000e3000000|  0%| F|  |TAMS 0x00000000e2f00000| PB 0x00000000e2f00000| Untracked 
|  48|0x00000000e3000000, 0x00000000e3000000, 0x00000000e3100000|  0%| F|  |TAMS 0x00000000e3000000| PB 0x00000000e3000000| Untracked 
|  49|0x00000000e3100000, 0x00000000e3100000, 0x00000000e3200000|  0%| F|  |TAMS 0x00000000e3100000| PB 0x00000000e3100000| Untracked 
|  50|0x00000000e3200000, 0x00000000e3200000, 0x00000000e3300000|  0%| F|  |TAMS 0x00000000e3200000| PB 0x00000000e3200000| Untracked 
|  51|0x00000000e3300000, 0x00000000e3300000, 0x00000000e3400000|  0%| F|  |TAMS 0x00000000e3300000| PB 0x00000000e3300000| Untracked 
|  52|0x00000000e3400000, 0x00000000e3400000, 0x00000000e3500000|  0%| F|  |TAMS 0x00000000e3400000| PB 0x00000000e3400000| Untracked 
|  53|0x00000000e3500000, 0x00000000e3500000, 0x00000000e3600000|  0%| F|  |TAMS 0x00000000e3500000| PB 0x00000000e3500000| Untracked 
|  54|0x00000000e3600000, 0x00000000e3600000, 0x00000000e3700000|  0%| F|  |TAMS 0x00000000e3600000| PB 0x00000000e3600000| Untracked 
|  55|0x00000000e3700000, 0x00000000e3700000, 0x00000000e3800000|  0%| F|  |TAMS 0x00000000e3700000| PB 0x00000000e3700000| Untracked 
|  56|0x00000000e3800000, 0x00000000e3800000, 0x00000000e3900000|  0%| F|  |TAMS 0x00000000e3800000| PB 0x00000000e3800000| Untracked 
|  57|0x00000000e3900000, 0x00000000e3900000, 0x00000000e3a00000|  0%| F|  |TAMS 0x00000000e3900000| PB 0x00000000e3900000| Untracked 
|  58|0x00000000e3a00000, 0x00000000e3a00000, 0x00000000e3b00000|  0%| F|  |TAMS 0x00000000e3a00000| PB 0x00000000e3a00000| Untracked 
|  59|0x00000000e3b00000, 0x00000000e3b00000, 0x00000000e3c00000|  0%| F|  |TAMS 0x00000000e3b00000| PB 0x00000000e3b00000| Untracked 
|  60|0x00000000e3c00000, 0x00000000e3c00000, 0x00000000e3d00000|  0%| F|  |TAMS 0x00000000e3c00000| PB 0x00000000e3c00000| Untracked 
|  61|0x00000000e3d00000, 0x00000000e3d00000, 0x00000000e3e00000|  0%| F|  |TAMS 0x00000000e3d00000| PB 0x00000000e3d00000| Untracked 
|  62|0x00000000e3e00000, 0x00000000e3e00000, 0x00000000e3f00000|  0%| F|  |TAMS 0x00000000e3e00000| PB 0x00000000e3e00000| Untracked 
|  63|0x00000000e3f00000, 0x00000000e3f00000, 0x00000000e4000000|  0%| F|  |TAMS 0x00000000e3f00000| PB 0x00000000e3f00000| Untracked 
|  64|0x00000000e4000000, 0x00000000e4000000, 0x00000000e4100000|  0%| F|  |TAMS 0x00000000e4000000| PB 0x00000000e4000000| Untracked 
|  65|0x00000000e4100000, 0x00000000e4100000, 0x00000000e4200000|  0%| F|  |TAMS 0x00000000e4100000| PB 0x00000000e4100000| Untracked 
|  66|0x00000000e4200000, 0x00000000e4200000, 0x00000000e4300000|  0%| F|  |TAMS 0x00000000e4200000| PB 0x00000000e4200000| Untracked 
|  67|0x00000000e4300000, 0x00000000e4300000, 0x00000000e4400000|  0%| F|  |TAMS 0x00000000e4300000| PB 0x00000000e4300000| Untracked 
|  68|0x00000000e4400000, 0x00000000e4400000, 0x00000000e4500000|  0%| F|  |TAMS 0x00000000e4400000| PB 0x00000000e4400000| Untracked 
|  69|0x00000000e4500000, 0x00000000e4500000, 0x00000000e4600000|  0%| F|  |TAMS 0x00000000e4500000| PB 0x00000000e4500000| Untracked 
|  70|0x00000000e4600000, 0x00000000e4600000, 0x00000000e4700000|  0%| F|  |TAMS 0x00000000e4600000| PB 0x00000000e4600000| Untracked 
|  71|0x00000000e4700000, 0x00000000e4700000, 0x00000000e4800000|  0%| F|  |TAMS 0x00000000e4700000| PB 0x00000000e4700000| Untracked 
|  72|0x00000000e4800000, 0x00000000e4800000, 0x00000000e4900000|  0%| F|  |TAMS 0x00000000e4800000| PB 0x00000000e4800000| Untracked 
|  73|0x00000000e4900000, 0x00000000e4900000, 0x00000000e4a00000|  0%| F|  |TAMS 0x00000000e4900000| PB 0x00000000e4900000| Untracked 
|  74|0x00000000e4a00000, 0x00000000e4a00000, 0x00000000e4b00000|  0%| F|  |TAMS 0x00000000e4a00000| PB 0x00000000e4a00000| Untracked 
|  75|0x00000000e4b00000, 0x00000000e4b00000, 0x00000000e4c00000|  0%| F|  |TAMS 0x00000000e4b00000| PB 0x00000000e4b00000| Untracked 
|  76|0x00000000e4c00000, 0x00000000e4c00000, 0x00000000e4d00000|  0%| F|  |TAMS 0x00000000e4c00000| PB 0x00000000e4c00000| Untracked 
|  77|0x00000000e4d00000, 0x00000000e4d00000, 0x00000000e4e00000|  0%| F|  |TAMS 0x00000000e4d00000| PB 0x00000000e4d00000| Untracked 
|  78|0x00000000e4e00000, 0x00000000e4e00000, 0x00000000e4f00000|  0%| F|  |TAMS 0x00000000e4e00000| PB 0x00000000e4e00000| Untracked 
|  79|0x00000000e4f00000, 0x00000000e4f00000, 0x00000000e5000000|  0%| F|  |TAMS 0x00000000e4f00000| PB 0x00000000e4f00000| Untracked 
|  80|0x00000000e5000000, 0x00000000e5000000, 0x00000000e5100000|  0%| F|  |TAMS 0x00000000e5000000| PB 0x00000000e5000000| Untracked 
|  81|0x00000000e5100000, 0x00000000e5100000, 0x00000000e5200000|  0%| F|  |TAMS 0x00000000e5100000| PB 0x00000000e5100000| Untracked 
|  82|0x00000000e5200000, 0x00000000e5200000, 0x00000000e5300000|  0%| F|  |TAMS 0x00000000e5200000| PB 0x00000000e5200000| Untracked 
|  83|0x00000000e5300000, 0x00000000e5400000, 0x00000000e5400000|100%| S|CS|TAMS 0x00000000e5300000| PB 0x00000000e5300000| Complete 
|  84|0x00000000e5400000, 0x00000000e5500000, 0x00000000e5500000|100%| S|CS|TAMS 0x00000000e5400000| PB 0x00000000e5400000| Complete 
|  85|0x00000000e5500000, 0x00000000e5600000, 0x00000000e5600000|100%| S|CS|TAMS 0x00000000e5500000| PB 0x00000000e5500000| Complete 
|  86|0x00000000e5600000, 0x00000000e5600000, 0x00000000e5700000|  0%| F|  |TAMS 0x00000000e5600000| PB 0x00000000e5600000| Untracked 
|  87|0x00000000e5700000, 0x00000000e5700000, 0x00000000e5800000|  0%| F|  |TAMS 0x00000000e5700000| PB 0x00000000e5700000| Untracked 
|  88|0x00000000e5800000, 0x00000000e5800000, 0x00000000e5900000|  0%| F|  |TAMS 0x00000000e5800000| PB 0x00000000e5800000| Untracked 
|  89|0x00000000e5900000, 0x00000000e5900000, 0x00000000e5a00000|  0%| F|  |TAMS 0x00000000e5900000| PB 0x00000000e5900000| Untracked 
|  90|0x00000000e5a00000, 0x00000000e5a00000, 0x00000000e5b00000|  0%| F|  |TAMS 0x00000000e5a00000| PB 0x00000000e5a00000| Untracked 
|  91|0x00000000e5b00000, 0x00000000e5b00000, 0x00000000e5c00000|  0%| F|  |TAMS 0x00000000e5b00000| PB 0x00000000e5b00000| Untracked 
|  92|0x00000000e5c00000, 0x00000000e5c00000, 0x00000000e5d00000|  0%| F|  |TAMS 0x00000000e5c00000| PB 0x00000000e5c00000| Untracked 
|  93|0x00000000e5d00000, 0x00000000e5d00000, 0x00000000e5e00000|  0%| F|  |TAMS 0x00000000e5d00000| PB 0x00000000e5d00000| Untracked 
|  94|0x00000000e5e00000, 0x00000000e5e00000, 0x00000000e5f00000|  0%| F|  |TAMS 0x00000000e5e00000| PB 0x00000000e5e00000| Untracked 
|  95|0x00000000e5f00000, 0x00000000e5f00000, 0x00000000e6000000|  0%| F|  |TAMS 0x00000000e5f00000| PB 0x00000000e5f00000| Untracked 
|  96|0x00000000e6000000, 0x00000000e6000000, 0x00000000e6100000|  0%| F|  |TAMS 0x00000000e6000000| PB 0x00000000e6000000| Untracked 
|  97|0x00000000e6100000, 0x00000000e6100000, 0x00000000e6200000|  0%| F|  |TAMS 0x00000000e6100000| PB 0x00000000e6100000| Untracked 
|  98|0x00000000e6200000, 0x00000000e6200000, 0x00000000e6300000|  0%| F|  |TAMS 0x00000000e6200000| PB 0x00000000e6200000| Untracked 
|  99|0x00000000e6300000, 0x00000000e6300000, 0x00000000e6400000|  0%| F|  |TAMS 0x00000000e6300000| PB 0x00000000e6300000| Untracked 
| 100|0x00000000e6400000, 0x00000000e6400000, 0x00000000e6500000|  0%| F|  |TAMS 0x00000000e6400000| PB 0x00000000e6400000| Untracked 
| 101|0x00000000e6500000, 0x00000000e6500000, 0x00000000e6600000|  0%| F|  |TAMS 0x00000000e6500000| PB 0x00000000e6500000| Untracked 
| 102|0x00000000e6600000, 0x00000000e6600000, 0x00000000e6700000|  0%| F|  |TAMS 0x00000000e6600000| PB 0x00000000e6600000| Untracked 
| 103|0x00000000e6700000, 0x00000000e6800000, 0x00000000e6800000|100%| S|CS|TAMS 0x00000000e6700000| PB 0x00000000e6700000| Complete 
| 104|0x00000000e6800000, 0x00000000e6900000, 0x00000000e6900000|100%| S|CS|TAMS 0x00000000e6800000| PB 0x00000000e6800000| Complete 
| 105|0x00000000e6900000, 0x00000000e6a00000, 0x00000000e6a00000|100%| S|CS|TAMS 0x00000000e6900000| PB 0x00000000e6900000| Complete 
| 106|0x00000000e6a00000, 0x00000000e6b00000, 0x00000000e6b00000|100%| S|CS|TAMS 0x00000000e6a00000| PB 0x00000000e6a00000| Complete 
| 107|0x00000000e6b00000, 0x00000000e6c00000, 0x00000000e6c00000|100%| S|CS|TAMS 0x00000000e6b00000| PB 0x00000000e6b00000| Complete 
| 108|0x00000000e6c00000, 0x00000000e6d00000, 0x00000000e6d00000|100%| S|CS|TAMS 0x00000000e6c00000| PB 0x00000000e6c00000| Complete 
| 109|0x00000000e6d00000, 0x00000000e6e00000, 0x00000000e6e00000|100%| S|CS|TAMS 0x00000000e6d00000| PB 0x00000000e6d00000| Complete 
| 110|0x00000000e6e00000, 0x00000000e6f00000, 0x00000000e6f00000|100%| S|CS|TAMS 0x00000000e6e00000| PB 0x00000000e6e00000| Complete 
| 111|0x00000000e6f00000, 0x00000000e7000000, 0x00000000e7000000|100%| S|CS|TAMS 0x00000000e6f00000| PB 0x00000000e6f00000| Complete 
| 112|0x00000000e7000000, 0x00000000e7100000, 0x00000000e7100000|100%| S|CS|TAMS 0x00000000e7000000| PB 0x00000000e7000000| Complete 
| 113|0x00000000e7100000, 0x00000000e7200000, 0x00000000e7200000|100%| S|CS|TAMS 0x00000000e7100000| PB 0x00000000e7100000| Complete 
| 114|0x00000000e7200000, 0x00000000e7300000, 0x00000000e7300000|100%| S|CS|TAMS 0x00000000e7200000| PB 0x00000000e7200000| Complete 
| 115|0x00000000e7300000, 0x00000000e7400000, 0x00000000e7400000|100%| S|CS|TAMS 0x00000000e7300000| PB 0x00000000e7300000| Complete 
| 116|0x00000000e7400000, 0x00000000e7500000, 0x00000000e7500000|100%| S|CS|TAMS 0x00000000e7400000| PB 0x00000000e7400000| Complete 
| 117|0x00000000e7500000, 0x00000000e7600000, 0x00000000e7600000|100%| S|CS|TAMS 0x00000000e7500000| PB 0x00000000e7500000| Complete 
| 118|0x00000000e7600000, 0x00000000e7700000, 0x00000000e7700000|100%| S|CS|TAMS 0x00000000e7600000| PB 0x00000000e7600000| Complete 
| 119|0x00000000e7700000, 0x00000000e7800000, 0x00000000e7800000|100%| S|CS|TAMS 0x00000000e7700000| PB 0x00000000e7700000| Complete 
| 120|0x00000000e7800000, 0x00000000e7800000, 0x00000000e7900000|  0%| F|  |TAMS 0x00000000e7800000| PB 0x00000000e7800000| Untracked 
| 121|0x00000000e7900000, 0x00000000e7900000, 0x00000000e7a00000|  0%| F|  |TAMS 0x00000000e7900000| PB 0x00000000e7900000| Untracked 
| 122|0x00000000e7a00000, 0x00000000e7a00000, 0x00000000e7b00000|  0%| F|  |TAMS 0x00000000e7a00000| PB 0x00000000e7a00000| Untracked 
| 123|0x00000000e7b00000, 0x00000000e7b00000, 0x00000000e7c00000|  0%| F|  |TAMS 0x00000000e7b00000| PB 0x00000000e7b00000| Untracked 
| 124|0x00000000e7c00000, 0x00000000e7c00000, 0x00000000e7d00000|  0%| F|  |TAMS 0x00000000e7c00000| PB 0x00000000e7c00000| Untracked 
| 125|0x00000000e7d00000, 0x00000000e7d00000, 0x00000000e7e00000|  0%| F|  |TAMS 0x00000000e7d00000| PB 0x00000000e7d00000| Untracked 
| 126|0x00000000e7e00000, 0x00000000e7e00000, 0x00000000e7f00000|  0%| F|  |TAMS 0x00000000e7e00000| PB 0x00000000e7e00000| Untracked 
| 127|0x00000000e7f00000, 0x00000000e7f00000, 0x00000000e8000000|  0%| F|  |TAMS 0x00000000e7f00000| PB 0x00000000e7f00000| Untracked 
| 128|0x00000000e8000000, 0x00000000e8000000, 0x00000000e8100000|  0%| F|  |TAMS 0x00000000e8000000| PB 0x00000000e8000000| Untracked 
| 129|0x00000000e8100000, 0x00000000e8100000, 0x00000000e8200000|  0%| F|  |TAMS 0x00000000e8100000| PB 0x00000000e8100000| Untracked 
| 130|0x00000000e8200000, 0x00000000e8200000, 0x00000000e8300000|  0%| F|  |TAMS 0x00000000e8200000| PB 0x00000000e8200000| Untracked 
| 131|0x00000000e8300000, 0x00000000e8300000, 0x00000000e8400000|  0%| F|  |TAMS 0x00000000e8300000| PB 0x00000000e8300000| Untracked 
| 132|0x00000000e8400000, 0x00000000e8400000, 0x00000000e8500000|  0%| F|  |TAMS 0x00000000e8400000| PB 0x00000000e8400000| Untracked 
| 133|0x00000000e8500000, 0x00000000e8500000, 0x00000000e8600000|  0%| F|  |TAMS 0x00000000e8500000| PB 0x00000000e8500000| Untracked 
| 134|0x00000000e8600000, 0x00000000e8600000, 0x00000000e8700000|  0%| F|  |TAMS 0x00000000e8600000| PB 0x00000000e8600000| Untracked 
| 135|0x00000000e8700000, 0x00000000e8700000, 0x00000000e8800000|  0%| F|  |TAMS 0x00000000e8700000| PB 0x00000000e8700000| Untracked 
| 136|0x00000000e8800000, 0x00000000e8800000, 0x00000000e8900000|  0%| F|  |TAMS 0x00000000e8800000| PB 0x00000000e8800000| Untracked 
| 137|0x00000000e8900000, 0x00000000e8900000, 0x00000000e8a00000|  0%| F|  |TAMS 0x00000000e8900000| PB 0x00000000e8900000| Untracked 
| 138|0x00000000e8a00000, 0x00000000e8a00000, 0x00000000e8b00000|  0%| F|  |TAMS 0x00000000e8a00000| PB 0x00000000e8a00000| Untracked 
| 139|0x00000000e8b00000, 0x00000000e8b00000, 0x00000000e8c00000|  0%| F|  |TAMS 0x00000000e8b00000| PB 0x00000000e8b00000| Untracked 
| 140|0x00000000e8c00000, 0x00000000e8c00000, 0x00000000e8d00000|  0%| F|  |TAMS 0x00000000e8c00000| PB 0x00000000e8c00000| Untracked 
| 141|0x00000000e8d00000, 0x00000000e8d00000, 0x00000000e8e00000|  0%| F|  |TAMS 0x00000000e8d00000| PB 0x00000000e8d00000| Untracked 
| 142|0x00000000e8e00000, 0x00000000e8e00000, 0x00000000e8f00000|  0%| F|  |TAMS 0x00000000e8e00000| PB 0x00000000e8e00000| Untracked 
| 143|0x00000000e8f00000, 0x00000000e8f00000, 0x00000000e9000000|  0%| F|  |TAMS 0x00000000e8f00000| PB 0x00000000e8f00000| Untracked 
| 144|0x00000000e9000000, 0x00000000e9000000, 0x00000000e9100000|  0%| F|  |TAMS 0x00000000e9000000| PB 0x00000000e9000000| Untracked 
| 145|0x00000000e9100000, 0x00000000e9100000, 0x00000000e9200000|  0%| F|  |TAMS 0x00000000e9100000| PB 0x00000000e9100000| Untracked 
| 146|0x00000000e9200000, 0x00000000e9200000, 0x00000000e9300000|  0%| F|  |TAMS 0x00000000e9200000| PB 0x00000000e9200000| Untracked 
| 147|0x00000000e9300000, 0x00000000e9300000, 0x00000000e9400000|  0%| F|  |TAMS 0x00000000e9300000| PB 0x00000000e9300000| Untracked 
| 148|0x00000000e9400000, 0x00000000e9400000, 0x00000000e9500000|  0%| F|  |TAMS 0x00000000e9400000| PB 0x00000000e9400000| Untracked 
| 149|0x00000000e9500000, 0x00000000e9500000, 0x00000000e9600000|  0%| F|  |TAMS 0x00000000e9500000| PB 0x00000000e9500000| Untracked 
| 150|0x00000000e9600000, 0x00000000e9600000, 0x00000000e9700000|  0%| F|  |TAMS 0x00000000e9600000| PB 0x00000000e9600000| Untracked 
| 151|0x00000000e9700000, 0x00000000e9700000, 0x00000000e9800000|  0%| F|  |TAMS 0x00000000e9700000| PB 0x00000000e9700000| Untracked 
| 152|0x00000000e9800000, 0x00000000e9800000, 0x00000000e9900000|  0%| F|  |TAMS 0x00000000e9800000| PB 0x00000000e9800000| Untracked 
| 153|0x00000000e9900000, 0x00000000e9900000, 0x00000000e9a00000|  0%| F|  |TAMS 0x00000000e9900000| PB 0x00000000e9900000| Untracked 
| 154|0x00000000e9a00000, 0x00000000e9a00000, 0x00000000e9b00000|  0%| F|  |TAMS 0x00000000e9a00000| PB 0x00000000e9a00000| Untracked 
| 155|0x00000000e9b00000, 0x00000000e9b00000, 0x00000000e9c00000|  0%| F|  |TAMS 0x00000000e9b00000| PB 0x00000000e9b00000| Untracked 
| 156|0x00000000e9c00000, 0x00000000e9c00000, 0x00000000e9d00000|  0%| F|  |TAMS 0x00000000e9c00000| PB 0x00000000e9c00000| Untracked 
| 157|0x00000000e9d00000, 0x00000000e9d00000, 0x00000000e9e00000|  0%| F|  |TAMS 0x00000000e9d00000| PB 0x00000000e9d00000| Untracked 
| 158|0x00000000e9e00000, 0x00000000e9e00000, 0x00000000e9f00000|  0%| F|  |TAMS 0x00000000e9e00000| PB 0x00000000e9e00000| Untracked 
| 159|0x00000000e9f00000, 0x00000000e9f00000, 0x00000000ea000000|  0%| F|  |TAMS 0x00000000e9f00000| PB 0x00000000e9f00000| Untracked 
| 160|0x00000000ea000000, 0x00000000ea000000, 0x00000000ea100000|  0%| F|  |TAMS 0x00000000ea000000| PB 0x00000000ea000000| Untracked 
| 161|0x00000000ea100000, 0x00000000ea100000, 0x00000000ea200000|  0%| F|  |TAMS 0x00000000ea100000| PB 0x00000000ea100000| Untracked 
| 162|0x00000000ea200000, 0x00000000ea200000, 0x00000000ea300000|  0%| F|  |TAMS 0x00000000ea200000| PB 0x00000000ea200000| Untracked 
| 163|0x00000000ea300000, 0x00000000ea300000, 0x00000000ea400000|  0%| F|  |TAMS 0x00000000ea300000| PB 0x00000000ea300000| Untracked 
| 164|0x00000000ea400000, 0x00000000ea400000, 0x00000000ea500000|  0%| F|  |TAMS 0x00000000ea400000| PB 0x00000000ea400000| Untracked 
| 165|0x00000000ea500000, 0x00000000ea500000, 0x00000000ea600000|  0%| F|  |TAMS 0x00000000ea500000| PB 0x00000000ea500000| Untracked 
| 166|0x00000000ea600000, 0x00000000ea600000, 0x00000000ea700000|  0%| F|  |TAMS 0x00000000ea600000| PB 0x00000000ea600000| Untracked 
| 167|0x00000000ea700000, 0x00000000ea700000, 0x00000000ea800000|  0%| F|  |TAMS 0x00000000ea700000| PB 0x00000000ea700000| Untracked 
| 168|0x00000000ea800000, 0x00000000ea800000, 0x00000000ea900000|  0%| F|  |TAMS 0x00000000ea800000| PB 0x00000000ea800000| Untracked 
| 169|0x00000000ea900000, 0x00000000ea900000, 0x00000000eaa00000|  0%| F|  |TAMS 0x00000000ea900000| PB 0x00000000ea900000| Untracked 
| 170|0x00000000eaa00000, 0x00000000eaa00000, 0x00000000eab00000|  0%| F|  |TAMS 0x00000000eaa00000| PB 0x00000000eaa00000| Untracked 
| 171|0x00000000eab00000, 0x00000000eab00000, 0x00000000eac00000|  0%| F|  |TAMS 0x00000000eab00000| PB 0x00000000eab00000| Untracked 
| 172|0x00000000eac00000, 0x00000000eac00000, 0x00000000ead00000|  0%| F|  |TAMS 0x00000000eac00000| PB 0x00000000eac00000| Untracked 
| 173|0x00000000ead00000, 0x00000000ead00000, 0x00000000eae00000|  0%| F|  |TAMS 0x00000000ead00000| PB 0x00000000ead00000| Untracked 
| 174|0x00000000eae00000, 0x00000000eae00000, 0x00000000eaf00000|  0%| F|  |TAMS 0x00000000eae00000| PB 0x00000000eae00000| Untracked 
| 175|0x00000000eaf00000, 0x00000000eaf00000, 0x00000000eb000000|  0%| F|  |TAMS 0x00000000eaf00000| PB 0x00000000eaf00000| Untracked 
| 176|0x00000000eb000000, 0x00000000eb000000, 0x00000000eb100000|  0%| F|  |TAMS 0x00000000eb000000| PB 0x00000000eb000000| Untracked 
| 177|0x00000000eb100000, 0x00000000eb100000, 0x00000000eb200000|  0%| F|  |TAMS 0x00000000eb100000| PB 0x00000000eb100000| Untracked 
| 178|0x00000000eb200000, 0x00000000eb200000, 0x00000000eb300000|  0%| F|  |TAMS 0x00000000eb200000| PB 0x00000000eb200000| Untracked 
| 179|0x00000000eb300000, 0x00000000eb300000, 0x00000000eb400000|  0%| F|  |TAMS 0x00000000eb300000| PB 0x00000000eb300000| Untracked 
| 180|0x00000000eb400000, 0x00000000eb400000, 0x00000000eb500000|  0%| F|  |TAMS 0x00000000eb400000| PB 0x00000000eb400000| Untracked 
| 181|0x00000000eb500000, 0x00000000eb500000, 0x00000000eb600000|  0%| F|  |TAMS 0x00000000eb500000| PB 0x00000000eb500000| Untracked 
| 182|0x00000000eb600000, 0x00000000eb600000, 0x00000000eb700000|  0%| F|  |TAMS 0x00000000eb600000| PB 0x00000000eb600000| Untracked 
| 183|0x00000000eb700000, 0x00000000eb700000, 0x00000000eb800000|  0%| F|  |TAMS 0x00000000eb700000| PB 0x00000000eb700000| Untracked 
| 184|0x00000000eb800000, 0x00000000eb800000, 0x00000000eb900000|  0%| F|  |TAMS 0x00000000eb800000| PB 0x00000000eb800000| Untracked 
| 185|0x00000000eb900000, 0x00000000eb900000, 0x00000000eba00000|  0%| F|  |TAMS 0x00000000eb900000| PB 0x00000000eb900000| Untracked 
| 186|0x00000000eba00000, 0x00000000eba00000, 0x00000000ebb00000|  0%| F|  |TAMS 0x00000000eba00000| PB 0x00000000eba00000| Untracked 
| 187|0x00000000ebb00000, 0x00000000ebb00000, 0x00000000ebc00000|  0%| F|  |TAMS 0x00000000ebb00000| PB 0x00000000ebb00000| Untracked 
| 188|0x00000000ebc00000, 0x00000000ebc00000, 0x00000000ebd00000|  0%| F|  |TAMS 0x00000000ebc00000| PB 0x00000000ebc00000| Untracked 
| 189|0x00000000ebd00000, 0x00000000ebd00000, 0x00000000ebe00000|  0%| F|  |TAMS 0x00000000ebd00000| PB 0x00000000ebd00000| Untracked 
| 190|0x00000000ebe00000, 0x00000000ebe00000, 0x00000000ebf00000|  0%| F|  |TAMS 0x00000000ebe00000| PB 0x00000000ebe00000| Untracked 
| 191|0x00000000ebf00000, 0x00000000ebf00000, 0x00000000ec000000|  0%| F|  |TAMS 0x00000000ebf00000| PB 0x00000000ebf00000| Untracked 
| 192|0x00000000ec000000, 0x00000000ec000000, 0x00000000ec100000|  0%| F|  |TAMS 0x00000000ec000000| PB 0x00000000ec000000| Untracked 
| 193|0x00000000ec100000, 0x00000000ec100000, 0x00000000ec200000|  0%| F|  |TAMS 0x00000000ec100000| PB 0x00000000ec100000| Untracked 
| 194|0x00000000ec200000, 0x00000000ec200000, 0x00000000ec300000|  0%| F|  |TAMS 0x00000000ec200000| PB 0x00000000ec200000| Untracked 
| 195|0x00000000ec300000, 0x00000000ec300000, 0x00000000ec400000|  0%| F|  |TAMS 0x00000000ec300000| PB 0x00000000ec300000| Untracked 
| 196|0x00000000ec400000, 0x00000000ec400000, 0x00000000ec500000|  0%| F|  |TAMS 0x00000000ec400000| PB 0x00000000ec400000| Untracked 
| 197|0x00000000ec500000, 0x00000000ec500000, 0x00000000ec600000|  0%| F|  |TAMS 0x00000000ec500000| PB 0x00000000ec500000| Untracked 
| 198|0x00000000ec600000, 0x00000000ec600000, 0x00000000ec700000|  0%| F|  |TAMS 0x00000000ec600000| PB 0x00000000ec600000| Untracked 
| 199|0x00000000ec700000, 0x00000000ec700000, 0x00000000ec800000|  0%| F|  |TAMS 0x00000000ec700000| PB 0x00000000ec700000| Untracked 
| 200|0x00000000ec800000, 0x00000000ec800000, 0x00000000ec900000|  0%| F|  |TAMS 0x00000000ec800000| PB 0x00000000ec800000| Untracked 
| 201|0x00000000ec900000, 0x00000000ec900000, 0x00000000eca00000|  0%| F|  |TAMS 0x00000000ec900000| PB 0x00000000ec900000| Untracked 
| 202|0x00000000eca00000, 0x00000000eca00000, 0x00000000ecb00000|  0%| F|  |TAMS 0x00000000eca00000| PB 0x00000000eca00000| Untracked 
| 203|0x00000000ecb00000, 0x00000000ecb00000, 0x00000000ecc00000|  0%| F|  |TAMS 0x00000000ecb00000| PB 0x00000000ecb00000| Untracked 
| 204|0x00000000ecc00000, 0x00000000ecc00000, 0x00000000ecd00000|  0%| F|  |TAMS 0x00000000ecc00000| PB 0x00000000ecc00000| Untracked 
| 205|0x00000000ecd00000, 0x00000000ecd00000, 0x00000000ece00000|  0%| F|  |TAMS 0x00000000ecd00000| PB 0x00000000ecd00000| Untracked 
| 206|0x00000000ece00000, 0x00000000ece00000, 0x00000000ecf00000|  0%| F|  |TAMS 0x00000000ece00000| PB 0x00000000ece00000| Untracked 
| 207|0x00000000ecf00000, 0x00000000ecf00000, 0x00000000ed000000|  0%| F|  |TAMS 0x00000000ecf00000| PB 0x00000000ecf00000| Untracked 
| 208|0x00000000ed000000, 0x00000000ed000000, 0x00000000ed100000|  0%| F|  |TAMS 0x00000000ed000000| PB 0x00000000ed000000| Untracked 
| 209|0x00000000ed100000, 0x00000000ed100000, 0x00000000ed200000|  0%| F|  |TAMS 0x00000000ed100000| PB 0x00000000ed100000| Untracked 
| 210|0x00000000ed200000, 0x00000000ed200000, 0x00000000ed300000|  0%| F|  |TAMS 0x00000000ed200000| PB 0x00000000ed200000| Untracked 
| 211|0x00000000ed300000, 0x00000000ed300000, 0x00000000ed400000|  0%| F|  |TAMS 0x00000000ed300000| PB 0x00000000ed300000| Untracked 
| 212|0x00000000ed400000, 0x00000000ed400000, 0x00000000ed500000|  0%| F|  |TAMS 0x00000000ed400000| PB 0x00000000ed400000| Untracked 
| 213|0x00000000ed500000, 0x00000000ed500000, 0x00000000ed600000|  0%| F|  |TAMS 0x00000000ed500000| PB 0x00000000ed500000| Untracked 
| 214|0x00000000ed600000, 0x00000000ed600000, 0x00000000ed700000|  0%| F|  |TAMS 0x00000000ed600000| PB 0x00000000ed600000| Untracked 
| 215|0x00000000ed700000, 0x00000000ed700000, 0x00000000ed800000|  0%| F|  |TAMS 0x00000000ed700000| PB 0x00000000ed700000| Untracked 
| 216|0x00000000ed800000, 0x00000000ed800000, 0x00000000ed900000|  0%| F|  |TAMS 0x00000000ed800000| PB 0x00000000ed800000| Untracked 
| 217|0x00000000ed900000, 0x00000000ed900000, 0x00000000eda00000|  0%| F|  |TAMS 0x00000000ed900000| PB 0x00000000ed900000| Untracked 
| 218|0x00000000eda00000, 0x00000000eda00000, 0x00000000edb00000|  0%| F|  |TAMS 0x00000000eda00000| PB 0x00000000eda00000| Untracked 
| 219|0x00000000edb00000, 0x00000000edb00000, 0x00000000edc00000|  0%| F|  |TAMS 0x00000000edb00000| PB 0x00000000edb00000| Untracked 
| 220|0x00000000edc00000, 0x00000000edc00000, 0x00000000edd00000|  0%| F|  |TAMS 0x00000000edc00000| PB 0x00000000edc00000| Untracked 
| 221|0x00000000edd00000, 0x00000000ede00000, 0x00000000ede00000|100%| E|  |TAMS 0x00000000edd00000| PB 0x00000000edd00000| Complete 
| 222|0x00000000ede00000, 0x00000000edf00000, 0x00000000edf00000|100%| E|CS|TAMS 0x00000000ede00000| PB 0x00000000ede00000| Complete 
| 223|0x00000000edf00000, 0x00000000ee000000, 0x00000000ee000000|100%| E|CS|TAMS 0x00000000edf00000| PB 0x00000000edf00000| Complete 
| 224|0x00000000ee000000, 0x00000000ee100000, 0x00000000ee100000|100%| E|CS|TAMS 0x00000000ee000000| PB 0x00000000ee000000| Complete 
| 225|0x00000000ee100000, 0x00000000ee200000, 0x00000000ee200000|100%| E|CS|TAMS 0x00000000ee100000| PB 0x00000000ee100000| Complete 
| 226|0x00000000ee200000, 0x00000000ee300000, 0x00000000ee300000|100%| E|CS|TAMS 0x00000000ee200000| PB 0x00000000ee200000| Complete 
| 227|0x00000000ee300000, 0x00000000ee400000, 0x00000000ee400000|100%| E|CS|TAMS 0x00000000ee300000| PB 0x00000000ee300000| Complete 
| 228|0x00000000ee400000, 0x00000000ee500000, 0x00000000ee500000|100%| E|CS|TAMS 0x00000000ee400000| PB 0x00000000ee400000| Complete 
| 229|0x00000000ee500000, 0x00000000ee600000, 0x00000000ee600000|100%| E|CS|TAMS 0x00000000ee500000| PB 0x00000000ee500000| Complete 
| 230|0x00000000ee600000, 0x00000000ee700000, 0x00000000ee700000|100%| E|CS|TAMS 0x00000000ee600000| PB 0x00000000ee600000| Complete 
| 231|0x00000000ee700000, 0x00000000ee800000, 0x00000000ee800000|100%| E|CS|TAMS 0x00000000ee700000| PB 0x00000000ee700000| Complete 
| 232|0x00000000ee800000, 0x00000000ee900000, 0x00000000ee900000|100%| E|CS|TAMS 0x00000000ee800000| PB 0x00000000ee800000| Complete 
| 233|0x00000000ee900000, 0x00000000eea00000, 0x00000000eea00000|100%| E|CS|TAMS 0x00000000ee900000| PB 0x00000000ee900000| Complete 
| 234|0x00000000eea00000, 0x00000000eeb00000, 0x00000000eeb00000|100%| E|CS|TAMS 0x00000000eea00000| PB 0x00000000eea00000| Complete 
| 235|0x00000000eeb00000, 0x00000000eec00000, 0x00000000eec00000|100%| E|CS|TAMS 0x00000000eeb00000| PB 0x00000000eeb00000| Complete 
| 236|0x00000000eec00000, 0x00000000eed00000, 0x00000000eed00000|100%| E|CS|TAMS 0x00000000eec00000| PB 0x00000000eec00000| Complete 
| 237|0x00000000eed00000, 0x00000000eee00000, 0x00000000eee00000|100%| E|CS|TAMS 0x00000000eed00000| PB 0x00000000eed00000| Complete 
| 238|0x00000000eee00000, 0x00000000eef00000, 0x00000000eef00000|100%| E|CS|TAMS 0x00000000eee00000| PB 0x00000000eee00000| Complete 
| 239|0x00000000eef00000, 0x00000000ef000000, 0x00000000ef000000|100%| E|CS|TAMS 0x00000000eef00000| PB 0x00000000eef00000| Complete 
| 240|0x00000000ef000000, 0x00000000ef100000, 0x00000000ef100000|100%| E|CS|TAMS 0x00000000ef000000| PB 0x00000000ef000000| Complete 
| 241|0x00000000ef100000, 0x00000000ef200000, 0x00000000ef200000|100%| E|CS|TAMS 0x00000000ef100000| PB 0x00000000ef100000| Complete 
| 242|0x00000000ef200000, 0x00000000ef300000, 0x00000000ef300000|100%| E|CS|TAMS 0x00000000ef200000| PB 0x00000000ef200000| Complete 
| 243|0x00000000ef300000, 0x00000000ef400000, 0x00000000ef400000|100%| E|CS|TAMS 0x00000000ef300000| PB 0x00000000ef300000| Complete 
| 244|0x00000000ef400000, 0x00000000ef500000, 0x00000000ef500000|100%| E|CS|TAMS 0x00000000ef400000| PB 0x00000000ef400000| Complete 
| 245|0x00000000ef500000, 0x00000000ef600000, 0x00000000ef600000|100%| E|CS|TAMS 0x00000000ef500000| PB 0x00000000ef500000| Complete 
| 246|0x00000000ef600000, 0x00000000ef700000, 0x00000000ef700000|100%| E|CS|TAMS 0x00000000ef600000| PB 0x00000000ef600000| Complete 
| 247|0x00000000ef700000, 0x00000000ef800000, 0x00000000ef800000|100%| E|CS|TAMS 0x00000000ef700000| PB 0x00000000ef700000| Complete 
| 248|0x00000000ef800000, 0x00000000ef900000, 0x00000000ef900000|100%| E|CS|TAMS 0x00000000ef800000| PB 0x00000000ef800000| Complete 
| 249|0x00000000ef900000, 0x00000000efa00000, 0x00000000efa00000|100%| E|CS|TAMS 0x00000000ef900000| PB 0x00000000ef900000| Complete 
| 250|0x00000000efa00000, 0x00000000efb00000, 0x00000000efb00000|100%| E|CS|TAMS 0x00000000efa00000| PB 0x00000000efa00000| Complete 
| 251|0x00000000efb00000, 0x00000000efc00000, 0x00000000efc00000|100%| E|CS|TAMS 0x00000000efb00000| PB 0x00000000efb00000| Complete 
| 252|0x00000000efc00000, 0x00000000efd00000, 0x00000000efd00000|100%| E|CS|TAMS 0x00000000efc00000| PB 0x00000000efc00000| Complete 
| 253|0x00000000efd00000, 0x00000000efe00000, 0x00000000efe00000|100%| E|CS|TAMS 0x00000000efd00000| PB 0x00000000efd00000| Complete 
| 254|0x00000000efe00000, 0x00000000eff00000, 0x00000000eff00000|100%| E|CS|TAMS 0x00000000efe00000| PB 0x00000000efe00000| Complete 
| 255|0x00000000eff00000, 0x00000000f0000000, 0x00000000f0000000|100%| E|CS|TAMS 0x00000000eff00000| PB 0x00000000eff00000| Complete 

Card table byte_map: [0x000001c8b9a30000,0x000001c8b9b30000] _byte_map_base: 0x000001c8b9330000

Marking Bits: (CMBitMap*) 0x000001c8a6ee0090
 Bits: [0x000001c8b9b30000, 0x000001c8ba330000)

Polling page: 0x000001c8a5050000

Metaspace:

Usage:
  Non-class:     49.20 MB used.
      Class:      8.70 MB used.
       Both:     57.90 MB used.

Virtual space:
  Non-class space:       64.00 MB reserved,      50.31 MB ( 79%) committed,  1 nodes.
      Class space:      320.00 MB reserved,       9.75 MB (  3%) committed,  1 nodes.
             Both:      384.00 MB reserved,      60.06 MB ( 16%) committed. 

Chunk freelists:
   Non-Class:  13.59 MB
       Class:  6.29 MB
        Both:  19.88 MB

MaxMetaspaceSize: 384.00 MB
CompressedClassSpaceSize: 320.00 MB
Initial GC threshold: 21.00 MB
Current GC threshold: 60.25 MB
CDS: on
 - commit_granule_bytes: 65536.
 - commit_granule_words: 8192.
 - virtual_space_node_default_size: 8388608.
 - enlarge_chunks_in_place: 1.
 - use_allocation_guard: 0.


Internal statistics:

num_allocs_failed_limit: 12.
num_arena_births: 3962.
num_arena_deaths: 0.
num_vsnodes_births: 2.
num_vsnodes_deaths: 0.
num_space_committed: 961.
num_space_uncommitted: 0.
num_chunks_returned_to_freelist: 12.
num_chunks_taken_from_freelist: 6968.
num_chunk_merges: 12.
num_chunk_splits: 4517.
num_chunks_enlarged: 2716.
num_inconsistent_stats: 0.

CodeHeap 'non-profiled nmethods': size=119168Kb used=5254Kb max_used=5254Kb free=113913Kb
 bounds [0x000001c8b1c50000, 0x000001c8b2180000, 0x000001c8b90b0000]
CodeHeap 'profiled nmethods': size=119104Kb used=17362Kb max_used=17362Kb free=101741Kb
 bounds [0x000001c8aa0b0000, 0x000001c8ab1b0000, 0x000001c8b1500000]
CodeHeap 'non-nmethods': size=7488Kb used=1900Kb max_used=3617Kb free=5587Kb
 bounds [0x000001c8b1500000, 0x000001c8b1890000, 0x000001c8b1c50000]
CodeCache: size=245760Kb, used=24516Kb, max_used=26233Kb, free=221241Kb
 total_blobs=9753, nmethods=8984, adapters=673, full_count=0
Compilation: enabled, stopped_count=0, restarted_count=0

Compilation events (20 events):
Event: 370.175 Thread 0x000001c8bd33f3d0 9474       3       java.util.LinkedList::addFirst (6 bytes)
Event: 370.176 Thread 0x000001c8bd33f3d0 nmethod 9474 0x000001c8ab191310 code [0x000001c8ab1914c0, 0x000001c8ab1915f8]
Event: 370.176 Thread 0x000001c8bd33f3d0 9475       3       java.util.LinkedList::linkFirst (59 bytes)
Event: 370.176 Thread 0x000001c8bd33f3d0 nmethod 9475 0x000001c8ab191690 code [0x000001c8ab191860, 0x000001c8ab191cb0]
Event: 370.649 Thread 0x000001c8bd33f3d0 9477       3       sun.reflect.misc.ReflectUtil::checkPackageAccess (77 bytes)
Event: 370.649 Thread 0x000001c8bd33f3d0 nmethod 9477 0x000001c8ab191e10 code [0x000001c8ab191fc0, 0x000001c8ab192190]
Event: 370.802 Thread 0x000001c8bd33f3d0 9478       3       java.util.regex.Matcher::appendTail (19 bytes)
Event: 370.802 Thread 0x000001c8bd33f3d0 nmethod 9478 0x000001c8ab192290 code [0x000001c8ab192460, 0x000001c8ab192760]
Event: 371.226 Thread 0x000001c8bd33d5c0 nmethod 9471 0x000001c8b216b610 code [0x000001c8b216bb40, 0x000001c8b216f938]
Event: 371.227 Thread 0x000001c8bd33d5c0 9476       4       java.beans.Introspector::addMethod (241 bytes)
Event: 371.429 Thread 0x000001c8bd33f3d0 9479   !   3       com.sun.beans.introspect.ClassInfo::getMethods (50 bytes)
Event: 371.429 Thread 0x000001c8bd33f3d0 nmethod 9479 0x000001c8ab192910 code [0x000001c8ab192ac0, 0x000001c8ab192dd8]
Event: 372.324 Thread 0x000001c8bd33f3d0 9480   !   3       java.util.concurrent.FutureTask::runAndReset (125 bytes)
Event: 372.327 Thread 0x000001c8bd33f3d0 nmethod 9480 0x000001c8ab192f10 code [0x000001c8ab1933a0, 0x000001c8ab195908]
Event: 372.327 Thread 0x000001c8bd33f3d0 9481       3       java.util.concurrent.ScheduledThreadPoolExecutor$ScheduledFutureTask::setNextRunTime (38 bytes)
Event: 372.327 Thread 0x000001c8bd33f3d0 nmethod 9481 0x000001c8ab196410 code [0x000001c8ab1965c0, 0x000001c8ab1967e0]
Event: 372.327 Thread 0x000001c8bd33f3d0 9482       3       java.util.concurrent.ScheduledThreadPoolExecutor::reExecutePeriodic (49 bytes)
Event: 372.328 Thread 0x000001c8bd33f3d0 nmethod 9482 0x000001c8ab196890 code [0x000001c8ab196ac0, 0x000001c8ab197140]
Event: 372.449 Thread 0x000001c8bd33f3d0 9487   !   3       java.beans.PropertyDescriptor::<init> (349 bytes)
Event: 373.423 Thread 0x000001c8bd33f3d0 nmethod 9487 0x000001c8ab197390 code [0x000001c8ab197ba0, 0x000001c8ab19cbe0]

GC Heap History (18 events):
Event: 21.539 GC heap before
{Heap before GC invocations=0 (full 0):
 garbage-first heap   total 262144K, used 26624K [0x00000000e0000000, 0x0000000100000000)
  region size 1024K, 23 young (23552K), 0 survivors (0K)
 Metaspace       used 2703K, committed 2816K, reserved 393216K
  class space    used 314K, committed 384K, reserved 327680K
}
Event: 21.626 GC heap after
{Heap after GC invocations=1 (full 0):
 garbage-first heap   total 262144K, used 10690K [0x00000000e0000000, 0x0000000100000000)
  region size 1024K, 3 young (3072K), 3 survivors (3072K)
 Metaspace       used 2703K, committed 2816K, reserved 393216K
  class space    used 314K, committed 384K, reserved 327680K
}
Event: 39.985 GC heap before
{Heap before GC invocations=1 (full 0):
 garbage-first heap   total 262144K, used 41410K [0x00000000e0000000, 0x0000000100000000)
  region size 1024K, 31 young (31744K), 3 survivors (3072K)
 Metaspace       used 4751K, committed 4928K, reserved 393216K
  class space    used 598K, committed 704K, reserved 327680K
}
Event: 39.996 GC heap after
{Heap after GC invocations=2 (full 0):
 garbage-first heap   total 262144K, used 15539K [0x00000000e0000000, 0x0000000100000000)
  region size 1024K, 4 young (4096K), 4 survivors (4096K)
 Metaspace       used 4751K, committed 4928K, reserved 393216K
  class space    used 598K, committed 704K, reserved 327680K
}
Event: 121.481 GC heap before
{Heap before GC invocations=2 (full 0):
 garbage-first heap   total 262144K, used 107699K [0x00000000e0000000, 0x0000000100000000)
  region size 1024K, 94 young (96256K), 4 survivors (4096K)
 Metaspace       used 17733K, committed 18304K, reserved 393216K
  class space    used 2453K, committed 2752K, reserved 327680K
}
Event: 121.591 GC heap after
{Heap after GC invocations=3 (full 0):
 garbage-first heap   total 262144K, used 23199K [0x00000000e0000000, 0x0000000100000000)
  region size 1024K, 11 young (11264K), 11 survivors (11264K)
 Metaspace       used 17733K, committed 18304K, reserved 393216K
  class space    used 2453K, committed 2752K, reserved 327680K
}
Event: 124.991 GC heap before
{Heap before GC invocations=3 (full 0):
 garbage-first heap   total 262144K, used 45727K [0x00000000e0000000, 0x0000000100000000)
  region size 1024K, 33 young (33792K), 11 survivors (11264K)
 Metaspace       used 20838K, committed 21504K, reserved 393216K
  class space    used 2867K, committed 3200K, reserved 327680K
}
Event: 125.003 GC heap after
{Heap after GC invocations=4 (full 0):
 garbage-first heap   total 262144K, used 25805K [0x00000000e0000000, 0x0000000100000000)
  region size 1024K, 2 young (2048K), 2 survivors (2048K)
 Metaspace       used 20838K, committed 21504K, reserved 393216K
  class space    used 2867K, committed 3200K, reserved 327680K
}
Event: 147.471 GC heap before
{Heap before GC invocations=5 (full 0):
 garbage-first heap   total 262144K, used 131277K [0x00000000e0000000, 0x0000000100000000)
  region size 1024K, 107 young (109568K), 2 survivors (2048K)
 Metaspace       used 34933K, committed 36288K, reserved 393216K
  class space    used 5105K, committed 5760K, reserved 327680K
}
Event: 147.489 GC heap after
{Heap after GC invocations=6 (full 0):
 garbage-first heap   total 262144K, used 29996K [0x00000000e0000000, 0x0000000100000000)
  region size 1024K, 7 young (7168K), 7 survivors (7168K)
 Metaspace       used 34933K, committed 36288K, reserved 393216K
  class space    used 5105K, committed 5760K, reserved 327680K
}
Event: 147.590 GC heap before
{Heap before GC invocations=6 (full 0):
 garbage-first heap   total 262144K, used 31020K [0x00000000e0000000, 0x0000000100000000)
  region size 1024K, 9 young (9216K), 7 survivors (7168K)
 Metaspace       used 35213K, committed 36608K, reserved 393216K
  class space    used 5127K, committed 5760K, reserved 327680K
}
Event: 147.599 GC heap after
{Heap after GC invocations=7 (full 0):
 garbage-first heap   total 262144K, used 30287K [0x00000000e0000000, 0x0000000100000000)
  region size 1024K, 8 young (8192K), 8 survivors (8192K)
 Metaspace       used 35213K, committed 36608K, reserved 393216K
  class space    used 5127K, committed 5760K, reserved 327680K
}
Event: 147.843 GC heap before
{Heap before GC invocations=7 (full 0):
 garbage-first heap   total 262144K, used 33359K [0x00000000e0000000, 0x0000000100000000)
  region size 1024K, 12 young (12288K), 8 survivors (8192K)
 Metaspace       used 35519K, committed 36928K, reserved 393216K
  class space    used 5164K, committed 5888K, reserved 327680K
}
Event: 147.853 GC heap after
{Heap after GC invocations=8 (full 0):
 garbage-first heap   total 262144K, used 31015K [0x00000000e0000000, 0x0000000100000000)
  region size 1024K, 8 young (8192K), 8 survivors (8192K)
 Metaspace       used 35519K, committed 36928K, reserved 393216K
  class space    used 5164K, committed 5888K, reserved 327680K
}
Event: 205.858 GC heap before
{Heap before GC invocations=9 (full 0):
 garbage-first heap   total 262144K, used 178471K [0x00000000e0000000, 0x0000000100000000)
  region size 1024K, 153 young (156672K), 8 survivors (8192K)
 Metaspace       used 48964K, committed 50816K, reserved 393216K
  class space    used 7232K, committed 8128K, reserved 327680K
}
Event: 205.883 GC heap after
{Heap after GC invocations=10 (full 0):
 garbage-first heap   total 262144K, used 39897K [0x00000000e0000000, 0x0000000100000000)
  region size 1024K, 17 young (17408K), 17 survivors (17408K)
 Metaspace       used 48964K, committed 50816K, reserved 393216K
  class space    used 7232K, committed 8128K, reserved 327680K
}
Event: 321.547 GC heap before
{Heap before GC invocations=10 (full 0):
 garbage-first heap   total 262144K, used 179161K [0x00000000e0000000, 0x0000000100000000)
  region size 1024K, 153 young (156672K), 17 survivors (17408K)
 Metaspace       used 57324K, committed 59520K, reserved 393216K
  class space    used 8583K, committed 9664K, reserved 327680K
}
Event: 321.576 GC heap after
{Heap after GC invocations=11 (full 0):
 garbage-first heap   total 262144K, used 49684K [0x00000000e0000000, 0x0000000100000000)
  region size 1024K, 20 young (20480K), 20 survivors (20480K)
 Metaspace       used 57324K, committed 59520K, reserved 393216K
  class space    used 8583K, committed 9664K, reserved 327680K
}

Dll operation events (20 events):
Event: 3.234 Attempting to load shared library C:\Users\chae0\.vscode\extensions\redhat.java-1.56.0-win32-x64\jre\21.0.12.1-win32-x86_64\bin\nio.dll
Event: 3.240 Loaded shared library C:\Users\chae0\.vscode\extensions\redhat.java-1.56.0-win32-x64\jre\21.0.12.1-win32-x86_64\bin\nio.dll
Event: 3.307 Attempting to load shared library C:\Users\chae0\.vscode\extensions\redhat.java-1.56.0-win32-x64\jre\21.0.12.1-win32-x86_64\bin\zip.dll
Event: 3.307 Loaded shared library C:\Users\chae0\.vscode\extensions\redhat.java-1.56.0-win32-x64\jre\21.0.12.1-win32-x86_64\bin\zip.dll
Event: 10.659 Attempting to load shared library C:\Users\chae0\.vscode\extensions\redhat.java-1.56.0-win32-x64\jre\21.0.12.1-win32-x86_64\bin\jimage.dll
Event: 10.659 Loaded shared library C:\Users\chae0\.vscode\extensions\redhat.java-1.56.0-win32-x64\jre\21.0.12.1-win32-x86_64\bin\jimage.dll
Event: 19.322 Attempting to load shared library C:\Users\chae0\.vscode\extensions\redhat.java-1.56.0-win32-x64\jre\21.0.12.1-win32-x86_64\bin\verify.dll
Event: 19.337 Loaded shared library C:\Users\chae0\.vscode\extensions\redhat.java-1.56.0-win32-x64\jre\21.0.12.1-win32-x86_64\bin\verify.dll
Event: 20.336 Attempting to load shared library C:\Users\chae0\.gradle\native\660c5614fbf4a5f2a75b1949f50a0caf5cd603558e7d8a26e50b933a0cfb79d1\windows-amd64\native-platform.dll
Event: 20.433 Loaded shared library C:\Users\chae0\.gradle\native\660c5614fbf4a5f2a75b1949f50a0caf5cd603558e7d8a26e50b933a0cfb79d1\windows-amd64\native-platform.dll
Event: 20.747 Attempting to load shared library C:\Users\chae0\.gradle\native\0.2.8\x86_64-windows-gnu\gradle-fileevents.dll
Event: 20.755 Loaded shared library C:\Users\chae0\.gradle\native\0.2.8\x86_64-windows-gnu\gradle-fileevents.dll
Event: 49.927 Attempting to load shared library C:\Users\chae0\.vscode\extensions\redhat.java-1.56.0-win32-x64\jre\21.0.12.1-win32-x86_64\bin\management.dll
Event: 49.935 Loaded shared library C:\Users\chae0\.vscode\extensions\redhat.java-1.56.0-win32-x64\jre\21.0.12.1-win32-x86_64\bin\management.dll
Event: 50.015 Attempting to load shared library C:\Users\chae0\.vscode\extensions\redhat.java-1.56.0-win32-x64\jre\21.0.12.1-win32-x86_64\bin\management_ext.dll
Event: 50.031 Loaded shared library C:\Users\chae0\.vscode\extensions\redhat.java-1.56.0-win32-x64\jre\21.0.12.1-win32-x86_64\bin\management_ext.dll
Event: 58.915 Attempting to load shared library C:\Users\chae0\.vscode\extensions\redhat.java-1.56.0-win32-x64\jre\21.0.12.1-win32-x86_64\bin\extnet.dll
Event: 58.923 Loaded shared library C:\Users\chae0\.vscode\extensions\redhat.java-1.56.0-win32-x64\jre\21.0.12.1-win32-x86_64\bin\extnet.dll
Event: 109.955 Attempting to load shared library C:\Users\chae0\.vscode\extensions\redhat.java-1.56.0-win32-x64\jre\21.0.12.1-win32-x86_64\bin\sunmscapi.dll
Event: 110.077 Loaded shared library C:\Users\chae0\.vscode\extensions\redhat.java-1.56.0-win32-x64\jre\21.0.12.1-win32-x86_64\bin\sunmscapi.dll

Deoptimization events (20 events):
Event: 359.671 Thread 0x000001c8d7976a30 Uncommon trap: trap_request=0xffffff45 fr.pc=0x000001c8b1f20cec relative=0x000000000000062c
Event: 359.671 Thread 0x000001c8d7976a30 Uncommon trap: reason=unstable_if action=reinterpret pc=0x000001c8b1f20cec method=org.objectweb.asm.Type.getArgumentsAndReturnSizes(Ljava/lang/String;)I @ 19 c2
Event: 359.671 Thread 0x000001c8d7976a30 DEOPT PACKING pc=0x000001c8b1f20cec sp=0x00000089f76f8e40
Event: 359.671 Thread 0x000001c8d7976a30 DEOPT UNPACKING pc=0x000001c8b1554422 sp=0x00000089f76f8dc8 mode 2
Event: 359.720 Thread 0x000001c8d7976a30 Uncommon trap: trap_request=0xffffff45 fr.pc=0x000001c8b1efd62c relative=0x000000000000032c
Event: 359.720 Thread 0x000001c8d7976a30 Uncommon trap: reason=unstable_if action=reinterpret pc=0x000001c8b1efd62c method=org.objectweb.asm.MethodWriter.visitVarInsn(II)V @ 224 c2
Event: 359.720 Thread 0x000001c8d7976a30 DEOPT PACKING pc=0x000001c8b1efd62c sp=0x00000089f76f9160
Event: 359.720 Thread 0x000001c8d7976a30 DEOPT UNPACKING pc=0x000001c8b1554422 sp=0x00000089f76f90f8 mode 2
Event: 359.720 Thread 0x000001c8d7976a30 Uncommon trap: trap_request=0xffffff45 fr.pc=0x000001c8b210fa64 relative=0x0000000000000224
Event: 359.720 Thread 0x000001c8d7976a30 Uncommon trap: reason=unstable_if action=reinterpret pc=0x000001c8b210fa64 method=org.objectweb.asm.Type.getTypeInternal(Ljava/lang/String;II)Lorg/objectweb/asm/Type; @ 5 c2
Event: 359.720 Thread 0x000001c8d7976a30 DEOPT PACKING pc=0x000001c8b210fa64 sp=0x00000089f76f9100
Event: 359.721 Thread 0x000001c8d7976a30 DEOPT UNPACKING pc=0x000001c8b1554422 sp=0x00000089f76f9098 mode 2
Event: 359.721 Thread 0x000001c8d7976a30 Uncommon trap: trap_request=0xffffff45 fr.pc=0x000001c8b212cc90 relative=0x0000000000000970
Event: 359.721 Thread 0x000001c8d7976a30 Uncommon trap: reason=unstable_if action=reinterpret pc=0x000001c8b212cc90 method=org.objectweb.asm.Frame.accept(Lorg/objectweb/asm/MethodWriter;)V @ 32 c2
Event: 359.721 Thread 0x000001c8d7976a30 DEOPT PACKING pc=0x000001c8b212cc90 sp=0x00000089f76f9230
Event: 359.721 Thread 0x000001c8d7976a30 DEOPT UNPACKING pc=0x000001c8b1554422 sp=0x00000089f76f91d0 mode 2
Event: 365.611 Thread 0x000001c8d7976a30 Uncommon trap: trap_request=0xfffffff4 fr.pc=0x000001c8b21672cc relative=0x0000000000000c6c
Event: 365.611 Thread 0x000001c8d7976a30 Uncommon trap: reason=null_check action=make_not_entrant pc=0x000001c8b21672cc method=org.gradle.internal.instantiation.generator.AbstractClassGenerator.isAttachableType(Ljava/lang/Class;Ljava/util/function/Predicate;)Z @ 4 c2
Event: 365.611 Thread 0x000001c8d7976a30 DEOPT PACKING pc=0x000001c8b21672cc sp=0x00000089f76f9140
Event: 365.611 Thread 0x000001c8d7976a30 DEOPT UNPACKING pc=0x000001c8b1554422 sp=0x00000089f76f90a8 mode 2

Classes loaded (20 events):
Event: 251.417 Loading class java/util/concurrent/CompletableFuture$AsyncRun
Event: 251.418 Loading class java/util/concurrent/CompletableFuture$AsyncRun done
Event: 251.907 Loading class sun/net/ConnectionResetException
Event: 251.908 Loading class sun/net/ConnectionResetException done
Event: 251.914 Loading class java/lang/Throwable$WrappedPrintWriter
Event: 251.914 Loading class java/lang/Throwable$PrintStreamOrWriter
Event: 251.914 Loading class java/lang/Throwable$PrintStreamOrWriter done
Event: 251.914 Loading class java/lang/Throwable$WrappedPrintWriter done
Event: 251.915 Loading class java/lang/StackTraceElement$HashedModules
Event: 251.915 Loading class java/lang/StackTraceElement$HashedModules done
Event: 252.363 Loading class jdk/internal/math/FormattedFPDecimal
Event: 252.365 Loading class jdk/internal/math/FormattedFPDecimal done
Event: 252.400 Loading class sun/text/resources/cldr/FormatData_en
Event: 252.408 Loading class sun/text/resources/cldr/FormatData_en done
Event: 300.702 Loading class java/util/LinkedList$LLSpliterator
Event: 300.702 Loading class java/util/LinkedList$LLSpliterator done
Event: 321.326 Loading class java/util/TreeMap$ValueSpliterator
Event: 321.327 Loading class java/util/TreeMap$ValueSpliterator done
Event: 340.599 Loading class java/io/FileReader
Event: 340.648 Loading class java/io/FileReader done

Classes unloaded (0 events):
No events

Classes redefined (0 events):
No events

Internal exceptions (20 events):
Event: 280.305 Thread 0x000001c8d7976a30 Exception <a 'sun/nio/fs/WindowsException'{0x00000000e92d4e00}> (0x00000000e92d4e00) 
thrown [s\src\hotspot\share\prims\jni.cpp, line 520]
Event: 280.316 Thread 0x000001c8d7976a30 Exception <a 'sun/nio/fs/WindowsException'{0x00000000e92d6590}> (0x00000000e92d6590) 
thrown [s\src\hotspot\share\prims\jni.cpp, line 520]
Event: 280.326 Thread 0x000001c8d7976a30 Exception <a 'sun/nio/fs/WindowsException'{0x00000000e92d7d10}> (0x00000000e92d7d10) 
thrown [s\src\hotspot\share\prims\jni.cpp, line 520]
Event: 280.337 Thread 0x000001c8d7976a30 Exception <a 'sun/nio/fs/WindowsException'{0x00000000e92d9470}> (0x00000000e92d9470) 
thrown [s\src\hotspot\share\prims\jni.cpp, line 520]
Event: 296.232 Thread 0x000001c8d7976a30 Exception <a 'java/lang/NoClassDefFoundError'{0x00000000e89f84e8}: org/jetbrains/kotlin/gradle/plugin/KotlinPluginWrapper> (0x00000000e89f84e8) 
thrown [s\src\hotspot\share\oops\constantPool.cpp, line 873]
Event: 296.232 Thread 0x000001c8d7976a30 Exception <a 'java/lang/NoClassDefFoundError'{0x00000000e89faba0}: org/graalvm/buildtools/gradle/NativeImagePlugin> (0x00000000e89faba0) 
thrown [s\src\hotspot\share\oops\constantPool.cpp, line 873]
Event: 296.233 Thread 0x000001c8d7976a30 Exception <a 'java/lang/NoClassDefFoundError'{0x00000000e89fd248}: org/cyclonedx/gradle/CyclonedxPlugin> (0x00000000e89fd248) 
thrown [s\src\hotspot\share\oops\constantPool.cpp, line 873]
Event: 299.355 Thread 0x000001c8d7976a30 Exception <a 'java/lang/NoSuchMethodError'{0x00000000e878ace8}: 'java.lang.Object java.lang.invoke.DirectMethodHandle$Holder.invokeStatic(java.lang.Object, int, java.lang.Object)'> (0x00000000e878ace8) 
thrown [s\src\hotspot\share\interpreter\linkResolver.cpp, line 773]
Event: 310.344 Thread 0x000001c8d7976a30 Exception <a 'java/lang/NoSuchMethodError'{0x00000000e7f1ebd8}: 'void java.lang.invoke.DirectMethodHandle$Holder.invokeStatic(java.lang.Object, int, java.lang.Object)'> (0x00000000e7f1ebd8) 
thrown [s\src\hotspot\share\interpreter\linkResolver.cpp, line 773]
Event: 321.328 Thread 0x000001c8d7976a30 Exception <a 'java/lang/IncompatibleClassChangeError'{0x00000000e78bbb98}: Found class java.lang.Object, but interface was expected> (0x00000000e78bbb98) 
thrown [s\src\hotspot\share\interpreter\linkResolver.cpp, line 840]
Event: 333.866 Thread 0x000001c8d7976a30 Exception <a 'java/lang/NoSuchMethodError'{0x00000000efab57a8}: 'int java.lang.invoke.DirectMethodHandle$Holder.invokeSpecialIFC(java.lang.Object, java.lang.Object, java.lang.Object, java.lang.Object, java.lang.Object)'> (0x00000000efab57a8) 
thrown [s\src\hotspot\share\interpreter\linkResolver.cpp, line 773]
Event: 365.611 Thread 0x000001c8d7976a30 Implicit null exception at 0x000001c8b216692f to 0x000001c8b21672c0
Event: 370.408 Thread 0x000001c8d7976a30 Exception <a 'java/lang/ClassNotFoundException'{0x00000000ede0bea0}: org/gradle/api/tasks/testing/Test_DecoratedBeanInfo> (0x00000000ede0bea0) 
thrown [s\src\hotspot\share\classfile\systemDictionary.cpp, line 313]
Event: 370.463 Thread 0x000001c8d7976a30 Exception <a 'java/lang/ClassNotFoundException'{0x00000000ede18760}: org/gradle/api/tasks/testing/TestBeanInfo> (0x00000000ede18760) 
thrown [s\src\hotspot\share\classfile\systemDictionary.cpp, line 313]
Event: 370.506 Thread 0x000001c8d7976a30 Exception <a 'java/lang/ClassNotFoundException'{0x00000000ede26680}: org/gradle/api/tasks/testing/AbstractTestTaskBeanInfo> (0x00000000ede26680) 
thrown [s\src\hotspot\share\classfile\systemDictionary.cpp, line 313]
Event: 370.511 Thread 0x000001c8d7976a30 Exception <a 'java/lang/ClassNotFoundException'{0x00000000ede31968}: org/gradle/api/internal/ConventionTaskBeanInfo> (0x00000000ede31968) 
thrown [s\src\hotspot\share\classfile\systemDictionary.cpp, line 313]
Event: 370.576 Thread 0x000001c8d7976a30 Exception <a 'java/lang/ClassNotFoundException'{0x00000000ede3d050}: org/gradle/api/internal/ConventionTaskCustomizer> (0x00000000ede3d050) 
thrown [s\src\hotspot\share\classfile\systemDictionary.cpp, line 313]
Event: 370.677 Thread 0x000001c8d7976a30 Exception <a 'java/lang/ClassNotFoundException'{0x00000000ede5a640}: org/gradle/api/tasks/testing/AbstractTestTaskCustomizer> (0x00000000ede5a640) 
thrown [s\src\hotspot\share\classfile\systemDictionary.cpp, line 313]
Event: 370.774 Thread 0x000001c8d7976a30 Exception <a 'java/lang/ClassNotFoundException'{0x00000000ede87820}: org/gradle/api/tasks/testing/TestCustomizer> (0x00000000ede87820) 
thrown [s\src\hotspot\share\classfile\systemDictionary.cpp, line 313]
Event: 371.547 Thread 0x000001c8d7976a30 Exception <a 'java/lang/ClassNotFoundException'{0x00000000edd23038}: org/gradle/api/tasks/testing/Test_DecoratedCustomizer> (0x00000000edd23038) 
thrown [s\src\hotspot\share\classfile\systemDictionary.cpp, line 313]

ZGC Phase Switch (0 events):
No events

VM Operations (20 events):
Event: 358.191 Executing safepoint VM operation: Cleanup
Event: 358.222 Executing safepoint VM operation: Cleanup done
Event: 359.231 Executing safepoint VM operation: Cleanup
Event: 359.231 Executing safepoint VM operation: Cleanup done
Event: 360.235 Executing safepoint VM operation: Cleanup
Event: 360.266 Executing safepoint VM operation: Cleanup done
Event: 361.273 Executing safepoint VM operation: Cleanup
Event: 361.289 Executing safepoint VM operation: Cleanup done
Event: 365.329 Executing safepoint VM operation: Cleanup
Event: 365.329 Executing safepoint VM operation: Cleanup done
Event: 368.353 Executing safepoint VM operation: Cleanup
Event: 368.446 Executing safepoint VM operation: Cleanup done
Event: 369.449 Executing safepoint VM operation: Cleanup
Event: 369.557 Executing safepoint VM operation: Cleanup done
Event: 370.559 Executing safepoint VM operation: Cleanup
Event: 370.574 Executing safepoint VM operation: Cleanup done
Event: 371.594 Executing safepoint VM operation: Cleanup
Event: 372.324 Executing safepoint VM operation: Cleanup done
Event: 373.331 Executing safepoint VM operation: Cleanup
Event: 373.427 Executing safepoint VM operation: Cleanup done

Memory protections (0 events):
No events

Nmethod flushes (20 events):
Event: 147.910 Thread 0x000001c8bd313710 flushing  nmethod 0x000001c8aa145890
Event: 147.910 Thread 0x000001c8bd313710 flushing  nmethod 0x000001c8aa145f10
Event: 147.910 Thread 0x000001c8bd313710 flushing  nmethod 0x000001c8aa146410
Event: 147.910 Thread 0x000001c8bd313710 flushing  nmethod 0x000001c8aa146c90
Event: 147.910 Thread 0x000001c8bd313710 flushing  nmethod 0x000001c8aa147290
Event: 147.910 Thread 0x000001c8bd313710 flushing  nmethod 0x000001c8aa148090
Event: 147.910 Thread 0x000001c8bd313710 flushing  nmethod 0x000001c8aa149a10
Event: 147.910 Thread 0x000001c8bd313710 flushing  nmethod 0x000001c8aa14aa10
Event: 147.910 Thread 0x000001c8bd313710 flushing  nmethod 0x000001c8aa20bc90
Event: 147.910 Thread 0x000001c8bd313710 flushing  nmethod 0x000001c8aa20ca10
Event: 147.910 Thread 0x000001c8bd313710 flushing  nmethod 0x000001c8aa20cd90
Event: 147.910 Thread 0x000001c8bd313710 flushing  nmethod 0x000001c8aa20d990
Event: 147.910 Thread 0x000001c8bd313710 flushing  nmethod 0x000001c8aa20f510
Event: 147.910 Thread 0x000001c8bd313710 flushing  nmethod 0x000001c8aa210310
Event: 147.910 Thread 0x000001c8bd313710 flushing  nmethod 0x000001c8aa25bc10
Event: 147.910 Thread 0x000001c8bd313710 flushing  nmethod 0x000001c8aa25c010
Event: 147.910 Thread 0x000001c8bd313710 flushing  nmethod 0x000001c8aa260390
Event: 147.910 Thread 0x000001c8bd313710 flushing  nmethod 0x000001c8aa261f90
Event: 147.910 Thread 0x000001c8bd313710 flushing  nmethod 0x000001c8aa304110
Event: 147.910 Thread 0x000001c8bd313710 flushing  nmethod 0x000001c8aa308810

Events (20 events):
Event: 290.305 Thread 0x000001c8d7976a30 Thread added: 0x000001c8d9c7ae10
Event: 290.352 Thread 0x000001c8d7976a30 Thread added: 0x000001c8d8486f30
Event: 290.353 Thread 0x000001c8d7976a30 Thread added: 0x000001c8d8486210
Event: 290.354 Thread 0x000001c8d7976a30 Thread added: 0x000001c8d84868a0
Event: 290.399 Thread 0x000001c8d7976a30 Thread added: 0x000001c8d8484140
Event: 290.401 Thread 0x000001c8d7976a30 Thread added: 0x000001c8d8483ab0
Event: 290.487 Thread 0x000001c8d7976a30 Thread added: 0x000001c8d8489690
Event: 290.488 Thread 0x000001c8d7976a30 Thread added: 0x000001c8d848a3b0
Event: 290.551 Thread 0x000001c8d7976a30 Thread added: 0x000001c8d8266ae0
Event: 290.551 Thread 0x000001c8d7976a30 Thread added: 0x000001c8d8264380
Event: 290.553 Thread 0x000001c8d7976a30 Thread added: 0x000001c8d82650a0
Event: 292.623 Thread 0x000001c8d7976a30 Thread added: 0x000001c8da1f1c60
Event: 303.479 Thread 0x000001c8bd33f3d0 Thread added: 0x000001c8d97aa7d0
Event: 303.480 Thread 0x000001c8bd33f3d0 Thread added: 0x000001c8d97aaea0
Event: 306.423 Thread 0x000001c8d97aaea0 Thread exited: 0x000001c8d97aaea0
Event: 312.335 Thread 0x000001c8d97aa7d0 Thread exited: 0x000001c8d97aa7d0
Event: 312.368 Thread 0x000001c8d9c74510 Thread exited: 0x000001c8d9c74510
Event: 335.801 Thread 0x000001c8d9c73e80 Thread exited: 0x000001c8d9c73e80
Event: 360.678 Thread 0x000001c8d8263660 Thread exited: 0x000001c8d8263660
Event: 373.424 Thread 0x000001c8bd33f3d0 Thread added: 0x000001c8d97a7ef0


Dynamic libraries:
0x00007ff7bf7b0000 - 0x00007ff7bf7be000 	C:\Users\chae0\.vscode\extensions\redhat.java-1.56.0-win32-x64\jre\21.0.12.1-win32-x86_64\bin\java.exe
0x00007ffe53c40000 - 0x00007ffe53ea6000 	C:\WINDOWS\SYSTEM32\ntdll.dll
0x00007ffe52d90000 - 0x00007ffe52e59000 	C:\WINDOWS\System32\KERNEL32.DLL
0x00007ffe51010000 - 0x00007ffe5140f000 	C:\WINDOWS\System32\KERNELBASE.dll
0x00007ffe51590000 - 0x00007ffe516dc000 	C:\WINDOWS\System32\ucrtbase.dll
0x00007ffe3cde0000 - 0x00007ffe3cdfe000 	C:\Users\chae0\.vscode\extensions\redhat.java-1.56.0-win32-x64\jre\21.0.12.1-win32-x86_64\bin\VCRUNTIME140.dll
0x00007ffe3cdc0000 - 0x00007ffe3cdd8000 	C:\Users\chae0\.vscode\extensions\redhat.java-1.56.0-win32-x64\jre\21.0.12.1-win32-x86_64\bin\jli.dll
0x00007ffe52e60000 - 0x00007ffe53026000 	C:\WINDOWS\System32\USER32.dll
0x00007ffe50fe0000 - 0x00007ffe51007000 	C:\WINDOWS\System32\win32u.dll
0x00007ffe52790000 - 0x00007ffe527bb000 	C:\WINDOWS\System32\GDI32.dll
0x00007ffe51840000 - 0x00007ffe51969000 	C:\WINDOWS\System32\gdi32full.dll
0x00007ffe514e0000 - 0x00007ffe51583000 	C:\WINDOWS\System32\msvcp_win.dll
0x00007ffe34960000 - 0x00007ffe34bf1000 	C:\WINDOWS\WinSxS\amd64_microsoft.windows.common-controls_6595b64144ccf1df_6.0.26100.8972_none_3e0da176e32f9d4b\COMCTL32.dll
0x00007ffe51d70000 - 0x00007ffe51e19000 	C:\WINDOWS\System32\msvcrt.dll
0x00007ffe52c10000 - 0x00007ffe52c42000 	C:\WINDOWS\System32\IMM32.DLL
0x00007ffe4d7a0000 - 0x00007ffe4d7ac000 	C:\Users\chae0\.vscode\extensions\redhat.java-1.56.0-win32-x64\jre\21.0.12.1-win32-x86_64\bin\vcruntime140_1.dll
0x00007ffe2ff60000 - 0x00007ffe2ffed000 	C:\Users\chae0\.vscode\extensions\redhat.java-1.56.0-win32-x64\jre\21.0.12.1-win32-x86_64\bin\msvcp140.dll
0x00007ffd81b10000 - 0x00007ffd828b2000 	C:\Users\chae0\.vscode\extensions\redhat.java-1.56.0-win32-x64\jre\21.0.12.1-win32-x86_64\bin\server\jvm.dll
0x00007ffe53050000 - 0x00007ffe5310c000 	C:\WINDOWS\System32\ADVAPI32.dll
0x00007ffe52b50000 - 0x00007ffe52bfa000 	C:\WINDOWS\System32\sechost.dll
0x00007ffe519e0000 - 0x00007ffe51af8000 	C:\WINDOWS\System32\RPCRT4.dll
0x00007ffe52d00000 - 0x00007ffe52d82000 	C:\WINDOWS\System32\WS2_32.dll
0x00007ffe50cb0000 - 0x00007ffe50d0e000 	C:\WINDOWS\SYSTEM32\POWRPROF.dll
0x00007ffe457f0000 - 0x00007ffe45826000 	C:\WINDOWS\SYSTEM32\WINMM.dll
0x00007ffe36750000 - 0x00007ffe3675b000 	C:\WINDOWS\SYSTEM32\VERSION.dll
0x00007ffe50c90000 - 0x00007ffe50ca5000 	C:\WINDOWS\SYSTEM32\UMPDC.dll
0x00007ffe4fb40000 - 0x00007ffe4fb5b000 	C:\WINDOWS\SYSTEM32\kernel.appcore.dll
0x00007ffe4c9d0000 - 0x00007ffe4c9da000 	C:\Users\chae0\.vscode\extensions\redhat.java-1.56.0-win32-x64\jre\21.0.12.1-win32-x86_64\bin\jimage.dll
0x00007ffe4e4f0000 - 0x00007ffe4e732000 	C:\WINDOWS\SYSTEM32\DBGHELP.DLL
0x00007ffe527c0000 - 0x00007ffe52b45000 	C:\WINDOWS\System32\combase.dll
0x00007ffe525b0000 - 0x00007ffe52689000 	C:\WINDOWS\System32\OLEAUT32.dll
0x00007ffe34c30000 - 0x00007ffe34c6b000 	C:\WINDOWS\SYSTEM32\dbgcore.DLL
0x00007ffe51420000 - 0x00007ffe514cc000 	C:\WINDOWS\System32\bcryptPrimitives.dll
0x00007ffe3d250000 - 0x00007ffe3d25f000 	C:\Users\chae0\.vscode\extensions\redhat.java-1.56.0-win32-x64\jre\21.0.12.1-win32-x86_64\bin\instrument.dll
0x00007ffe40810000 - 0x00007ffe40830000 	C:\Users\chae0\.vscode\extensions\redhat.java-1.56.0-win32-x64\jre\21.0.12.1-win32-x86_64\bin\java.dll
0x00007ffe51e20000 - 0x00007ffe525a8000 	C:\WINDOWS\System32\SHELL32.dll
0x00007ffe4e920000 - 0x00007ffe4f1bb000 	C:\WINDOWS\SYSTEM32\windows.storage.dll
0x00007ffe51c70000 - 0x00007ffe51d69000 	C:\WINDOWS\System32\SHCORE.dll
0x00007ffe51970000 - 0x00007ffe519d6000 	C:\WINDOWS\System32\shlwapi.dll
0x00007ffe50d70000 - 0x00007ffe50d99000 	C:\WINDOWS\SYSTEM32\profapi.dll
0x00007ffe3d7d0000 - 0x00007ffe3d7e8000 	C:\Users\chae0\.vscode\extensions\redhat.java-1.56.0-win32-x64\jre\21.0.12.1-win32-x86_64\bin\zip.dll
0x00007ffe3cf80000 - 0x00007ffe3cf90000 	C:\Users\chae0\.vscode\extensions\redhat.java-1.56.0-win32-x64\jre\21.0.12.1-win32-x86_64\bin\net.dll
0x00007ffe49d60000 - 0x00007ffe49e88000 	C:\WINDOWS\SYSTEM32\WINHTTP.dll
0x00007ffe500f0000 - 0x00007ffe5015c000 	C:\WINDOWS\system32\mswsock.dll
0x00007ffe3c5b0000 - 0x00007ffe3c5c6000 	C:\Users\chae0\.vscode\extensions\redhat.java-1.56.0-win32-x64\jre\21.0.12.1-win32-x86_64\bin\nio.dll
0x00007ffe3d240000 - 0x00007ffe3d250000 	C:\Users\chae0\.vscode\extensions\redhat.java-1.56.0-win32-x64\jre\21.0.12.1-win32-x86_64\bin\verify.dll
0x00007ffe10c10000 - 0x00007ffe10c37000 	C:\Users\chae0\.gradle\native\660c5614fbf4a5f2a75b1949f50a0caf5cd603558e7d8a26e50b933a0cfb79d1\windows-amd64\native-platform.dll
0x00007ffdc78f0000 - 0x00007ffdc7967000 	C:\Users\chae0\.gradle\native\0.2.8\x86_64-windows-gnu\gradle-fileevents.dll
0x00007ffe3cc50000 - 0x00007ffe3cc5a000 	C:\Users\chae0\.vscode\extensions\redhat.java-1.56.0-win32-x64\jre\21.0.12.1-win32-x86_64\bin\management.dll
0x00007ffe37d10000 - 0x00007ffe37d1c000 	C:\Users\chae0\.vscode\extensions\redhat.java-1.56.0-win32-x64\jre\21.0.12.1-win32-x86_64\bin\management_ext.dll
0x00007ffe536d0000 - 0x00007ffe536d8000 	C:\WINDOWS\System32\PSAPI.DLL
0x00007ffe4f5c0000 - 0x00007ffe4f5f3000 	C:\WINDOWS\SYSTEM32\IPHLPAPI.DLL
0x00007ffe52c00000 - 0x00007ffe52c0a000 	C:\WINDOWS\System32\NSI.dll
0x00007ffe34c70000 - 0x00007ffe34c79000 	C:\Users\chae0\.vscode\extensions\redhat.java-1.56.0-win32-x64\jre\21.0.12.1-win32-x86_64\bin\extnet.dll
0x00007ffe503e0000 - 0x00007ffe503fb000 	C:\WINDOWS\SYSTEM32\CRYPTSP.dll
0x00007ffe4faa0000 - 0x00007ffe4fad9000 	C:\WINDOWS\system32\rsaenh.dll
0x00007ffe501a0000 - 0x00007ffe501d2000 	C:\WINDOWS\SYSTEM32\USERENV.dll
0x00007ffe50d40000 - 0x00007ffe50d6a000 	C:\WINDOWS\SYSTEM32\bcrypt.dll
0x00007ffe50400000 - 0x00007ffe5040c000 	C:\WINDOWS\SYSTEM32\CRYPTBASE.dll
0x00007ffe325f0000 - 0x00007ffe325fe000 	C:\Users\chae0\.vscode\extensions\redhat.java-1.56.0-win32-x64\jre\21.0.12.1-win32-x86_64\bin\sunmscapi.dll
0x00007ffe50e50000 - 0x00007ffe50fce000 	C:\WINDOWS\System32\CRYPT32.dll
0x00007ffe50620000 - 0x00007ffe50650000 	C:\WINDOWS\SYSTEM32\ncrypt.dll
0x00007ffe505d0000 - 0x00007ffe5060f000 	C:\WINDOWS\SYSTEM32\NTASN1.dll
0x00007ffe25ed0000 - 0x00007ffe25ed8000 	C:\WINDOWS\system32\wshunix.dll

JVMTI agents:
C:\Users\chae0\.gradle\wrapper\dists\gradle-9.4.1-bin\arn2x92ynaizyzdaamcbpbhtj\gradle-9.4.1\lib\agents\gradle-instrumentation-agent-9.4.1.jar path:C:\Users\chae0\.vscode\extensions\redhat.java-1.56.0-win32-x64\jre\21.0.12.1-win32-x86_64\bin\instrument.dll, loaded, initialized, instrumentlib options:none

dbghelp: loaded successfully - version: 4.0.5 - missing functions: none
symbol engine: initialized successfully - sym options: 0x614 - pdb path: .;C:\Users\chae0\.vscode\extensions\redhat.java-1.56.0-win32-x64\jre\21.0.12.1-win32-x86_64\bin;C:\WINDOWS\SYSTEM32;C:\WINDOWS\WinSxS\amd64_microsoft.windows.common-controls_6595b64144ccf1df_6.0.26100.8972_none_3e0da176e32f9d4b;C:\Users\chae0\.vscode\extensions\redhat.java-1.56.0-win32-x64\jre\21.0.12.1-win32-x86_64\bin\server;C:\Users\chae0\.gradle\native\660c5614fbf4a5f2a75b1949f50a0caf5cd603558e7d8a26e50b933a0cfb79d1\windows-amd64;C:\Users\chae0\.gradle\native\0.2.8\x86_64-windows-gnu

VM Arguments:
jvm_args: --add-opens=java.base/java.lang=ALL-UNNAMED --add-opens=java.base/java.lang.invoke=ALL-UNNAMED --add-opens=java.base/java.util=ALL-UNNAMED --add-opens=java.prefs/java.util.prefs=ALL-UNNAMED --add-exports=jdk.compiler/com.sun.tools.javac.api=ALL-UNNAMED --add-exports=jdk.compiler/com.sun.tools.javac.util=ALL-UNNAMED --add-opens=java.base/java.util=ALL-UNNAMED --add-opens=java.prefs/java.util.prefs=ALL-UNNAMED --add-opens=java.base/java.nio.charset=ALL-UNNAMED --add-opens=java.base/java.net=ALL-UNNAMED --add-opens=java.base/java.util.concurrent=ALL-UNNAMED --add-opens=java.base/java.util.concurrent.atomic=ALL-UNNAMED --add-opens=java.xml/javax.xml.namespace=ALL-UNNAMED --add-opens=java.base/java.time=ALL-UNNAMED -XX:MaxMetaspaceSize=384m -XX:+HeapDumpOnOutOfMemoryError -Xms256m -Xmx512m -Dfile.encoding=UTF-8 -Duser.country=KR -Duser.language=ko -Duser.variant -javaagent:C:\Users\chae0\.gradle\wrapper\dists\gradle-9.4.1-bin\arn2x92ynaizyzdaamcbpbhtj\gradle-9.4.1\lib\agents\gradle-instrumentation-agent-9.4.1.jar 
java_command: org.gradle.launcher.daemon.bootstrap.GradleDaemon 9.4.1
java_class_path (initial): C:\Users\chae0\.gradle\wrapper\dists\gradle-9.4.1-bin\arn2x92ynaizyzdaamcbpbhtj\gradle-9.4.1\lib\gradle-daemon-main-9.4.1.jar
Launcher Type: SUN_STANDARD

[Global flags]
     intx CICompilerCount                          = 12                                        {product} {ergonomic}
   size_t CompressedClassSpaceSize                 = 335544320                                 {product} {ergonomic}
     uint ConcGCThreads                            = 3                                         {product} {ergonomic}
     uint G1ConcRefinementThreads                  = 13                                        {product} {ergonomic}
   size_t G1HeapRegionSize                         = 1048576                                   {product} {ergonomic}
    uintx GCDrainStackTargetSize                   = 64                                        {product} {ergonomic}
     bool HeapDumpOnOutOfMemoryError               = true                                   {manageable} {command line}
   size_t InitialHeapSize                          = 268435456                                 {product} {command line}
   size_t MarkStackSize                            = 4194304                                   {product} {ergonomic}
   size_t MaxHeapSize                              = 536870912                                 {product} {command line}
   size_t MaxMetaspaceSize                         = 402653184                                 {product} {command line}
   size_t MaxNewSize                               = 321912832                                 {product} {ergonomic}
   size_t MinHeapDeltaBytes                        = 1048576                                   {product} {ergonomic}
   size_t MinHeapSize                              = 268435456                                 {product} {command line}
    uintx NonNMethodCodeHeapSize                   = 7602480                                {pd product} {ergonomic}
    uintx NonProfiledCodeHeapSize                  = 122027880                              {pd product} {ergonomic}
    uintx ProfiledCodeHeapSize                     = 122027880                              {pd product} {ergonomic}
    uintx ReservedCodeCacheSize                    = 251658240                              {pd product} {ergonomic}
     bool SegmentedCodeCache                       = true                                      {product} {ergonomic}
   size_t SoftMaxHeapSize                          = 536870912                              {manageable} {ergonomic}
     bool UseCompressedOops                        = true                           {product lp64_product} {ergonomic}
     bool UseG1GC                                  = true                                      {product} {ergonomic}
     bool UseLargePagesIndividualAllocation        = false                                  {pd product} {ergonomic}

Logging:
Log output configuration:
 #0: stdout all=warning uptime,level,tags foldmultilines=false
 #1: stderr all=off uptime,level,tags foldmultilines=false

Release file:
JAVA_VERSION="21.0.12.1" 
MODULES="java.base java.compiler java.datatransfer java.xml java.prefs java.desktop java.instrument java.logging java.management java.security.sasl java.naming java.rmi java.management.rmi java.net.http java.scripting java.security.jgss java.transaction.xa java.sql java.sql.rowset java.xml.crypto java.se java.smartcardio jdk.accessibility jdk.internal.jvmstat jdk.attach jdk.charsets jdk.internal.opt jdk.zipfs jdk.compiler jdk.crypto.ec jdk.crypto.cryptoki jdk.crypto.mscapi jdk.dynalink jdk.internal.ed jdk.editpad jdk.hotspot.agent jdk.httpserver jdk.internal.le jdk.internal.vm.ci jdk.internal.vm.compiler jdk.internal.vm.compiler.management jdk.jartool jdk.javadoc jdk.jcmd jdk.management jdk.management.agent jdk.jconsole jdk.jdeps jdk.jdwp.agent jdk.jdi jdk.jfr jdk.jshell jdk.jsobject jdk.jstatd jdk.localedata jdk.management.jfr jdk.naming.dns jdk.naming.rmi jdk.net jdk.nio.mapmode jdk.random jdk.sctp jdk.security.auth jdk.security.jgss jdk.unsupported jdk.unsupported.desktop jdk.xml.dom" 

Environment Variables:
JAVA_HOME=C:\Program Files\Java\jdk-21
PATH=C:\Python314\Scripts\;C:\Python314\;C:\Program Files (x86)\VMware\VMware Workstation\bin\;C:\Program Files\Common Files\Oracle\Java\javapath;C:\WINDOWS\system32;C:\WINDOWS;C:\WINDOWS\System32\Wbem;C:\WINDOWS\System32\WindowsPowerShell\v1.0\;C:\WINDOWS\System32\OpenSSH\;C:\Program Files\Java\jdk-21\bin\;C:\Program Files\Java\jdk-21bin;C:\Program Files\Microsoft SQL Server\Client SDK\ODBC\170\Tools\Binn\;C:\Program Files (x86)\Microsoft SQL Server\150\Tools\Binn\;C:\Program Files\Microsoft SQL Server\150\Tools\Binn\;C:\Program Files\Microsoft SQL Server\150\DTS\Binn\;C:\Program Files (x86)\Microsoft SQL Server\150\DTS\Binn\;C:\Program Files\Azure Data Studio\bin;C:\Program Files\Java\jdk-21BIN;C:\Users\chae0\Downloads\node-v22.13.1-win-x64\;D:\Git\cmd;C:\Users\chae0\AppData\Local\Android\Sdk\platform-tools;C:\Program Files\dotnet\;C:\Program Files\nodejs\;C:\ProgramData\chocolatey\bin;C:\Users\chae0\AppData\Local\Android\Sdk\platform-tools;C:\Program Files\MySQL\MySQL Server 8.0\bin;C:\Users\chae0\AppData\Local\Programs\Python\Launcher\;C:\Users\chae0\AppData\Local\Microsoft\WindowsApps;C:\Program Files\Java\jdk-21\bin;C:\Program Files\Azure Data Studio\bin;C:\Users\chae0\AppData\Local\Programs\Microsoft VS Code\bin;C:\Users\chae0\.dotnet\tools;D:\downloads\flutter_windows_3.35.5-stable\flutter\bin;C:\Users\chae0\AppData\Roaming\npm
USERNAME=chae0
OS=Windows_NT
PROCESSOR_IDENTIFIER=Intel64 Family 6 Model 154 Stepping 3, GenuineIntel
TMP=C:\Users\chae0\AppData\Local\Temp
TEMP=C:\Users\chae0\AppData\Local\Temp




Periodic native trim disabled

---------------  S Y S T E M  ---------------

OS:
 Windows 11 , 64 bit Build 26100 (10.0.26100.9168)
OS uptime: 0 days 3:22 hours

CPU: total 16 (initial active 16) (16 cores per cpu, 1 threads per core) family 6 model 154 stepping 3 microcode 0x421, cx8, cmov, fxsr, mmx, 3dnowpref, sse, sse2, sse3, ssse3, sse4.1, sse4.2, popcnt, lzcnt, tsc, tscinvbit, avx, avx2, aes, erms, clmul, bmi1, bmi2, adx, sha, fma, vzeroupper, clflush, clflushopt, clwb, serialize, rdtscp, rdpid, fsrm, f16c, pku, cet_ibt, cet_ss
Processor Information for processor 0
  Max Mhz: 1700, Current Mhz: 1700, Mhz Limit: 1700
Processor Information for processor 1
  Max Mhz: 1700, Current Mhz: 1700, Mhz Limit: 1700
Processor Information for processor 2
  Max Mhz: 1700, Current Mhz: 1700, Mhz Limit: 1700
Processor Information for processor 3
  Max Mhz: 1700, Current Mhz: 1700, Mhz Limit: 1700
Processor Information for processor 4
  Max Mhz: 1700, Current Mhz: 1457, Mhz Limit: 1700
Processor Information for processor 5
  Max Mhz: 1700, Current Mhz: 1700, Mhz Limit: 1700
Processor Information for processor 6
  Max Mhz: 1700, Current Mhz: 1700, Mhz Limit: 1700
Processor Information for processor 7
  Max Mhz: 1700, Current Mhz: 1700, Mhz Limit: 1700
Processor Information for processor 8
  Max Mhz: 1700, Current Mhz: 1700, Mhz Limit: 1700
Processor Information for processor 9
  Max Mhz: 1700, Current Mhz: 1700, Mhz Limit: 1700
Processor Information for processor 10
  Max Mhz: 1700, Current Mhz: 1700, Mhz Limit: 1700
Processor Information for processor 11
  Max Mhz: 1700, Current Mhz: 1700, Mhz Limit: 1700
Processor Information for processor 12
  Max Mhz: 1700, Current Mhz: 1700, Mhz Limit: 1700
Processor Information for processor 13
  Max Mhz: 1700, Current Mhz: 1700, Mhz Limit: 1700
Processor Information for processor 14
  Max Mhz: 1700, Current Mhz: 1700, Mhz Limit: 1700
Processor Information for processor 15
  Max Mhz: 1700, Current Mhz: 1700, Mhz Limit: 1700

Memory: 4k page, system-wide physical 16066M (849M free)
TotalPageFile size 44125M (AvailPageFile size 53M)
current process WorkingSet (physical memory assigned to process): 423M, peak: 426M
current process commit charge ("private bytes"): 532M, peak: 536M

vm_info: OpenJDK 64-Bit Server VM (21.0.12.1+1-LTS) for windows-amd64 JRE (21.0.12.1+1-LTS), built on 2026-08-18T00:00:00Z by "admin" with MS VC++ 17.12 (VS2022)

END.
